[2024-08-14T14:13:27.003+0000][gc,heap] Heap region size: 1M
[2024-08-14T14:13:27.010+0000][gc     ] Using G1
[2024-08-14T14:13:27.010+0000][gc,heap,coops] Heap address: 0x00000000c0000000, size: 1024 MB, Compressed Oops mode: 32-bit
[2024-08-14T14:13:27.010+0000][gc,cds       ] Mark closed archive regions in map: [0x00000000fff00000, 0x00000000fff6bff8]
[2024-08-14T14:13:27.010+0000][gc,cds       ] Mark open archive regions in map: [0x00000000ffe00000, 0x00000000ffe47ff8]
[2024-08-14T14:13:27.829+0000][gc,start     ] GC(0) Pause Young (Normal) (G1 Evacuation Pause)
[2024-08-14T14:13:27.829+0000][gc,task      ] GC(0) Using 4 workers of 4 for evacuation
[2024-08-14T14:13:27.835+0000][gc,phases    ] GC(0)   Pre Evacuate Collection Set: 0.0ms
[2024-08-14T14:13:27.835+0000][gc,phases    ] GC(0)   Evacuate Collection Set: 5.0ms
[2024-08-14T14:13:27.835+0000][gc,phases    ] GC(0)   Post Evacuate Collection Set: 0.3ms
[2024-08-14T14:13:27.835+0000][gc,phases    ] GC(0)   Other: 0.4ms
[2024-08-14T14:13:27.835+0000][gc,heap      ] GC(0) Eden regions: 51->0(44)
[2024-08-14T14:13:27.835+0000][gc,heap      ] GC(0) Survivor regions: 0->7(7)
[2024-08-14T14:13:27.835+0000][gc,heap      ] GC(0) Old regions: 2->2
[2024-08-14T14:13:27.835+0000][gc,heap      ] GC(0) Humongous regions: 0->0
[2024-08-14T14:13:27.835+0000][gc,metaspace ] GC(0) Metaspace: 15030K(15616K)->15030K(15616K) NonClass: 13182K(13568K)->13182K(13568K) Class: 1848K(2048K)->1848K(2048K)
[2024-08-14T14:13:27.835+0000][gc           ] GC(0) Pause Young (Normal) (G1 Evacuation Pause) 51M->7M(1024M) 5.696ms
[2024-08-14T14:13:27.835+0000][gc,cpu       ] GC(0) User=0.02s Sys=0.00s Real=0.00s
[2024-08-14T14:13:28.132+0000][gc,start     ] GC(1) Pause Young (Concurrent Start) (Metadata GC Threshold)
[2024-08-14T14:13:28.132+0000][gc,task      ] GC(1) Using 4 workers of 4 for evacuation
[2024-08-14T14:13:28.165+0000][gc,mmu       ] GC(1) MMU target violated: 21.0ms (20.0ms/21.0ms)
[2024-08-14T14:13:28.165+0000][gc,phases    ] GC(1)   Pre Evacuate Collection Set: 0.1ms
[2024-08-14T14:13:28.165+0000][gc,phases    ] GC(1)   Evacuate Collection Set: 32.8ms
[2024-08-14T14:13:28.165+0000][gc,phases    ] GC(1)   Post Evacuate Collection Set: 0.3ms
[2024-08-14T14:13:28.165+0000][gc,phases    ] GC(1)   Other: 0.2ms
[2024-08-14T14:13:28.165+0000][gc,heap      ] GC(1) Eden regions: 24->0(49)
[2024-08-14T14:13:28.165+0000][gc,heap      ] GC(1) Survivor regions: 7->2(7)
[2024-08-14T14:13:28.165+0000][gc,heap      ] GC(1) Old regions: 2->9
[2024-08-14T14:13:28.165+0000][gc,heap      ] GC(1) Humongous regions: 0->0
[2024-08-14T14:13:28.165+0000][gc,metaspace ] GC(1) Metaspace: 20562K(21248K)->20562K(21248K) NonClass: 18037K(18432K)->18037K(18432K) Class: 2524K(2816K)->2524K(2816K)
[2024-08-14T14:13:28.165+0000][gc           ] GC(1) Pause Young (Concurrent Start) (Metadata GC Threshold) 30M->8M(1024M) 33.305ms
[2024-08-14T14:13:28.165+0000][gc,cpu       ] GC(1) User=0.08s Sys=0.01s Real=0.03s
[2024-08-14T14:13:28.165+0000][gc           ] GC(2) Concurrent Cycle
[2024-08-14T14:13:28.165+0000][gc,marking   ] GC(2) Concurrent Clear Claimed Marks
[2024-08-14T14:13:28.165+0000][gc,marking   ] GC(2) Concurrent Clear Claimed Marks 0.052ms
[2024-08-14T14:13:28.165+0000][gc,marking   ] GC(2) Concurrent Scan Root Regions
[2024-08-14T14:13:28.168+0000][gc,marking   ] GC(2) Concurrent Scan Root Regions 2.684ms
[2024-08-14T14:13:28.168+0000][gc,marking   ] GC(2) Concurrent Mark (1.168s)
[2024-08-14T14:13:28.168+0000][gc,marking   ] GC(2) Concurrent Mark From Roots
[2024-08-14T14:13:28.168+0000][gc,task      ] GC(2) Using 1 workers of 1 for marking
[2024-08-14T14:13:28.174+0000][gc,marking   ] GC(2) Concurrent Mark From Roots 5.986ms
[2024-08-14T14:13:28.174+0000][gc,marking   ] GC(2) Concurrent Preclean
[2024-08-14T14:13:28.174+0000][gc,marking   ] GC(2) Concurrent Preclean 0.076ms
[2024-08-14T14:13:28.174+0000][gc,marking   ] GC(2) Concurrent Mark (1.168s, 1.174s) 6.090ms
[2024-08-14T14:13:28.174+0000][gc,start     ] GC(2) Pause Remark
[2024-08-14T14:13:28.177+0000][gc,stringtable] GC(2) Cleaned string and symbol table, strings: 5679 processed, 0 removed, symbols: 51460 processed, 41 removed
[2024-08-14T14:13:28.177+0000][gc            ] GC(2) Pause Remark 9M->9M(1024M) 3.054ms
[2024-08-14T14:13:28.177+0000][gc,cpu        ] GC(2) User=0.00s Sys=0.00s Real=0.01s
[2024-08-14T14:13:28.177+0000][gc,marking    ] GC(2) Concurrent Rebuild Remembered Sets
[2024-08-14T14:13:28.181+0000][gc,marking    ] GC(2) Concurrent Rebuild Remembered Sets 3.387ms
[2024-08-14T14:13:28.181+0000][gc,start      ] GC(2) Pause Cleanup
[2024-08-14T14:13:28.181+0000][gc            ] GC(2) Pause Cleanup 9M->9M(1024M) 0.157ms
[2024-08-14T14:13:28.181+0000][gc,cpu        ] GC(2) User=0.00s Sys=0.00s Real=0.00s
[2024-08-14T14:13:28.182+0000][gc,marking    ] GC(2) Concurrent Cleanup for Next Mark
[2024-08-14T14:13:28.189+0000][gc,marking    ] GC(2) Concurrent Cleanup for Next Mark 7.549ms
[2024-08-14T14:13:28.189+0000][gc            ] GC(2) Concurrent Cycle 23.831ms
[2024-08-14T14:13:28.771+0000][gc,start      ] GC(3) Pause Young (Normal) (G1 Evacuation Pause)
[2024-08-14T14:13:28.771+0000][gc,task       ] GC(3) Using 4 workers of 4 for evacuation
[2024-08-14T14:13:28.777+0000][gc,phases     ] GC(3)   Pre Evacuate Collection Set: 0.0ms
[2024-08-14T14:13:28.777+0000][gc,phases     ] GC(3)   Evacuate Collection Set: 4.9ms
[2024-08-14T14:13:28.777+0000][gc,phases     ] GC(3)   Post Evacuate Collection Set: 0.3ms
[2024-08-14T14:13:28.777+0000][gc,phases     ] GC(3)   Other: 0.1ms
[2024-08-14T14:13:28.777+0000][gc,heap       ] GC(3) Eden regions: 49->0(46)
[2024-08-14T14:13:28.777+0000][gc,heap       ] GC(3) Survivor regions: 2->5(7)
[2024-08-14T14:13:28.777+0000][gc,heap       ] GC(3) Old regions: 9->9
[2024-08-14T14:13:28.777+0000][gc,heap       ] GC(3) Humongous regions: 129->129
[2024-08-14T14:13:28.777+0000][gc,metaspace  ] GC(3) Metaspace: 29093K(30208K)->29093K(30208K) NonClass: 25702K(26368K)->25702K(26368K) Class: 3391K(3840K)->3391K(3840K)
[2024-08-14T14:13:28.777+0000][gc            ] GC(3) Pause Young (Normal) (G1 Evacuation Pause) 186M->140M(1024M) 5.362ms
[2024-08-14T14:13:28.777+0000][gc,cpu        ] GC(3) User=0.02s Sys=0.00s Real=0.01s
[2024-08-14T14:13:29.173+0000][gc,start      ] GC(4) Pause Young (Concurrent Start) (Metadata GC Threshold)
[2024-08-14T14:13:29.173+0000][gc,task       ] GC(4) Using 4 workers of 4 for evacuation
[2024-08-14T14:13:29.180+0000][gc,phases     ] GC(4)   Pre Evacuate Collection Set: 0.1ms
[2024-08-14T14:13:29.180+0000][gc,phases     ] GC(4)   Evacuate Collection Set: 6.4ms
[2024-08-14T14:13:29.180+0000][gc,phases     ] GC(4)   Post Evacuate Collection Set: 0.3ms
[2024-08-14T14:13:29.180+0000][gc,phases     ] GC(4)   Other: 0.1ms
[2024-08-14T14:13:29.180+0000][gc,heap       ] GC(4) Eden regions: 27->0(45)
[2024-08-14T14:13:29.180+0000][gc,heap       ] GC(4) Survivor regions: 5->6(7)
[2024-08-14T14:13:29.180+0000][gc,heap       ] GC(4) Old regions: 9->10
[2024-08-14T14:13:29.180+0000][gc,heap       ] GC(4) Humongous regions: 129->129
[2024-08-14T14:13:29.180+0000][gc,metaspace  ] GC(4) Metaspace: 34453K(35840K)->34453K(35840K) NonClass: 30403K(31104K)->30403K(31104K) Class: 4050K(4736K)->4050K(4736K)
[2024-08-14T14:13:29.180+0000][gc            ] GC(4) Pause Young (Concurrent Start) (Metadata GC Threshold) 167M->142M(1024M) 6.927ms
[2024-08-14T14:13:29.180+0000][gc,cpu        ] GC(4) User=0.03s Sys=0.00s Real=0.01s
[2024-08-14T14:13:29.180+0000][gc            ] GC(5) Concurrent Cycle
[2024-08-14T14:13:29.180+0000][gc,marking    ] GC(5) Concurrent Clear Claimed Marks
[2024-08-14T14:13:29.180+0000][gc,marking    ] GC(5) Concurrent Clear Claimed Marks 0.026ms
[2024-08-14T14:13:29.180+0000][gc,marking    ] GC(5) Concurrent Scan Root Regions
[2024-08-14T14:13:29.183+0000][gc,marking    ] GC(5) Concurrent Scan Root Regions 2.682ms
[2024-08-14T14:13:29.183+0000][gc,marking    ] GC(5) Concurrent Mark (2.182s)
[2024-08-14T14:13:29.183+0000][gc,marking    ] GC(5) Concurrent Mark From Roots
[2024-08-14T14:13:29.183+0000][gc,task       ] GC(5) Using 1 workers of 1 for marking
[2024-08-14T14:13:29.191+0000][gc,marking    ] GC(5) Concurrent Mark From Roots 8.620ms
[2024-08-14T14:13:29.191+0000][gc,marking    ] GC(5) Concurrent Preclean
[2024-08-14T14:13:29.191+0000][gc,marking    ] GC(5) Concurrent Preclean 0.066ms
[2024-08-14T14:13:29.191+0000][gc,marking    ] GC(5) Concurrent Mark (2.182s, 2.191s) 8.725ms
[2024-08-14T14:13:29.191+0000][gc,start      ] GC(5) Pause Remark
[2024-08-14T14:13:29.195+0000][gc,stringtable] GC(5) Cleaned string and symbol table, strings: 10270 processed, 10 removed, symbols: 83507 processed, 17 removed
[2024-08-14T14:13:29.195+0000][gc            ] GC(5) Pause Remark 144M->144M(1024M) 3.898ms
[2024-08-14T14:13:29.195+0000][gc,cpu        ] GC(5) User=0.01s Sys=0.00s Real=0.00s
[2024-08-14T14:13:29.195+0000][gc,marking    ] GC(5) Concurrent Rebuild Remembered Sets
[2024-08-14T14:13:29.202+0000][gc,marking    ] GC(5) Concurrent Rebuild Remembered Sets 6.970ms
[2024-08-14T14:13:29.203+0000][gc,start      ] GC(5) Pause Cleanup
[2024-08-14T14:13:29.203+0000][gc            ] GC(5) Pause Cleanup 144M->144M(1024M) 0.155ms
[2024-08-14T14:13:29.203+0000][gc,cpu        ] GC(5) User=0.00s Sys=0.00s Real=0.00s
[2024-08-14T14:13:29.203+0000][gc,marking    ] GC(5) Concurrent Cleanup for Next Mark
[2024-08-14T14:13:29.215+0000][gc,marking    ] GC(5) Concurrent Cleanup for Next Mark 11.275ms
[2024-08-14T14:13:29.215+0000][gc            ] GC(5) Concurrent Cycle 35.010ms
[2024-08-14T14:13:31.069+0000][gc,start      ] GC(6) Pause Young (Normal) (G1 Evacuation Pause)
[2024-08-14T14:13:31.069+0000][gc,task       ] GC(6) Using 4 workers of 4 for evacuation
[2024-08-14T14:13:31.083+0000][gc,phases     ] GC(6)   Pre Evacuate Collection Set: 0.0ms
[2024-08-14T14:13:31.083+0000][gc,phases     ] GC(6)   Evacuate Collection Set: 12.8ms
[2024-08-14T14:13:31.083+0000][gc,phases     ] GC(6)   Post Evacuate Collection Set: 0.5ms
[2024-08-14T14:13:31.083+0000][gc,phases     ] GC(6)   Other: 0.2ms
[2024-08-14T14:13:31.083+0000][gc,heap       ] GC(6) Eden regions: 45->0(46)
[2024-08-14T14:13:31.083+0000][gc,heap       ] GC(6) Survivor regions: 6->5(7)
[2024-08-14T14:13:31.083+0000][gc,heap       ] GC(6) Old regions: 10->13
[2024-08-14T14:13:31.083+0000][gc,heap       ] GC(6) Humongous regions: 129->129
[2024-08-14T14:13:31.083+0000][gc,metaspace  ] GC(6) Metaspace: 39992K(42240K)->39992K(42240K) NonClass: 34920K(36096K)->34920K(36096K) Class: 5071K(6144K)->5071K(6144K)
[2024-08-14T14:13:31.083+0000][gc            ] GC(6) Pause Young (Normal) (G1 Evacuation Pause) 187M->144M(1024M) 13.540ms
[2024-08-14T14:13:31.083+0000][gc,cpu        ] GC(6) User=0.03s Sys=0.00s Real=0.01s
[2024-08-14T14:20:27.084+0000][gc,start      ] GC(7) Pause Young (Normal) (G1 Evacuation Pause)
[2024-08-14T14:20:27.084+0000][gc,task       ] GC(7) Using 4 workers of 4 for evacuation
[2024-08-14T14:20:27.156+0000][gc,mmu        ] GC(7) MMU target violated: 21.0ms (20.0ms/21.0ms)
[2024-08-14T14:20:27.156+0000][gc,phases     ] GC(7)   Pre Evacuate Collection Set: 0.0ms
[2024-08-14T14:20:27.156+0000][gc,phases     ] GC(7)   Evacuate Collection Set: 71.1ms
[2024-08-14T14:20:27.156+0000][gc,phases     ] GC(7)   Post Evacuate Collection Set: 0.6ms
[2024-08-14T14:20:27.156+0000][gc,phases     ] GC(7)   Other: 0.2ms
[2024-08-14T14:20:27.156+0000][gc,heap       ] GC(7) Eden regions: 46->0(45)
[2024-08-14T14:20:27.156+0000][gc,heap       ] GC(7) Survivor regions: 5->6(7)
[2024-08-14T14:20:27.156+0000][gc,heap       ] GC(7) Old regions: 13->15
[2024-08-14T14:20:27.156+0000][gc,heap       ] GC(7) Humongous regions: 129->129
[2024-08-14T14:20:27.156+0000][gc,metaspace  ] GC(7) Metaspace: 43455K(46336K)->43455K(46336K) NonClass: 37861K(39424K)->37861K(39424K) Class: 5593K(6912K)->5593K(6912K)
[2024-08-14T14:20:27.156+0000][gc            ] GC(7) Pause Young (Normal) (G1 Evacuation Pause) 190M->147M(1024M) 71.956ms
[2024-08-14T14:20:27.156+0000][gc,cpu        ] GC(7) User=0.06s Sys=0.01s Real=0.08s
[2024-08-14T14:29:09.905+0000][gc,start      ] GC(8) Pause Young (Normal) (G1 Evacuation Pause)
[2024-08-14T14:29:09.905+0000][gc,task       ] GC(8) Using 4 workers of 4 for evacuation
[2024-08-14T14:29:09.909+0000][gc,phases     ] GC(8)   Pre Evacuate Collection Set: 0.0ms
[2024-08-14T14:29:09.909+0000][gc,phases     ] GC(8)   Evacuate Collection Set: 3.7ms
[2024-08-14T14:29:09.909+0000][gc,phases     ] GC(8)   Post Evacuate Collection Set: 0.3ms
[2024-08-14T14:29:09.909+0000][gc,phases     ] GC(8)   Other: 0.1ms
[2024-08-14T14:29:09.909+0000][gc,heap       ] GC(8) Eden regions: 45->0(47)
[2024-08-14T14:29:09.909+0000][gc,heap       ] GC(8) Survivor regions: 6->4(7)
[2024-08-14T14:29:09.909+0000][gc,heap       ] GC(8) Old regions: 15->17
[2024-08-14T14:29:09.909+0000][gc,heap       ] GC(8) Humongous regions: 129->129
[2024-08-14T14:29:09.909+0000][gc,metaspace  ] GC(8) Metaspace: 43618K(46464K)->43618K(46464K) NonClass: 38000K(39424K)->38000K(39424K) Class: 5617K(7040K)->5617K(7040K)
[2024-08-14T14:29:09.909+0000][gc            ] GC(8) Pause Young (Normal) (G1 Evacuation Pause) 192M->148M(1024M) 4.229ms
[2024-08-14T14:29:09.909+0000][gc,cpu        ] GC(8) User=0.02s Sys=0.00s Real=0.01s
[2024-08-14T14:38:54.681+0000][gc,start      ] GC(9) Pause Young (Normal) (G1 Evacuation Pause)
[2024-08-14T14:38:54.681+0000][gc,task       ] GC(9) Using 4 workers of 4 for evacuation
[2024-08-14T14:38:54.685+0000][gc,phases     ] GC(9)   Pre Evacuate Collection Set: 0.0ms
[2024-08-14T14:38:54.685+0000][gc,phases     ] GC(9)   Evacuate Collection Set: 3.4ms
[2024-08-14T14:38:54.685+0000][gc,phases     ] GC(9)   Post Evacuate Collection Set: 0.7ms
[2024-08-14T14:38:54.685+0000][gc,phases     ] GC(9)   Other: 0.1ms
[2024-08-14T14:38:54.685+0000][gc,heap       ] GC(9) Eden regions: 47->0(47)
[2024-08-14T14:38:54.685+0000][gc,heap       ] GC(9) Survivor regions: 4->4(7)
[2024-08-14T14:38:54.685+0000][gc,heap       ] GC(9) Old regions: 17->17
[2024-08-14T14:38:54.685+0000][gc,heap       ] GC(9) Humongous regions: 129->129
[2024-08-14T14:38:54.685+0000][gc,metaspace  ] GC(9) Metaspace: 43652K(46464K)->43652K(46464K) NonClass: 38035K(39424K)->38035K(39424K) Class: 5617K(7040K)->5617K(7040K)
[2024-08-14T14:38:54.685+0000][gc            ] GC(9) Pause Young (Normal) (G1 Evacuation Pause) 195M->148M(1024M) 4.318ms
[2024-08-14T14:38:54.685+0000][gc,cpu        ] GC(9) User=0.01s Sys=0.00s Real=0.00s
[2024-08-14T14:48:29.214+0000][gc,start      ] GC(10) Pause Young (Normal) (G1 Evacuation Pause)
[2024-08-14T14:48:29.214+0000][gc,task       ] GC(10) Using 4 workers of 4 for evacuation
[2024-08-14T14:48:29.218+0000][gc,phases     ] GC(10)   Pre Evacuate Collection Set: 0.0ms
[2024-08-14T14:48:29.218+0000][gc,phases     ] GC(10)   Evacuate Collection Set: 4.3ms
[2024-08-14T14:48:29.218+0000][gc,phases     ] GC(10)   Post Evacuate Collection Set: 0.4ms
[2024-08-14T14:48:29.218+0000][gc,phases     ] GC(10)   Other: 0.1ms
[2024-08-14T14:48:29.218+0000][gc,heap       ] GC(10) Eden regions: 47->0(46)
[2024-08-14T14:48:29.218+0000][gc,heap       ] GC(10) Survivor regions: 4->5(7)
[2024-08-14T14:48:29.218+0000][gc,heap       ] GC(10) Old regions: 17->17
[2024-08-14T14:48:29.218+0000][gc,heap       ] GC(10) Humongous regions: 290->129
[2024-08-14T14:48:29.218+0000][gc,metaspace  ] GC(10) Metaspace: 43768K(46720K)->43768K(46720K) NonClass: 38136K(39680K)->38136K(39680K) Class: 5632K(7040K)->5632K(7040K)
[2024-08-14T14:48:29.218+0000][gc            ] GC(10) Pause Young (Normal) (G1 Evacuation Pause) 356M->148M(1024M) 4.848ms
[2024-08-14T14:48:29.218+0000][gc,cpu        ] GC(10) User=0.02s Sys=0.00s Real=0.01s
[2024-08-14T14:58:13.469+0000][gc,start      ] GC(11) Pause Young (Normal) (G1 Evacuation Pause)
[2024-08-14T14:58:13.470+0000][gc,task       ] GC(11) Using 4 workers of 4 for evacuation
[2024-08-14T14:58:13.473+0000][gc,phases     ] GC(11)   Pre Evacuate Collection Set: 0.0ms
[2024-08-14T14:58:13.473+0000][gc,phases     ] GC(11)   Evacuate Collection Set: 2.9ms
[2024-08-14T14:58:13.473+0000][gc,phases     ] GC(11)   Post Evacuate Collection Set: 0.3ms
[2024-08-14T14:58:13.473+0000][gc,phases     ] GC(11)   Other: 0.1ms
[2024-08-14T14:58:13.473+0000][gc,heap       ] GC(11) Eden regions: 46->0(51)
[2024-08-14T14:58:13.473+0000][gc,heap       ] GC(11) Survivor regions: 5->3(7)
[2024-08-14T14:58:13.473+0000][gc,heap       ] GC(11) Old regions: 17->18
[2024-08-14T14:58:13.473+0000][gc,heap       ] GC(11) Humongous regions: 129->129
[2024-08-14T14:58:13.473+0000][gc,metaspace  ] GC(11) Metaspace: 44030K(46976K)->44030K(46976K) NonClass: 38360K(39936K)->38360K(39936K) Class: 5670K(7040K)->5670K(7040K)
[2024-08-14T14:58:13.473+0000][gc            ] GC(11) Pause Young (Normal) (G1 Evacuation Pause) 194M->147M(1024M) 3.460ms
[2024-08-14T14:58:13.473+0000][gc,cpu        ] GC(11) User=0.01s Sys=0.00s Real=0.00s
[2024-08-14T15:08:58.491+0000][gc,start      ] GC(12) Pause Young (Normal) (G1 Evacuation Pause)
[2024-08-14T15:08:58.491+0000][gc,task       ] GC(12) Using 4 workers of 4 for evacuation
[2024-08-14T15:08:58.494+0000][gc,phases     ] GC(12)   Pre Evacuate Collection Set: 0.0ms
[2024-08-14T15:08:58.494+0000][gc,phases     ] GC(12)   Evacuate Collection Set: 2.2ms
[2024-08-14T15:08:58.494+0000][gc,phases     ] GC(12)   Post Evacuate Collection Set: 0.3ms
[2024-08-14T15:08:58.494+0000][gc,phases     ] GC(12)   Other: 0.1ms
[2024-08-14T15:08:58.494+0000][gc,heap       ] GC(12) Eden regions: 51->0(74)
[2024-08-14T15:08:58.494+0000][gc,heap       ] GC(12) Survivor regions: 3->3(7)
[2024-08-14T15:08:58.494+0000][gc,heap       ] GC(12) Old regions: 18->18
[2024-08-14T15:08:58.494+0000][gc,heap       ] GC(12) Humongous regions: 129->129
[2024-08-14T15:08:58.494+0000][gc,metaspace  ] GC(12) Metaspace: 44070K(46976K)->44070K(46976K) NonClass: 38399K(39936K)->38399K(39936K) Class: 5670K(7040K)->5670K(7040K)
[2024-08-14T15:08:58.494+0000][gc            ] GC(12) Pause Young (Normal) (G1 Evacuation Pause) 198M->148M(1024M) 2.697ms
[2024-08-14T15:08:58.494+0000][gc,cpu        ] GC(12) User=0.01s Sys=0.00s Real=0.00s
[2024-08-14T15:24:13.756+0000][gc,start      ] GC(13) Pause Young (Normal) (G1 Evacuation Pause)
[2024-08-14T15:24:13.756+0000][gc,task       ] GC(13) Using 4 workers of 4 for evacuation
[2024-08-14T15:24:13.760+0000][gc,phases     ] GC(13)   Pre Evacuate Collection Set: 0.0ms
[2024-08-14T15:24:13.760+0000][gc,phases     ] GC(13)   Evacuate Collection Set: 3.2ms
[2024-08-14T15:24:13.760+0000][gc,phases     ] GC(13)   Post Evacuate Collection Set: 0.3ms
[2024-08-14T15:24:13.760+0000][gc,phases     ] GC(13)   Other: 0.2ms
[2024-08-14T15:24:13.760+0000][gc,heap       ] GC(13) Eden regions: 74->0(225)
[2024-08-14T15:24:13.760+0000][gc,heap       ] GC(13) Survivor regions: 3->4(10)
[2024-08-14T15:24:13.760+0000][gc,heap       ] GC(13) Old regions: 18->18
[2024-08-14T15:24:13.760+0000][gc,heap       ] GC(13) Humongous regions: 129->129
[2024-08-14T15:24:13.760+0000][gc,metaspace  ] GC(13) Metaspace: 44152K(46976K)->44152K(46976K) NonClass: 38476K(39936K)->38476K(39936K) Class: 5676K(7040K)->5676K(7040K)
[2024-08-14T15:24:13.760+0000][gc            ] GC(13) Pause Young (Normal) (G1 Evacuation Pause) 222M->148M(1024M) 3.716ms
[2024-08-14T15:24:13.760+0000][gc,cpu        ] GC(13) User=0.01s Sys=0.00s Real=0.00s
[2024-08-14T16:13:07.956+0000][gc,start      ] GC(14) Pause Young (Normal) (G1 Evacuation Pause)
[2024-08-14T16:13:07.956+0000][gc,task       ] GC(14) Using 4 workers of 4 for evacuation
[2024-08-14T16:13:07.959+0000][gc,phases     ] GC(14)   Pre Evacuate Collection Set: 0.0ms
[2024-08-14T16:13:07.959+0000][gc,phases     ] GC(14)   Evacuate Collection Set: 2.4ms
[2024-08-14T16:13:07.959+0000][gc,phases     ] GC(14)   Post Evacuate Collection Set: 0.3ms
[2024-08-14T16:13:07.959+0000][gc,phases     ] GC(14)   Other: 0.2ms
[2024-08-14T16:13:07.959+0000][gc,heap       ] GC(14) Eden regions: 225->0(611)
[2024-08-14T16:13:07.959+0000][gc,heap       ] GC(14) Survivor regions: 4->3(29)
[2024-08-14T16:13:07.959+0000][gc,heap       ] GC(14) Old regions: 18->18
[2024-08-14T16:13:07.959+0000][gc,heap       ] GC(14) Humongous regions: 129->129
[2024-08-14T16:13:07.959+0000][gc,metaspace  ] GC(14) Metaspace: 44218K(47232K)->44218K(47232K) NonClass: 38539K(40192K)->38539K(40192K) Class: 5678K(7040K)->5678K(7040K)
[2024-08-14T16:13:07.959+0000][gc            ] GC(14) Pause Young (Normal) (G1 Evacuation Pause) 373M->148M(1024M) 2.956ms
[2024-08-14T16:13:07.959+0000][gc,cpu        ] GC(14) User=0.01s Sys=0.00s Real=0.01s
[2024-08-14T18:24:57.700+0000][gc,start      ] GC(15) Pause Young (Normal) (G1 Evacuation Pause)
[2024-08-14T18:24:57.701+0000][gc,task       ] GC(15) Using 4 workers of 4 for evacuation
[2024-08-14T18:24:57.704+0000][gc,phases     ] GC(15)   Pre Evacuate Collection Set: 0.0ms
[2024-08-14T18:24:57.704+0000][gc,phases     ] GC(15)   Evacuate Collection Set: 3.0ms
[2024-08-14T18:24:57.704+0000][gc,phases     ] GC(15)   Post Evacuate Collection Set: 0.5ms
[2024-08-14T18:24:57.704+0000][gc,phases     ] GC(15)   Other: 0.9ms
[2024-08-14T18:24:57.705+0000][gc,heap       ] GC(15) Eden regions: 611->0(610)
[2024-08-14T18:24:57.705+0000][gc,heap       ] GC(15) Survivor regions: 3->4(77)
[2024-08-14T18:24:57.705+0000][gc,heap       ] GC(15) Old regions: 18->18
[2024-08-14T18:24:57.705+0000][gc,heap       ] GC(15) Humongous regions: 129->129
[2024-08-14T18:24:57.705+0000][gc,metaspace  ] GC(15) Metaspace: 44270K(47232K)->44270K(47232K) NonClass: 38591K(40192K)->38591K(40192K) Class: 5678K(7040K)->5678K(7040K)
[2024-08-14T18:24:57.705+0000][gc            ] GC(15) Pause Young (Normal) (G1 Evacuation Pause) 759M->148M(1024M) 4.704ms
[2024-08-14T18:24:57.705+0000][gc,cpu        ] GC(15) User=0.01s Sys=0.00s Real=0.00s
[2024-08-14T20:37:08.073+0000][gc,start      ] GC(16) Pause Young (Normal) (G1 Evacuation Pause)
[2024-08-14T20:37:08.073+0000][gc,task       ] GC(16) Using 4 workers of 4 for evacuation
[2024-08-14T20:37:08.076+0000][gc,phases     ] GC(16)   Pre Evacuate Collection Set: 0.0ms
[2024-08-14T20:37:08.076+0000][gc,phases     ] GC(16)   Evacuate Collection Set: 2.5ms
[2024-08-14T20:37:08.076+0000][gc,phases     ] GC(16)   Post Evacuate Collection Set: 0.5ms
[2024-08-14T20:37:08.076+0000][gc,phases     ] GC(16)   Other: 0.2ms
[2024-08-14T20:37:08.076+0000][gc,heap       ] GC(16) Eden regions: 610->0(611)
[2024-08-14T20:37:08.076+0000][gc,heap       ] GC(16) Survivor regions: 4->3(77)
[2024-08-14T20:37:08.076+0000][gc,heap       ] GC(16) Old regions: 18->18
[2024-08-14T20:37:08.076+0000][gc,heap       ] GC(16) Humongous regions: 129->129
[2024-08-14T20:37:08.076+0000][gc,metaspace  ] GC(16) Metaspace: 44354K(47232K)->44354K(47232K) NonClass: 38675K(40192K)->38675K(40192K) Class: 5678K(7040K)->5678K(7040K)
[2024-08-14T20:37:08.076+0000][gc            ] GC(16) Pause Young (Normal) (G1 Evacuation Pause) 758M->147M(1024M) 3.301ms
[2024-08-14T20:37:08.076+0000][gc,cpu        ] GC(16) User=0.01s Sys=0.00s Real=0.01s
[2024-08-14T22:49:49.158+0000][gc,start      ] GC(17) Pause Young (Normal) (G1 Evacuation Pause)
[2024-08-14T22:49:49.158+0000][gc,task       ] GC(17) Using 4 workers of 4 for evacuation
[2024-08-14T22:49:49.163+0000][gc,phases     ] GC(17)   Pre Evacuate Collection Set: 0.0ms
[2024-08-14T22:49:49.163+0000][gc,phases     ] GC(17)   Evacuate Collection Set: 3.7ms
[2024-08-14T22:49:49.163+0000][gc,phases     ] GC(17)   Post Evacuate Collection Set: 0.9ms
[2024-08-14T22:49:49.163+0000][gc,phases     ] GC(17)   Other: 0.2ms
[2024-08-14T22:49:49.163+0000][gc,heap       ] GC(17) Eden regions: 611->0(610)
[2024-08-14T22:49:49.163+0000][gc,heap       ] GC(17) Survivor regions: 3->4(77)
[2024-08-14T22:49:49.163+0000][gc,heap       ] GC(17) Old regions: 18->18
[2024-08-14T22:49:49.163+0000][gc,heap       ] GC(17) Humongous regions: 129->129
[2024-08-14T22:49:49.163+0000][gc,metaspace  ] GC(17) Metaspace: 44414K(47232K)->44414K(47232K) NonClass: 38730K(40192K)->38730K(40192K) Class: 5683K(7040K)->5683K(7040K)
[2024-08-14T22:49:49.163+0000][gc            ] GC(17) Pause Young (Normal) (G1 Evacuation Pause) 758M->148M(1024M) 4.785ms
[2024-08-14T22:49:49.163+0000][gc,cpu        ] GC(17) User=0.02s Sys=0.00s Real=0.00s
[2024-08-15T01:02:08.112+0000][gc,start      ] GC(18) Pause Young (Normal) (G1 Evacuation Pause)
[2024-08-15T01:02:08.113+0000][gc,task       ] GC(18) Using 4 workers of 4 for evacuation
[2024-08-15T01:02:08.116+0000][gc,phases     ] GC(18)   Pre Evacuate Collection Set: 0.0ms
[2024-08-15T01:02:08.116+0000][gc,phases     ] GC(18)   Evacuate Collection Set: 2.5ms
[2024-08-15T01:02:08.116+0000][gc,phases     ] GC(18)   Post Evacuate Collection Set: 0.4ms
[2024-08-15T01:02:08.116+0000][gc,phases     ] GC(18)   Other: 0.4ms
[2024-08-15T01:02:08.116+0000][gc,heap       ] GC(18) Eden regions: 610->0(611)
[2024-08-15T01:02:08.116+0000][gc,heap       ] GC(18) Survivor regions: 4->3(77)
[2024-08-15T01:02:08.116+0000][gc,heap       ] GC(18) Old regions: 18->18
[2024-08-15T01:02:08.116+0000][gc,heap       ] GC(18) Humongous regions: 129->129
[2024-08-15T01:02:08.116+0000][gc,metaspace  ] GC(18) Metaspace: 44456K(47488K)->44456K(47488K) NonClass: 38772K(40448K)->38772K(40448K) Class: 5683K(7040K)->5683K(7040K)
[2024-08-15T01:02:08.116+0000][gc            ] GC(18) Pause Young (Normal) (G1 Evacuation Pause) 758M->148M(1024M) 3.391ms
[2024-08-15T01:02:08.116+0000][gc,cpu        ] GC(18) User=0.01s Sys=0.00s Real=0.00s
[2024-08-15T02:10:56.077+0000][gc,start      ] GC(19) Pause Young (Concurrent Start) (G1 Humongous Allocation)
[2024-08-15T02:10:56.077+0000][gc,task       ] GC(19) Using 4 workers of 4 for evacuation
[2024-08-15T02:10:56.082+0000][gc,phases     ] GC(19)   Pre Evacuate Collection Set: 0.2ms
[2024-08-15T02:10:56.082+0000][gc,phases     ] GC(19)   Evacuate Collection Set: 2.9ms
[2024-08-15T02:10:56.082+0000][gc,phases     ] GC(19)   Post Evacuate Collection Set: 0.8ms
[2024-08-15T02:10:56.082+0000][gc,phases     ] GC(19)   Other: 0.9ms
[2024-08-15T02:10:56.082+0000][gc,heap       ] GC(19) Eden regions: 321->0(611)
[2024-08-15T02:10:56.082+0000][gc,heap       ] GC(19) Survivor regions: 3->3(77)
[2024-08-15T02:10:56.082+0000][gc,heap       ] GC(19) Old regions: 18->18
[2024-08-15T02:10:56.082+0000][gc,heap       ] GC(19) Humongous regions: 287->129
[2024-08-15T02:10:56.082+0000][gc,metaspace  ] GC(19) Metaspace: 44488K(47488K)->44488K(47488K) NonClass: 38804K(40448K)->38804K(40448K) Class: 5683K(7040K)->5683K(7040K)
[2024-08-15T02:10:56.082+0000][gc            ] GC(19) Pause Young (Concurrent Start) (G1 Humongous Allocation) 627M->147M(1024M) 5.157ms
[2024-08-15T02:10:56.082+0000][gc,cpu        ] GC(19) User=0.01s Sys=0.00s Real=0.00s
[2024-08-15T02:10:56.082+0000][gc            ] GC(20) Concurrent Cycle
[2024-08-15T02:10:56.082+0000][gc,marking    ] GC(20) Concurrent Clear Claimed Marks
[2024-08-15T02:10:56.082+0000][gc,marking    ] GC(20) Concurrent Clear Claimed Marks 0.067ms
[2024-08-15T02:10:56.082+0000][gc,marking    ] GC(20) Concurrent Scan Root Regions
[2024-08-15T02:10:56.084+0000][gc,marking    ] GC(20) Concurrent Scan Root Regions 1.869ms
[2024-08-15T02:10:56.084+0000][gc,marking    ] GC(20) Concurrent Mark (43049.084s)
[2024-08-15T02:10:56.084+0000][gc,marking    ] GC(20) Concurrent Mark From Roots
[2024-08-15T02:10:56.084+0000][gc,task       ] GC(20) Using 1 workers of 1 for marking
[2024-08-15T02:10:56.102+0000][gc,marking    ] GC(20) Concurrent Mark From Roots 17.907ms
[2024-08-15T02:10:56.102+0000][gc,marking    ] GC(20) Concurrent Preclean
[2024-08-15T02:10:56.102+0000][gc,marking    ] GC(20) Concurrent Preclean 0.479ms
[2024-08-15T02:10:56.102+0000][gc,marking    ] GC(20) Concurrent Mark (43049.084s, 43049.102s) 18.420ms
[2024-08-15T02:10:56.103+0000][gc,start      ] GC(20) Pause Remark
[2024-08-15T02:10:56.116+0000][gc,stringtable] GC(20) Cleaned string and symbol table, strings: 13360 processed, 362 removed, symbols: 91512 processed, 7 removed
[2024-08-15T02:10:56.117+0000][gc            ] GC(20) Pause Remark 205M->205M(1024M) 14.169ms
[2024-08-15T02:10:56.117+0000][gc,cpu        ] GC(20) User=0.04s Sys=0.00s Real=0.02s
[2024-08-15T02:10:56.117+0000][gc,marking    ] GC(20) Concurrent Rebuild Remembered Sets
[2024-08-15T02:10:56.126+0000][gc,marking    ] GC(20) Concurrent Rebuild Remembered Sets 9.333ms
[2024-08-15T02:10:56.126+0000][gc,start      ] GC(20) Pause Cleanup
[2024-08-15T02:10:56.126+0000][gc            ] GC(20) Pause Cleanup 205M->205M(1024M) 0.084ms
[2024-08-15T02:10:56.126+0000][gc,cpu        ] GC(20) User=0.00s Sys=0.00s Real=0.00s
[2024-08-15T02:10:56.126+0000][gc,marking    ] GC(20) Concurrent Cleanup for Next Mark
[2024-08-15T02:10:56.127+0000][gc,marking    ] GC(20) Concurrent Cleanup for Next Mark 1.089ms
[2024-08-15T02:10:56.128+0000][gc            ] GC(20) Concurrent Cycle 45.571ms
[2024-08-15T04:22:11.433+0000][gc,start      ] GC(21) Pause Young (Normal) (G1 Evacuation Pause)
[2024-08-15T04:22:11.434+0000][gc,task       ] GC(21) Using 4 workers of 4 for evacuation
[2024-08-15T04:22:11.440+0000][gc,phases     ] GC(21)   Pre Evacuate Collection Set: 0.2ms
[2024-08-15T04:22:11.440+0000][gc,phases     ] GC(21)   Evacuate Collection Set: 4.4ms
[2024-08-15T04:22:11.440+0000][gc,phases     ] GC(21)   Post Evacuate Collection Set: 1.1ms
[2024-08-15T04:22:11.440+0000][gc,phases     ] GC(21)   Other: 1.8ms
[2024-08-15T04:22:11.440+0000][gc,heap       ] GC(21) Eden regions: 611->0(611)
[2024-08-15T04:22:11.440+0000][gc,heap       ] GC(21) Survivor regions: 3->3(77)
[2024-08-15T04:22:11.440+0000][gc,heap       ] GC(21) Old regions: 18->18
[2024-08-15T04:22:11.440+0000][gc,heap       ] GC(21) Humongous regions: 273->129
[2024-08-15T04:22:11.440+0000][gc,metaspace  ] GC(21) Metaspace: 44339K(47488K)->44339K(47488K) NonClass: 38698K(40448K)->38698K(40448K) Class: 5640K(7040K)->5640K(7040K)
[2024-08-15T04:22:11.440+0000][gc            ] GC(21) Pause Young (Normal) (G1 Evacuation Pause) 902M->148M(1024M) 7.371ms
[2024-08-15T04:22:11.440+0000][gc,cpu        ] GC(21) User=0.02s Sys=0.00s Real=0.01s
[2024-08-15T06:34:09.022+0000][gc,start      ] GC(22) Pause Young (Normal) (G1 Evacuation Pause)
[2024-08-15T06:34:09.023+0000][gc,task       ] GC(22) Using 4 workers of 4 for evacuation
[2024-08-15T06:34:09.027+0000][gc,phases     ] GC(22)   Pre Evacuate Collection Set: 0.0ms
[2024-08-15T06:34:09.027+0000][gc,phases     ] GC(22)   Evacuate Collection Set: 3.8ms
[2024-08-15T06:34:09.027+0000][gc,phases     ] GC(22)   Post Evacuate Collection Set: 0.5ms
[2024-08-15T06:34:09.027+0000][gc,phases     ] GC(22)   Other: 0.5ms
[2024-08-15T06:34:09.027+0000][gc,heap       ] GC(22) Eden regions: 611->0(610)
[2024-08-15T06:34:09.027+0000][gc,heap       ] GC(22) Survivor regions: 3->4(77)
[2024-08-15T06:34:09.027+0000][gc,heap       ] GC(22) Old regions: 18->18
[2024-08-15T06:34:09.027+0000][gc,heap       ] GC(22) Humongous regions: 129->129
[2024-08-15T06:34:09.027+0000][gc,metaspace  ] GC(22) Metaspace: 44359K(47488K)->44359K(47488K) NonClass: 38718K(40448K)->38718K(40448K) Class: 5640K(7040K)->5640K(7040K)
[2024-08-15T06:34:09.027+0000][gc            ] GC(22) Pause Young (Normal) (G1 Evacuation Pause) 759M->148M(1024M) 4.815ms
[2024-08-15T06:34:09.027+0000][gc,cpu        ] GC(22) User=0.01s Sys=0.00s Real=0.00s
[2024-08-15T08:45:24.905+0000][gc,start      ] GC(23) Pause Young (Normal) (G1 Evacuation Pause)
[2024-08-15T08:45:24.905+0000][gc,task       ] GC(23) Using 4 workers of 4 for evacuation
[2024-08-15T08:45:24.910+0000][gc,phases     ] GC(23)   Pre Evacuate Collection Set: 0.0ms
[2024-08-15T08:45:24.910+0000][gc,phases     ] GC(23)   Evacuate Collection Set: 3.5ms
[2024-08-15T08:45:24.910+0000][gc,phases     ] GC(23)   Post Evacuate Collection Set: 0.5ms
[2024-08-15T08:45:24.910+0000][gc,phases     ] GC(23)   Other: 0.9ms
[2024-08-15T08:45:24.910+0000][gc,heap       ] GC(23) Eden regions: 610->0(610)
[2024-08-15T08:45:24.910+0000][gc,heap       ] GC(23) Survivor regions: 4->4(77)
[2024-08-15T08:45:24.910+0000][gc,heap       ] GC(23) Old regions: 18->18
[2024-08-15T08:45:24.910+0000][gc,heap       ] GC(23) Humongous regions: 129->129
[2024-08-15T08:45:24.910+0000][gc,metaspace  ] GC(23) Metaspace: 44370K(47488K)->44370K(47488K) NonClass: 38730K(40448K)->38730K(40448K) Class: 5640K(7040K)->5640K(7040K)
[2024-08-15T08:45:24.910+0000][gc            ] GC(23) Pause Young (Normal) (G1 Evacuation Pause) 758M->149M(1024M) 4.902ms
[2024-08-15T08:45:24.910+0000][gc,cpu        ] GC(23) User=0.01s Sys=0.00s Real=0.01s
[2024-08-15T10:54:47.356+0000][gc,start      ] GC(24) Pause Young (Normal) (G1 Evacuation Pause)
[2024-08-15T10:54:47.357+0000][gc,task       ] GC(24) Using 4 workers of 4 for evacuation
[2024-08-15T10:54:47.362+0000][gc,phases     ] GC(24)   Pre Evacuate Collection Set: 0.0ms
[2024-08-15T10:54:47.362+0000][gc,phases     ] GC(24)   Evacuate Collection Set: 3.9ms
[2024-08-15T10:54:47.362+0000][gc,phases     ] GC(24)   Post Evacuate Collection Set: 0.4ms
[2024-08-15T10:54:47.362+0000][gc,phases     ] GC(24)   Other: 1.1ms
[2024-08-15T10:54:47.362+0000][gc,heap       ] GC(24) Eden regions: 610->0(610)
[2024-08-15T10:54:47.362+0000][gc,heap       ] GC(24) Survivor regions: 4->4(77)
[2024-08-15T10:54:47.362+0000][gc,heap       ] GC(24) Old regions: 18->18
[2024-08-15T10:54:47.362+0000][gc,heap       ] GC(24) Humongous regions: 129->129
[2024-08-15T10:54:47.362+0000][gc,metaspace  ] GC(24) Metaspace: 44441K(47488K)->44441K(47488K) NonClass: 38798K(40448K)->38798K(40448K) Class: 5643K(7040K)->5643K(7040K)
[2024-08-15T10:54:47.362+0000][gc            ] GC(24) Pause Young (Normal) (G1 Evacuation Pause) 759M->149M(1024M) 5.763ms
[2024-08-15T10:54:47.362+0000][gc,cpu        ] GC(24) User=0.01s Sys=0.00s Real=0.00s
[2024-08-15T13:03:28.978+0000][gc,start      ] GC(25) Pause Young (Normal) (G1 Evacuation Pause)
[2024-08-15T13:03:28.979+0000][gc,task       ] GC(25) Using 4 workers of 4 for evacuation
[2024-08-15T13:03:28.988+0000][gc,phases     ] GC(25)   Pre Evacuate Collection Set: 0.3ms
[2024-08-15T13:03:28.988+0000][gc,phases     ] GC(25)   Evacuate Collection Set: 5.9ms
[2024-08-15T13:03:28.988+0000][gc,phases     ] GC(25)   Post Evacuate Collection Set: 1.4ms
[2024-08-15T13:03:28.988+0000][gc,phases     ] GC(25)   Other: 2.6ms
[2024-08-15T13:03:28.988+0000][gc,heap       ] GC(25) Eden regions: 610->0(610)
[2024-08-15T13:03:28.988+0000][gc,heap       ] GC(25) Survivor regions: 4->4(77)
[2024-08-15T13:03:28.988+0000][gc,heap       ] GC(25) Old regions: 18->18
[2024-08-15T13:03:28.988+0000][gc,heap       ] GC(25) Humongous regions: 129->129
[2024-08-15T13:03:28.988+0000][gc,metaspace  ] GC(25) Metaspace: 44470K(47488K)->44470K(47488K) NonClass: 38826K(40448K)->38826K(40448K) Class: 5643K(7040K)->5643K(7040K)
[2024-08-15T13:03:28.989+0000][gc            ] GC(25) Pause Young (Normal) (G1 Evacuation Pause) 759M->148M(1024M) 9.981ms
[2024-08-15T13:03:28.989+0000][gc,cpu        ] GC(25) User=0.02s Sys=0.01s Real=0.01s
[2024-08-15T15:13:48.377+0000][gc,start      ] GC(26) Pause Young (Normal) (G1 Evacuation Pause)
[2024-08-15T15:13:48.378+0000][gc,task       ] GC(26) Using 4 workers of 4 for evacuation
[2024-08-15T15:13:48.381+0000][gc,phases     ] GC(26)   Pre Evacuate Collection Set: 0.0ms
[2024-08-15T15:13:48.381+0000][gc,phases     ] GC(26)   Evacuate Collection Set: 3.3ms
[2024-08-15T15:13:48.381+0000][gc,phases     ] GC(26)   Post Evacuate Collection Set: 0.5ms
[2024-08-15T15:13:48.381+0000][gc,phases     ] GC(26)   Other: 0.5ms
[2024-08-15T15:13:48.381+0000][gc,heap       ] GC(26) Eden regions: 610->0(611)
[2024-08-15T15:13:48.382+0000][gc,heap       ] GC(26) Survivor regions: 4->3(77)
[2024-08-15T15:13:48.382+0000][gc,heap       ] GC(26) Old regions: 18->18
[2024-08-15T15:13:48.382+0000][gc,heap       ] GC(26) Humongous regions: 129->129
[2024-08-15T15:13:48.382+0000][gc,metaspace  ] GC(26) Metaspace: 44827K(47744K)->44827K(47744K) NonClass: 39116K(40704K)->39116K(40704K) Class: 5710K(7040K)->5710K(7040K)
[2024-08-15T15:13:48.382+0000][gc            ] GC(26) Pause Young (Normal) (G1 Evacuation Pause) 758M->148M(1024M) 4.297ms
[2024-08-15T15:13:48.382+0000][gc,cpu        ] GC(26) User=0.01s Sys=0.00s Real=0.00s
[2024-08-15T17:22:18.238+0000][gc,start      ] GC(27) Pause Young (Normal) (G1 Evacuation Pause)
[2024-08-15T17:22:18.238+0000][gc,task       ] GC(27) Using 4 workers of 4 for evacuation
[2024-08-15T17:22:18.241+0000][gc,phases     ] GC(27)   Pre Evacuate Collection Set: 0.0ms
[2024-08-15T17:22:18.241+0000][gc,phases     ] GC(27)   Evacuate Collection Set: 2.9ms
[2024-08-15T17:22:18.241+0000][gc,phases     ] GC(27)   Post Evacuate Collection Set: 0.4ms
[2024-08-15T17:22:18.241+0000][gc,phases     ] GC(27)   Other: 0.2ms
[2024-08-15T17:22:18.241+0000][gc,heap       ] GC(27) Eden regions: 611->0(610)
[2024-08-15T17:22:18.241+0000][gc,heap       ] GC(27) Survivor regions: 3->4(77)
[2024-08-15T17:22:18.241+0000][gc,heap       ] GC(27) Old regions: 18->18
[2024-08-15T17:22:18.241+0000][gc,heap       ] GC(27) Humongous regions: 129->129
[2024-08-15T17:22:18.241+0000][gc,metaspace  ] GC(27) Metaspace: 44830K(47744K)->44830K(47744K) NonClass: 39119K(40704K)->39119K(40704K) Class: 5710K(7040K)->5710K(7040K)
[2024-08-15T17:22:18.241+0000][gc            ] GC(27) Pause Young (Normal) (G1 Evacuation Pause) 759M->149M(1024M) 3.472ms
[2024-08-15T17:22:18.241+0000][gc,cpu        ] GC(27) User=0.01s Sys=0.00s Real=0.00s
[2024-08-15T19:30:48.217+0000][gc,start      ] GC(28) Pause Young (Normal) (G1 Evacuation Pause)
[2024-08-15T19:30:48.217+0000][gc,task       ] GC(28) Using 4 workers of 4 for evacuation
[2024-08-15T19:30:48.221+0000][gc,phases     ] GC(28)   Pre Evacuate Collection Set: 0.0ms
[2024-08-15T19:30:48.221+0000][gc,phases     ] GC(28)   Evacuate Collection Set: 2.9ms
[2024-08-15T19:30:48.221+0000][gc,phases     ] GC(28)   Post Evacuate Collection Set: 0.5ms
[2024-08-15T19:30:48.221+0000][gc,phases     ] GC(28)   Other: 0.2ms
[2024-08-15T19:30:48.221+0000][gc,heap       ] GC(28) Eden regions: 610->0(610)
[2024-08-15T19:30:48.221+0000][gc,heap       ] GC(28) Survivor regions: 4->4(77)
[2024-08-15T19:30:48.221+0000][gc,heap       ] GC(28) Old regions: 18->18
[2024-08-15T19:30:48.221+0000][gc,heap       ] GC(28) Humongous regions: 129->129
[2024-08-15T19:30:48.221+0000][gc,metaspace  ] GC(28) Metaspace: 44832K(47744K)->44832K(47744K) NonClass: 39121K(40704K)->39121K(40704K) Class: 5710K(7040K)->5710K(7040K)
[2024-08-15T19:30:48.221+0000][gc            ] GC(28) Pause Young (Normal) (G1 Evacuation Pause) 759M->148M(1024M) 3.648ms
[2024-08-15T19:30:48.221+0000][gc,cpu        ] GC(28) User=0.02s Sys=0.00s Real=0.00s
[2024-08-15T21:38:55.326+0000][gc,start      ] GC(29) Pause Young (Normal) (G1 Evacuation Pause)
[2024-08-15T21:38:55.326+0000][gc,task       ] GC(29) Using 4 workers of 4 for evacuation
[2024-08-15T21:38:55.330+0000][gc,phases     ] GC(29)   Pre Evacuate Collection Set: 0.0ms
[2024-08-15T21:38:55.330+0000][gc,phases     ] GC(29)   Evacuate Collection Set: 2.7ms
[2024-08-15T21:38:55.330+0000][gc,phases     ] GC(29)   Post Evacuate Collection Set: 0.4ms
[2024-08-15T21:38:55.330+0000][gc,phases     ] GC(29)   Other: 0.2ms
[2024-08-15T21:38:55.330+0000][gc,heap       ] GC(29) Eden regions: 610->0(611)
[2024-08-15T21:38:55.330+0000][gc,heap       ] GC(29) Survivor regions: 4->3(77)
[2024-08-15T21:38:55.330+0000][gc,heap       ] GC(29) Old regions: 18->18
[2024-08-15T21:38:55.330+0000][gc,heap       ] GC(29) Humongous regions: 129->129
[2024-08-15T21:38:55.330+0000][gc,metaspace  ] GC(29) Metaspace: 44891K(47744K)->44891K(47744K) NonClass: 39180K(40704K)->39180K(40704K) Class: 5710K(7040K)->5710K(7040K)
[2024-08-15T21:38:55.330+0000][gc            ] GC(29) Pause Young (Normal) (G1 Evacuation Pause) 758M->148M(1024M) 3.279ms
[2024-08-15T21:38:55.330+0000][gc,cpu        ] GC(29) User=0.01s Sys=0.00s Real=0.01s
[2024-08-15T23:47:14.700+0000][gc,start      ] GC(30) Pause Young (Normal) (G1 Evacuation Pause)
[2024-08-15T23:47:14.700+0000][gc,task       ] GC(30) Using 4 workers of 4 for evacuation
[2024-08-15T23:47:14.704+0000][gc,phases     ] GC(30)   Pre Evacuate Collection Set: 0.0ms
[2024-08-15T23:47:14.704+0000][gc,phases     ] GC(30)   Evacuate Collection Set: 3.7ms
[2024-08-15T23:47:14.704+0000][gc,phases     ] GC(30)   Post Evacuate Collection Set: 0.4ms
[2024-08-15T23:47:14.704+0000][gc,phases     ] GC(30)   Other: 0.2ms
[2024-08-15T23:47:14.704+0000][gc,heap       ] GC(30) Eden regions: 611->0(610)
[2024-08-15T23:47:14.704+0000][gc,heap       ] GC(30) Survivor regions: 3->4(77)
[2024-08-15T23:47:14.704+0000][gc,heap       ] GC(30) Old regions: 18->18
[2024-08-15T23:47:14.704+0000][gc,heap       ] GC(30) Humongous regions: 129->129
[2024-08-15T23:47:14.704+0000][gc,metaspace  ] GC(30) Metaspace: 44912K(47744K)->44912K(47744K) NonClass: 39201K(40704K)->39201K(40704K) Class: 5710K(7040K)->5710K(7040K)
[2024-08-15T23:47:14.704+0000][gc            ] GC(30) Pause Young (Normal) (G1 Evacuation Pause) 759M->149M(1024M) 4.376ms
[2024-08-15T23:47:14.704+0000][gc,cpu        ] GC(30) User=0.01s Sys=0.00s Real=0.00s
[2024-08-16T01:55:30.261+0000][gc,start      ] GC(31) Pause Young (Normal) (G1 Evacuation Pause)
[2024-08-16T01:55:30.261+0000][gc,task       ] GC(31) Using 4 workers of 4 for evacuation
[2024-08-16T01:55:30.264+0000][gc,phases     ] GC(31)   Pre Evacuate Collection Set: 0.0ms
[2024-08-16T01:55:30.264+0000][gc,phases     ] GC(31)   Evacuate Collection Set: 2.6ms
[2024-08-16T01:55:30.264+0000][gc,phases     ] GC(31)   Post Evacuate Collection Set: 0.3ms
[2024-08-16T01:55:30.264+0000][gc,phases     ] GC(31)   Other: 0.1ms
[2024-08-16T01:55:30.264+0000][gc,heap       ] GC(31) Eden regions: 610->0(610)
[2024-08-16T01:55:30.264+0000][gc,heap       ] GC(31) Survivor regions: 4->4(77)
[2024-08-16T01:55:30.264+0000][gc,heap       ] GC(31) Old regions: 18->18
[2024-08-16T01:55:30.264+0000][gc,heap       ] GC(31) Humongous regions: 129->129
[2024-08-16T01:55:30.264+0000][gc,metaspace  ] GC(31) Metaspace: 44912K(47744K)->44912K(47744K) NonClass: 39201K(40704K)->39201K(40704K) Class: 5710K(7040K)->5710K(7040K)
[2024-08-16T01:55:30.264+0000][gc            ] GC(31) Pause Young (Normal) (G1 Evacuation Pause) 759M->149M(1024M) 3.130ms
[2024-08-16T01:55:30.264+0000][gc,cpu        ] GC(31) User=0.01s Sys=0.00s Real=0.00s
[2024-08-16T04:03:36.569+0000][gc,start      ] GC(32) Pause Young (Normal) (G1 Evacuation Pause)
[2024-08-16T04:03:36.569+0000][gc,task       ] GC(32) Using 4 workers of 4 for evacuation
[2024-08-16T04:03:36.572+0000][gc,phases     ] GC(32)   Pre Evacuate Collection Set: 0.0ms
[2024-08-16T04:03:36.572+0000][gc,phases     ] GC(32)   Evacuate Collection Set: 2.5ms
[2024-08-16T04:03:36.572+0000][gc,phases     ] GC(32)   Post Evacuate Collection Set: 0.3ms
[2024-08-16T04:03:36.572+0000][gc,phases     ] GC(32)   Other: 0.2ms
[2024-08-16T04:03:36.572+0000][gc,heap       ] GC(32) Eden regions: 610->0(611)
[2024-08-16T04:03:36.572+0000][gc,heap       ] GC(32) Survivor regions: 4->3(77)
[2024-08-16T04:03:36.572+0000][gc,heap       ] GC(32) Old regions: 18->19
[2024-08-16T04:03:36.572+0000][gc,heap       ] GC(32) Humongous regions: 129->129
[2024-08-16T04:03:36.572+0000][gc,metaspace  ] GC(32) Metaspace: 44912K(47744K)->44912K(47744K) NonClass: 39201K(40704K)->39201K(40704K) Class: 5710K(7040K)->5710K(7040K)
[2024-08-16T04:03:36.572+0000][gc            ] GC(32) Pause Young (Normal) (G1 Evacuation Pause) 759M->148M(1024M) 3.055ms
[2024-08-16T04:03:36.572+0000][gc,cpu        ] GC(32) User=0.01s Sys=0.01s Real=0.00s
[2024-08-16T06:12:06.024+0000][gc,start      ] GC(33) Pause Young (Normal) (G1 Evacuation Pause)
[2024-08-16T06:12:06.024+0000][gc,task       ] GC(33) Using 4 workers of 4 for evacuation
[2024-08-16T06:12:06.028+0000][gc,phases     ] GC(33)   Pre Evacuate Collection Set: 0.0ms
[2024-08-16T06:12:06.028+0000][gc,phases     ] GC(33)   Evacuate Collection Set: 3.9ms
[2024-08-16T06:12:06.028+0000][gc,phases     ] GC(33)   Post Evacuate Collection Set: 0.5ms
[2024-08-16T06:12:06.028+0000][gc,phases     ] GC(33)   Other: 0.2ms
[2024-08-16T06:12:06.028+0000][gc,heap       ] GC(33) Eden regions: 611->0(610)
[2024-08-16T06:12:06.028+0000][gc,heap       ] GC(33) Survivor regions: 3->4(77)
[2024-08-16T06:12:06.028+0000][gc,heap       ] GC(33) Old regions: 19->19
[2024-08-16T06:12:06.028+0000][gc,heap       ] GC(33) Humongous regions: 129->129
[2024-08-16T06:12:06.028+0000][gc,metaspace  ] GC(33) Metaspace: 44913K(47744K)->44913K(47744K) NonClass: 39202K(40704K)->39202K(40704K) Class: 5710K(7040K)->5710K(7040K)
[2024-08-16T06:12:06.028+0000][gc            ] GC(33) Pause Young (Normal) (G1 Evacuation Pause) 759M->149M(1024M) 4.701ms
[2024-08-16T06:12:06.028+0000][gc,cpu        ] GC(33) User=0.02s Sys=0.00s Real=0.01s
[2024-08-16T08:19:59.905+0000][gc,start      ] GC(34) Pause Young (Normal) (G1 Evacuation Pause)
[2024-08-16T08:19:59.905+0000][gc,task       ] GC(34) Using 4 workers of 4 for evacuation
[2024-08-16T08:19:59.908+0000][gc,phases     ] GC(34)   Pre Evacuate Collection Set: 0.0ms
[2024-08-16T08:19:59.908+0000][gc,phases     ] GC(34)   Evacuate Collection Set: 2.5ms
[2024-08-16T08:19:59.908+0000][gc,phases     ] GC(34)   Post Evacuate Collection Set: 0.8ms
[2024-08-16T08:19:59.908+0000][gc,phases     ] GC(34)   Other: 0.2ms
[2024-08-16T08:19:59.908+0000][gc,heap       ] GC(34) Eden regions: 610->0(611)
[2024-08-16T08:19:59.908+0000][gc,heap       ] GC(34) Survivor regions: 4->3(77)
[2024-08-16T08:19:59.908+0000][gc,heap       ] GC(34) Old regions: 19->19
[2024-08-16T08:19:59.908+0000][gc,heap       ] GC(34) Humongous regions: 129->129
[2024-08-16T08:19:59.908+0000][gc,metaspace  ] GC(34) Metaspace: 44920K(47744K)->44920K(47744K) NonClass: 39209K(40704K)->39209K(40704K) Class: 5710K(7040K)->5710K(7040K)
[2024-08-16T08:19:59.908+0000][gc            ] GC(34) Pause Young (Normal) (G1 Evacuation Pause) 759M->148M(1024M) 3.597ms
[2024-08-16T08:19:59.908+0000][gc,cpu        ] GC(34) User=0.01s Sys=0.00s Real=0.01s
[2024-08-16T10:25:36.366+0000][gc,start      ] GC(35) Pause Young (Normal) (G1 Evacuation Pause)
[2024-08-16T10:25:36.366+0000][gc,task       ] GC(35) Using 4 workers of 4 for evacuation
[2024-08-16T10:25:36.369+0000][gc,phases     ] GC(35)   Pre Evacuate Collection Set: 0.0ms
[2024-08-16T10:25:36.369+0000][gc,phases     ] GC(35)   Evacuate Collection Set: 2.8ms
[2024-08-16T10:25:36.369+0000][gc,phases     ] GC(35)   Post Evacuate Collection Set: 0.4ms
[2024-08-16T10:25:36.369+0000][gc,phases     ] GC(35)   Other: 0.2ms
[2024-08-16T10:25:36.369+0000][gc,heap       ] GC(35) Eden regions: 611->0(610)
[2024-08-16T10:25:36.369+0000][gc,heap       ] GC(35) Survivor regions: 3->4(77)
[2024-08-16T10:25:36.369+0000][gc,heap       ] GC(35) Old regions: 19->19
[2024-08-16T10:25:36.369+0000][gc,heap       ] GC(35) Humongous regions: 129->129
[2024-08-16T10:25:36.369+0000][gc,metaspace  ] GC(35) Metaspace: 44967K(47744K)->44967K(47744K) NonClass: 39256K(40704K)->39256K(40704K) Class: 5710K(7040K)->5710K(7040K)
[2024-08-16T10:25:36.369+0000][gc            ] GC(35) Pause Young (Normal) (G1 Evacuation Pause) 759M->148M(1024M) 3.472ms
[2024-08-16T10:25:36.369+0000][gc,cpu        ] GC(35) User=0.02s Sys=0.00s Real=0.01s
[2024-08-16T12:31:00.074+0000][gc,start      ] GC(36) Pause Young (Normal) (G1 Evacuation Pause)
[2024-08-16T12:31:00.074+0000][gc,task       ] GC(36) Using 4 workers of 4 for evacuation
[2024-08-16T12:31:00.077+0000][gc,phases     ] GC(36)   Pre Evacuate Collection Set: 0.0ms
[2024-08-16T12:31:00.077+0000][gc,phases     ] GC(36)   Evacuate Collection Set: 2.7ms
[2024-08-16T12:31:00.077+0000][gc,phases     ] GC(36)   Post Evacuate Collection Set: 0.4ms
[2024-08-16T12:31:00.077+0000][gc,phases     ] GC(36)   Other: 0.2ms
[2024-08-16T12:31:00.077+0000][gc,heap       ] GC(36) Eden regions: 610->0(610)
[2024-08-16T12:31:00.077+0000][gc,heap       ] GC(36) Survivor regions: 4->4(77)
[2024-08-16T12:31:00.077+0000][gc,heap       ] GC(36) Old regions: 19->19
[2024-08-16T12:31:00.077+0000][gc,heap       ] GC(36) Humongous regions: 129->129
[2024-08-16T12:31:00.077+0000][gc,metaspace  ] GC(36) Metaspace: 44968K(47744K)->44968K(47744K) NonClass: 39257K(40704K)->39257K(40704K) Class: 5710K(7040K)->5710K(7040K)
[2024-08-16T12:31:00.077+0000][gc            ] GC(36) Pause Young (Normal) (G1 Evacuation Pause) 758M->148M(1024M) 3.272ms
[2024-08-16T12:31:00.077+0000][gc,cpu        ] GC(36) User=0.01s Sys=0.00s Real=0.01s
[2024-08-16T14:36:14.906+0000][gc,start      ] GC(37) Pause Young (Normal) (G1 Evacuation Pause)
[2024-08-16T14:36:14.906+0000][gc,task       ] GC(37) Using 4 workers of 4 for evacuation
[2024-08-16T14:36:14.911+0000][gc,phases     ] GC(37)   Pre Evacuate Collection Set: 0.0ms
[2024-08-16T14:36:14.911+0000][gc,phases     ] GC(37)   Evacuate Collection Set: 3.4ms
[2024-08-16T14:36:14.911+0000][gc,phases     ] GC(37)   Post Evacuate Collection Set: 0.9ms
[2024-08-16T14:36:14.911+0000][gc,phases     ] GC(37)   Other: 1.4ms
[2024-08-16T14:36:14.911+0000][gc,heap       ] GC(37) Eden regions: 610->0(611)
[2024-08-16T14:36:14.911+0000][gc,heap       ] GC(37) Survivor regions: 4->3(77)
[2024-08-16T14:36:14.911+0000][gc,heap       ] GC(37) Old regions: 19->19
[2024-08-16T14:36:14.911+0000][gc,heap       ] GC(37) Humongous regions: 129->129
[2024-08-16T14:36:14.911+0000][gc,metaspace  ] GC(37) Metaspace: 44968K(47744K)->44968K(47744K) NonClass: 39257K(40704K)->39257K(40704K) Class: 5710K(7040K)->5710K(7040K)
[2024-08-16T14:36:14.911+0000][gc            ] GC(37) Pause Young (Normal) (G1 Evacuation Pause) 758M->148M(1024M) 5.434ms
[2024-08-16T14:36:14.911+0000][gc,cpu        ] GC(37) User=0.02s Sys=0.00s Real=0.01s
[2024-08-16T16:41:51.570+0000][gc,start      ] GC(38) Pause Young (Normal) (G1 Evacuation Pause)
[2024-08-16T16:41:51.571+0000][gc,task       ] GC(38) Using 4 workers of 4 for evacuation
[2024-08-16T16:41:51.574+0000][gc,phases     ] GC(38)   Pre Evacuate Collection Set: 0.0ms
[2024-08-16T16:41:51.574+0000][gc,phases     ] GC(38)   Evacuate Collection Set: 2.9ms
[2024-08-16T16:41:51.574+0000][gc,phases     ] GC(38)   Post Evacuate Collection Set: 0.5ms
[2024-08-16T16:41:51.574+0000][gc,phases     ] GC(38)   Other: 0.2ms
[2024-08-16T16:41:51.574+0000][gc,heap       ] GC(38) Eden regions: 611->0(610)
[2024-08-16T16:41:51.574+0000][gc,heap       ] GC(38) Survivor regions: 3->4(77)
[2024-08-16T16:41:51.574+0000][gc,heap       ] GC(38) Old regions: 19->19
[2024-08-16T16:41:51.574+0000][gc,heap       ] GC(38) Humongous regions: 129->129
[2024-08-16T16:41:51.574+0000][gc,metaspace  ] GC(38) Metaspace: 44968K(47744K)->44968K(47744K) NonClass: 39257K(40704K)->39257K(40704K) Class: 5710K(7040K)->5710K(7040K)
[2024-08-16T16:41:51.574+0000][gc            ] GC(38) Pause Young (Normal) (G1 Evacuation Pause) 759M->149M(1024M) 3.568ms
[2024-08-16T16:41:51.574+0000][gc,cpu        ] GC(38) User=0.02s Sys=0.00s Real=0.00s
[2024-08-16T18:47:08.643+0000][gc,start      ] GC(39) Pause Young (Normal) (G1 Evacuation Pause)
[2024-08-16T18:47:08.643+0000][gc,task       ] GC(39) Using 4 workers of 4 for evacuation
[2024-08-16T18:47:08.647+0000][gc,phases     ] GC(39)   Pre Evacuate Collection Set: 0.0ms
[2024-08-16T18:47:08.647+0000][gc,phases     ] GC(39)   Evacuate Collection Set: 3.2ms
[2024-08-16T18:47:08.647+0000][gc,phases     ] GC(39)   Post Evacuate Collection Set: 0.4ms
[2024-08-16T18:47:08.647+0000][gc,phases     ] GC(39)   Other: 0.2ms
[2024-08-16T18:47:08.647+0000][gc,heap       ] GC(39) Eden regions: 610->0(610)
[2024-08-16T18:47:08.647+0000][gc,heap       ] GC(39) Survivor regions: 4->4(77)
[2024-08-16T18:47:08.647+0000][gc,heap       ] GC(39) Old regions: 19->19
[2024-08-16T18:47:08.647+0000][gc,heap       ] GC(39) Humongous regions: 129->129
[2024-08-16T18:47:08.647+0000][gc,metaspace  ] GC(39) Metaspace: 44992K(48000K)->44992K(48000K) NonClass: 39282K(40960K)->39282K(40960K) Class: 5710K(7040K)->5710K(7040K)
[2024-08-16T18:47:08.647+0000][gc            ] GC(39) Pause Young (Normal) (G1 Evacuation Pause) 759M->148M(1024M) 3.922ms
[2024-08-16T18:47:08.647+0000][gc,cpu        ] GC(39) User=0.01s Sys=0.00s Real=0.00s
[2024-08-16T20:52:33.633+0000][gc,start      ] GC(40) Pause Young (Normal) (G1 Evacuation Pause)
[2024-08-16T20:52:33.633+0000][gc,task       ] GC(40) Using 4 workers of 4 for evacuation
[2024-08-16T20:52:33.637+0000][gc,phases     ] GC(40)   Pre Evacuate Collection Set: 0.0ms
[2024-08-16T20:52:33.637+0000][gc,phases     ] GC(40)   Evacuate Collection Set: 3.3ms
[2024-08-16T20:52:33.637+0000][gc,phases     ] GC(40)   Post Evacuate Collection Set: 0.5ms
[2024-08-16T20:52:33.637+0000][gc,phases     ] GC(40)   Other: 0.2ms
[2024-08-16T20:52:33.637+0000][gc,heap       ] GC(40) Eden regions: 610->0(610)
[2024-08-16T20:52:33.637+0000][gc,heap       ] GC(40) Survivor regions: 4->4(77)
[2024-08-16T20:52:33.637+0000][gc,heap       ] GC(40) Old regions: 19->19
[2024-08-16T20:52:33.637+0000][gc,heap       ] GC(40) Humongous regions: 129->129
[2024-08-16T20:52:33.637+0000][gc,metaspace  ] GC(40) Metaspace: 45001K(48000K)->45001K(48000K) NonClass: 39289K(40960K)->39289K(40960K) Class: 5711K(7040K)->5711K(7040K)
[2024-08-16T20:52:33.637+0000][gc            ] GC(40) Pause Young (Normal) (G1 Evacuation Pause) 758M->148M(1024M) 3.950ms
[2024-08-16T20:52:33.637+0000][gc,cpu        ] GC(40) User=0.01s Sys=0.00s Real=0.01s
[2024-08-16T22:57:57.075+0000][gc,start      ] GC(41) Pause Young (Normal) (G1 Evacuation Pause)
[2024-08-16T22:57:57.076+0000][gc,task       ] GC(41) Using 4 workers of 4 for evacuation
[2024-08-16T22:57:57.079+0000][gc,phases     ] GC(41)   Pre Evacuate Collection Set: 0.0ms
[2024-08-16T22:57:57.079+0000][gc,phases     ] GC(41)   Evacuate Collection Set: 2.6ms
[2024-08-16T22:57:57.079+0000][gc,phases     ] GC(41)   Post Evacuate Collection Set: 0.3ms
[2024-08-16T22:57:57.079+0000][gc,phases     ] GC(41)   Other: 0.1ms
[2024-08-16T22:57:57.079+0000][gc,heap       ] GC(41) Eden regions: 610->0(610)
[2024-08-16T22:57:57.079+0000][gc,heap       ] GC(41) Survivor regions: 4->4(77)
[2024-08-16T22:57:57.079+0000][gc,heap       ] GC(41) Old regions: 19->19
[2024-08-16T22:57:57.079+0000][gc,heap       ] GC(41) Humongous regions: 129->129
[2024-08-16T22:57:57.079+0000][gc,metaspace  ] GC(41) Metaspace: 45003K(48000K)->45003K(48000K) NonClass: 39291K(40960K)->39291K(40960K) Class: 5711K(7040K)->5711K(7040K)
[2024-08-16T22:57:57.079+0000][gc            ] GC(41) Pause Young (Normal) (G1 Evacuation Pause) 758M->149M(1024M) 3.104ms
[2024-08-16T22:57:57.079+0000][gc,cpu        ] GC(41) User=0.01s Sys=0.00s Real=0.01s
[2024-08-17T01:03:13.772+0000][gc,start      ] GC(42) Pause Young (Normal) (G1 Evacuation Pause)
[2024-08-17T01:03:13.772+0000][gc,task       ] GC(42) Using 4 workers of 4 for evacuation
[2024-08-17T01:03:13.775+0000][gc,phases     ] GC(42)   Pre Evacuate Collection Set: 0.0ms
[2024-08-17T01:03:13.775+0000][gc,phases     ] GC(42)   Evacuate Collection Set: 2.5ms
[2024-08-17T01:03:13.775+0000][gc,phases     ] GC(42)   Post Evacuate Collection Set: 0.4ms
[2024-08-17T01:03:13.775+0000][gc,phases     ] GC(42)   Other: 0.2ms
[2024-08-17T01:03:13.775+0000][gc,heap       ] GC(42) Eden regions: 610->0(610)
[2024-08-17T01:03:13.775+0000][gc,heap       ] GC(42) Survivor regions: 4->4(77)
[2024-08-17T01:03:13.775+0000][gc,heap       ] GC(42) Old regions: 19->19
[2024-08-17T01:03:13.775+0000][gc,heap       ] GC(42) Humongous regions: 129->129
[2024-08-17T01:03:13.775+0000][gc,metaspace  ] GC(42) Metaspace: 45003K(48000K)->45003K(48000K) NonClass: 39291K(40960K)->39291K(40960K) Class: 5711K(7040K)->5711K(7040K)
[2024-08-17T01:03:13.775+0000][gc            ] GC(42) Pause Young (Normal) (G1 Evacuation Pause) 759M->149M(1024M) 3.147ms
[2024-08-17T01:03:13.775+0000][gc,cpu        ] GC(42) User=0.01s Sys=0.00s Real=0.00s
[2024-08-17T03:08:39.905+0000][gc,start      ] GC(43) Pause Young (Normal) (G1 Evacuation Pause)
[2024-08-17T03:08:39.905+0000][gc,task       ] GC(43) Using 4 workers of 4 for evacuation
[2024-08-17T03:08:39.909+0000][gc,phases     ] GC(43)   Pre Evacuate Collection Set: 0.0ms
[2024-08-17T03:08:39.909+0000][gc,phases     ] GC(43)   Evacuate Collection Set: 3.3ms
[2024-08-17T03:08:39.909+0000][gc,phases     ] GC(43)   Post Evacuate Collection Set: 0.5ms
[2024-08-17T03:08:39.909+0000][gc,phases     ] GC(43)   Other: 0.2ms
[2024-08-17T03:08:39.909+0000][gc,heap       ] GC(43) Eden regions: 610->0(611)
[2024-08-17T03:08:39.909+0000][gc,heap       ] GC(43) Survivor regions: 4->3(77)
[2024-08-17T03:08:39.909+0000][gc,heap       ] GC(43) Old regions: 19->19
[2024-08-17T03:08:39.909+0000][gc,heap       ] GC(43) Humongous regions: 129->129
[2024-08-17T03:08:39.909+0000][gc,metaspace  ] GC(43) Metaspace: 45003K(48000K)->45003K(48000K) NonClass: 39291K(40960K)->39291K(40960K) Class: 5711K(7040K)->5711K(7040K)
[2024-08-17T03:08:39.909+0000][gc            ] GC(43) Pause Young (Normal) (G1 Evacuation Pause) 759M->149M(1024M) 4.062ms
[2024-08-17T03:08:39.909+0000][gc,cpu        ] GC(43) User=0.01s Sys=0.00s Real=0.01s
[2024-08-17T05:13:46.367+0000][gc,start      ] GC(44) Pause Young (Normal) (G1 Evacuation Pause)
[2024-08-17T05:13:46.368+0000][gc,task       ] GC(44) Using 4 workers of 4 for evacuation
[2024-08-17T05:13:46.370+0000][gc,phases     ] GC(44)   Pre Evacuate Collection Set: 0.0ms
[2024-08-17T05:13:46.370+0000][gc,phases     ] GC(44)   Evacuate Collection Set: 2.3ms
[2024-08-17T05:13:46.370+0000][gc,phases     ] GC(44)   Post Evacuate Collection Set: 0.5ms
[2024-08-17T05:13:46.371+0000][gc,phases     ] GC(44)   Other: 0.3ms
[2024-08-17T05:13:46.371+0000][gc,heap       ] GC(44) Eden regions: 611->0(611)
[2024-08-17T05:13:46.371+0000][gc,heap       ] GC(44) Survivor regions: 3->3(77)
[2024-08-17T05:13:46.371+0000][gc,heap       ] GC(44) Old regions: 19->19
[2024-08-17T05:13:46.371+0000][gc,heap       ] GC(44) Humongous regions: 129->129
[2024-08-17T05:13:46.371+0000][gc,metaspace  ] GC(44) Metaspace: 45003K(48000K)->45003K(48000K) NonClass: 39291K(40960K)->39291K(40960K) Class: 5711K(7040K)->5711K(7040K)
[2024-08-17T05:13:46.371+0000][gc            ] GC(44) Pause Young (Normal) (G1 Evacuation Pause) 760M->149M(1024M) 3.184ms
[2024-08-17T05:13:46.371+0000][gc,cpu        ] GC(44) User=0.01s Sys=0.00s Real=0.01s
[2024-08-17T07:19:05.396+0000][gc,start      ] GC(45) Pause Young (Normal) (G1 Evacuation Pause)
[2024-08-17T07:19:05.396+0000][gc,task       ] GC(45) Using 4 workers of 4 for evacuation
[2024-08-17T07:19:05.400+0000][gc,phases     ] GC(45)   Pre Evacuate Collection Set: 0.0ms
[2024-08-17T07:19:05.400+0000][gc,phases     ] GC(45)   Evacuate Collection Set: 3.7ms
[2024-08-17T07:19:05.400+0000][gc,phases     ] GC(45)   Post Evacuate Collection Set: 0.4ms
[2024-08-17T07:19:05.400+0000][gc,phases     ] GC(45)   Other: 0.4ms
[2024-08-17T07:19:05.400+0000][gc,heap       ] GC(45) Eden regions: 611->0(611)
[2024-08-17T07:19:05.400+0000][gc,heap       ] GC(45) Survivor regions: 3->3(77)
[2024-08-17T07:19:05.400+0000][gc,heap       ] GC(45) Old regions: 19->19
[2024-08-17T07:19:05.400+0000][gc,heap       ] GC(45) Humongous regions: 129->129
[2024-08-17T07:19:05.400+0000][gc,metaspace  ] GC(45) Metaspace: 45004K(48000K)->45004K(48000K) NonClass: 39293K(40960K)->39293K(40960K) Class: 5711K(7040K)->5711K(7040K)
[2024-08-17T07:19:05.400+0000][gc            ] GC(45) Pause Young (Normal) (G1 Evacuation Pause) 760M->148M(1024M) 4.459ms
[2024-08-17T07:19:05.400+0000][gc,cpu        ] GC(45) User=0.01s Sys=0.00s Real=0.01s
[2024-08-17T09:24:38.200+0000][gc,start      ] GC(46) Pause Young (Normal) (G1 Evacuation Pause)
[2024-08-17T09:24:38.200+0000][gc,task       ] GC(46) Using 4 workers of 4 for evacuation
[2024-08-17T09:24:38.203+0000][gc,phases     ] GC(46)   Pre Evacuate Collection Set: 0.0ms
[2024-08-17T09:24:38.203+0000][gc,phases     ] GC(46)   Evacuate Collection Set: 2.6ms
[2024-08-17T09:24:38.203+0000][gc,phases     ] GC(46)   Post Evacuate Collection Set: 0.5ms
[2024-08-17T09:24:38.203+0000][gc,phases     ] GC(46)   Other: 0.2ms
[2024-08-17T09:24:38.203+0000][gc,heap       ] GC(46) Eden regions: 611->0(611)
[2024-08-17T09:24:38.203+0000][gc,heap       ] GC(46) Survivor regions: 3->3(77)
[2024-08-17T09:24:38.203+0000][gc,heap       ] GC(46) Old regions: 19->19
[2024-08-17T09:24:38.203+0000][gc,heap       ] GC(46) Humongous regions: 129->129
[2024-08-17T09:24:38.203+0000][gc,metaspace  ] GC(46) Metaspace: 45004K(48000K)->45004K(48000K) NonClass: 39293K(40960K)->39293K(40960K) Class: 5711K(7040K)->5711K(7040K)
[2024-08-17T09:24:38.203+0000][gc            ] GC(46) Pause Young (Normal) (G1 Evacuation Pause) 759M->149M(1024M) 3.452ms
[2024-08-17T09:24:38.203+0000][gc,cpu        ] GC(46) User=0.01s Sys=0.00s Real=0.00s
[2024-08-17T11:30:12.886+0000][gc,start      ] GC(47) Pause Young (Normal) (G1 Evacuation Pause)
[2024-08-17T11:30:12.886+0000][gc,task       ] GC(47) Using 4 workers of 4 for evacuation
[2024-08-17T11:30:12.889+0000][gc,phases     ] GC(47)   Pre Evacuate Collection Set: 0.0ms
[2024-08-17T11:30:12.889+0000][gc,phases     ] GC(47)   Evacuate Collection Set: 2.3ms
[2024-08-17T11:30:12.889+0000][gc,phases     ] GC(47)   Post Evacuate Collection Set: 0.3ms
[2024-08-17T11:30:12.889+0000][gc,phases     ] GC(47)   Other: 0.1ms
[2024-08-17T11:30:12.889+0000][gc,heap       ] GC(47) Eden regions: 611->0(610)
[2024-08-17T11:30:12.889+0000][gc,heap       ] GC(47) Survivor regions: 3->4(77)
[2024-08-17T11:30:12.889+0000][gc,heap       ] GC(47) Old regions: 19->19
[2024-08-17T11:30:12.889+0000][gc,heap       ] GC(47) Humongous regions: 129->129
[2024-08-17T11:30:12.889+0000][gc,metaspace  ] GC(47) Metaspace: 45005K(48000K)->45005K(48000K) NonClass: 39293K(40960K)->39293K(40960K) Class: 5711K(7040K)->5711K(7040K)
[2024-08-17T11:30:12.889+0000][gc            ] GC(47) Pause Young (Normal) (G1 Evacuation Pause) 760M->149M(1024M) 2.897ms
[2024-08-17T11:30:12.889+0000][gc,cpu        ] GC(47) User=0.01s Sys=0.00s Real=0.01s
[2024-08-17T13:35:38.913+0000][gc,start      ] GC(48) Pause Young (Normal) (G1 Evacuation Pause)
[2024-08-17T13:35:38.913+0000][gc,task       ] GC(48) Using 4 workers of 4 for evacuation
[2024-08-17T13:35:38.917+0000][gc,phases     ] GC(48)   Pre Evacuate Collection Set: 0.0ms
[2024-08-17T13:35:38.917+0000][gc,phases     ] GC(48)   Evacuate Collection Set: 2.7ms
[2024-08-17T13:35:38.917+0000][gc,phases     ] GC(48)   Post Evacuate Collection Set: 0.4ms
[2024-08-17T13:35:38.917+0000][gc,phases     ] GC(48)   Other: 0.2ms
[2024-08-17T13:35:38.917+0000][gc,heap       ] GC(48) Eden regions: 610->0(610)
[2024-08-17T13:35:38.917+0000][gc,heap       ] GC(48) Survivor regions: 4->4(77)
[2024-08-17T13:35:38.917+0000][gc,heap       ] GC(48) Old regions: 19->19
[2024-08-17T13:35:38.917+0000][gc,heap       ] GC(48) Humongous regions: 129->129
[2024-08-17T13:35:38.917+0000][gc,metaspace  ] GC(48) Metaspace: 45005K(48000K)->45005K(48000K) NonClass: 39293K(40960K)->39293K(40960K) Class: 5711K(7040K)->5711K(7040K)
[2024-08-17T13:35:38.917+0000][gc            ] GC(48) Pause Young (Normal) (G1 Evacuation Pause) 759M->149M(1024M) 3.322ms
[2024-08-17T13:35:38.917+0000][gc,cpu        ] GC(48) User=0.01s Sys=0.00s Real=0.01s
[2024-08-17T15:40:47.447+0000][gc,start      ] GC(49) Pause Young (Normal) (G1 Evacuation Pause)
[2024-08-17T15:40:47.447+0000][gc,task       ] GC(49) Using 4 workers of 4 for evacuation
[2024-08-17T15:40:47.450+0000][gc,phases     ] GC(49)   Pre Evacuate Collection Set: 0.0ms
[2024-08-17T15:40:47.450+0000][gc,phases     ] GC(49)   Evacuate Collection Set: 2.6ms
[2024-08-17T15:40:47.450+0000][gc,phases     ] GC(49)   Post Evacuate Collection Set: 0.4ms
[2024-08-17T15:40:47.450+0000][gc,phases     ] GC(49)   Other: 0.2ms
[2024-08-17T15:40:47.450+0000][gc,heap       ] GC(49) Eden regions: 610->0(610)
[2024-08-17T15:40:47.450+0000][gc,heap       ] GC(49) Survivor regions: 4->4(77)
[2024-08-17T15:40:47.450+0000][gc,heap       ] GC(49) Old regions: 19->19
[2024-08-17T15:40:47.450+0000][gc,heap       ] GC(49) Humongous regions: 129->129
[2024-08-17T15:40:47.450+0000][gc,metaspace  ] GC(49) Metaspace: 45005K(48000K)->45005K(48000K) NonClass: 39293K(40960K)->39293K(40960K) Class: 5711K(7040K)->5711K(7040K)
[2024-08-17T15:40:47.450+0000][gc            ] GC(49) Pause Young (Normal) (G1 Evacuation Pause) 759M->149M(1024M) 3.256ms
[2024-08-17T15:40:47.450+0000][gc,cpu        ] GC(49) User=0.02s Sys=0.00s Real=0.01s
[2024-08-17T17:46:41.098+0000][gc,start      ] GC(50) Pause Young (Normal) (G1 Evacuation Pause)
[2024-08-17T17:46:41.098+0000][gc,task       ] GC(50) Using 4 workers of 4 for evacuation
[2024-08-17T17:46:41.101+0000][gc,phases     ] GC(50)   Pre Evacuate Collection Set: 0.0ms
[2024-08-17T17:46:41.101+0000][gc,phases     ] GC(50)   Evacuate Collection Set: 3.0ms
[2024-08-17T17:46:41.101+0000][gc,phases     ] GC(50)   Post Evacuate Collection Set: 0.5ms
[2024-08-17T17:46:41.101+0000][gc,phases     ] GC(50)   Other: 0.2ms
[2024-08-17T17:46:41.101+0000][gc,heap       ] GC(50) Eden regions: 610->0(611)
[2024-08-17T17:46:41.101+0000][gc,heap       ] GC(50) Survivor regions: 4->3(77)
[2024-08-17T17:46:41.101+0000][gc,heap       ] GC(50) Old regions: 19->19
[2024-08-17T17:46:41.101+0000][gc,heap       ] GC(50) Humongous regions: 129->129
[2024-08-17T17:46:41.101+0000][gc,metaspace  ] GC(50) Metaspace: 45010K(48000K)->45010K(48000K) NonClass: 39298K(40960K)->39298K(40960K) Class: 5711K(7040K)->5711K(7040K)
[2024-08-17T17:46:41.101+0000][gc            ] GC(50) Pause Young (Normal) (G1 Evacuation Pause) 759M->148M(1024M) 3.795ms
[2024-08-17T17:46:41.101+0000][gc,cpu        ] GC(50) User=0.01s Sys=0.00s Real=0.00s
[2024-08-17T19:54:37.411+0000][gc,start      ] GC(51) Pause Young (Normal) (G1 Evacuation Pause)
[2024-08-17T19:54:37.411+0000][gc,task       ] GC(51) Using 4 workers of 4 for evacuation
[2024-08-17T19:54:37.414+0000][gc,phases     ] GC(51)   Pre Evacuate Collection Set: 0.0ms
[2024-08-17T19:54:37.414+0000][gc,phases     ] GC(51)   Evacuate Collection Set: 2.2ms
[2024-08-17T19:54:37.414+0000][gc,phases     ] GC(51)   Post Evacuate Collection Set: 0.4ms
[2024-08-17T19:54:37.414+0000][gc,phases     ] GC(51)   Other: 0.2ms
[2024-08-17T19:54:37.414+0000][gc,heap       ] GC(51) Eden regions: 611->0(611)
[2024-08-17T19:54:37.414+0000][gc,heap       ] GC(51) Survivor regions: 3->3(77)
[2024-08-17T19:54:37.414+0000][gc,heap       ] GC(51) Old regions: 19->19
[2024-08-17T19:54:37.414+0000][gc,heap       ] GC(51) Humongous regions: 129->129
[2024-08-17T19:54:37.414+0000][gc,metaspace  ] GC(51) Metaspace: 45010K(48000K)->45010K(48000K) NonClass: 39298K(40960K)->39298K(40960K) Class: 5711K(7040K)->5711K(7040K)
[2024-08-17T19:54:37.414+0000][gc            ] GC(51) Pause Young (Normal) (G1 Evacuation Pause) 759M->148M(1024M) 2.816ms
[2024-08-17T19:54:37.414+0000][gc,cpu        ] GC(51) User=0.01s Sys=0.00s Real=0.00s
[2024-08-17T22:02:12.941+0000][gc,start      ] GC(52) Pause Young (Normal) (G1 Evacuation Pause)
[2024-08-17T22:02:12.941+0000][gc,task       ] GC(52) Using 4 workers of 4 for evacuation
[2024-08-17T22:02:12.943+0000][gc,phases     ] GC(52)   Pre Evacuate Collection Set: 0.0ms
[2024-08-17T22:02:12.943+0000][gc,phases     ] GC(52)   Evacuate Collection Set: 2.1ms
[2024-08-17T22:02:12.943+0000][gc,phases     ] GC(52)   Post Evacuate Collection Set: 0.4ms
[2024-08-17T22:02:12.943+0000][gc,phases     ] GC(52)   Other: 0.2ms
[2024-08-17T22:02:12.943+0000][gc,heap       ] GC(52) Eden regions: 611->0(611)
[2024-08-17T22:02:12.943+0000][gc,heap       ] GC(52) Survivor regions: 3->3(77)
[2024-08-17T22:02:12.943+0000][gc,heap       ] GC(52) Old regions: 19->19
[2024-08-17T22:02:12.943+0000][gc,heap       ] GC(52) Humongous regions: 129->129
[2024-08-17T22:02:12.943+0000][gc,metaspace  ] GC(52) Metaspace: 45010K(48000K)->45010K(48000K) NonClass: 39298K(40960K)->39298K(40960K) Class: 5711K(7040K)->5711K(7040K)
[2024-08-17T22:02:12.943+0000][gc            ] GC(52) Pause Young (Normal) (G1 Evacuation Pause) 759M->149M(1024M) 2.724ms
[2024-08-17T22:02:12.943+0000][gc,cpu        ] GC(52) User=0.01s Sys=0.00s Real=0.00s
[2024-08-18T00:09:52.625+0000][gc,start      ] GC(53) Pause Young (Normal) (G1 Evacuation Pause)
[2024-08-18T00:09:52.625+0000][gc,task       ] GC(53) Using 4 workers of 4 for evacuation
[2024-08-18T00:09:52.629+0000][gc,phases     ] GC(53)   Pre Evacuate Collection Set: 0.0ms
[2024-08-18T00:09:52.629+0000][gc,phases     ] GC(53)   Evacuate Collection Set: 3.6ms
[2024-08-18T00:09:52.629+0000][gc,phases     ] GC(53)   Post Evacuate Collection Set: 0.4ms
[2024-08-18T00:09:52.629+0000][gc,phases     ] GC(53)   Other: 0.2ms
[2024-08-18T00:09:52.629+0000][gc,heap       ] GC(53) Eden regions: 611->0(610)
[2024-08-18T00:09:52.629+0000][gc,heap       ] GC(53) Survivor regions: 3->4(77)
[2024-08-18T00:09:52.629+0000][gc,heap       ] GC(53) Old regions: 19->19
[2024-08-18T00:09:52.629+0000][gc,heap       ] GC(53) Humongous regions: 129->129
[2024-08-18T00:09:52.629+0000][gc,metaspace  ] GC(53) Metaspace: 45010K(48000K)->45010K(48000K) NonClass: 39298K(40960K)->39298K(40960K) Class: 5711K(7040K)->5711K(7040K)
[2024-08-18T00:09:52.629+0000][gc            ] GC(53) Pause Young (Normal) (G1 Evacuation Pause) 760M->149M(1024M) 4.174ms
[2024-08-18T00:09:52.629+0000][gc,cpu        ] GC(53) User=0.01s Sys=0.00s Real=0.01s
[2024-08-18T02:16:45.140+0000][gc,start      ] GC(54) Pause Young (Normal) (G1 Evacuation Pause)
[2024-08-18T02:16:45.140+0000][gc,task       ] GC(54) Using 4 workers of 4 for evacuation
[2024-08-18T02:16:45.143+0000][gc,phases     ] GC(54)   Pre Evacuate Collection Set: 0.0ms
[2024-08-18T02:16:45.143+0000][gc,phases     ] GC(54)   Evacuate Collection Set: 2.7ms
[2024-08-18T02:16:45.143+0000][gc,phases     ] GC(54)   Post Evacuate Collection Set: 0.3ms
[2024-08-18T02:16:45.143+0000][gc,phases     ] GC(54)   Other: 0.2ms
[2024-08-18T02:16:45.143+0000][gc,heap       ] GC(54) Eden regions: 610->0(611)
[2024-08-18T02:16:45.143+0000][gc,heap       ] GC(54) Survivor regions: 4->3(77)
[2024-08-18T02:16:45.143+0000][gc,heap       ] GC(54) Old regions: 19->19
[2024-08-18T02:16:45.143+0000][gc,heap       ] GC(54) Humongous regions: 129->129
[2024-08-18T02:16:45.143+0000][gc,metaspace  ] GC(54) Metaspace: 45010K(48000K)->45010K(48000K) NonClass: 39298K(40960K)->39298K(40960K) Class: 5711K(7040K)->5711K(7040K)
[2024-08-18T02:16:45.143+0000][gc            ] GC(54) Pause Young (Normal) (G1 Evacuation Pause) 759M->148M(1024M) 3.205ms
[2024-08-18T02:16:45.143+0000][gc,cpu        ] GC(54) User=0.00s Sys=0.00s Real=0.00s
[2024-08-18T04:24:23.814+0000][gc,start      ] GC(55) Pause Young (Normal) (G1 Evacuation Pause)
[2024-08-18T04:24:23.814+0000][gc,task       ] GC(55) Using 4 workers of 4 for evacuation
[2024-08-18T04:24:23.817+0000][gc,phases     ] GC(55)   Pre Evacuate Collection Set: 0.0ms
[2024-08-18T04:24:23.817+0000][gc,phases     ] GC(55)   Evacuate Collection Set: 2.7ms
[2024-08-18T04:24:23.817+0000][gc,phases     ] GC(55)   Post Evacuate Collection Set: 0.3ms
[2024-08-18T04:24:23.817+0000][gc,phases     ] GC(55)   Other: 0.2ms
[2024-08-18T04:24:23.817+0000][gc,heap       ] GC(55) Eden regions: 611->0(611)
[2024-08-18T04:24:23.817+0000][gc,heap       ] GC(55) Survivor regions: 3->3(77)
[2024-08-18T04:24:23.817+0000][gc,heap       ] GC(55) Old regions: 19->19
[2024-08-18T04:24:23.817+0000][gc,heap       ] GC(55) Humongous regions: 129->129
[2024-08-18T04:24:23.817+0000][gc,metaspace  ] GC(55) Metaspace: 45010K(48000K)->45010K(48000K) NonClass: 39298K(40960K)->39298K(40960K) Class: 5711K(7040K)->5711K(7040K)
[2024-08-18T04:24:23.817+0000][gc            ] GC(55) Pause Young (Normal) (G1 Evacuation Pause) 759M->148M(1024M) 3.322ms
[2024-08-18T04:24:23.817+0000][gc,cpu        ] GC(55) User=0.01s Sys=0.00s Real=0.01s
[2024-08-18T06:32:14.905+0000][gc,start      ] GC(56) Pause Young (Normal) (G1 Evacuation Pause)
[2024-08-18T06:32:14.906+0000][gc,task       ] GC(56) Using 4 workers of 4 for evacuation
[2024-08-18T06:32:14.911+0000][gc,phases     ] GC(56)   Pre Evacuate Collection Set: 0.0ms
[2024-08-18T06:32:14.911+0000][gc,phases     ] GC(56)   Evacuate Collection Set: 4.2ms
[2024-08-18T06:32:14.911+0000][gc,phases     ] GC(56)   Post Evacuate Collection Set: 0.6ms
[2024-08-18T06:32:14.911+0000][gc,phases     ] GC(56)   Other: 0.8ms
[2024-08-18T06:32:14.911+0000][gc,heap       ] GC(56) Eden regions: 611->0(610)
[2024-08-18T06:32:14.911+0000][gc,heap       ] GC(56) Survivor regions: 3->4(77)
[2024-08-18T06:32:14.911+0000][gc,heap       ] GC(56) Old regions: 19->19
[2024-08-18T06:32:14.911+0000][gc,heap       ] GC(56) Humongous regions: 129->129
[2024-08-18T06:32:14.911+0000][gc,metaspace  ] GC(56) Metaspace: 45010K(48000K)->45010K(48000K) NonClass: 39298K(40960K)->39298K(40960K) Class: 5711K(7040K)->5711K(7040K)
[2024-08-18T06:32:14.911+0000][gc            ] GC(56) Pause Young (Normal) (G1 Evacuation Pause) 759M->149M(1024M) 5.772ms
[2024-08-18T06:32:14.911+0000][gc,cpu        ] GC(56) User=0.02s Sys=0.00s Real=0.01s
[2024-08-18T08:39:39.905+0000][gc,start      ] GC(57) Pause Young (Normal) (G1 Evacuation Pause)
[2024-08-18T08:39:39.905+0000][gc,task       ] GC(57) Using 4 workers of 4 for evacuation
[2024-08-18T08:39:39.908+0000][gc,phases     ] GC(57)   Pre Evacuate Collection Set: 0.0ms
[2024-08-18T08:39:39.908+0000][gc,phases     ] GC(57)   Evacuate Collection Set: 2.5ms
[2024-08-18T08:39:39.908+0000][gc,phases     ] GC(57)   Post Evacuate Collection Set: 0.4ms
[2024-08-18T08:39:39.908+0000][gc,phases     ] GC(57)   Other: 0.2ms
[2024-08-18T08:39:39.908+0000][gc,heap       ] GC(57) Eden regions: 610->0(611)
[2024-08-18T08:39:39.908+0000][gc,heap       ] GC(57) Survivor regions: 4->3(77)
[2024-08-18T08:39:39.908+0000][gc,heap       ] GC(57) Old regions: 19->19
[2024-08-18T08:39:39.908+0000][gc,heap       ] GC(57) Humongous regions: 129->129
[2024-08-18T08:39:39.908+0000][gc,metaspace  ] GC(57) Metaspace: 45014K(48000K)->45014K(48000K) NonClass: 39302K(40960K)->39302K(40960K) Class: 5711K(7040K)->5711K(7040K)
[2024-08-18T08:39:39.908+0000][gc            ] GC(57) Pause Young (Normal) (G1 Evacuation Pause) 759M->148M(1024M) 3.195ms
[2024-08-18T08:39:39.908+0000][gc,cpu        ] GC(57) User=0.00s Sys=0.01s Real=0.00s
[2024-08-18T10:47:30.062+0000][gc,start      ] GC(58) Pause Young (Normal) (G1 Evacuation Pause)
[2024-08-18T10:47:30.062+0000][gc,task       ] GC(58) Using 4 workers of 4 for evacuation
[2024-08-18T10:47:30.066+0000][gc,phases     ] GC(58)   Pre Evacuate Collection Set: 0.0ms
[2024-08-18T10:47:30.066+0000][gc,phases     ] GC(58)   Evacuate Collection Set: 3.1ms
[2024-08-18T10:47:30.066+0000][gc,phases     ] GC(58)   Post Evacuate Collection Set: 0.5ms
[2024-08-18T10:47:30.066+0000][gc,phases     ] GC(58)   Other: 0.2ms
[2024-08-18T10:47:30.066+0000][gc,heap       ] GC(58) Eden regions: 611->0(610)
[2024-08-18T10:47:30.066+0000][gc,heap       ] GC(58) Survivor regions: 3->4(77)
[2024-08-18T10:47:30.066+0000][gc,heap       ] GC(58) Old regions: 19->19
[2024-08-18T10:47:30.066+0000][gc,heap       ] GC(58) Humongous regions: 129->129
[2024-08-18T10:47:30.066+0000][gc,metaspace  ] GC(58) Metaspace: 45014K(48000K)->45014K(48000K) NonClass: 39302K(40960K)->39302K(40960K) Class: 5711K(7040K)->5711K(7040K)
[2024-08-18T10:47:30.066+0000][gc            ] GC(58) Pause Young (Normal) (G1 Evacuation Pause) 759M->149M(1024M) 3.859ms
[2024-08-18T10:47:30.066+0000][gc,cpu        ] GC(58) User=0.01s Sys=0.00s Real=0.00s
[2024-08-18T12:55:14.405+0000][gc,start      ] GC(59) Pause Young (Normal) (G1 Evacuation Pause)
[2024-08-18T12:55:14.406+0000][gc,task       ] GC(59) Using 4 workers of 4 for evacuation
[2024-08-18T12:55:14.409+0000][gc,phases     ] GC(59)   Pre Evacuate Collection Set: 0.0ms
[2024-08-18T12:55:14.409+0000][gc,phases     ] GC(59)   Evacuate Collection Set: 2.4ms
[2024-08-18T12:55:14.409+0000][gc,phases     ] GC(59)   Post Evacuate Collection Set: 0.4ms
[2024-08-18T12:55:14.409+0000][gc,phases     ] GC(59)   Other: 0.2ms
[2024-08-18T12:55:14.409+0000][gc,heap       ] GC(59) Eden regions: 610->0(611)
[2024-08-18T12:55:14.409+0000][gc,heap       ] GC(59) Survivor regions: 4->3(77)
[2024-08-18T12:55:14.409+0000][gc,heap       ] GC(59) Old regions: 19->19
[2024-08-18T12:55:14.409+0000][gc,heap       ] GC(59) Humongous regions: 129->129
[2024-08-18T12:55:14.409+0000][gc,metaspace  ] GC(59) Metaspace: 45014K(48000K)->45014K(48000K) NonClass: 39302K(40960K)->39302K(40960K) Class: 5711K(7040K)->5711K(7040K)
[2024-08-18T12:55:14.409+0000][gc            ] GC(59) Pause Young (Normal) (G1 Evacuation Pause) 759M->148M(1024M) 3.089ms
[2024-08-18T12:55:14.409+0000][gc,cpu        ] GC(59) User=0.01s Sys=0.00s Real=0.01s
[2024-08-18T15:02:48.913+0000][gc,start      ] GC(60) Pause Young (Normal) (G1 Evacuation Pause)
[2024-08-18T15:02:48.914+0000][gc,task       ] GC(60) Using 4 workers of 4 for evacuation
[2024-08-18T15:02:48.917+0000][gc,phases     ] GC(60)   Pre Evacuate Collection Set: 0.0ms
[2024-08-18T15:02:48.917+0000][gc,phases     ] GC(60)   Evacuate Collection Set: 2.5ms
[2024-08-18T15:02:48.917+0000][gc,phases     ] GC(60)   Post Evacuate Collection Set: 0.4ms
[2024-08-18T15:02:48.917+0000][gc,phases     ] GC(60)   Other: 0.2ms
[2024-08-18T15:02:48.917+0000][gc,heap       ] GC(60) Eden regions: 611->0(610)
[2024-08-18T15:02:48.917+0000][gc,heap       ] GC(60) Survivor regions: 3->4(77)
[2024-08-18T15:02:48.917+0000][gc,heap       ] GC(60) Old regions: 19->19
[2024-08-18T15:02:48.917+0000][gc,heap       ] GC(60) Humongous regions: 129->129
[2024-08-18T15:02:48.917+0000][gc,metaspace  ] GC(60) Metaspace: 45014K(48000K)->45014K(48000K) NonClass: 39302K(40960K)->39302K(40960K) Class: 5711K(7040K)->5711K(7040K)
[2024-08-18T15:02:48.917+0000][gc            ] GC(60) Pause Young (Normal) (G1 Evacuation Pause) 759M->149M(1024M) 3.176ms
[2024-08-18T15:02:48.917+0000][gc,cpu        ] GC(60) User=0.01s Sys=0.00s Real=0.01s
[2024-08-18T17:10:32.521+0000][gc,start      ] GC(61) Pause Young (Normal) (G1 Evacuation Pause)
[2024-08-18T17:10:32.522+0000][gc,task       ] GC(61) Using 4 workers of 4 for evacuation
[2024-08-18T17:10:32.524+0000][gc,phases     ] GC(61)   Pre Evacuate Collection Set: 0.0ms
[2024-08-18T17:10:32.524+0000][gc,phases     ] GC(61)   Evacuate Collection Set: 2.3ms
[2024-08-18T17:10:32.524+0000][gc,phases     ] GC(61)   Post Evacuate Collection Set: 0.4ms
[2024-08-18T17:10:32.524+0000][gc,phases     ] GC(61)   Other: 0.2ms
[2024-08-18T17:10:32.524+0000][gc,heap       ] GC(61) Eden regions: 610->0(611)
[2024-08-18T17:10:32.524+0000][gc,heap       ] GC(61) Survivor regions: 4->3(77)
[2024-08-18T17:10:32.524+0000][gc,heap       ] GC(61) Old regions: 19->19
[2024-08-18T17:10:32.524+0000][gc,heap       ] GC(61) Humongous regions: 129->129
[2024-08-18T17:10:32.524+0000][gc,metaspace  ] GC(61) Metaspace: 45014K(48000K)->45014K(48000K) NonClass: 39302K(40960K)->39302K(40960K) Class: 5711K(7040K)->5711K(7040K)
[2024-08-18T17:10:32.524+0000][gc            ] GC(61) Pause Young (Normal) (G1 Evacuation Pause) 759M->148M(1024M) 2.868ms
[2024-08-18T17:10:32.524+0000][gc,cpu        ] GC(61) User=0.01s Sys=0.00s Real=0.00s
[2024-08-18T19:17:43.281+0000][gc,start      ] GC(62) Pause Young (Normal) (G1 Evacuation Pause)
[2024-08-18T19:17:43.281+0000][gc,task       ] GC(62) Using 4 workers of 4 for evacuation
[2024-08-18T19:17:43.284+0000][gc,phases     ] GC(62)   Pre Evacuate Collection Set: 0.0ms
[2024-08-18T19:17:43.284+0000][gc,phases     ] GC(62)   Evacuate Collection Set: 3.2ms
[2024-08-18T19:17:43.284+0000][gc,phases     ] GC(62)   Post Evacuate Collection Set: 0.4ms
[2024-08-18T19:17:43.284+0000][gc,phases     ] GC(62)   Other: 0.2ms
[2024-08-18T19:17:43.284+0000][gc,heap       ] GC(62) Eden regions: 611->0(611)
[2024-08-18T19:17:43.284+0000][gc,heap       ] GC(62) Survivor regions: 3->3(77)
[2024-08-18T19:17:43.284+0000][gc,heap       ] GC(62) Old regions: 19->19
[2024-08-18T19:17:43.284+0000][gc,heap       ] GC(62) Humongous regions: 129->129
[2024-08-18T19:17:43.284+0000][gc,metaspace  ] GC(62) Metaspace: 45014K(48000K)->45014K(48000K) NonClass: 39302K(40960K)->39302K(40960K) Class: 5711K(7040K)->5711K(7040K)
[2024-08-18T19:17:43.285+0000][gc            ] GC(62) Pause Young (Normal) (G1 Evacuation Pause) 759M->148M(1024M) 3.893ms
[2024-08-18T19:17:43.285+0000][gc,cpu        ] GC(62) User=0.00s Sys=0.00s Real=0.00s
[2024-08-18T21:25:25.183+0000][gc,start      ] GC(63) Pause Young (Normal) (G1 Evacuation Pause)
[2024-08-18T21:25:25.183+0000][gc,task       ] GC(63) Using 4 workers of 4 for evacuation
[2024-08-18T21:25:25.187+0000][gc,phases     ] GC(63)   Pre Evacuate Collection Set: 0.0ms
[2024-08-18T21:25:25.187+0000][gc,phases     ] GC(63)   Evacuate Collection Set: 2.7ms
[2024-08-18T21:25:25.187+0000][gc,phases     ] GC(63)   Post Evacuate Collection Set: 0.3ms
[2024-08-18T21:25:25.187+0000][gc,phases     ] GC(63)   Other: 0.1ms
[2024-08-18T21:25:25.187+0000][gc,heap       ] GC(63) Eden regions: 611->0(610)
[2024-08-18T21:25:25.187+0000][gc,heap       ] GC(63) Survivor regions: 3->4(77)
[2024-08-18T21:25:25.187+0000][gc,heap       ] GC(63) Old regions: 19->19
[2024-08-18T21:25:25.187+0000][gc,heap       ] GC(63) Humongous regions: 129->129
[2024-08-18T21:25:25.187+0000][gc,metaspace  ] GC(63) Metaspace: 45014K(48000K)->45014K(48000K) NonClass: 39302K(40960K)->39302K(40960K) Class: 5711K(7040K)->5711K(7040K)
[2024-08-18T21:25:25.187+0000][gc            ] GC(63) Pause Young (Normal) (G1 Evacuation Pause) 759M->149M(1024M) 3.233ms
[2024-08-18T21:25:25.187+0000][gc,cpu        ] GC(63) User=0.01s Sys=0.00s Real=0.00s
[2024-08-18T23:32:55.675+0000][gc,start      ] GC(64) Pause Young (Normal) (G1 Evacuation Pause)
[2024-08-18T23:32:55.675+0000][gc,task       ] GC(64) Using 4 workers of 4 for evacuation
[2024-08-18T23:32:55.677+0000][gc,phases     ] GC(64)   Pre Evacuate Collection Set: 0.0ms
[2024-08-18T23:32:55.677+0000][gc,phases     ] GC(64)   Evacuate Collection Set: 1.9ms
[2024-08-18T23:32:55.677+0000][gc,phases     ] GC(64)   Post Evacuate Collection Set: 0.3ms
[2024-08-18T23:32:55.677+0000][gc,phases     ] GC(64)   Other: 0.1ms
[2024-08-18T23:32:55.677+0000][gc,heap       ] GC(64) Eden regions: 610->0(611)
[2024-08-18T23:32:55.677+0000][gc,heap       ] GC(64) Survivor regions: 4->3(77)
[2024-08-18T23:32:55.677+0000][gc,heap       ] GC(64) Old regions: 19->19
[2024-08-18T23:32:55.677+0000][gc,heap       ] GC(64) Humongous regions: 129->129
[2024-08-18T23:32:55.677+0000][gc,metaspace  ] GC(64) Metaspace: 45015K(48000K)->45015K(48000K) NonClass: 39303K(40960K)->39303K(40960K) Class: 5711K(7040K)->5711K(7040K)
[2024-08-18T23:32:55.677+0000][gc            ] GC(64) Pause Young (Normal) (G1 Evacuation Pause) 759M->148M(1024M) 2.449ms
[2024-08-18T23:32:55.677+0000][gc,cpu        ] GC(64) User=0.01s Sys=0.00s Real=0.01s
[2024-08-19T01:40:38.991+0000][gc,start      ] GC(65) Pause Young (Normal) (G1 Evacuation Pause)
[2024-08-19T01:40:38.991+0000][gc,task       ] GC(65) Using 4 workers of 4 for evacuation
[2024-08-19T01:40:38.994+0000][gc,phases     ] GC(65)   Pre Evacuate Collection Set: 0.0ms
[2024-08-19T01:40:38.994+0000][gc,phases     ] GC(65)   Evacuate Collection Set: 2.6ms
[2024-08-19T01:40:38.994+0000][gc,phases     ] GC(65)   Post Evacuate Collection Set: 0.4ms
[2024-08-19T01:40:38.994+0000][gc,phases     ] GC(65)   Other: 0.2ms
[2024-08-19T01:40:38.994+0000][gc,heap       ] GC(65) Eden regions: 611->0(611)
[2024-08-19T01:40:38.994+0000][gc,heap       ] GC(65) Survivor regions: 3->3(77)
[2024-08-19T01:40:38.994+0000][gc,heap       ] GC(65) Old regions: 19->19
[2024-08-19T01:40:38.994+0000][gc,heap       ] GC(65) Humongous regions: 129->129
[2024-08-19T01:40:38.994+0000][gc,metaspace  ] GC(65) Metaspace: 45015K(48000K)->45015K(48000K) NonClass: 39303K(40960K)->39303K(40960K) Class: 5711K(7040K)->5711K(7040K)
[2024-08-19T01:40:38.994+0000][gc            ] GC(65) Pause Young (Normal) (G1 Evacuation Pause) 759M->149M(1024M) 3.229ms
[2024-08-19T01:40:38.994+0000][gc,cpu        ] GC(65) User=0.01s Sys=0.00s Real=0.00s
[2024-08-19T03:48:19.826+0000][gc,start      ] GC(66) Pause Young (Normal) (G1 Evacuation Pause)
[2024-08-19T03:48:19.826+0000][gc,task       ] GC(66) Using 4 workers of 4 for evacuation
[2024-08-19T03:48:19.829+0000][gc,phases     ] GC(66)   Pre Evacuate Collection Set: 0.0ms
[2024-08-19T03:48:19.829+0000][gc,phases     ] GC(66)   Evacuate Collection Set: 2.6ms
[2024-08-19T03:48:19.829+0000][gc,phases     ] GC(66)   Post Evacuate Collection Set: 0.4ms
[2024-08-19T03:48:19.829+0000][gc,phases     ] GC(66)   Other: 0.2ms
[2024-08-19T03:48:19.829+0000][gc,heap       ] GC(66) Eden regions: 611->0(611)
[2024-08-19T03:48:19.829+0000][gc,heap       ] GC(66) Survivor regions: 3->3(77)
[2024-08-19T03:48:19.829+0000][gc,heap       ] GC(66) Old regions: 19->19
[2024-08-19T03:48:19.829+0000][gc,heap       ] GC(66) Humongous regions: 129->129
[2024-08-19T03:48:19.829+0000][gc,metaspace  ] GC(66) Metaspace: 45015K(48000K)->45015K(48000K) NonClass: 39303K(40960K)->39303K(40960K) Class: 5711K(7040K)->5711K(7040K)
[2024-08-19T03:48:19.829+0000][gc            ] GC(66) Pause Young (Normal) (G1 Evacuation Pause) 760M->148M(1024M) 3.251ms
[2024-08-19T03:48:19.829+0000][gc,cpu        ] GC(66) User=0.01s Sys=0.00s Real=0.01s
[2024-08-19T05:56:08.420+0000][gc,start      ] GC(67) Pause Young (Normal) (G1 Evacuation Pause)
[2024-08-19T05:56:08.420+0000][gc,task       ] GC(67) Using 4 workers of 4 for evacuation
[2024-08-19T05:56:08.423+0000][gc,phases     ] GC(67)   Pre Evacuate Collection Set: 0.0ms
[2024-08-19T05:56:08.423+0000][gc,phases     ] GC(67)   Evacuate Collection Set: 2.7ms
[2024-08-19T05:56:08.423+0000][gc,phases     ] GC(67)   Post Evacuate Collection Set: 0.4ms
[2024-08-19T05:56:08.423+0000][gc,phases     ] GC(67)   Other: 0.2ms
[2024-08-19T05:56:08.423+0000][gc,heap       ] GC(67) Eden regions: 611->0(611)
[2024-08-19T05:56:08.423+0000][gc,heap       ] GC(67) Survivor regions: 3->3(77)
[2024-08-19T05:56:08.423+0000][gc,heap       ] GC(67) Old regions: 19->19
[2024-08-19T05:56:08.423+0000][gc,heap       ] GC(67) Humongous regions: 129->129
[2024-08-19T05:56:08.423+0000][gc,metaspace  ] GC(67) Metaspace: 45015K(48000K)->45015K(48000K) NonClass: 39303K(40960K)->39303K(40960K) Class: 5711K(7040K)->5711K(7040K)
[2024-08-19T05:56:08.423+0000][gc            ] GC(67) Pause Young (Normal) (G1 Evacuation Pause) 759M->149M(1024M) 3.345ms
[2024-08-19T05:56:08.423+0000][gc,cpu        ] GC(67) User=0.01s Sys=0.00s Real=0.00s
[2024-08-19T08:03:55.933+0000][gc,start      ] GC(68) Pause Young (Normal) (G1 Evacuation Pause)
[2024-08-19T08:03:55.933+0000][gc,task       ] GC(68) Using 4 workers of 4 for evacuation
[2024-08-19T08:03:55.936+0000][gc,phases     ] GC(68)   Pre Evacuate Collection Set: 0.0ms
[2024-08-19T08:03:55.936+0000][gc,phases     ] GC(68)   Evacuate Collection Set: 2.6ms
[2024-08-19T08:03:55.936+0000][gc,phases     ] GC(68)   Post Evacuate Collection Set: 0.3ms
[2024-08-19T08:03:55.936+0000][gc,phases     ] GC(68)   Other: 0.2ms
[2024-08-19T08:03:55.936+0000][gc,heap       ] GC(68) Eden regions: 611->0(610)
[2024-08-19T08:03:55.936+0000][gc,heap       ] GC(68) Survivor regions: 3->4(77)
[2024-08-19T08:03:55.936+0000][gc,heap       ] GC(68) Old regions: 19->19
[2024-08-19T08:03:55.936+0000][gc,heap       ] GC(68) Humongous regions: 129->129
[2024-08-19T08:03:55.936+0000][gc,metaspace  ] GC(68) Metaspace: 45017K(48000K)->45017K(48000K) NonClass: 39305K(40960K)->39305K(40960K) Class: 5711K(7040K)->5711K(7040K)
[2024-08-19T08:03:55.936+0000][gc            ] GC(68) Pause Young (Normal) (G1 Evacuation Pause) 760M->149M(1024M) 3.127ms
[2024-08-19T08:03:55.936+0000][gc,cpu        ] GC(68) User=0.01s Sys=0.01s Real=0.01s
[2024-08-19T10:11:25.894+0000][gc,start      ] GC(69) Pause Young (Normal) (G1 Evacuation Pause)
[2024-08-19T10:11:25.894+0000][gc,task       ] GC(69) Using 4 workers of 4 for evacuation
[2024-08-19T10:11:25.897+0000][gc,phases     ] GC(69)   Pre Evacuate Collection Set: 0.0ms
[2024-08-19T10:11:25.897+0000][gc,phases     ] GC(69)   Evacuate Collection Set: 2.3ms
[2024-08-19T10:11:25.897+0000][gc,phases     ] GC(69)   Post Evacuate Collection Set: 0.4ms
[2024-08-19T10:11:25.897+0000][gc,phases     ] GC(69)   Other: 0.2ms
[2024-08-19T10:11:25.897+0000][gc,heap       ] GC(69) Eden regions: 610->0(611)
[2024-08-19T10:11:25.897+0000][gc,heap       ] GC(69) Survivor regions: 4->3(77)
[2024-08-19T10:11:25.897+0000][gc,heap       ] GC(69) Old regions: 19->19
[2024-08-19T10:11:25.897+0000][gc,heap       ] GC(69) Humongous regions: 129->129
[2024-08-19T10:11:25.897+0000][gc,metaspace  ] GC(69) Metaspace: 45018K(48000K)->45018K(48000K) NonClass: 39306K(40960K)->39306K(40960K) Class: 5711K(7040K)->5711K(7040K)
[2024-08-19T10:11:25.897+0000][gc            ] GC(69) Pause Young (Normal) (G1 Evacuation Pause) 759M->148M(1024M) 2.954ms
[2024-08-19T10:11:25.897+0000][gc,cpu        ] GC(69) User=0.01s Sys=0.00s Real=0.01s
[2024-08-19T12:18:35.455+0000][gc,start      ] GC(70) Pause Young (Normal) (G1 Evacuation Pause)
[2024-08-19T12:18:35.455+0000][gc,task       ] GC(70) Using 4 workers of 4 for evacuation
[2024-08-19T12:18:35.458+0000][gc,phases     ] GC(70)   Pre Evacuate Collection Set: 0.0ms
[2024-08-19T12:18:35.458+0000][gc,phases     ] GC(70)   Evacuate Collection Set: 2.6ms
[2024-08-19T12:18:35.458+0000][gc,phases     ] GC(70)   Post Evacuate Collection Set: 0.4ms
[2024-08-19T12:18:35.458+0000][gc,phases     ] GC(70)   Other: 0.2ms
[2024-08-19T12:18:35.458+0000][gc,heap       ] GC(70) Eden regions: 611->0(610)
[2024-08-19T12:18:35.458+0000][gc,heap       ] GC(70) Survivor regions: 3->4(77)
[2024-08-19T12:18:35.458+0000][gc,heap       ] GC(70) Old regions: 19->19
[2024-08-19T12:18:35.458+0000][gc,heap       ] GC(70) Humongous regions: 129->129
[2024-08-19T12:18:35.458+0000][gc,metaspace  ] GC(70) Metaspace: 45018K(48000K)->45018K(48000K) NonClass: 39306K(40960K)->39306K(40960K) Class: 5711K(7040K)->5711K(7040K)
[2024-08-19T12:18:35.458+0000][gc            ] GC(70) Pause Young (Normal) (G1 Evacuation Pause) 759M->149M(1024M) 3.162ms
[2024-08-19T12:18:35.458+0000][gc,cpu        ] GC(70) User=0.01s Sys=0.00s Real=0.01s
[2024-08-19T14:26:06.433+0000][gc,start      ] GC(71) Pause Young (Normal) (G1 Evacuation Pause)
[2024-08-19T14:26:06.434+0000][gc,task       ] GC(71) Using 4 workers of 4 for evacuation
[2024-08-19T14:26:06.439+0000][gc,phases     ] GC(71)   Pre Evacuate Collection Set: 0.0ms
[2024-08-19T14:26:06.439+0000][gc,phases     ] GC(71)   Evacuate Collection Set: 3.6ms
[2024-08-19T14:26:06.439+0000][gc,phases     ] GC(71)   Post Evacuate Collection Set: 0.5ms
[2024-08-19T14:26:06.439+0000][gc,phases     ] GC(71)   Other: 1.4ms
[2024-08-19T14:26:06.439+0000][gc,heap       ] GC(71) Eden regions: 610->0(610)
[2024-08-19T14:26:06.439+0000][gc,heap       ] GC(71) Survivor regions: 4->4(77)
[2024-08-19T14:26:06.439+0000][gc,heap       ] GC(71) Old regions: 19->19
[2024-08-19T14:26:06.439+0000][gc,heap       ] GC(71) Humongous regions: 129->129
[2024-08-19T14:26:06.439+0000][gc,metaspace  ] GC(71) Metaspace: 45019K(48000K)->45019K(48000K) NonClass: 39307K(40960K)->39307K(40960K) Class: 5711K(7040K)->5711K(7040K)
[2024-08-19T14:26:06.439+0000][gc            ] GC(71) Pause Young (Normal) (G1 Evacuation Pause) 759M->149M(1024M) 5.286ms
[2024-08-19T14:26:06.439+0000][gc,cpu        ] GC(71) User=0.02s Sys=0.00s Real=0.01s
[2024-08-19T16:33:32.521+0000][gc,start      ] GC(72) Pause Young (Normal) (G1 Evacuation Pause)
[2024-08-19T16:33:32.522+0000][gc,task       ] GC(72) Using 4 workers of 4 for evacuation
[2024-08-19T16:33:32.525+0000][gc,phases     ] GC(72)   Pre Evacuate Collection Set: 0.0ms
[2024-08-19T16:33:32.525+0000][gc,phases     ] GC(72)   Evacuate Collection Set: 2.4ms
[2024-08-19T16:33:32.525+0000][gc,phases     ] GC(72)   Post Evacuate Collection Set: 0.4ms
[2024-08-19T16:33:32.525+0000][gc,phases     ] GC(72)   Other: 0.7ms
[2024-08-19T16:33:32.525+0000][gc,heap       ] GC(72) Eden regions: 610->0(611)
[2024-08-19T16:33:32.525+0000][gc,heap       ] GC(72) Survivor regions: 4->3(77)
[2024-08-19T16:33:32.525+0000][gc,heap       ] GC(72) Old regions: 19->19
[2024-08-19T16:33:32.525+0000][gc,heap       ] GC(72) Humongous regions: 129->129
[2024-08-19T16:33:32.525+0000][gc,metaspace  ] GC(72) Metaspace: 45020K(48000K)->45020K(48000K) NonClass: 39308K(40960K)->39308K(40960K) Class: 5711K(7040K)->5711K(7040K)
[2024-08-19T16:33:32.525+0000][gc            ] GC(72) Pause Young (Normal) (G1 Evacuation Pause) 759M->149M(1024M) 3.566ms
[2024-08-19T16:33:32.525+0000][gc,cpu        ] GC(72) User=0.01s Sys=0.00s Real=0.00s
[2024-08-19T18:41:17.976+0000][gc,start      ] GC(73) Pause Young (Normal) (G1 Evacuation Pause)
[2024-08-19T18:41:17.976+0000][gc,task       ] GC(73) Using 4 workers of 4 for evacuation
[2024-08-19T18:41:17.979+0000][gc,phases     ] GC(73)   Pre Evacuate Collection Set: 0.0ms
[2024-08-19T18:41:17.979+0000][gc,phases     ] GC(73)   Evacuate Collection Set: 2.8ms
[2024-08-19T18:41:17.979+0000][gc,phases     ] GC(73)   Post Evacuate Collection Set: 0.4ms
[2024-08-19T18:41:17.979+0000][gc,phases     ] GC(73)   Other: 0.2ms
[2024-08-19T18:41:17.979+0000][gc,heap       ] GC(73) Eden regions: 611->0(610)
[2024-08-19T18:41:17.979+0000][gc,heap       ] GC(73) Survivor regions: 3->4(77)
[2024-08-19T18:41:17.979+0000][gc,heap       ] GC(73) Old regions: 19->19
[2024-08-19T18:41:17.979+0000][gc,heap       ] GC(73) Humongous regions: 129->129
[2024-08-19T18:41:17.979+0000][gc,metaspace  ] GC(73) Metaspace: 45020K(48000K)->45020K(48000K) NonClass: 39308K(40960K)->39308K(40960K) Class: 5711K(7040K)->5711K(7040K)
[2024-08-19T18:41:17.979+0000][gc            ] GC(73) Pause Young (Normal) (G1 Evacuation Pause) 760M->149M(1024M) 3.432ms
[2024-08-19T18:41:17.979+0000][gc,cpu        ] GC(73) User=0.01s Sys=0.00s Real=0.01s
[2024-08-19T20:48:39.905+0000][gc,start      ] GC(74) Pause Young (Normal) (G1 Evacuation Pause)
[2024-08-19T20:48:39.905+0000][gc,task       ] GC(74) Using 4 workers of 4 for evacuation
[2024-08-19T20:48:39.908+0000][gc,phases     ] GC(74)   Pre Evacuate Collection Set: 0.0ms
[2024-08-19T20:48:39.908+0000][gc,phases     ] GC(74)   Evacuate Collection Set: 2.3ms
[2024-08-19T20:48:39.908+0000][gc,phases     ] GC(74)   Post Evacuate Collection Set: 0.4ms
[2024-08-19T20:48:39.908+0000][gc,phases     ] GC(74)   Other: 0.2ms
[2024-08-19T20:48:39.908+0000][gc,heap       ] GC(74) Eden regions: 610->0(611)
[2024-08-19T20:48:39.908+0000][gc,heap       ] GC(74) Survivor regions: 4->3(77)
[2024-08-19T20:48:39.908+0000][gc,heap       ] GC(74) Old regions: 19->19
[2024-08-19T20:48:39.908+0000][gc,heap       ] GC(74) Humongous regions: 129->129
[2024-08-19T20:48:39.908+0000][gc,metaspace  ] GC(74) Metaspace: 45020K(48000K)->45020K(48000K) NonClass: 39308K(40960K)->39308K(40960K) Class: 5711K(7040K)->5711K(7040K)
[2024-08-19T20:48:39.908+0000][gc            ] GC(74) Pause Young (Normal) (G1 Evacuation Pause) 759M->148M(1024M) 2.916ms
[2024-08-19T20:48:39.908+0000][gc,cpu        ] GC(74) User=0.01s Sys=0.00s Real=0.00s
[2024-08-19T22:56:29.270+0000][gc,start      ] GC(75) Pause Young (Normal) (G1 Evacuation Pause)
[2024-08-19T22:56:29.270+0000][gc,task       ] GC(75) Using 4 workers of 4 for evacuation
[2024-08-19T22:56:29.274+0000][gc,phases     ] GC(75)   Pre Evacuate Collection Set: 0.0ms
[2024-08-19T22:56:29.274+0000][gc,phases     ] GC(75)   Evacuate Collection Set: 2.9ms
[2024-08-19T22:56:29.274+0000][gc,phases     ] GC(75)   Post Evacuate Collection Set: 0.4ms
[2024-08-19T22:56:29.274+0000][gc,phases     ] GC(75)   Other: 0.2ms
[2024-08-19T22:56:29.274+0000][gc,heap       ] GC(75) Eden regions: 611->0(611)
[2024-08-19T22:56:29.274+0000][gc,heap       ] GC(75) Survivor regions: 3->3(77)
[2024-08-19T22:56:29.274+0000][gc,heap       ] GC(75) Old regions: 19->19
[2024-08-19T22:56:29.274+0000][gc,heap       ] GC(75) Humongous regions: 129->129
[2024-08-19T22:56:29.274+0000][gc,metaspace  ] GC(75) Metaspace: 45020K(48000K)->45020K(48000K) NonClass: 39308K(40960K)->39308K(40960K) Class: 5711K(7040K)->5711K(7040K)
[2024-08-19T22:56:29.274+0000][gc            ] GC(75) Pause Young (Normal) (G1 Evacuation Pause) 759M->149M(1024M) 3.524ms
[2024-08-19T22:56:29.274+0000][gc,cpu        ] GC(75) User=0.01s Sys=0.00s Real=0.00s
[2024-08-20T01:04:16.011+0000][gc,start      ] GC(76) Pause Young (Normal) (G1 Evacuation Pause)
[2024-08-20T01:04:16.012+0000][gc,task       ] GC(76) Using 4 workers of 4 for evacuation
[2024-08-20T01:04:16.015+0000][gc,phases     ] GC(76)   Pre Evacuate Collection Set: 0.0ms
[2024-08-20T01:04:16.015+0000][gc,phases     ] GC(76)   Evacuate Collection Set: 2.3ms
[2024-08-20T01:04:16.015+0000][gc,phases     ] GC(76)   Post Evacuate Collection Set: 0.5ms
[2024-08-20T01:04:16.015+0000][gc,phases     ] GC(76)   Other: 1.1ms
[2024-08-20T01:04:16.015+0000][gc,heap       ] GC(76) Eden regions: 611->0(611)
[2024-08-20T01:04:16.015+0000][gc,heap       ] GC(76) Survivor regions: 3->3(77)
[2024-08-20T01:04:16.015+0000][gc,heap       ] GC(76) Old regions: 19->19
[2024-08-20T01:04:16.015+0000][gc,heap       ] GC(76) Humongous regions: 129->129
[2024-08-20T01:04:16.015+0000][gc,metaspace  ] GC(76) Metaspace: 45021K(48000K)->45021K(48000K) NonClass: 39309K(40960K)->39309K(40960K) Class: 5711K(7040K)->5711K(7040K)
[2024-08-20T01:04:16.015+0000][gc            ] GC(76) Pause Young (Normal) (G1 Evacuation Pause) 760M->148M(1024M) 3.892ms
[2024-08-20T01:04:16.015+0000][gc,cpu        ] GC(76) User=0.01s Sys=0.00s Real=0.00s
[2024-08-20T03:12:19.172+0000][gc,start      ] GC(77) Pause Young (Normal) (G1 Evacuation Pause)
[2024-08-20T03:12:19.172+0000][gc,task       ] GC(77) Using 4 workers of 4 for evacuation
[2024-08-20T03:12:19.176+0000][gc,phases     ] GC(77)   Pre Evacuate Collection Set: 0.0ms
[2024-08-20T03:12:19.176+0000][gc,phases     ] GC(77)   Evacuate Collection Set: 2.7ms
[2024-08-20T03:12:19.176+0000][gc,phases     ] GC(77)   Post Evacuate Collection Set: 0.4ms
[2024-08-20T03:12:19.176+0000][gc,phases     ] GC(77)   Other: 0.1ms
[2024-08-20T03:12:19.176+0000][gc,heap       ] GC(77) Eden regions: 611->0(611)
[2024-08-20T03:12:19.176+0000][gc,heap       ] GC(77) Survivor regions: 3->3(77)
[2024-08-20T03:12:19.176+0000][gc,heap       ] GC(77) Old regions: 19->19
[2024-08-20T03:12:19.176+0000][gc,heap       ] GC(77) Humongous regions: 129->129
[2024-08-20T03:12:19.176+0000][gc,metaspace  ] GC(77) Metaspace: 45021K(48000K)->45021K(48000K) NonClass: 39310K(40960K)->39310K(40960K) Class: 5711K(7040K)->5711K(7040K)
[2024-08-20T03:12:19.176+0000][gc            ] GC(77) Pause Young (Normal) (G1 Evacuation Pause) 759M->149M(1024M) 3.293ms
[2024-08-20T03:12:19.176+0000][gc,cpu        ] GC(77) User=0.00s Sys=0.00s Real=0.00s
[2024-08-20T05:19:28.131+0000][gc,start      ] GC(78) Pause Young (Normal) (G1 Evacuation Pause)
[2024-08-20T05:19:28.131+0000][gc,task       ] GC(78) Using 4 workers of 4 for evacuation
[2024-08-20T05:19:28.134+0000][gc,phases     ] GC(78)   Pre Evacuate Collection Set: 0.0ms
[2024-08-20T05:19:28.135+0000][gc,phases     ] GC(78)   Evacuate Collection Set: 3.0ms
[2024-08-20T05:19:28.135+0000][gc,phases     ] GC(78)   Post Evacuate Collection Set: 0.8ms
[2024-08-20T05:19:28.135+0000][gc,phases     ] GC(78)   Other: 0.2ms
[2024-08-20T05:19:28.135+0000][gc,heap       ] GC(78) Eden regions: 611->0(610)
[2024-08-20T05:19:28.135+0000][gc,heap       ] GC(78) Survivor regions: 3->4(77)
[2024-08-20T05:19:28.135+0000][gc,heap       ] GC(78) Old regions: 19->19
[2024-08-20T05:19:28.135+0000][gc,heap       ] GC(78) Humongous regions: 129->129
[2024-08-20T05:19:28.135+0000][gc,metaspace  ] GC(78) Metaspace: 45021K(48000K)->45021K(48000K) NonClass: 39310K(40960K)->39310K(40960K) Class: 5711K(7040K)->5711K(7040K)
[2024-08-20T05:19:28.135+0000][gc            ] GC(78) Pause Young (Normal) (G1 Evacuation Pause) 760M->149M(1024M) 4.039ms
[2024-08-20T05:19:28.135+0000][gc,cpu        ] GC(78) User=0.02s Sys=0.00s Real=0.00s
[2024-08-20T07:27:12.225+0000][gc,start      ] GC(79) Pause Young (Normal) (G1 Evacuation Pause)
[2024-08-20T07:27:12.225+0000][gc,task       ] GC(79) Using 4 workers of 4 for evacuation
[2024-08-20T07:27:12.228+0000][gc,phases     ] GC(79)   Pre Evacuate Collection Set: 0.0ms
[2024-08-20T07:27:12.228+0000][gc,phases     ] GC(79)   Evacuate Collection Set: 1.9ms
[2024-08-20T07:27:12.228+0000][gc,phases     ] GC(79)   Post Evacuate Collection Set: 0.3ms
[2024-08-20T07:27:12.228+0000][gc,phases     ] GC(79)   Other: 0.1ms
[2024-08-20T07:27:12.228+0000][gc,heap       ] GC(79) Eden regions: 610->0(611)
[2024-08-20T07:27:12.228+0000][gc,heap       ] GC(79) Survivor regions: 4->3(77)
[2024-08-20T07:27:12.228+0000][gc,heap       ] GC(79) Old regions: 19->19
[2024-08-20T07:27:12.228+0000][gc,heap       ] GC(79) Humongous regions: 129->129
[2024-08-20T07:27:12.228+0000][gc,metaspace  ] GC(79) Metaspace: 45021K(48000K)->45021K(48000K) NonClass: 39310K(40960K)->39310K(40960K) Class: 5711K(7040K)->5711K(7040K)
[2024-08-20T07:27:12.228+0000][gc            ] GC(79) Pause Young (Normal) (G1 Evacuation Pause) 759M->148M(1024M) 2.467ms
[2024-08-20T07:27:12.228+0000][gc,cpu        ] GC(79) User=0.01s Sys=0.01s Real=0.00s
[2024-08-20T09:34:54.168+0000][gc,start      ] GC(80) Pause Young (Normal) (G1 Evacuation Pause)
[2024-08-20T09:34:54.168+0000][gc,task       ] GC(80) Using 4 workers of 4 for evacuation
[2024-08-20T09:34:54.171+0000][gc,phases     ] GC(80)   Pre Evacuate Collection Set: 0.0ms
[2024-08-20T09:34:54.171+0000][gc,phases     ] GC(80)   Evacuate Collection Set: 2.4ms
[2024-08-20T09:34:54.171+0000][gc,phases     ] GC(80)   Post Evacuate Collection Set: 0.3ms
[2024-08-20T09:34:54.171+0000][gc,phases     ] GC(80)   Other: 0.1ms
[2024-08-20T09:34:54.171+0000][gc,heap       ] GC(80) Eden regions: 611->0(611)
[2024-08-20T09:34:54.171+0000][gc,heap       ] GC(80) Survivor regions: 3->3(77)
[2024-08-20T09:34:54.171+0000][gc,heap       ] GC(80) Old regions: 19->19
[2024-08-20T09:34:54.171+0000][gc,heap       ] GC(80) Humongous regions: 129->129
[2024-08-20T09:34:54.171+0000][gc,metaspace  ] GC(80) Metaspace: 45021K(48000K)->45021K(48000K) NonClass: 39310K(40960K)->39310K(40960K) Class: 5711K(7040K)->5711K(7040K)
[2024-08-20T09:34:54.171+0000][gc            ] GC(80) Pause Young (Normal) (G1 Evacuation Pause) 759M->149M(1024M) 2.987ms
[2024-08-20T09:34:54.171+0000][gc,cpu        ] GC(80) User=0.01s Sys=0.01s Real=0.00s
[2024-08-20T11:42:30.650+0000][gc,start      ] GC(81) Pause Young (Normal) (G1 Evacuation Pause)
[2024-08-20T11:42:30.650+0000][gc,task       ] GC(81) Using 4 workers of 4 for evacuation
[2024-08-20T11:42:30.653+0000][gc,phases     ] GC(81)   Pre Evacuate Collection Set: 0.0ms
[2024-08-20T11:42:30.653+0000][gc,phases     ] GC(81)   Evacuate Collection Set: 1.9ms
[2024-08-20T11:42:30.653+0000][gc,phases     ] GC(81)   Post Evacuate Collection Set: 0.4ms
[2024-08-20T11:42:30.653+0000][gc,phases     ] GC(81)   Other: 0.2ms
[2024-08-20T11:42:30.653+0000][gc,heap       ] GC(81) Eden regions: 611->0(611)
[2024-08-20T11:42:30.653+0000][gc,heap       ] GC(81) Survivor regions: 3->3(77)
[2024-08-20T11:42:30.653+0000][gc,heap       ] GC(81) Old regions: 19->19
[2024-08-20T11:42:30.653+0000][gc,heap       ] GC(81) Humongous regions: 129->129
[2024-08-20T11:42:30.653+0000][gc,metaspace  ] GC(81) Metaspace: 45021K(48000K)->45021K(48000K) NonClass: 39310K(40960K)->39310K(40960K) Class: 5711K(7040K)->5711K(7040K)
[2024-08-20T11:42:30.653+0000][gc            ] GC(81) Pause Young (Normal) (G1 Evacuation Pause) 760M->148M(1024M) 2.532ms
[2024-08-20T11:42:30.653+0000][gc,cpu        ] GC(81) User=0.01s Sys=0.00s Real=0.00s
[2024-08-20T13:50:21.810+0000][gc,start      ] GC(82) Pause Young (Normal) (G1 Evacuation Pause)
[2024-08-20T13:50:21.810+0000][gc,task       ] GC(82) Using 4 workers of 4 for evacuation
[2024-08-20T13:50:21.813+0000][gc,phases     ] GC(82)   Pre Evacuate Collection Set: 0.0ms
[2024-08-20T13:50:21.813+0000][gc,phases     ] GC(82)   Evacuate Collection Set: 2.5ms
[2024-08-20T13:50:21.813+0000][gc,phases     ] GC(82)   Post Evacuate Collection Set: 0.3ms
[2024-08-20T13:50:21.813+0000][gc,phases     ] GC(82)   Other: 0.2ms
[2024-08-20T13:50:21.813+0000][gc,heap       ] GC(82) Eden regions: 611->0(611)
[2024-08-20T13:50:21.813+0000][gc,heap       ] GC(82) Survivor regions: 3->3(77)
[2024-08-20T13:50:21.813+0000][gc,heap       ] GC(82) Old regions: 19->19
[2024-08-20T13:50:21.813+0000][gc,heap       ] GC(82) Humongous regions: 129->129
[2024-08-20T13:50:21.813+0000][gc,metaspace  ] GC(82) Metaspace: 45021K(48000K)->45021K(48000K) NonClass: 39310K(40960K)->39310K(40960K) Class: 5711K(7040K)->5711K(7040K)
[2024-08-20T13:50:21.813+0000][gc            ] GC(82) Pause Young (Normal) (G1 Evacuation Pause) 759M->149M(1024M) 3.037ms
[2024-08-20T13:50:21.813+0000][gc,cpu        ] GC(82) User=0.01s Sys=0.00s Real=0.00s
[2024-08-20T15:58:14.905+0000][gc,start      ] GC(83) Pause Young (Normal) (G1 Evacuation Pause)
[2024-08-20T15:58:14.905+0000][gc,task       ] GC(83) Using 4 workers of 4 for evacuation
[2024-08-20T15:58:14.908+0000][gc,phases     ] GC(83)   Pre Evacuate Collection Set: 0.0ms
[2024-08-20T15:58:14.908+0000][gc,phases     ] GC(83)   Evacuate Collection Set: 3.1ms
[2024-08-20T15:58:14.908+0000][gc,phases     ] GC(83)   Post Evacuate Collection Set: 0.3ms
[2024-08-20T15:58:14.908+0000][gc,phases     ] GC(83)   Other: 0.1ms
[2024-08-20T15:58:14.908+0000][gc,heap       ] GC(83) Eden regions: 611->0(610)
[2024-08-20T15:58:14.908+0000][gc,heap       ] GC(83) Survivor regions: 3->4(77)
[2024-08-20T15:58:14.908+0000][gc,heap       ] GC(83) Old regions: 19->19
[2024-08-20T15:58:14.908+0000][gc,heap       ] GC(83) Humongous regions: 129->129
[2024-08-20T15:58:14.908+0000][gc,metaspace  ] GC(83) Metaspace: 45021K(48000K)->45021K(48000K) NonClass: 39310K(40960K)->39310K(40960K) Class: 5711K(7040K)->5711K(7040K)
[2024-08-20T15:58:14.908+0000][gc            ] GC(83) Pause Young (Normal) (G1 Evacuation Pause) 760M->149M(1024M) 3.668ms
[2024-08-20T15:58:14.908+0000][gc,cpu        ] GC(83) User=0.01s Sys=0.00s Real=0.01s
[2024-08-20T18:05:54.905+0000][gc,start      ] GC(84) Pause Young (Normal) (G1 Evacuation Pause)
[2024-08-20T18:05:54.905+0000][gc,task       ] GC(84) Using 4 workers of 4 for evacuation
[2024-08-20T18:05:54.908+0000][gc,phases     ] GC(84)   Pre Evacuate Collection Set: 0.0ms
[2024-08-20T18:05:54.908+0000][gc,phases     ] GC(84)   Evacuate Collection Set: 2.8ms
[2024-08-20T18:05:54.908+0000][gc,phases     ] GC(84)   Post Evacuate Collection Set: 0.4ms
[2024-08-20T18:05:54.908+0000][gc,phases     ] GC(84)   Other: 0.2ms
[2024-08-20T18:05:54.908+0000][gc,heap       ] GC(84) Eden regions: 610->0(611)
[2024-08-20T18:05:54.908+0000][gc,heap       ] GC(84) Survivor regions: 4->3(77)
[2024-08-20T18:05:54.908+0000][gc,heap       ] GC(84) Old regions: 19->19
[2024-08-20T18:05:54.908+0000][gc,heap       ] GC(84) Humongous regions: 129->129
[2024-08-20T18:05:54.908+0000][gc,metaspace  ] GC(84) Metaspace: 45021K(48000K)->45021K(48000K) NonClass: 39310K(40960K)->39310K(40960K) Class: 5711K(7040K)->5711K(7040K)
[2024-08-20T18:05:54.908+0000][gc            ] GC(84) Pause Young (Normal) (G1 Evacuation Pause) 759M->149M(1024M) 3.379ms
[2024-08-20T18:05:54.908+0000][gc,cpu        ] GC(84) User=0.00s Sys=0.00s Real=0.01s
[2024-08-20T20:13:43.705+0000][gc,start      ] GC(85) Pause Young (Normal) (G1 Evacuation Pause)
[2024-08-20T20:13:43.705+0000][gc,task       ] GC(85) Using 4 workers of 4 for evacuation
[2024-08-20T20:13:43.709+0000][gc,phases     ] GC(85)   Pre Evacuate Collection Set: 0.0ms
[2024-08-20T20:13:43.709+0000][gc,phases     ] GC(85)   Evacuate Collection Set: 3.4ms
[2024-08-20T20:13:43.709+0000][gc,phases     ] GC(85)   Post Evacuate Collection Set: 0.4ms
[2024-08-20T20:13:43.709+0000][gc,phases     ] GC(85)   Other: 0.2ms
[2024-08-20T20:13:43.709+0000][gc,heap       ] GC(85) Eden regions: 611->0(610)
[2024-08-20T20:13:43.709+0000][gc,heap       ] GC(85) Survivor regions: 3->4(77)
[2024-08-20T20:13:43.709+0000][gc,heap       ] GC(85) Old regions: 19->19
[2024-08-20T20:13:43.709+0000][gc,heap       ] GC(85) Humongous regions: 129->129
[2024-08-20T20:13:43.709+0000][gc,metaspace  ] GC(85) Metaspace: 45021K(48000K)->45021K(48000K) NonClass: 39310K(40960K)->39310K(40960K) Class: 5711K(7040K)->5711K(7040K)
[2024-08-20T20:13:43.709+0000][gc            ] GC(85) Pause Young (Normal) (G1 Evacuation Pause) 760M->149M(1024M) 4.085ms
[2024-08-20T20:13:43.709+0000][gc,cpu        ] GC(85) User=0.02s Sys=0.00s Real=0.01s
[2024-08-20T22:20:46.329+0000][gc,start      ] GC(86) Pause Young (Normal) (G1 Evacuation Pause)
[2024-08-20T22:20:46.329+0000][gc,task       ] GC(86) Using 4 workers of 4 for evacuation
[2024-08-20T22:20:46.333+0000][gc,phases     ] GC(86)   Pre Evacuate Collection Set: 0.0ms
[2024-08-20T22:20:46.333+0000][gc,phases     ] GC(86)   Evacuate Collection Set: 2.9ms
[2024-08-20T22:20:46.333+0000][gc,phases     ] GC(86)   Post Evacuate Collection Set: 0.4ms
[2024-08-20T22:20:46.333+0000][gc,phases     ] GC(86)   Other: 0.2ms
[2024-08-20T22:20:46.333+0000][gc,heap       ] GC(86) Eden regions: 610->0(611)
[2024-08-20T22:20:46.333+0000][gc,heap       ] GC(86) Survivor regions: 4->3(77)
[2024-08-20T22:20:46.333+0000][gc,heap       ] GC(86) Old regions: 19->19
[2024-08-20T22:20:46.333+0000][gc,heap       ] GC(86) Humongous regions: 129->129
[2024-08-20T22:20:46.333+0000][gc,metaspace  ] GC(86) Metaspace: 45021K(48000K)->45021K(48000K) NonClass: 39310K(40960K)->39310K(40960K) Class: 5711K(7040K)->5711K(7040K)
[2024-08-20T22:20:46.333+0000][gc            ] GC(86) Pause Young (Normal) (G1 Evacuation Pause) 759M->148M(1024M) 3.490ms
[2024-08-20T22:20:46.333+0000][gc,cpu        ] GC(86) User=0.01s Sys=0.00s Real=0.00s
[2024-08-21T00:28:33.254+0000][gc,start      ] GC(87) Pause Young (Normal) (G1 Evacuation Pause)
[2024-08-21T00:28:33.254+0000][gc,task       ] GC(87) Using 4 workers of 4 for evacuation
[2024-08-21T00:28:33.257+0000][gc,phases     ] GC(87)   Pre Evacuate Collection Set: 0.0ms
[2024-08-21T00:28:33.257+0000][gc,phases     ] GC(87)   Evacuate Collection Set: 2.5ms
[2024-08-21T00:28:33.257+0000][gc,phases     ] GC(87)   Post Evacuate Collection Set: 0.4ms
[2024-08-21T00:28:33.257+0000][gc,phases     ] GC(87)   Other: 0.2ms
[2024-08-21T00:28:33.257+0000][gc,heap       ] GC(87) Eden regions: 611->0(611)
[2024-08-21T00:28:33.257+0000][gc,heap       ] GC(87) Survivor regions: 3->3(77)
[2024-08-21T00:28:33.257+0000][gc,heap       ] GC(87) Old regions: 19->19
[2024-08-21T00:28:33.257+0000][gc,heap       ] GC(87) Humongous regions: 129->129
[2024-08-21T00:28:33.257+0000][gc,metaspace  ] GC(87) Metaspace: 45023K(48000K)->45023K(48000K) NonClass: 39311K(40960K)->39311K(40960K) Class: 5711K(7040K)->5711K(7040K)
[2024-08-21T00:28:33.257+0000][gc            ] GC(87) Pause Young (Normal) (G1 Evacuation Pause) 759M->149M(1024M) 3.087ms
[2024-08-21T00:28:33.257+0000][gc,cpu        ] GC(87) User=0.01s Sys=0.00s Real=0.01s
[2024-08-21T02:36:28.165+0000][gc,start      ] GC(88) Pause Young (Normal) (G1 Evacuation Pause)
[2024-08-21T02:36:28.165+0000][gc,task       ] GC(88) Using 4 workers of 4 for evacuation
[2024-08-21T02:36:28.168+0000][gc,phases     ] GC(88)   Pre Evacuate Collection Set: 0.0ms
[2024-08-21T02:36:28.168+0000][gc,phases     ] GC(88)   Evacuate Collection Set: 3.3ms
[2024-08-21T02:36:28.168+0000][gc,phases     ] GC(88)   Post Evacuate Collection Set: 0.5ms
[2024-08-21T02:36:28.169+0000][gc,phases     ] GC(88)   Other: 0.2ms
[2024-08-21T02:36:28.169+0000][gc,heap       ] GC(88) Eden regions: 611->0(611)
[2024-08-21T02:36:28.169+0000][gc,heap       ] GC(88) Survivor regions: 3->3(77)
[2024-08-21T02:36:28.169+0000][gc,heap       ] GC(88) Old regions: 19->19
[2024-08-21T02:36:28.169+0000][gc,heap       ] GC(88) Humongous regions: 129->129
[2024-08-21T02:36:28.169+0000][gc,metaspace  ] GC(88) Metaspace: 45023K(48000K)->45023K(48000K) NonClass: 39311K(40960K)->39311K(40960K) Class: 5711K(7040K)->5711K(7040K)
[2024-08-21T02:36:28.169+0000][gc            ] GC(88) Pause Young (Normal) (G1 Evacuation Pause) 760M->148M(1024M) 4.010ms
[2024-08-21T02:36:28.169+0000][gc,cpu        ] GC(88) User=0.01s Sys=0.00s Real=0.01s
[2024-08-21T04:44:14.584+0000][gc,start      ] GC(89) Pause Young (Normal) (G1 Evacuation Pause)
[2024-08-21T04:44:14.584+0000][gc,task       ] GC(89) Using 4 workers of 4 for evacuation
[2024-08-21T04:44:14.587+0000][gc,phases     ] GC(89)   Pre Evacuate Collection Set: 0.0ms
[2024-08-21T04:44:14.587+0000][gc,phases     ] GC(89)   Evacuate Collection Set: 2.9ms
[2024-08-21T04:44:14.587+0000][gc,phases     ] GC(89)   Post Evacuate Collection Set: 0.4ms
[2024-08-21T04:44:14.587+0000][gc,phases     ] GC(89)   Other: 0.2ms
[2024-08-21T04:44:14.588+0000][gc,heap       ] GC(89) Eden regions: 611->0(611)
[2024-08-21T04:44:14.588+0000][gc,heap       ] GC(89) Survivor regions: 3->3(77)
[2024-08-21T04:44:14.588+0000][gc,heap       ] GC(89) Old regions: 19->19
[2024-08-21T04:44:14.588+0000][gc,heap       ] GC(89) Humongous regions: 129->129
[2024-08-21T04:44:14.588+0000][gc,metaspace  ] GC(89) Metaspace: 45023K(48000K)->45023K(48000K) NonClass: 39311K(40960K)->39311K(40960K) Class: 5711K(7040K)->5711K(7040K)
[2024-08-21T04:44:14.588+0000][gc            ] GC(89) Pause Young (Normal) (G1 Evacuation Pause) 759M->149M(1024M) 3.543ms
[2024-08-21T04:44:14.588+0000][gc,cpu        ] GC(89) User=0.01s Sys=0.00s Real=0.00s
[2024-08-21T06:52:09.677+0000][gc,start      ] GC(90) Pause Young (Normal) (G1 Evacuation Pause)
[2024-08-21T06:52:09.677+0000][gc,task       ] GC(90) Using 4 workers of 4 for evacuation
[2024-08-21T06:52:09.680+0000][gc,phases     ] GC(90)   Pre Evacuate Collection Set: 0.0ms
[2024-08-21T06:52:09.680+0000][gc,phases     ] GC(90)   Evacuate Collection Set: 3.0ms
[2024-08-21T06:52:09.680+0000][gc,phases     ] GC(90)   Post Evacuate Collection Set: 0.4ms
[2024-08-21T06:52:09.681+0000][gc,phases     ] GC(90)   Other: 0.2ms
[2024-08-21T06:52:09.681+0000][gc,heap       ] GC(90) Eden regions: 611->0(610)
[2024-08-21T06:52:09.681+0000][gc,heap       ] GC(90) Survivor regions: 3->4(77)
[2024-08-21T06:52:09.681+0000][gc,heap       ] GC(90) Old regions: 19->19
[2024-08-21T06:52:09.681+0000][gc,heap       ] GC(90) Humongous regions: 129->129
[2024-08-21T06:52:09.681+0000][gc,metaspace  ] GC(90) Metaspace: 45023K(48000K)->45023K(48000K) NonClass: 39311K(40960K)->39311K(40960K) Class: 5711K(7040K)->5711K(7040K)
[2024-08-21T06:52:09.681+0000][gc            ] GC(90) Pause Young (Normal) (G1 Evacuation Pause) 760M->149M(1024M) 3.660ms
[2024-08-21T06:52:09.681+0000][gc,cpu        ] GC(90) User=0.01s Sys=0.00s Real=0.00s
[2024-08-21T08:59:29.905+0000][gc,start      ] GC(91) Pause Young (Normal) (G1 Evacuation Pause)
[2024-08-21T08:59:29.905+0000][gc,task       ] GC(91) Using 4 workers of 4 for evacuation
[2024-08-21T08:59:29.908+0000][gc,phases     ] GC(91)   Pre Evacuate Collection Set: 0.0ms
[2024-08-21T08:59:29.908+0000][gc,phases     ] GC(91)   Evacuate Collection Set: 2.4ms
[2024-08-21T08:59:29.908+0000][gc,phases     ] GC(91)   Post Evacuate Collection Set: 0.3ms
[2024-08-21T08:59:29.908+0000][gc,phases     ] GC(91)   Other: 0.4ms
[2024-08-21T08:59:29.908+0000][gc,heap       ] GC(91) Eden regions: 610->0(611)
[2024-08-21T08:59:29.908+0000][gc,heap       ] GC(91) Survivor regions: 4->3(77)
[2024-08-21T08:59:29.908+0000][gc,heap       ] GC(91) Old regions: 19->19
[2024-08-21T08:59:29.908+0000][gc,heap       ] GC(91) Humongous regions: 129->129
[2024-08-21T08:59:29.908+0000][gc,metaspace  ] GC(91) Metaspace: 45023K(48000K)->45023K(48000K) NonClass: 39311K(40960K)->39311K(40960K) Class: 5711K(7040K)->5711K(7040K)
[2024-08-21T08:59:29.908+0000][gc            ] GC(91) Pause Young (Normal) (G1 Evacuation Pause) 759M->149M(1024M) 3.157ms
[2024-08-21T08:59:29.908+0000][gc,cpu        ] GC(91) User=0.00s Sys=0.00s Real=0.00s
[2024-08-21T11:07:19.937+0000][gc,start      ] GC(92) Pause Young (Normal) (G1 Evacuation Pause)
[2024-08-21T11:07:19.938+0000][gc,task       ] GC(92) Using 4 workers of 4 for evacuation
[2024-08-21T11:07:19.941+0000][gc,phases     ] GC(92)   Pre Evacuate Collection Set: 0.0ms
[2024-08-21T11:07:19.941+0000][gc,phases     ] GC(92)   Evacuate Collection Set: 2.7ms
[2024-08-21T11:07:19.941+0000][gc,phases     ] GC(92)   Post Evacuate Collection Set: 0.4ms
[2024-08-21T11:07:19.941+0000][gc,phases     ] GC(92)   Other: 0.9ms
[2024-08-21T11:07:19.941+0000][gc,heap       ] GC(92) Eden regions: 611->0(610)
[2024-08-21T11:07:19.941+0000][gc,heap       ] GC(92) Survivor regions: 3->4(77)
[2024-08-21T11:07:19.941+0000][gc,heap       ] GC(92) Old regions: 19->19
[2024-08-21T11:07:19.941+0000][gc,heap       ] GC(92) Humongous regions: 129->129
[2024-08-21T11:07:19.941+0000][gc,metaspace  ] GC(92) Metaspace: 45023K(48000K)->45023K(48000K) NonClass: 39311K(40960K)->39311K(40960K) Class: 5711K(7040K)->5711K(7040K)
[2024-08-21T11:07:19.941+0000][gc            ] GC(92) Pause Young (Normal) (G1 Evacuation Pause) 760M->149M(1024M) 4.013ms
[2024-08-21T11:07:19.941+0000][gc,cpu        ] GC(92) User=0.01s Sys=0.00s Real=0.00s
[2024-08-21T13:14:11.003+0000][gc,start      ] GC(93) Pause Young (Normal) (G1 Evacuation Pause)
[2024-08-21T13:14:11.003+0000][gc,task       ] GC(93) Using 4 workers of 4 for evacuation
[2024-08-21T13:14:11.006+0000][gc,phases     ] GC(93)   Pre Evacuate Collection Set: 0.0ms
[2024-08-21T13:14:11.006+0000][gc,phases     ] GC(93)   Evacuate Collection Set: 2.1ms
[2024-08-21T13:14:11.006+0000][gc,phases     ] GC(93)   Post Evacuate Collection Set: 0.6ms
[2024-08-21T13:14:11.006+0000][gc,phases     ] GC(93)   Other: 0.2ms
[2024-08-21T13:14:11.006+0000][gc,heap       ] GC(93) Eden regions: 610->0(611)
[2024-08-21T13:14:11.006+0000][gc,heap       ] GC(93) Survivor regions: 4->3(77)
[2024-08-21T13:14:11.006+0000][gc,heap       ] GC(93) Old regions: 19->19
[2024-08-21T13:14:11.006+0000][gc,heap       ] GC(93) Humongous regions: 290->129
[2024-08-21T13:14:11.006+0000][gc,metaspace  ] GC(93) Metaspace: 45028K(48000K)->45028K(48000K) NonClass: 39316K(40960K)->39316K(40960K) Class: 5711K(7040K)->5711K(7040K)
[2024-08-21T13:14:11.006+0000][gc            ] GC(93) Pause Young (Normal) (G1 Evacuation Pause) 920M->148M(1024M) 3.085ms
[2024-08-21T13:14:11.006+0000][gc,cpu        ] GC(93) User=0.01s Sys=0.00s Real=0.00s
[2024-08-21T15:21:20.855+0000][gc,start      ] GC(94) Pause Young (Normal) (G1 Evacuation Pause)
[2024-08-21T15:21:20.856+0000][gc,task       ] GC(94) Using 4 workers of 4 for evacuation
[2024-08-21T15:21:20.858+0000][gc,phases     ] GC(94)   Pre Evacuate Collection Set: 0.0ms
[2024-08-21T15:21:20.858+0000][gc,phases     ] GC(94)   Evacuate Collection Set: 1.8ms
[2024-08-21T15:21:20.858+0000][gc,phases     ] GC(94)   Post Evacuate Collection Set: 0.4ms
[2024-08-21T15:21:20.858+0000][gc,phases     ] GC(94)   Other: 0.4ms
[2024-08-21T15:21:20.858+0000][gc,heap       ] GC(94) Eden regions: 611->0(611)
[2024-08-21T15:21:20.858+0000][gc,heap       ] GC(94) Survivor regions: 3->3(77)
[2024-08-21T15:21:20.858+0000][gc,heap       ] GC(94) Old regions: 19->19
[2024-08-21T15:21:20.858+0000][gc,heap       ] GC(94) Humongous regions: 290->129
[2024-08-21T15:21:20.858+0000][gc,metaspace  ] GC(94) Metaspace: 45046K(48000K)->45046K(48000K) NonClass: 39335K(40960K)->39335K(40960K) Class: 5711K(7040K)->5711K(7040K)
[2024-08-21T15:21:20.858+0000][gc            ] GC(94) Pause Young (Normal) (G1 Evacuation Pause) 920M->149M(1024M) 2.630ms
[2024-08-21T15:21:20.858+0000][gc,cpu        ] GC(94) User=0.01s Sys=0.00s Real=0.01s
[2024-08-21T17:29:17.282+0000][gc,start      ] GC(95) Pause Young (Normal) (G1 Evacuation Pause)
[2024-08-21T17:29:17.282+0000][gc,task       ] GC(95) Using 4 workers of 4 for evacuation
[2024-08-21T17:29:17.286+0000][gc,phases     ] GC(95)   Pre Evacuate Collection Set: 0.0ms
[2024-08-21T17:29:17.286+0000][gc,phases     ] GC(95)   Evacuate Collection Set: 3.0ms
[2024-08-21T17:29:17.286+0000][gc,phases     ] GC(95)   Post Evacuate Collection Set: 0.4ms
[2024-08-21T17:29:17.286+0000][gc,phases     ] GC(95)   Other: 0.2ms
[2024-08-21T17:29:17.286+0000][gc,heap       ] GC(95) Eden regions: 611->0(610)
[2024-08-21T17:29:17.286+0000][gc,heap       ] GC(95) Survivor regions: 3->4(77)
[2024-08-21T17:29:17.286+0000][gc,heap       ] GC(95) Old regions: 19->19
[2024-08-21T17:29:17.286+0000][gc,heap       ] GC(95) Humongous regions: 129->129
[2024-08-21T17:29:17.286+0000][gc,metaspace  ] GC(95) Metaspace: 45046K(48000K)->45046K(48000K) NonClass: 39335K(40960K)->39335K(40960K) Class: 5711K(7040K)->5711K(7040K)
[2024-08-21T17:29:17.286+0000][gc            ] GC(95) Pause Young (Normal) (G1 Evacuation Pause) 760M->149M(1024M) 3.732ms
[2024-08-21T17:29:17.286+0000][gc,cpu        ] GC(95) User=0.01s Sys=0.00s Real=0.00s
[2024-08-21T19:36:44.905+0000][gc,start      ] GC(96) Pause Young (Normal) (G1 Evacuation Pause)
[2024-08-21T19:36:44.905+0000][gc,task       ] GC(96) Using 4 workers of 4 for evacuation
[2024-08-21T19:36:44.908+0000][gc,phases     ] GC(96)   Pre Evacuate Collection Set: 0.0ms
[2024-08-21T19:36:44.908+0000][gc,phases     ] GC(96)   Evacuate Collection Set: 2.4ms
[2024-08-21T19:36:44.908+0000][gc,phases     ] GC(96)   Post Evacuate Collection Set: 0.4ms
[2024-08-21T19:36:44.908+0000][gc,phases     ] GC(96)   Other: 0.2ms
[2024-08-21T19:36:44.908+0000][gc,heap       ] GC(96) Eden regions: 610->0(611)
[2024-08-21T19:36:44.908+0000][gc,heap       ] GC(96) Survivor regions: 4->3(77)
[2024-08-21T19:36:44.908+0000][gc,heap       ] GC(96) Old regions: 19->19
[2024-08-21T19:36:44.908+0000][gc,heap       ] GC(96) Humongous regions: 129->129
[2024-08-21T19:36:44.908+0000][gc,metaspace  ] GC(96) Metaspace: 45048K(48000K)->45048K(48000K) NonClass: 39336K(40960K)->39336K(40960K) Class: 5711K(7040K)->5711K(7040K)
[2024-08-21T19:36:44.908+0000][gc            ] GC(96) Pause Young (Normal) (G1 Evacuation Pause) 759M->148M(1024M) 2.989ms
[2024-08-21T19:36:44.908+0000][gc,cpu        ] GC(96) User=0.01s Sys=0.01s Real=0.00s
[2024-08-21T21:43:24.905+0000][gc,start      ] GC(97) Pause Young (Normal) (G1 Evacuation Pause)
[2024-08-21T21:43:24.905+0000][gc,task       ] GC(97) Using 4 workers of 4 for evacuation
[2024-08-21T21:43:24.908+0000][gc,phases     ] GC(97)   Pre Evacuate Collection Set: 0.0ms
[2024-08-21T21:43:24.908+0000][gc,phases     ] GC(97)   Evacuate Collection Set: 2.8ms
[2024-08-21T21:43:24.908+0000][gc,phases     ] GC(97)   Post Evacuate Collection Set: 0.3ms
[2024-08-21T21:43:24.908+0000][gc,phases     ] GC(97)   Other: 0.2ms
[2024-08-21T21:43:24.908+0000][gc,heap       ] GC(97) Eden regions: 611->0(610)
[2024-08-21T21:43:24.908+0000][gc,heap       ] GC(97) Survivor regions: 3->4(77)
[2024-08-21T21:43:24.908+0000][gc,heap       ] GC(97) Old regions: 19->19
[2024-08-21T21:43:24.908+0000][gc,heap       ] GC(97) Humongous regions: 129->129
[2024-08-21T21:43:24.908+0000][gc,metaspace  ] GC(97) Metaspace: 45660K(48768K)->45660K(48768K) NonClass: 39791K(41472K)->39791K(41472K) Class: 5868K(7296K)->5868K(7296K)
[2024-08-21T21:43:24.908+0000][gc            ] GC(97) Pause Young (Normal) (G1 Evacuation Pause) 759M->150M(1024M) 3.326ms
[2024-08-21T21:43:24.908+0000][gc,cpu        ] GC(97) User=0.01s Sys=0.00s Real=0.00s
[2024-08-21T23:49:20.613+0000][gc,start      ] GC(98) Pause Young (Normal) (G1 Evacuation Pause)
[2024-08-21T23:49:20.613+0000][gc,task       ] GC(98) Using 4 workers of 4 for evacuation
[2024-08-21T23:49:20.618+0000][gc,phases     ] GC(98)   Pre Evacuate Collection Set: 0.0ms
[2024-08-21T23:49:20.618+0000][gc,phases     ] GC(98)   Evacuate Collection Set: 3.6ms
[2024-08-21T23:49:20.618+0000][gc,phases     ] GC(98)   Post Evacuate Collection Set: 0.8ms
[2024-08-21T23:49:20.618+0000][gc,phases     ] GC(98)   Other: 0.2ms
[2024-08-21T23:49:20.618+0000][gc,heap       ] GC(98) Eden regions: 610->0(610)
[2024-08-21T23:49:20.618+0000][gc,heap       ] GC(98) Survivor regions: 4->4(77)
[2024-08-21T23:49:20.618+0000][gc,heap       ] GC(98) Old regions: 19->19
[2024-08-21T23:49:20.618+0000][gc,heap       ] GC(98) Humongous regions: 129->129
[2024-08-21T23:49:20.618+0000][gc,metaspace  ] GC(98) Metaspace: 45673K(48768K)->45673K(48768K) NonClass: 39804K(41472K)->39804K(41472K) Class: 5868K(7296K)->5868K(7296K)
[2024-08-21T23:49:20.618+0000][gc            ] GC(98) Pause Young (Normal) (G1 Evacuation Pause) 760M->150M(1024M) 4.610ms
[2024-08-21T23:49:20.618+0000][gc,cpu        ] GC(98) User=0.01s Sys=0.00s Real=0.01s
[2024-08-22T01:55:14.616+0000][gc,start      ] GC(99) Pause Young (Normal) (G1 Evacuation Pause)
[2024-08-22T01:55:14.616+0000][gc,task       ] GC(99) Using 4 workers of 4 for evacuation
[2024-08-22T01:55:14.620+0000][gc,phases     ] GC(99)   Pre Evacuate Collection Set: 0.0ms
[2024-08-22T01:55:14.620+0000][gc,phases     ] GC(99)   Evacuate Collection Set: 3.9ms
[2024-08-22T01:55:14.620+0000][gc,phases     ] GC(99)   Post Evacuate Collection Set: 0.4ms
[2024-08-22T01:55:14.620+0000][gc,phases     ] GC(99)   Other: 0.2ms
[2024-08-22T01:55:14.620+0000][gc,heap       ] GC(99) Eden regions: 610->0(610)
[2024-08-22T01:55:14.620+0000][gc,heap       ] GC(99) Survivor regions: 4->4(77)
[2024-08-22T01:55:14.620+0000][gc,heap       ] GC(99) Old regions: 19->19
[2024-08-22T01:55:14.620+0000][gc,heap       ] GC(99) Humongous regions: 129->129
[2024-08-22T01:55:14.620+0000][gc,metaspace  ] GC(99) Metaspace: 45674K(48768K)->45674K(48768K) NonClass: 39806K(41472K)->39806K(41472K) Class: 5868K(7296K)->5868K(7296K)
[2024-08-22T01:55:14.620+0000][gc            ] GC(99) Pause Young (Normal) (G1 Evacuation Pause) 760M->149M(1024M) 4.586ms
[2024-08-22T01:55:14.620+0000][gc,cpu        ] GC(99) User=0.02s Sys=0.00s Real=0.01s
[2024-08-22T04:00:59.767+0000][gc,start      ] GC(100) Pause Young (Normal) (G1 Evacuation Pause)
[2024-08-22T04:00:59.767+0000][gc,task       ] GC(100) Using 4 workers of 4 for evacuation
[2024-08-22T04:00:59.771+0000][gc,phases     ] GC(100)   Pre Evacuate Collection Set: 0.0ms
[2024-08-22T04:00:59.771+0000][gc,phases     ] GC(100)   Evacuate Collection Set: 3.6ms
[2024-08-22T04:00:59.771+0000][gc,phases     ] GC(100)   Post Evacuate Collection Set: 0.5ms
[2024-08-22T04:00:59.771+0000][gc,phases     ] GC(100)   Other: 0.2ms
[2024-08-22T04:00:59.771+0000][gc,heap       ] GC(100) Eden regions: 610->0(611)
[2024-08-22T04:00:59.771+0000][gc,heap       ] GC(100) Survivor regions: 4->3(77)
[2024-08-22T04:00:59.771+0000][gc,heap       ] GC(100) Old regions: 19->19
[2024-08-22T04:00:59.771+0000][gc,heap       ] GC(100) Humongous regions: 129->129
[2024-08-22T04:00:59.771+0000][gc,metaspace  ] GC(100) Metaspace: 45678K(48768K)->45678K(48768K) NonClass: 39809K(41472K)->39809K(41472K) Class: 5868K(7296K)->5868K(7296K)
[2024-08-22T04:00:59.771+0000][gc            ] GC(100) Pause Young (Normal) (G1 Evacuation Pause) 759M->148M(1024M) 4.340ms
[2024-08-22T04:00:59.771+0000][gc,cpu        ] GC(100) User=0.01s Sys=0.00s Real=0.01s
[2024-08-22T06:06:51.898+0000][gc,start      ] GC(101) Pause Young (Normal) (G1 Evacuation Pause)
[2024-08-22T06:06:51.898+0000][gc,task       ] GC(101) Using 4 workers of 4 for evacuation
[2024-08-22T06:06:51.901+0000][gc,phases     ] GC(101)   Pre Evacuate Collection Set: 0.0ms
[2024-08-22T06:06:51.901+0000][gc,phases     ] GC(101)   Evacuate Collection Set: 2.2ms
[2024-08-22T06:06:51.901+0000][gc,phases     ] GC(101)   Post Evacuate Collection Set: 0.4ms
[2024-08-22T06:06:51.901+0000][gc,phases     ] GC(101)   Other: 0.5ms
[2024-08-22T06:06:51.901+0000][gc,heap       ] GC(101) Eden regions: 611->0(611)
[2024-08-22T06:06:51.901+0000][gc,heap       ] GC(101) Survivor regions: 3->3(77)
[2024-08-22T06:06:51.901+0000][gc,heap       ] GC(101) Old regions: 19->19
[2024-08-22T06:06:51.901+0000][gc,heap       ] GC(101) Humongous regions: 129->129
[2024-08-22T06:06:51.901+0000][gc,metaspace  ] GC(101) Metaspace: 45678K(48768K)->45678K(48768K) NonClass: 39809K(41472K)->39809K(41472K) Class: 5868K(7296K)->5868K(7296K)
[2024-08-22T06:06:51.901+0000][gc            ] GC(101) Pause Young (Normal) (G1 Evacuation Pause) 759M->148M(1024M) 3.131ms
[2024-08-22T06:06:51.901+0000][gc,cpu        ] GC(101) User=0.01s Sys=0.00s Real=0.00s
[2024-08-22T08:12:58.062+0000][gc,start      ] GC(102) Pause Young (Normal) (G1 Evacuation Pause)
[2024-08-22T08:12:58.062+0000][gc,task       ] GC(102) Using 4 workers of 4 for evacuation
[2024-08-22T08:12:58.066+0000][gc,phases     ] GC(102)   Pre Evacuate Collection Set: 0.0ms
[2024-08-22T08:12:58.066+0000][gc,phases     ] GC(102)   Evacuate Collection Set: 2.5ms
[2024-08-22T08:12:58.066+0000][gc,phases     ] GC(102)   Post Evacuate Collection Set: 0.4ms
[2024-08-22T08:12:58.066+0000][gc,phases     ] GC(102)   Other: 0.2ms
[2024-08-22T08:12:58.066+0000][gc,heap       ] GC(102) Eden regions: 611->0(611)
[2024-08-22T08:12:58.066+0000][gc,heap       ] GC(102) Survivor regions: 3->3(77)
[2024-08-22T08:12:58.066+0000][gc,heap       ] GC(102) Old regions: 19->19
[2024-08-22T08:12:58.066+0000][gc,heap       ] GC(102) Humongous regions: 129->129
[2024-08-22T08:12:58.066+0000][gc,metaspace  ] GC(102) Metaspace: 45678K(48768K)->45678K(48768K) NonClass: 39809K(41472K)->39809K(41472K) Class: 5868K(7296K)->5868K(7296K)
[2024-08-22T08:12:58.066+0000][gc            ] GC(102) Pause Young (Normal) (G1 Evacuation Pause) 759M->149M(1024M) 3.200ms
[2024-08-22T08:12:58.066+0000][gc,cpu        ] GC(102) User=0.01s Sys=0.00s Real=0.00s
[2024-08-22T10:18:24.905+0000][gc,start      ] GC(103) Pause Young (Normal) (G1 Evacuation Pause)
[2024-08-22T10:18:24.905+0000][gc,task       ] GC(103) Using 4 workers of 4 for evacuation
[2024-08-22T10:18:24.908+0000][gc,phases     ] GC(103)   Pre Evacuate Collection Set: 0.0ms
[2024-08-22T10:18:24.908+0000][gc,phases     ] GC(103)   Evacuate Collection Set: 2.6ms
[2024-08-22T10:18:24.908+0000][gc,phases     ] GC(103)   Post Evacuate Collection Set: 0.5ms
[2024-08-22T10:18:24.908+0000][gc,phases     ] GC(103)   Other: 0.2ms
[2024-08-22T10:18:24.908+0000][gc,heap       ] GC(103) Eden regions: 611->0(611)
[2024-08-22T10:18:24.908+0000][gc,heap       ] GC(103) Survivor regions: 3->3(77)
[2024-08-22T10:18:24.908+0000][gc,heap       ] GC(103) Old regions: 19->19
[2024-08-22T10:18:24.908+0000][gc,heap       ] GC(103) Humongous regions: 129->129
[2024-08-22T10:18:24.908+0000][gc,metaspace  ] GC(103) Metaspace: 45678K(48768K)->45678K(48768K) NonClass: 39809K(41472K)->39809K(41472K) Class: 5868K(7296K)->5868K(7296K)
[2024-08-22T10:18:24.908+0000][gc            ] GC(103) Pause Young (Normal) (G1 Evacuation Pause) 760M->149M(1024M) 3.381ms
[2024-08-22T10:18:24.908+0000][gc,cpu        ] GC(103) User=0.01s Sys=0.00s Real=0.01s
[2024-08-22T12:24:19.905+0000][gc,start      ] GC(104) Pause Young (Normal) (G1 Evacuation Pause)
[2024-08-22T12:24:19.905+0000][gc,task       ] GC(104) Using 4 workers of 4 for evacuation
[2024-08-22T12:24:19.909+0000][gc,phases     ] GC(104)   Pre Evacuate Collection Set: 0.0ms
[2024-08-22T12:24:19.909+0000][gc,phases     ] GC(104)   Evacuate Collection Set: 3.3ms
[2024-08-22T12:24:19.909+0000][gc,phases     ] GC(104)   Post Evacuate Collection Set: 0.4ms
[2024-08-22T12:24:19.909+0000][gc,phases     ] GC(104)   Other: 0.1ms
[2024-08-22T12:24:19.909+0000][gc,heap       ] GC(104) Eden regions: 611->0(611)
[2024-08-22T12:24:19.909+0000][gc,heap       ] GC(104) Survivor regions: 3->3(77)
[2024-08-22T12:24:19.909+0000][gc,heap       ] GC(104) Old regions: 19->19
[2024-08-22T12:24:19.909+0000][gc,heap       ] GC(104) Humongous regions: 129->129
[2024-08-22T12:24:19.909+0000][gc,metaspace  ] GC(104) Metaspace: 45678K(48768K)->45678K(48768K) NonClass: 39809K(41472K)->39809K(41472K) Class: 5868K(7296K)->5868K(7296K)
[2024-08-22T12:24:19.909+0000][gc            ] GC(104) Pause Young (Normal) (G1 Evacuation Pause) 760M->149M(1024M) 3.936ms
[2024-08-22T12:24:19.909+0000][gc,cpu        ] GC(104) User=0.01s Sys=0.00s Real=0.01s
[2024-08-22T14:30:24.233+0000][gc,start      ] GC(105) Pause Young (Normal) (G1 Evacuation Pause)
[2024-08-22T14:30:24.233+0000][gc,task       ] GC(105) Using 4 workers of 4 for evacuation
[2024-08-22T14:30:24.237+0000][gc,phases     ] GC(105)   Pre Evacuate Collection Set: 0.0ms
[2024-08-22T14:30:24.237+0000][gc,phases     ] GC(105)   Evacuate Collection Set: 3.2ms
[2024-08-22T14:30:24.237+0000][gc,phases     ] GC(105)   Post Evacuate Collection Set: 0.5ms
[2024-08-22T14:30:24.237+0000][gc,phases     ] GC(105)   Other: 0.2ms
[2024-08-22T14:30:24.237+0000][gc,heap       ] GC(105) Eden regions: 611->0(610)
[2024-08-22T14:30:24.237+0000][gc,heap       ] GC(105) Survivor regions: 3->4(77)
[2024-08-22T14:30:24.237+0000][gc,heap       ] GC(105) Old regions: 19->19
[2024-08-22T14:30:24.237+0000][gc,heap       ] GC(105) Humongous regions: 129->129
[2024-08-22T14:30:24.237+0000][gc,metaspace  ] GC(105) Metaspace: 45678K(48768K)->45678K(48768K) NonClass: 39809K(41472K)->39809K(41472K) Class: 5868K(7296K)->5868K(7296K)
[2024-08-22T14:30:24.237+0000][gc            ] GC(105) Pause Young (Normal) (G1 Evacuation Pause) 760M->149M(1024M) 3.917ms
[2024-08-22T14:30:24.237+0000][gc,cpu        ] GC(105) User=0.02s Sys=0.00s Real=0.01s
[2024-08-22T16:36:10.931+0000][gc,start      ] GC(106) Pause Young (Normal) (G1 Evacuation Pause)
[2024-08-22T16:36:10.931+0000][gc,task       ] GC(106) Using 4 workers of 4 for evacuation
[2024-08-22T16:36:10.936+0000][gc,phases     ] GC(106)   Pre Evacuate Collection Set: 0.0ms
[2024-08-22T16:36:10.936+0000][gc,phases     ] GC(106)   Evacuate Collection Set: 3.4ms
[2024-08-22T16:36:10.936+0000][gc,phases     ] GC(106)   Post Evacuate Collection Set: 0.5ms
[2024-08-22T16:36:10.936+0000][gc,phases     ] GC(106)   Other: 0.2ms
[2024-08-22T16:36:10.936+0000][gc,heap       ] GC(106) Eden regions: 610->0(610)
[2024-08-22T16:36:10.936+0000][gc,heap       ] GC(106) Survivor regions: 4->4(77)
[2024-08-22T16:36:10.936+0000][gc,heap       ] GC(106) Old regions: 19->19
[2024-08-22T16:36:10.936+0000][gc,heap       ] GC(106) Humongous regions: 129->129
[2024-08-22T16:36:10.936+0000][gc,metaspace  ] GC(106) Metaspace: 45678K(48768K)->45678K(48768K) NonClass: 39809K(41472K)->39809K(41472K) Class: 5868K(7296K)->5868K(7296K)
[2024-08-22T16:36:10.936+0000][gc            ] GC(106) Pause Young (Normal) (G1 Evacuation Pause) 759M->149M(1024M) 4.213ms
[2024-08-22T16:36:10.936+0000][gc,cpu        ] GC(106) User=0.01s Sys=0.00s Real=0.00s
[2024-08-22T18:41:53.948+0000][gc,start      ] GC(107) Pause Young (Normal) (G1 Evacuation Pause)
[2024-08-22T18:41:53.949+0000][gc,task       ] GC(107) Using 4 workers of 4 for evacuation
[2024-08-22T18:41:53.952+0000][gc,phases     ] GC(107)   Pre Evacuate Collection Set: 0.0ms
[2024-08-22T18:41:53.952+0000][gc,phases     ] GC(107)   Evacuate Collection Set: 2.9ms
[2024-08-22T18:41:53.952+0000][gc,phases     ] GC(107)   Post Evacuate Collection Set: 0.4ms
[2024-08-22T18:41:53.952+0000][gc,phases     ] GC(107)   Other: 0.8ms
[2024-08-22T18:41:53.952+0000][gc,heap       ] GC(107) Eden regions: 610->0(610)
[2024-08-22T18:41:53.952+0000][gc,heap       ] GC(107) Survivor regions: 4->4(77)
[2024-08-22T18:41:53.952+0000][gc,heap       ] GC(107) Old regions: 19->19
[2024-08-22T18:41:53.952+0000][gc,heap       ] GC(107) Humongous regions: 129->129
[2024-08-22T18:41:53.952+0000][gc,metaspace  ] GC(107) Metaspace: 45678K(48768K)->45678K(48768K) NonClass: 39809K(41472K)->39809K(41472K) Class: 5868K(7296K)->5868K(7296K)
[2024-08-22T18:41:53.952+0000][gc            ] GC(107) Pause Young (Normal) (G1 Evacuation Pause) 759M->149M(1024M) 4.112ms
[2024-08-22T18:41:53.952+0000][gc,cpu        ] GC(107) User=0.00s Sys=0.01s Real=0.01s
[2024-08-22T20:47:30.915+0000][gc,start      ] GC(108) Pause Young (Normal) (G1 Evacuation Pause)
[2024-08-22T20:47:30.915+0000][gc,task       ] GC(108) Using 4 workers of 4 for evacuation
[2024-08-22T20:47:30.919+0000][gc,phases     ] GC(108)   Pre Evacuate Collection Set: 0.0ms
[2024-08-22T20:47:30.919+0000][gc,phases     ] GC(108)   Evacuate Collection Set: 2.9ms
[2024-08-22T20:47:30.919+0000][gc,phases     ] GC(108)   Post Evacuate Collection Set: 0.8ms
[2024-08-22T20:47:30.919+0000][gc,phases     ] GC(108)   Other: 0.2ms
[2024-08-22T20:47:30.919+0000][gc,heap       ] GC(108) Eden regions: 610->0(610)
[2024-08-22T20:47:30.919+0000][gc,heap       ] GC(108) Survivor regions: 4->4(77)
[2024-08-22T20:47:30.919+0000][gc,heap       ] GC(108) Old regions: 19->19
[2024-08-22T20:47:30.919+0000][gc,heap       ] GC(108) Humongous regions: 129->129
[2024-08-22T20:47:30.919+0000][gc,metaspace  ] GC(108) Metaspace: 45747K(48768K)->45747K(48768K) NonClass: 39864K(41472K)->39864K(41472K) Class: 5883K(7296K)->5883K(7296K)
[2024-08-22T20:47:30.919+0000][gc            ] GC(108) Pause Young (Normal) (G1 Evacuation Pause) 759M->150M(1024M) 3.926ms
[2024-08-22T20:47:30.919+0000][gc,cpu        ] GC(108) User=0.01s Sys=0.00s Real=0.01s
[2024-08-22T22:52:28.920+0000][gc,start      ] GC(109) Pause Young (Normal) (G1 Evacuation Pause)
[2024-08-22T22:52:28.920+0000][gc,task       ] GC(109) Using 4 workers of 4 for evacuation
[2024-08-22T22:52:28.924+0000][gc,phases     ] GC(109)   Pre Evacuate Collection Set: 0.0ms
[2024-08-22T22:52:28.924+0000][gc,phases     ] GC(109)   Evacuate Collection Set: 3.3ms
[2024-08-22T22:52:28.924+0000][gc,phases     ] GC(109)   Post Evacuate Collection Set: 0.4ms
[2024-08-22T22:52:28.924+0000][gc,phases     ] GC(109)   Other: 0.2ms
[2024-08-22T22:52:28.924+0000][gc,heap       ] GC(109) Eden regions: 610->0(610)
[2024-08-22T22:52:28.924+0000][gc,heap       ] GC(109) Survivor regions: 4->4(77)
[2024-08-22T22:52:28.924+0000][gc,heap       ] GC(109) Old regions: 19->19
[2024-08-22T22:52:28.924+0000][gc,heap       ] GC(109) Humongous regions: 129->129
[2024-08-22T22:52:28.924+0000][gc,metaspace  ] GC(109) Metaspace: 45747K(48768K)->45747K(48768K) NonClass: 39864K(41472K)->39864K(41472K) Class: 5883K(7296K)->5883K(7296K)
[2024-08-22T22:52:28.924+0000][gc            ] GC(109) Pause Young (Normal) (G1 Evacuation Pause) 760M->150M(1024M) 3.958ms
[2024-08-22T22:52:28.924+0000][gc,cpu        ] GC(109) User=0.01s Sys=0.00s Real=0.00s
[2024-08-23T00:57:26.847+0000][gc,start      ] GC(110) Pause Young (Normal) (G1 Evacuation Pause)
[2024-08-23T00:57:26.847+0000][gc,task       ] GC(110) Using 4 workers of 4 for evacuation
[2024-08-23T00:57:26.851+0000][gc,phases     ] GC(110)   Pre Evacuate Collection Set: 0.0ms
[2024-08-23T00:57:26.851+0000][gc,phases     ] GC(110)   Evacuate Collection Set: 3.1ms
[2024-08-23T00:57:26.851+0000][gc,phases     ] GC(110)   Post Evacuate Collection Set: 1.0ms
[2024-08-23T00:57:26.851+0000][gc,phases     ] GC(110)   Other: 0.6ms
[2024-08-23T00:57:26.851+0000][gc,heap       ] GC(110) Eden regions: 610->0(610)
[2024-08-23T00:57:26.851+0000][gc,heap       ] GC(110) Survivor regions: 4->4(77)
[2024-08-23T00:57:26.851+0000][gc,heap       ] GC(110) Old regions: 19->19
[2024-08-23T00:57:26.851+0000][gc,heap       ] GC(110) Humongous regions: 129->129
[2024-08-23T00:57:26.851+0000][gc,metaspace  ] GC(110) Metaspace: 45747K(48768K)->45747K(48768K) NonClass: 39864K(41472K)->39864K(41472K) Class: 5883K(7296K)->5883K(7296K)
[2024-08-23T00:57:26.851+0000][gc            ] GC(110) Pause Young (Normal) (G1 Evacuation Pause) 760M->150M(1024M) 4.901ms
[2024-08-23T00:57:26.851+0000][gc,cpu        ] GC(110) User=0.02s Sys=0.00s Real=0.01s
[2024-08-23T03:02:33.540+0000][gc,start      ] GC(111) Pause Young (Normal) (G1 Evacuation Pause)
[2024-08-23T03:02:33.540+0000][gc,task       ] GC(111) Using 4 workers of 4 for evacuation
[2024-08-23T03:02:33.545+0000][gc,phases     ] GC(111)   Pre Evacuate Collection Set: 0.0ms
[2024-08-23T03:02:33.545+0000][gc,phases     ] GC(111)   Evacuate Collection Set: 3.6ms
[2024-08-23T03:02:33.545+0000][gc,phases     ] GC(111)   Post Evacuate Collection Set: 1.1ms
[2024-08-23T03:02:33.545+0000][gc,phases     ] GC(111)   Other: 0.2ms
[2024-08-23T03:02:33.545+0000][gc,heap       ] GC(111) Eden regions: 610->0(610)
[2024-08-23T03:02:33.545+0000][gc,heap       ] GC(111) Survivor regions: 4->4(77)
[2024-08-23T03:02:33.545+0000][gc,heap       ] GC(111) Old regions: 19->19
[2024-08-23T03:02:33.545+0000][gc,heap       ] GC(111) Humongous regions: 129->129
[2024-08-23T03:02:33.545+0000][gc,metaspace  ] GC(111) Metaspace: 45748K(48768K)->45748K(48768K) NonClass: 39865K(41472K)->39865K(41472K) Class: 5883K(7296K)->5883K(7296K)
[2024-08-23T03:02:33.545+0000][gc            ] GC(111) Pause Young (Normal) (G1 Evacuation Pause) 760M->149M(1024M) 4.859ms
[2024-08-23T03:02:33.545+0000][gc,cpu        ] GC(111) User=0.01s Sys=0.00s Real=0.00s
[2024-08-23T05:07:37.375+0000][gc,start      ] GC(112) Pause Young (Normal) (G1 Evacuation Pause)
[2024-08-23T05:07:37.375+0000][gc,task       ] GC(112) Using 4 workers of 4 for evacuation
[2024-08-23T05:07:37.379+0000][gc,phases     ] GC(112)   Pre Evacuate Collection Set: 0.0ms
[2024-08-23T05:07:37.379+0000][gc,phases     ] GC(112)   Evacuate Collection Set: 3.6ms
[2024-08-23T05:07:37.379+0000][gc,phases     ] GC(112)   Post Evacuate Collection Set: 0.4ms
[2024-08-23T05:07:37.379+0000][gc,phases     ] GC(112)   Other: 0.2ms
[2024-08-23T05:07:37.379+0000][gc,heap       ] GC(112) Eden regions: 610->0(610)
[2024-08-23T05:07:37.379+0000][gc,heap       ] GC(112) Survivor regions: 4->4(77)
[2024-08-23T05:07:37.379+0000][gc,heap       ] GC(112) Old regions: 19->19
[2024-08-23T05:07:37.379+0000][gc,heap       ] GC(112) Humongous regions: 129->129
[2024-08-23T05:07:37.379+0000][gc,metaspace  ] GC(112) Metaspace: 45749K(48768K)->45749K(48768K) NonClass: 39866K(41472K)->39866K(41472K) Class: 5883K(7296K)->5883K(7296K)
[2024-08-23T05:07:37.379+0000][gc            ] GC(112) Pause Young (Normal) (G1 Evacuation Pause) 759M->149M(1024M) 4.235ms
[2024-08-23T05:07:37.380+0000][gc,cpu        ] GC(112) User=0.01s Sys=0.00s Real=0.01s
[2024-08-23T07:12:33.856+0000][gc,start      ] GC(113) Pause Young (Normal) (G1 Evacuation Pause)
[2024-08-23T07:12:33.857+0000][gc,task       ] GC(113) Using 4 workers of 4 for evacuation
[2024-08-23T07:12:33.860+0000][gc,phases     ] GC(113)   Pre Evacuate Collection Set: 0.0ms
[2024-08-23T07:12:33.860+0000][gc,phases     ] GC(113)   Evacuate Collection Set: 2.8ms
[2024-08-23T07:12:33.860+0000][gc,phases     ] GC(113)   Post Evacuate Collection Set: 0.4ms
[2024-08-23T07:12:33.860+0000][gc,phases     ] GC(113)   Other: 0.9ms
[2024-08-23T07:12:33.860+0000][gc,heap       ] GC(113) Eden regions: 610->0(610)
[2024-08-23T07:12:33.860+0000][gc,heap       ] GC(113) Survivor regions: 4->4(77)
[2024-08-23T07:12:33.860+0000][gc,heap       ] GC(113) Old regions: 19->19
[2024-08-23T07:12:33.860+0000][gc,heap       ] GC(113) Humongous regions: 129->129
[2024-08-23T07:12:33.860+0000][gc,metaspace  ] GC(113) Metaspace: 45749K(48768K)->45749K(48768K) NonClass: 39866K(41472K)->39866K(41472K) Class: 5883K(7296K)->5883K(7296K)
[2024-08-23T07:12:33.861+0000][gc            ] GC(113) Pause Young (Normal) (G1 Evacuation Pause) 759M->149M(1024M) 4.337ms
[2024-08-23T07:12:33.861+0000][gc,cpu        ] GC(113) User=0.00s Sys=0.01s Real=0.00s
[2024-08-23T09:16:52.463+0000][gc,start      ] GC(114) Pause Young (Normal) (G1 Evacuation Pause)
[2024-08-23T09:16:52.463+0000][gc,task       ] GC(114) Using 4 workers of 4 for evacuation
[2024-08-23T09:16:52.466+0000][gc,phases     ] GC(114)   Pre Evacuate Collection Set: 0.0ms
[2024-08-23T09:16:52.466+0000][gc,phases     ] GC(114)   Evacuate Collection Set: 2.3ms
[2024-08-23T09:16:52.466+0000][gc,phases     ] GC(114)   Post Evacuate Collection Set: 0.4ms
[2024-08-23T09:16:52.466+0000][gc,phases     ] GC(114)   Other: 0.4ms
[2024-08-23T09:16:52.466+0000][gc,heap       ] GC(114) Eden regions: 610->0(611)
[2024-08-23T09:16:52.466+0000][gc,heap       ] GC(114) Survivor regions: 4->3(77)
[2024-08-23T09:16:52.466+0000][gc,heap       ] GC(114) Old regions: 19->19
[2024-08-23T09:16:52.466+0000][gc,heap       ] GC(114) Humongous regions: 129->129
[2024-08-23T09:16:52.466+0000][gc,metaspace  ] GC(114) Metaspace: 45749K(48768K)->45749K(48768K) NonClass: 39866K(41472K)->39866K(41472K) Class: 5883K(7296K)->5883K(7296K)
[2024-08-23T09:16:52.466+0000][gc            ] GC(114) Pause Young (Normal) (G1 Evacuation Pause) 759M->149M(1024M) 3.173ms
[2024-08-23T09:16:52.466+0000][gc,cpu        ] GC(114) User=0.01s Sys=0.00s Real=0.00s
[2024-08-23T11:21:57.056+0000][gc,start      ] GC(115) Pause Young (Normal) (G1 Evacuation Pause)
[2024-08-23T11:21:57.056+0000][gc,task       ] GC(115) Using 4 workers of 4 for evacuation
[2024-08-23T11:21:57.059+0000][gc,phases     ] GC(115)   Pre Evacuate Collection Set: 0.0ms
[2024-08-23T11:21:57.059+0000][gc,phases     ] GC(115)   Evacuate Collection Set: 2.5ms
[2024-08-23T11:21:57.059+0000][gc,phases     ] GC(115)   Post Evacuate Collection Set: 0.4ms
[2024-08-23T11:21:57.059+0000][gc,phases     ] GC(115)   Other: 0.2ms
[2024-08-23T11:21:57.059+0000][gc,heap       ] GC(115) Eden regions: 611->0(611)
[2024-08-23T11:21:57.059+0000][gc,heap       ] GC(115) Survivor regions: 3->3(77)
[2024-08-23T11:21:57.059+0000][gc,heap       ] GC(115) Old regions: 19->19
[2024-08-23T11:21:57.059+0000][gc,heap       ] GC(115) Humongous regions: 129->129
[2024-08-23T11:21:57.059+0000][gc,metaspace  ] GC(115) Metaspace: 45749K(48768K)->45749K(48768K) NonClass: 39866K(41472K)->39866K(41472K) Class: 5883K(7296K)->5883K(7296K)
[2024-08-23T11:21:57.059+0000][gc            ] GC(115) Pause Young (Normal) (G1 Evacuation Pause) 760M->149M(1024M) 3.105ms
[2024-08-23T11:21:57.059+0000][gc,cpu        ] GC(115) User=0.01s Sys=0.00s Real=0.01s
[2024-08-23T13:27:08.995+0000][gc,start      ] GC(116) Pause Young (Normal) (G1 Evacuation Pause)
[2024-08-23T13:27:08.995+0000][gc,task       ] GC(116) Using 4 workers of 4 for evacuation
[2024-08-23T13:27:08.999+0000][gc,phases     ] GC(116)   Pre Evacuate Collection Set: 0.0ms
[2024-08-23T13:27:08.999+0000][gc,phases     ] GC(116)   Evacuate Collection Set: 3.1ms
[2024-08-23T13:27:08.999+0000][gc,phases     ] GC(116)   Post Evacuate Collection Set: 0.4ms
[2024-08-23T13:27:08.999+0000][gc,phases     ] GC(116)   Other: 0.4ms
[2024-08-23T13:27:08.999+0000][gc,heap       ] GC(116) Eden regions: 611->0(611)
[2024-08-23T13:27:08.999+0000][gc,heap       ] GC(116) Survivor regions: 3->3(77)
[2024-08-23T13:27:08.999+0000][gc,heap       ] GC(116) Old regions: 19->19
[2024-08-23T13:27:08.999+0000][gc,heap       ] GC(116) Humongous regions: 129->129
[2024-08-23T13:27:08.999+0000][gc,metaspace  ] GC(116) Metaspace: 45749K(48768K)->45749K(48768K) NonClass: 39866K(41472K)->39866K(41472K) Class: 5883K(7296K)->5883K(7296K)
[2024-08-23T13:27:08.999+0000][gc            ] GC(116) Pause Young (Normal) (G1 Evacuation Pause) 760M->149M(1024M) 4.004ms
[2024-08-23T13:27:08.999+0000][gc,cpu        ] GC(116) User=0.01s Sys=0.00s Real=0.01s
[2024-08-23T15:32:22.206+0000][gc,start      ] GC(117) Pause Young (Normal) (G1 Evacuation Pause)
[2024-08-23T15:32:22.206+0000][gc,task       ] GC(117) Using 4 workers of 4 for evacuation
[2024-08-23T15:32:22.211+0000][gc,phases     ] GC(117)   Pre Evacuate Collection Set: 0.0ms
[2024-08-23T15:32:22.211+0000][gc,phases     ] GC(117)   Evacuate Collection Set: 3.8ms
[2024-08-23T15:32:22.211+0000][gc,phases     ] GC(117)   Post Evacuate Collection Set: 0.4ms
[2024-08-23T15:32:22.211+0000][gc,phases     ] GC(117)   Other: 0.4ms
[2024-08-23T15:32:22.211+0000][gc,heap       ] GC(117) Eden regions: 611->0(611)
[2024-08-23T15:32:22.211+0000][gc,heap       ] GC(117) Survivor regions: 3->3(77)
[2024-08-23T15:32:22.211+0000][gc,heap       ] GC(117) Old regions: 19->19
[2024-08-23T15:32:22.211+0000][gc,heap       ] GC(117) Humongous regions: 129->129
[2024-08-23T15:32:22.211+0000][gc,metaspace  ] GC(117) Metaspace: 45751K(48768K)->45751K(48768K) NonClass: 39867K(41472K)->39867K(41472K) Class: 5883K(7296K)->5883K(7296K)
[2024-08-23T15:32:22.211+0000][gc            ] GC(117) Pause Young (Normal) (G1 Evacuation Pause) 760M->149M(1024M) 4.727ms
[2024-08-23T15:32:22.211+0000][gc,cpu        ] GC(117) User=0.01s Sys=0.00s Real=0.01s
[2024-08-23T17:37:31.525+0000][gc,start      ] GC(118) Pause Young (Normal) (G1 Evacuation Pause)
[2024-08-23T17:37:31.525+0000][gc,task       ] GC(118) Using 4 workers of 4 for evacuation
[2024-08-23T17:37:31.528+0000][gc,phases     ] GC(118)   Pre Evacuate Collection Set: 0.0ms
[2024-08-23T17:37:31.528+0000][gc,phases     ] GC(118)   Evacuate Collection Set: 2.1ms
[2024-08-23T17:37:31.528+0000][gc,phases     ] GC(118)   Post Evacuate Collection Set: 0.4ms
[2024-08-23T17:37:31.528+0000][gc,phases     ] GC(118)   Other: 0.5ms
[2024-08-23T17:37:31.528+0000][gc,heap       ] GC(118) Eden regions: 611->0(611)
[2024-08-23T17:37:31.528+0000][gc,heap       ] GC(118) Survivor regions: 3->3(77)
[2024-08-23T17:37:31.528+0000][gc,heap       ] GC(118) Old regions: 19->19
[2024-08-23T17:37:31.528+0000][gc,heap       ] GC(118) Humongous regions: 129->129
[2024-08-23T17:37:31.528+0000][gc,metaspace  ] GC(118) Metaspace: 45751K(48768K)->45751K(48768K) NonClass: 39867K(41472K)->39867K(41472K) Class: 5883K(7296K)->5883K(7296K)
[2024-08-23T17:37:31.528+0000][gc            ] GC(118) Pause Young (Normal) (G1 Evacuation Pause) 760M->149M(1024M) 2.984ms
[2024-08-23T17:37:31.528+0000][gc,cpu        ] GC(118) User=0.01s Sys=0.00s Real=0.00s
[2024-08-23T19:42:30.875+0000][gc,start      ] GC(119) Pause Young (Normal) (G1 Evacuation Pause)
[2024-08-23T19:42:30.875+0000][gc,task       ] GC(119) Using 4 workers of 4 for evacuation
[2024-08-23T19:42:30.878+0000][gc,phases     ] GC(119)   Pre Evacuate Collection Set: 0.0ms
[2024-08-23T19:42:30.878+0000][gc,phases     ] GC(119)   Evacuate Collection Set: 3.0ms
[2024-08-23T19:42:30.879+0000][gc,phases     ] GC(119)   Post Evacuate Collection Set: 0.4ms
[2024-08-23T19:42:30.879+0000][gc,phases     ] GC(119)   Other: 0.1ms
[2024-08-23T19:42:30.879+0000][gc,heap       ] GC(119) Eden regions: 611->0(611)
[2024-08-23T19:42:30.879+0000][gc,heap       ] GC(119) Survivor regions: 3->3(77)
[2024-08-23T19:42:30.879+0000][gc,heap       ] GC(119) Old regions: 19->19
[2024-08-23T19:42:30.879+0000][gc,heap       ] GC(119) Humongous regions: 129->129
[2024-08-23T19:42:30.879+0000][gc,metaspace  ] GC(119) Metaspace: 45751K(48768K)->45751K(48768K) NonClass: 39868K(41472K)->39868K(41472K) Class: 5883K(7296K)->5883K(7296K)
[2024-08-23T19:42:30.879+0000][gc            ] GC(119) Pause Young (Normal) (G1 Evacuation Pause) 760M->148M(1024M) 3.610ms
[2024-08-23T19:42:30.879+0000][gc,cpu        ] GC(119) User=0.01s Sys=0.00s Real=0.01s
[2024-08-23T21:47:34.905+0000][gc,start      ] GC(120) Pause Young (Normal) (G1 Evacuation Pause)
[2024-08-23T21:47:34.905+0000][gc,task       ] GC(120) Using 4 workers of 4 for evacuation
[2024-08-23T21:47:34.909+0000][gc,phases     ] GC(120)   Pre Evacuate Collection Set: 0.0ms
[2024-08-23T21:47:34.909+0000][gc,phases     ] GC(120)   Evacuate Collection Set: 2.9ms
[2024-08-23T21:47:34.909+0000][gc,phases     ] GC(120)   Post Evacuate Collection Set: 0.5ms
[2024-08-23T21:47:34.909+0000][gc,phases     ] GC(120)   Other: 0.9ms
[2024-08-23T21:47:34.909+0000][gc,heap       ] GC(120) Eden regions: 611->0(611)
[2024-08-23T21:47:34.909+0000][gc,heap       ] GC(120) Survivor regions: 3->3(77)
[2024-08-23T21:47:34.909+0000][gc,heap       ] GC(120) Old regions: 19->19
[2024-08-23T21:47:34.909+0000][gc,heap       ] GC(120) Humongous regions: 129->129
[2024-08-23T21:47:34.909+0000][gc,metaspace  ] GC(120) Metaspace: 45751K(48768K)->45751K(48768K) NonClass: 39868K(41472K)->39868K(41472K) Class: 5883K(7296K)->5883K(7296K)
[2024-08-23T21:47:34.909+0000][gc            ] GC(120) Pause Young (Normal) (G1 Evacuation Pause) 759M->149M(1024M) 4.583ms
[2024-08-23T21:47:34.909+0000][gc,cpu        ] GC(120) User=0.01s Sys=0.00s Real=0.01s
[2024-08-23T23:52:50.129+0000][gc,start      ] GC(121) Pause Young (Normal) (G1 Evacuation Pause)
[2024-08-23T23:52:50.129+0000][gc,task       ] GC(121) Using 4 workers of 4 for evacuation
[2024-08-23T23:52:50.132+0000][gc,phases     ] GC(121)   Pre Evacuate Collection Set: 0.0ms
[2024-08-23T23:52:50.132+0000][gc,phases     ] GC(121)   Evacuate Collection Set: 2.2ms
[2024-08-23T23:52:50.132+0000][gc,phases     ] GC(121)   Post Evacuate Collection Set: 0.4ms
[2024-08-23T23:52:50.132+0000][gc,phases     ] GC(121)   Other: 0.3ms
[2024-08-23T23:52:50.132+0000][gc,heap       ] GC(121) Eden regions: 611->0(611)
[2024-08-23T23:52:50.132+0000][gc,heap       ] GC(121) Survivor regions: 3->3(77)
[2024-08-23T23:52:50.132+0000][gc,heap       ] GC(121) Old regions: 19->19
[2024-08-23T23:52:50.132+0000][gc,heap       ] GC(121) Humongous regions: 178->178
[2024-08-23T23:52:50.132+0000][gc,metaspace  ] GC(121) Metaspace: 45760K(48768K)->45760K(48768K) NonClass: 39877K(41472K)->39877K(41472K) Class: 5883K(7296K)->5883K(7296K)
[2024-08-23T23:52:50.132+0000][gc            ] GC(121) Pause Young (Normal) (G1 Evacuation Pause) 809M->198M(1024M) 2.828ms
[2024-08-23T23:52:50.132+0000][gc,cpu        ] GC(121) User=0.01s Sys=0.00s Real=0.00s
[2024-08-24T01:58:02.749+0000][gc,start      ] GC(122) Pause Young (Normal) (G1 Evacuation Pause)
[2024-08-24T01:58:02.749+0000][gc,task       ] GC(122) Using 4 workers of 4 for evacuation
[2024-08-24T01:58:02.752+0000][gc,phases     ] GC(122)   Pre Evacuate Collection Set: 0.0ms
[2024-08-24T01:58:02.752+0000][gc,phases     ] GC(122)   Evacuate Collection Set: 2.0ms
[2024-08-24T01:58:02.752+0000][gc,phases     ] GC(122)   Post Evacuate Collection Set: 0.6ms
[2024-08-24T01:58:02.752+0000][gc,phases     ] GC(122)   Other: 0.5ms
[2024-08-24T01:58:02.752+0000][gc,heap       ] GC(122) Eden regions: 611->0(611)
[2024-08-24T01:58:02.752+0000][gc,heap       ] GC(122) Survivor regions: 3->3(77)
[2024-08-24T01:58:02.752+0000][gc,heap       ] GC(122) Old regions: 19->19
[2024-08-24T01:58:02.752+0000][gc,heap       ] GC(122) Humongous regions: 178->129
[2024-08-24T01:58:02.752+0000][gc,metaspace  ] GC(122) Metaspace: 45760K(48768K)->45760K(48768K) NonClass: 39877K(41472K)->39877K(41472K) Class: 5883K(7296K)->5883K(7296K)
[2024-08-24T01:58:02.752+0000][gc            ] GC(122) Pause Young (Normal) (G1 Evacuation Pause) 809M->148M(1024M) 3.149ms
[2024-08-24T01:58:02.752+0000][gc,cpu        ] GC(122) User=0.01s Sys=0.01s Real=0.00s
[2024-08-24T04:03:17.880+0000][gc,start      ] GC(123) Pause Young (Normal) (G1 Evacuation Pause)
[2024-08-24T04:03:17.880+0000][gc,task       ] GC(123) Using 4 workers of 4 for evacuation
[2024-08-24T04:03:17.882+0000][gc,phases     ] GC(123)   Pre Evacuate Collection Set: 0.0ms
[2024-08-24T04:03:17.882+0000][gc,phases     ] GC(123)   Evacuate Collection Set: 2.2ms
[2024-08-24T04:03:17.883+0000][gc,phases     ] GC(123)   Post Evacuate Collection Set: 0.4ms
[2024-08-24T04:03:17.883+0000][gc,phases     ] GC(123)   Other: 0.2ms
[2024-08-24T04:03:17.883+0000][gc,heap       ] GC(123) Eden regions: 611->0(611)
[2024-08-24T04:03:17.883+0000][gc,heap       ] GC(123) Survivor regions: 3->3(77)
[2024-08-24T04:03:17.883+0000][gc,heap       ] GC(123) Old regions: 19->19
[2024-08-24T04:03:17.883+0000][gc,heap       ] GC(123) Humongous regions: 129->129
[2024-08-24T04:03:17.883+0000][gc,metaspace  ] GC(123) Metaspace: 45760K(48768K)->45760K(48768K) NonClass: 39877K(41472K)->39877K(41472K) Class: 5883K(7296K)->5883K(7296K)
[2024-08-24T04:03:17.883+0000][gc            ] GC(123) Pause Young (Normal) (G1 Evacuation Pause) 759M->148M(1024M) 2.944ms
[2024-08-24T04:03:17.883+0000][gc,cpu        ] GC(123) User=0.01s Sys=0.00s Real=0.00s
[2024-08-24T06:08:32.159+0000][gc,start      ] GC(124) Pause Young (Normal) (G1 Evacuation Pause)
[2024-08-24T06:08:32.159+0000][gc,task       ] GC(124) Using 4 workers of 4 for evacuation
[2024-08-24T06:08:32.162+0000][gc,phases     ] GC(124)   Pre Evacuate Collection Set: 0.0ms
[2024-08-24T06:08:32.162+0000][gc,phases     ] GC(124)   Evacuate Collection Set: 2.7ms
[2024-08-24T06:08:32.162+0000][gc,phases     ] GC(124)   Post Evacuate Collection Set: 0.4ms
[2024-08-24T06:08:32.162+0000][gc,phases     ] GC(124)   Other: 0.4ms
[2024-08-24T06:08:32.162+0000][gc,heap       ] GC(124) Eden regions: 611->0(611)
[2024-08-24T06:08:32.162+0000][gc,heap       ] GC(124) Survivor regions: 3->3(77)
[2024-08-24T06:08:32.162+0000][gc,heap       ] GC(124) Old regions: 19->19
[2024-08-24T06:08:32.162+0000][gc,heap       ] GC(124) Humongous regions: 178->129
[2024-08-24T06:08:32.162+0000][gc,metaspace  ] GC(124) Metaspace: 45762K(48768K)->45762K(48768K) NonClass: 39879K(41472K)->39879K(41472K) Class: 5883K(7296K)->5883K(7296K)
[2024-08-24T06:08:32.162+0000][gc            ] GC(124) Pause Young (Normal) (G1 Evacuation Pause) 808M->148M(1024M) 3.609ms
[2024-08-24T06:08:32.162+0000][gc,cpu        ] GC(124) User=0.00s Sys=0.00s Real=0.00s
[2024-08-24T08:13:36.854+0000][gc,start      ] GC(125) Pause Young (Normal) (G1 Evacuation Pause)
[2024-08-24T08:13:36.854+0000][gc,task       ] GC(125) Using 4 workers of 4 for evacuation
[2024-08-24T08:13:36.857+0000][gc,phases     ] GC(125)   Pre Evacuate Collection Set: 0.0ms
[2024-08-24T08:13:36.857+0000][gc,phases     ] GC(125)   Evacuate Collection Set: 2.7ms
[2024-08-24T08:13:36.857+0000][gc,phases     ] GC(125)   Post Evacuate Collection Set: 0.3ms
[2024-08-24T08:13:36.857+0000][gc,phases     ] GC(125)   Other: 0.5ms
[2024-08-24T08:13:36.857+0000][gc,heap       ] GC(125) Eden regions: 611->0(610)
[2024-08-24T08:13:36.858+0000][gc,heap       ] GC(125) Survivor regions: 3->4(77)
[2024-08-24T08:13:36.858+0000][gc,heap       ] GC(125) Old regions: 19->19
[2024-08-24T08:13:36.858+0000][gc,heap       ] GC(125) Humongous regions: 129->129
[2024-08-24T08:13:36.858+0000][gc,metaspace  ] GC(125) Metaspace: 45762K(48768K)->45762K(48768K) NonClass: 39879K(41472K)->39879K(41472K) Class: 5883K(7296K)->5883K(7296K)
[2024-08-24T08:13:36.858+0000][gc            ] GC(125) Pause Young (Normal) (G1 Evacuation Pause) 759M->150M(1024M) 3.791ms
[2024-08-24T08:13:36.858+0000][gc,cpu        ] GC(125) User=0.01s Sys=0.00s Real=0.01s
[2024-08-24T10:18:03.266+0000][gc,start      ] GC(126) Pause Young (Normal) (G1 Evacuation Pause)
[2024-08-24T10:18:03.267+0000][gc,task       ] GC(126) Using 4 workers of 4 for evacuation
[2024-08-24T10:18:03.271+0000][gc,phases     ] GC(126)   Pre Evacuate Collection Set: 0.0ms
[2024-08-24T10:18:03.271+0000][gc,phases     ] GC(126)   Evacuate Collection Set: 2.8ms
[2024-08-24T10:18:03.271+0000][gc,phases     ] GC(126)   Post Evacuate Collection Set: 0.5ms
[2024-08-24T10:18:03.271+0000][gc,phases     ] GC(126)   Other: 1.4ms
[2024-08-24T10:18:03.271+0000][gc,heap       ] GC(126) Eden regions: 610->0(610)
[2024-08-24T10:18:03.271+0000][gc,heap       ] GC(126) Survivor regions: 4->4(77)
[2024-08-24T10:18:03.271+0000][gc,heap       ] GC(126) Old regions: 19->19
[2024-08-24T10:18:03.271+0000][gc,heap       ] GC(126) Humongous regions: 129->129
[2024-08-24T10:18:03.271+0000][gc,metaspace  ] GC(126) Metaspace: 45762K(48768K)->45762K(48768K) NonClass: 39879K(41472K)->39879K(41472K) Class: 5883K(7296K)->5883K(7296K)
[2024-08-24T10:18:03.271+0000][gc            ] GC(126) Pause Young (Normal) (G1 Evacuation Pause) 760M->150M(1024M) 4.740ms
[2024-08-24T10:18:03.271+0000][gc,cpu        ] GC(126) User=0.01s Sys=0.00s Real=0.01s
[2024-08-24T12:22:53.045+0000][gc,start      ] GC(127) Pause Young (Normal) (G1 Evacuation Pause)
[2024-08-24T12:22:53.045+0000][gc,task       ] GC(127) Using 4 workers of 4 for evacuation
[2024-08-24T12:22:53.049+0000][gc,phases     ] GC(127)   Pre Evacuate Collection Set: 0.0ms
[2024-08-24T12:22:53.049+0000][gc,phases     ] GC(127)   Evacuate Collection Set: 3.5ms
[2024-08-24T12:22:53.049+0000][gc,phases     ] GC(127)   Post Evacuate Collection Set: 0.4ms
[2024-08-24T12:22:53.050+0000][gc,phases     ] GC(127)   Other: 0.4ms
[2024-08-24T12:22:53.050+0000][gc,heap       ] GC(127) Eden regions: 610->0(611)
[2024-08-24T12:22:53.050+0000][gc,heap       ] GC(127) Survivor regions: 4->3(77)
[2024-08-24T12:22:53.050+0000][gc,heap       ] GC(127) Old regions: 19->19
[2024-08-24T12:22:53.050+0000][gc,heap       ] GC(127) Humongous regions: 129->129
[2024-08-24T12:22:53.050+0000][gc,metaspace  ] GC(127) Metaspace: 45762K(48768K)->45762K(48768K) NonClass: 39879K(41472K)->39879K(41472K) Class: 5883K(7296K)->5883K(7296K)
[2024-08-24T12:22:53.050+0000][gc            ] GC(127) Pause Young (Normal) (G1 Evacuation Pause) 760M->149M(1024M) 4.582ms
[2024-08-24T12:22:53.050+0000][gc,cpu        ] GC(127) User=0.02s Sys=0.00s Real=0.01s
[2024-08-24T14:28:08.373+0000][gc,start      ] GC(128) Pause Young (Normal) (G1 Evacuation Pause)
[2024-08-24T14:28:08.373+0000][gc,task       ] GC(128) Using 4 workers of 4 for evacuation
[2024-08-24T14:28:08.377+0000][gc,phases     ] GC(128)   Pre Evacuate Collection Set: 0.0ms
[2024-08-24T14:28:08.377+0000][gc,phases     ] GC(128)   Evacuate Collection Set: 3.6ms
[2024-08-24T14:28:08.377+0000][gc,phases     ] GC(128)   Post Evacuate Collection Set: 0.3ms
[2024-08-24T14:28:08.377+0000][gc,phases     ] GC(128)   Other: 0.1ms
[2024-08-24T14:28:08.377+0000][gc,heap       ] GC(128) Eden regions: 611->0(611)
[2024-08-24T14:28:08.377+0000][gc,heap       ] GC(128) Survivor regions: 3->3(77)
[2024-08-24T14:28:08.377+0000][gc,heap       ] GC(128) Old regions: 19->19
[2024-08-24T14:28:08.377+0000][gc,heap       ] GC(128) Humongous regions: 129->129
[2024-08-24T14:28:08.377+0000][gc,metaspace  ] GC(128) Metaspace: 45762K(48768K)->45762K(48768K) NonClass: 39879K(41472K)->39879K(41472K) Class: 5883K(7296K)->5883K(7296K)
[2024-08-24T14:28:08.377+0000][gc            ] GC(128) Pause Young (Normal) (G1 Evacuation Pause) 760M->149M(1024M) 4.124ms
[2024-08-24T14:28:08.377+0000][gc,cpu        ] GC(128) User=0.01s Sys=0.00s Real=0.01s
[2024-08-24T16:33:22.854+0000][gc,start      ] GC(129) Pause Young (Normal) (G1 Evacuation Pause)
[2024-08-24T16:33:22.854+0000][gc,task       ] GC(129) Using 4 workers of 4 for evacuation
[2024-08-24T16:33:22.858+0000][gc,phases     ] GC(129)   Pre Evacuate Collection Set: 0.0ms
[2024-08-24T16:33:22.858+0000][gc,phases     ] GC(129)   Evacuate Collection Set: 2.9ms
[2024-08-24T16:33:22.858+0000][gc,phases     ] GC(129)   Post Evacuate Collection Set: 0.4ms
[2024-08-24T16:33:22.858+0000][gc,phases     ] GC(129)   Other: 0.4ms
[2024-08-24T16:33:22.858+0000][gc,heap       ] GC(129) Eden regions: 611->0(610)
[2024-08-24T16:33:22.858+0000][gc,heap       ] GC(129) Survivor regions: 3->4(77)
[2024-08-24T16:33:22.858+0000][gc,heap       ] GC(129) Old regions: 19->19
[2024-08-24T16:33:22.858+0000][gc,heap       ] GC(129) Humongous regions: 129->129
[2024-08-24T16:33:22.858+0000][gc,metaspace  ] GC(129) Metaspace: 45764K(48768K)->45764K(48768K) NonClass: 39881K(41472K)->39881K(41472K) Class: 5883K(7296K)->5883K(7296K)
[2024-08-24T16:33:22.858+0000][gc            ] GC(129) Pause Young (Normal) (G1 Evacuation Pause) 760M->149M(1024M) 3.761ms
[2024-08-24T16:33:22.858+0000][gc,cpu        ] GC(129) User=0.01s Sys=0.00s Real=0.01s
[2024-08-24T18:38:24.905+0000][gc,start      ] GC(130) Pause Young (Normal) (G1 Evacuation Pause)
[2024-08-24T18:38:24.905+0000][gc,task       ] GC(130) Using 4 workers of 4 for evacuation
[2024-08-24T18:38:24.907+0000][gc,phases     ] GC(130)   Pre Evacuate Collection Set: 0.0ms
[2024-08-24T18:38:24.907+0000][gc,phases     ] GC(130)   Evacuate Collection Set: 2.3ms
[2024-08-24T18:38:24.907+0000][gc,phases     ] GC(130)   Post Evacuate Collection Set: 0.3ms
[2024-08-24T18:38:24.907+0000][gc,phases     ] GC(130)   Other: 0.2ms
[2024-08-24T18:38:24.908+0000][gc,heap       ] GC(130) Eden regions: 610->0(611)
[2024-08-24T18:38:24.908+0000][gc,heap       ] GC(130) Survivor regions: 4->3(77)
[2024-08-24T18:38:24.908+0000][gc,heap       ] GC(130) Old regions: 19->19
[2024-08-24T18:38:24.908+0000][gc,heap       ] GC(130) Humongous regions: 129->129
[2024-08-24T18:38:24.908+0000][gc,metaspace  ] GC(130) Metaspace: 45764K(48768K)->45764K(48768K) NonClass: 39881K(41472K)->39881K(41472K) Class: 5883K(7296K)->5883K(7296K)
[2024-08-24T18:38:24.908+0000][gc            ] GC(130) Pause Young (Normal) (G1 Evacuation Pause) 759M->149M(1024M) 2.849ms
[2024-08-24T18:38:24.908+0000][gc,cpu        ] GC(130) User=0.00s Sys=0.01s Real=0.00s
[2024-08-24T20:43:30.883+0000][gc,start      ] GC(131) Pause Young (Normal) (G1 Evacuation Pause)
[2024-08-24T20:43:30.883+0000][gc,task       ] GC(131) Using 4 workers of 4 for evacuation
[2024-08-24T20:43:30.886+0000][gc,phases     ] GC(131)   Pre Evacuate Collection Set: 0.0ms
[2024-08-24T20:43:30.886+0000][gc,phases     ] GC(131)   Evacuate Collection Set: 2.6ms
[2024-08-24T20:43:30.886+0000][gc,phases     ] GC(131)   Post Evacuate Collection Set: 0.4ms
[2024-08-24T20:43:30.886+0000][gc,phases     ] GC(131)   Other: 0.2ms
[2024-08-24T20:43:30.886+0000][gc,heap       ] GC(131) Eden regions: 611->0(611)
[2024-08-24T20:43:30.886+0000][gc,heap       ] GC(131) Survivor regions: 3->3(77)
[2024-08-24T20:43:30.886+0000][gc,heap       ] GC(131) Old regions: 19->19
[2024-08-24T20:43:30.886+0000][gc,heap       ] GC(131) Humongous regions: 129->129
[2024-08-24T20:43:30.886+0000][gc,metaspace  ] GC(131) Metaspace: 45764K(48768K)->45764K(48768K) NonClass: 39881K(41472K)->39881K(41472K) Class: 5883K(7296K)->5883K(7296K)
[2024-08-24T20:43:30.886+0000][gc            ] GC(131) Pause Young (Normal) (G1 Evacuation Pause) 760M->149M(1024M) 3.200ms
[2024-08-24T20:43:30.886+0000][gc,cpu        ] GC(131) User=0.01s Sys=0.00s Real=0.00s
[2024-08-24T22:48:40.746+0000][gc,start      ] GC(132) Pause Young (Normal) (G1 Evacuation Pause)
[2024-08-24T22:48:40.746+0000][gc,task       ] GC(132) Using 4 workers of 4 for evacuation
[2024-08-24T22:48:40.749+0000][gc,phases     ] GC(132)   Pre Evacuate Collection Set: 0.0ms
[2024-08-24T22:48:40.749+0000][gc,phases     ] GC(132)   Evacuate Collection Set: 2.1ms
[2024-08-24T22:48:40.749+0000][gc,phases     ] GC(132)   Post Evacuate Collection Set: 0.6ms
[2024-08-24T22:48:40.749+0000][gc,phases     ] GC(132)   Other: 0.2ms
[2024-08-24T22:48:40.749+0000][gc,heap       ] GC(132) Eden regions: 611->0(611)
[2024-08-24T22:48:40.749+0000][gc,heap       ] GC(132) Survivor regions: 3->3(77)
[2024-08-24T22:48:40.749+0000][gc,heap       ] GC(132) Old regions: 19->19
[2024-08-24T22:48:40.749+0000][gc,heap       ] GC(132) Humongous regions: 178->129
[2024-08-24T22:48:40.749+0000][gc,metaspace  ] GC(132) Metaspace: 45764K(48768K)->45764K(48768K) NonClass: 39881K(41472K)->39881K(41472K) Class: 5883K(7296K)->5883K(7296K)
[2024-08-24T22:48:40.749+0000][gc            ] GC(132) Pause Young (Normal) (G1 Evacuation Pause) 809M->149M(1024M) 2.909ms
[2024-08-24T22:48:40.749+0000][gc,cpu        ] GC(132) User=0.01s Sys=0.00s Real=0.01s
[2024-08-25T00:53:50.237+0000][gc,start      ] GC(133) Pause Young (Normal) (G1 Evacuation Pause)
[2024-08-25T00:53:50.237+0000][gc,task       ] GC(133) Using 4 workers of 4 for evacuation
[2024-08-25T00:53:50.240+0000][gc,phases     ] GC(133)   Pre Evacuate Collection Set: 0.0ms
[2024-08-25T00:53:50.240+0000][gc,phases     ] GC(133)   Evacuate Collection Set: 2.8ms
[2024-08-25T00:53:50.240+0000][gc,phases     ] GC(133)   Post Evacuate Collection Set: 0.4ms
[2024-08-25T00:53:50.240+0000][gc,phases     ] GC(133)   Other: 0.5ms
[2024-08-25T00:53:50.240+0000][gc,heap       ] GC(133) Eden regions: 611->0(611)
[2024-08-25T00:53:50.240+0000][gc,heap       ] GC(133) Survivor regions: 3->3(77)
[2024-08-25T00:53:50.240+0000][gc,heap       ] GC(133) Old regions: 19->19
[2024-08-25T00:53:50.240+0000][gc,heap       ] GC(133) Humongous regions: 129->129
[2024-08-25T00:53:50.240+0000][gc,metaspace  ] GC(133) Metaspace: 45764K(48768K)->45764K(48768K) NonClass: 39881K(41472K)->39881K(41472K) Class: 5883K(7296K)->5883K(7296K)
[2024-08-25T00:53:50.240+0000][gc            ] GC(133) Pause Young (Normal) (G1 Evacuation Pause) 760M->149M(1024M) 3.831ms
[2024-08-25T00:53:50.240+0000][gc,cpu        ] GC(133) User=0.00s Sys=0.01s Real=0.00s
[2024-08-25T02:58:58.227+0000][gc,start      ] GC(134) Pause Young (Normal) (G1 Evacuation Pause)
[2024-08-25T02:58:58.227+0000][gc,task       ] GC(134) Using 4 workers of 4 for evacuation
[2024-08-25T02:58:58.230+0000][gc,phases     ] GC(134)   Pre Evacuate Collection Set: 0.0ms
[2024-08-25T02:58:58.230+0000][gc,phases     ] GC(134)   Evacuate Collection Set: 2.2ms
[2024-08-25T02:58:58.230+0000][gc,phases     ] GC(134)   Post Evacuate Collection Set: 0.3ms
[2024-08-25T02:58:58.230+0000][gc,phases     ] GC(134)   Other: 0.1ms
[2024-08-25T02:58:58.230+0000][gc,heap       ] GC(134) Eden regions: 611->0(611)
[2024-08-25T02:58:58.230+0000][gc,heap       ] GC(134) Survivor regions: 3->3(77)
[2024-08-25T02:58:58.230+0000][gc,heap       ] GC(134) Old regions: 19->19
[2024-08-25T02:58:58.230+0000][gc,heap       ] GC(134) Humongous regions: 129->129
[2024-08-25T02:58:58.230+0000][gc,metaspace  ] GC(134) Metaspace: 45764K(48768K)->45764K(48768K) NonClass: 39881K(41472K)->39881K(41472K) Class: 5883K(7296K)->5883K(7296K)
[2024-08-25T02:58:58.230+0000][gc            ] GC(134) Pause Young (Normal) (G1 Evacuation Pause) 760M->149M(1024M) 2.727ms
[2024-08-25T02:58:58.230+0000][gc,cpu        ] GC(134) User=0.01s Sys=0.00s Real=0.01s
[2024-08-25T05:04:18.600+0000][gc,start      ] GC(135) Pause Young (Normal) (G1 Evacuation Pause)
[2024-08-25T05:04:18.600+0000][gc,task       ] GC(135) Using 4 workers of 4 for evacuation
[2024-08-25T05:04:18.603+0000][gc,phases     ] GC(135)   Pre Evacuate Collection Set: 0.0ms
[2024-08-25T05:04:18.603+0000][gc,phases     ] GC(135)   Evacuate Collection Set: 2.4ms
[2024-08-25T05:04:18.603+0000][gc,phases     ] GC(135)   Post Evacuate Collection Set: 0.4ms
[2024-08-25T05:04:18.603+0000][gc,phases     ] GC(135)   Other: 0.8ms
[2024-08-25T05:04:18.603+0000][gc,heap       ] GC(135) Eden regions: 611->0(611)
[2024-08-25T05:04:18.603+0000][gc,heap       ] GC(135) Survivor regions: 3->3(77)
[2024-08-25T05:04:18.603+0000][gc,heap       ] GC(135) Old regions: 19->19
[2024-08-25T05:04:18.603+0000][gc,heap       ] GC(135) Humongous regions: 129->129
[2024-08-25T05:04:18.603+0000][gc,metaspace  ] GC(135) Metaspace: 45764K(48768K)->45764K(48768K) NonClass: 39881K(41472K)->39881K(41472K) Class: 5883K(7296K)->5883K(7296K)
[2024-08-25T05:04:18.603+0000][gc            ] GC(135) Pause Young (Normal) (G1 Evacuation Pause) 760M->149M(1024M) 3.719ms
[2024-08-25T05:04:18.603+0000][gc,cpu        ] GC(135) User=0.01s Sys=0.00s Real=0.00s
[2024-08-25T07:09:28.157+0000][gc,start      ] GC(136) Pause Young (Normal) (G1 Evacuation Pause)
[2024-08-25T07:09:28.157+0000][gc,task       ] GC(136) Using 4 workers of 4 for evacuation
[2024-08-25T07:09:28.161+0000][gc,phases     ] GC(136)   Pre Evacuate Collection Set: 0.0ms
[2024-08-25T07:09:28.161+0000][gc,phases     ] GC(136)   Evacuate Collection Set: 2.7ms
[2024-08-25T07:09:28.161+0000][gc,phases     ] GC(136)   Post Evacuate Collection Set: 0.5ms
[2024-08-25T07:09:28.161+0000][gc,phases     ] GC(136)   Other: 0.8ms
[2024-08-25T07:09:28.161+0000][gc,heap       ] GC(136) Eden regions: 611->0(611)
[2024-08-25T07:09:28.161+0000][gc,heap       ] GC(136) Survivor regions: 3->3(77)
[2024-08-25T07:09:28.161+0000][gc,heap       ] GC(136) Old regions: 19->19
[2024-08-25T07:09:28.161+0000][gc,heap       ] GC(136) Humongous regions: 129->129
[2024-08-25T07:09:28.161+0000][gc,metaspace  ] GC(136) Metaspace: 45768K(48768K)->45768K(48768K) NonClass: 39885K(41472K)->39885K(41472K) Class: 5883K(7296K)->5883K(7296K)
[2024-08-25T07:09:28.161+0000][gc            ] GC(136) Pause Young (Normal) (G1 Evacuation Pause) 760M->149M(1024M) 4.056ms
[2024-08-25T07:09:28.161+0000][gc,cpu        ] GC(136) User=0.00s Sys=0.00s Real=0.00s
[2024-08-25T09:14:14.905+0000][gc,start      ] GC(137) Pause Young (Normal) (G1 Evacuation Pause)
[2024-08-25T09:14:14.905+0000][gc,task       ] GC(137) Using 4 workers of 4 for evacuation
[2024-08-25T09:14:14.908+0000][gc,phases     ] GC(137)   Pre Evacuate Collection Set: 0.0ms
[2024-08-25T09:14:14.908+0000][gc,phases     ] GC(137)   Evacuate Collection Set: 2.2ms
[2024-08-25T09:14:14.908+0000][gc,phases     ] GC(137)   Post Evacuate Collection Set: 0.4ms
[2024-08-25T09:14:14.908+0000][gc,phases     ] GC(137)   Other: 0.7ms
[2024-08-25T09:14:14.908+0000][gc,heap       ] GC(137) Eden regions: 611->0(611)
[2024-08-25T09:14:14.908+0000][gc,heap       ] GC(137) Survivor regions: 3->3(77)
[2024-08-25T09:14:14.908+0000][gc,heap       ] GC(137) Old regions: 19->19
[2024-08-25T09:14:14.908+0000][gc,heap       ] GC(137) Humongous regions: 129->129
[2024-08-25T09:14:14.908+0000][gc,metaspace  ] GC(137) Metaspace: 45768K(48768K)->45768K(48768K) NonClass: 39885K(41472K)->39885K(41472K) Class: 5883K(7296K)->5883K(7296K)
[2024-08-25T09:14:14.908+0000][gc            ] GC(137) Pause Young (Normal) (G1 Evacuation Pause) 760M->149M(1024M) 3.364ms
[2024-08-25T09:14:14.908+0000][gc,cpu        ] GC(137) User=0.01s Sys=0.00s Real=0.01s
[2024-08-25T11:19:11.019+0000][gc,start      ] GC(138) Pause Young (Normal) (G1 Evacuation Pause)
[2024-08-25T11:19:11.019+0000][gc,task       ] GC(138) Using 4 workers of 4 for evacuation
[2024-08-25T11:19:11.022+0000][gc,phases     ] GC(138)   Pre Evacuate Collection Set: 0.0ms
[2024-08-25T11:19:11.022+0000][gc,phases     ] GC(138)   Evacuate Collection Set: 1.9ms
[2024-08-25T11:19:11.022+0000][gc,phases     ] GC(138)   Post Evacuate Collection Set: 0.4ms
[2024-08-25T11:19:11.022+0000][gc,phases     ] GC(138)   Other: 0.4ms
[2024-08-25T11:19:11.022+0000][gc,heap       ] GC(138) Eden regions: 611->0(611)
[2024-08-25T11:19:11.022+0000][gc,heap       ] GC(138) Survivor regions: 3->3(77)
[2024-08-25T11:19:11.022+0000][gc,heap       ] GC(138) Old regions: 19->19
[2024-08-25T11:19:11.022+0000][gc,heap       ] GC(138) Humongous regions: 129->129
[2024-08-25T11:19:11.022+0000][gc,metaspace  ] GC(138) Metaspace: 45768K(48768K)->45768K(48768K) NonClass: 39885K(41472K)->39885K(41472K) Class: 5883K(7296K)->5883K(7296K)
[2024-08-25T11:19:11.022+0000][gc            ] GC(138) Pause Young (Normal) (G1 Evacuation Pause) 760M->149M(1024M) 2.722ms
[2024-08-25T11:19:11.022+0000][gc,cpu        ] GC(138) User=0.01s Sys=0.00s Real=0.00s
[2024-08-25T13:24:18.152+0000][gc,start      ] GC(139) Pause Young (Normal) (G1 Evacuation Pause)
[2024-08-25T13:24:18.152+0000][gc,task       ] GC(139) Using 4 workers of 4 for evacuation
[2024-08-25T13:24:18.156+0000][gc,phases     ] GC(139)   Pre Evacuate Collection Set: 0.0ms
[2024-08-25T13:24:18.156+0000][gc,phases     ] GC(139)   Evacuate Collection Set: 2.3ms
[2024-08-25T13:24:18.156+0000][gc,phases     ] GC(139)   Post Evacuate Collection Set: 0.6ms
[2024-08-25T13:24:18.156+0000][gc,phases     ] GC(139)   Other: 1.1ms
[2024-08-25T13:24:18.156+0000][gc,heap       ] GC(139) Eden regions: 611->0(611)
[2024-08-25T13:24:18.156+0000][gc,heap       ] GC(139) Survivor regions: 3->3(77)
[2024-08-25T13:24:18.156+0000][gc,heap       ] GC(139) Old regions: 19->19
[2024-08-25T13:24:18.156+0000][gc,heap       ] GC(139) Humongous regions: 178->129
[2024-08-25T13:24:18.156+0000][gc,metaspace  ] GC(139) Metaspace: 45768K(48768K)->45768K(48768K) NonClass: 39885K(41472K)->39885K(41472K) Class: 5883K(7296K)->5883K(7296K)
[2024-08-25T13:24:18.156+0000][gc            ] GC(139) Pause Young (Normal) (G1 Evacuation Pause) 809M->149M(1024M) 4.514ms
[2024-08-25T13:24:18.156+0000][gc,cpu        ] GC(139) User=0.01s Sys=0.00s Real=0.01s
[2024-08-25T15:29:27.422+0000][gc,start      ] GC(140) Pause Young (Normal) (G1 Evacuation Pause)
[2024-08-25T15:29:27.422+0000][gc,task       ] GC(140) Using 4 workers of 4 for evacuation
[2024-08-25T15:29:27.425+0000][gc,phases     ] GC(140)   Pre Evacuate Collection Set: 0.0ms
[2024-08-25T15:29:27.425+0000][gc,phases     ] GC(140)   Evacuate Collection Set: 2.0ms
[2024-08-25T15:29:27.425+0000][gc,phases     ] GC(140)   Post Evacuate Collection Set: 0.4ms
[2024-08-25T15:29:27.425+0000][gc,phases     ] GC(140)   Other: 0.4ms
[2024-08-25T15:29:27.425+0000][gc,heap       ] GC(140) Eden regions: 611->0(611)
[2024-08-25T15:29:27.425+0000][gc,heap       ] GC(140) Survivor regions: 3->3(77)
[2024-08-25T15:29:27.425+0000][gc,heap       ] GC(140) Old regions: 19->19
[2024-08-25T15:29:27.425+0000][gc,heap       ] GC(140) Humongous regions: 129->129
[2024-08-25T15:29:27.425+0000][gc,metaspace  ] GC(140) Metaspace: 45768K(48768K)->45768K(48768K) NonClass: 39885K(41472K)->39885K(41472K) Class: 5883K(7296K)->5883K(7296K)
[2024-08-25T15:29:27.425+0000][gc            ] GC(140) Pause Young (Normal) (G1 Evacuation Pause) 760M->148M(1024M) 2.874ms
[2024-08-25T15:29:27.425+0000][gc,cpu        ] GC(140) User=0.01s Sys=0.00s Real=0.00s
[2024-08-25T17:34:49.905+0000][gc,start      ] GC(141) Pause Young (Normal) (G1 Evacuation Pause)
[2024-08-25T17:34:49.905+0000][gc,task       ] GC(141) Using 4 workers of 4 for evacuation
[2024-08-25T17:34:49.908+0000][gc,phases     ] GC(141)   Pre Evacuate Collection Set: 0.0ms
[2024-08-25T17:34:49.908+0000][gc,phases     ] GC(141)   Evacuate Collection Set: 2.1ms
[2024-08-25T17:34:49.908+0000][gc,phases     ] GC(141)   Post Evacuate Collection Set: 0.4ms
[2024-08-25T17:34:49.908+0000][gc,phases     ] GC(141)   Other: 0.8ms
[2024-08-25T17:34:49.908+0000][gc,heap       ] GC(141) Eden regions: 611->0(611)
[2024-08-25T17:34:49.908+0000][gc,heap       ] GC(141) Survivor regions: 3->3(77)
[2024-08-25T17:34:49.908+0000][gc,heap       ] GC(141) Old regions: 19->19
[2024-08-25T17:34:49.908+0000][gc,heap       ] GC(141) Humongous regions: 129->129
[2024-08-25T17:34:49.908+0000][gc,metaspace  ] GC(141) Metaspace: 45768K(48768K)->45768K(48768K) NonClass: 39885K(41472K)->39885K(41472K) Class: 5883K(7296K)->5883K(7296K)
[2024-08-25T17:34:49.908+0000][gc            ] GC(141) Pause Young (Normal) (G1 Evacuation Pause) 759M->148M(1024M) 3.304ms
[2024-08-25T17:34:49.908+0000][gc,cpu        ] GC(141) User=0.01s Sys=0.01s Real=0.01s
[2024-08-25T19:39:49.905+0000][gc,start      ] GC(142) Pause Young (Normal) (G1 Evacuation Pause)
[2024-08-25T19:39:49.905+0000][gc,task       ] GC(142) Using 4 workers of 4 for evacuation
[2024-08-25T19:39:49.909+0000][gc,phases     ] GC(142)   Pre Evacuate Collection Set: 0.0ms
[2024-08-25T19:39:49.909+0000][gc,phases     ] GC(142)   Evacuate Collection Set: 3.3ms
[2024-08-25T19:39:49.909+0000][gc,phases     ] GC(142)   Post Evacuate Collection Set: 0.4ms
[2024-08-25T19:39:49.909+0000][gc,phases     ] GC(142)   Other: 0.4ms
[2024-08-25T19:39:49.909+0000][gc,heap       ] GC(142) Eden regions: 611->0(610)
[2024-08-25T19:39:49.909+0000][gc,heap       ] GC(142) Survivor regions: 3->4(77)
[2024-08-25T19:39:49.909+0000][gc,heap       ] GC(142) Old regions: 19->19
[2024-08-25T19:39:49.909+0000][gc,heap       ] GC(142) Humongous regions: 129->129
[2024-08-25T19:39:49.909+0000][gc,metaspace  ] GC(142) Metaspace: 45768K(48768K)->45768K(48768K) NonClass: 39885K(41472K)->39885K(41472K) Class: 5883K(7296K)->5883K(7296K)
[2024-08-25T19:39:49.909+0000][gc            ] GC(142) Pause Young (Normal) (G1 Evacuation Pause) 759M->150M(1024M) 4.172ms
[2024-08-25T19:39:49.909+0000][gc,cpu        ] GC(142) User=0.02s Sys=0.00s Real=0.01s
[2024-08-25T21:44:38.491+0000][gc,start      ] GC(143) Pause Young (Normal) (G1 Evacuation Pause)
[2024-08-25T21:44:38.492+0000][gc,task       ] GC(143) Using 4 workers of 4 for evacuation
[2024-08-25T21:44:38.496+0000][gc,phases     ] GC(143)   Pre Evacuate Collection Set: 0.0ms
[2024-08-25T21:44:38.496+0000][gc,phases     ] GC(143)   Evacuate Collection Set: 3.7ms
[2024-08-25T21:44:38.496+0000][gc,phases     ] GC(143)   Post Evacuate Collection Set: 0.5ms
[2024-08-25T21:44:38.496+0000][gc,phases     ] GC(143)   Other: 1.0ms
[2024-08-25T21:44:38.496+0000][gc,heap       ] GC(143) Eden regions: 610->0(610)
[2024-08-25T21:44:38.496+0000][gc,heap       ] GC(143) Survivor regions: 4->4(77)
[2024-08-25T21:44:38.496+0000][gc,heap       ] GC(143) Old regions: 19->19
[2024-08-25T21:44:38.496+0000][gc,heap       ] GC(143) Humongous regions: 129->129
[2024-08-25T21:44:38.496+0000][gc,metaspace  ] GC(143) Metaspace: 45768K(48768K)->45768K(48768K) NonClass: 39885K(41472K)->39885K(41472K) Class: 5883K(7296K)->5883K(7296K)
[2024-08-25T21:44:38.497+0000][gc            ] GC(143) Pause Young (Normal) (G1 Evacuation Pause) 760M->150M(1024M) 5.188ms
[2024-08-25T21:44:38.497+0000][gc,cpu        ] GC(143) User=0.01s Sys=0.01s Real=0.01s
[2024-08-25T23:49:25.350+0000][gc,start      ] GC(144) Pause Young (Normal) (G1 Evacuation Pause)
[2024-08-25T23:49:25.351+0000][gc,task       ] GC(144) Using 4 workers of 4 for evacuation
[2024-08-25T23:49:25.355+0000][gc,phases     ] GC(144)   Pre Evacuate Collection Set: 0.0ms
[2024-08-25T23:49:25.355+0000][gc,phases     ] GC(144)   Evacuate Collection Set: 3.2ms
[2024-08-25T23:49:25.355+0000][gc,phases     ] GC(144)   Post Evacuate Collection Set: 0.4ms
[2024-08-25T23:49:25.355+0000][gc,phases     ] GC(144)   Other: 0.6ms
[2024-08-25T23:49:25.355+0000][gc,heap       ] GC(144) Eden regions: 610->0(610)
[2024-08-25T23:49:25.355+0000][gc,heap       ] GC(144) Survivor regions: 4->4(77)
[2024-08-25T23:49:25.355+0000][gc,heap       ] GC(144) Old regions: 19->19
[2024-08-25T23:49:25.355+0000][gc,heap       ] GC(144) Humongous regions: 129->129
[2024-08-25T23:49:25.355+0000][gc,metaspace  ] GC(144) Metaspace: 45768K(48768K)->45768K(48768K) NonClass: 39885K(41472K)->39885K(41472K) Class: 5883K(7296K)->5883K(7296K)
[2024-08-25T23:49:25.355+0000][gc            ] GC(144) Pause Young (Normal) (G1 Evacuation Pause) 760M->149M(1024M) 4.472ms
[2024-08-25T23:49:25.355+0000][gc,cpu        ] GC(144) User=0.02s Sys=0.00s Real=0.00s
[2024-08-26T01:54:21.679+0000][gc,start      ] GC(145) Pause Young (Normal) (G1 Evacuation Pause)
[2024-08-26T01:54:21.680+0000][gc,task       ] GC(145) Using 4 workers of 4 for evacuation
[2024-08-26T01:54:21.684+0000][gc,phases     ] GC(145)   Pre Evacuate Collection Set: 0.0ms
[2024-08-26T01:54:21.684+0000][gc,phases     ] GC(145)   Evacuate Collection Set: 3.0ms
[2024-08-26T01:54:21.684+0000][gc,phases     ] GC(145)   Post Evacuate Collection Set: 0.4ms
[2024-08-26T01:54:21.684+0000][gc,phases     ] GC(145)   Other: 1.3ms
[2024-08-26T01:54:21.684+0000][gc,heap       ] GC(145) Eden regions: 610->0(610)
[2024-08-26T01:54:21.684+0000][gc,heap       ] GC(145) Survivor regions: 4->4(77)
[2024-08-26T01:54:21.684+0000][gc,heap       ] GC(145) Old regions: 19->19
[2024-08-26T01:54:21.684+0000][gc,heap       ] GC(145) Humongous regions: 129->129
[2024-08-26T01:54:21.684+0000][gc,metaspace  ] GC(145) Metaspace: 45768K(48768K)->45768K(48768K) NonClass: 39885K(41472K)->39885K(41472K) Class: 5883K(7296K)->5883K(7296K)
[2024-08-26T01:54:21.684+0000][gc            ] GC(145) Pause Young (Normal) (G1 Evacuation Pause) 759M->149M(1024M) 4.973ms
[2024-08-26T01:54:21.684+0000][gc,cpu        ] GC(145) User=0.01s Sys=0.01s Real=0.00s
[2024-08-26T03:59:05.443+0000][gc,start      ] GC(146) Pause Young (Normal) (G1 Evacuation Pause)
[2024-08-26T03:59:05.443+0000][gc,task       ] GC(146) Using 4 workers of 4 for evacuation
[2024-08-26T03:59:05.446+0000][gc,phases     ] GC(146)   Pre Evacuate Collection Set: 0.0ms
[2024-08-26T03:59:05.446+0000][gc,phases     ] GC(146)   Evacuate Collection Set: 2.8ms
[2024-08-26T03:59:05.446+0000][gc,phases     ] GC(146)   Post Evacuate Collection Set: 0.5ms
[2024-08-26T03:59:05.446+0000][gc,phases     ] GC(146)   Other: 0.5ms
[2024-08-26T03:59:05.446+0000][gc,heap       ] GC(146) Eden regions: 610->0(611)
[2024-08-26T03:59:05.446+0000][gc,heap       ] GC(146) Survivor regions: 4->3(77)
[2024-08-26T03:59:05.446+0000][gc,heap       ] GC(146) Old regions: 19->19
[2024-08-26T03:59:05.446+0000][gc,heap       ] GC(146) Humongous regions: 129->129
[2024-08-26T03:59:05.446+0000][gc,metaspace  ] GC(146) Metaspace: 45768K(48768K)->45768K(48768K) NonClass: 39885K(41472K)->39885K(41472K) Class: 5883K(7296K)->5883K(7296K)
[2024-08-26T03:59:05.446+0000][gc            ] GC(146) Pause Young (Normal) (G1 Evacuation Pause) 759M->149M(1024M) 3.808ms
[2024-08-26T03:59:05.446+0000][gc,cpu        ] GC(146) User=0.02s Sys=0.00s Real=0.00s
[2024-08-26T06:04:11.396+0000][gc,start      ] GC(147) Pause Young (Normal) (G1 Evacuation Pause)
[2024-08-26T06:04:11.396+0000][gc,task       ] GC(147) Using 4 workers of 4 for evacuation
[2024-08-26T06:04:11.401+0000][gc,phases     ] GC(147)   Pre Evacuate Collection Set: 0.0ms
[2024-08-26T06:04:11.401+0000][gc,phases     ] GC(147)   Evacuate Collection Set: 3.5ms
[2024-08-26T06:04:11.401+0000][gc,phases     ] GC(147)   Post Evacuate Collection Set: 0.5ms
[2024-08-26T06:04:11.401+0000][gc,phases     ] GC(147)   Other: 0.9ms
[2024-08-26T06:04:11.401+0000][gc,heap       ] GC(147) Eden regions: 611->0(611)
[2024-08-26T06:04:11.401+0000][gc,heap       ] GC(147) Survivor regions: 3->3(77)
[2024-08-26T06:04:11.401+0000][gc,heap       ] GC(147) Old regions: 19->19
[2024-08-26T06:04:11.401+0000][gc,heap       ] GC(147) Humongous regions: 178->129
[2024-08-26T06:04:11.401+0000][gc,metaspace  ] GC(147) Metaspace: 45768K(48768K)->45768K(48768K) NonClass: 39885K(41472K)->39885K(41472K) Class: 5883K(7296K)->5883K(7296K)
[2024-08-26T06:04:11.401+0000][gc            ] GC(147) Pause Young (Normal) (G1 Evacuation Pause) 809M->149M(1024M) 5.273ms
[2024-08-26T06:04:11.401+0000][gc,cpu        ] GC(147) User=0.01s Sys=0.00s Real=0.01s
[2024-08-26T08:09:09.907+0000][gc,start      ] GC(148) Pause Young (Normal) (G1 Evacuation Pause)
[2024-08-26T08:09:09.908+0000][gc,task       ] GC(148) Using 4 workers of 4 for evacuation
[2024-08-26T08:09:09.915+0000][gc,phases     ] GC(148)   Pre Evacuate Collection Set: 0.0ms
[2024-08-26T08:09:09.915+0000][gc,phases     ] GC(148)   Evacuate Collection Set: 3.7ms
[2024-08-26T08:09:09.915+0000][gc,phases     ] GC(148)   Post Evacuate Collection Set: 1.3ms
[2024-08-26T08:09:09.915+0000][gc,phases     ] GC(148)   Other: 3.6ms
[2024-08-26T08:09:09.915+0000][gc,heap       ] GC(148) Eden regions: 611->0(611)
[2024-08-26T08:09:09.915+0000][gc,heap       ] GC(148) Survivor regions: 3->3(77)
[2024-08-26T08:09:09.915+0000][gc,heap       ] GC(148) Old regions: 19->19
[2024-08-26T08:09:09.915+0000][gc,heap       ] GC(148) Humongous regions: 129->129
[2024-08-26T08:09:09.915+0000][gc,metaspace  ] GC(148) Metaspace: 45768K(48768K)->45768K(48768K) NonClass: 39885K(41472K)->39885K(41472K) Class: 5883K(7296K)->5883K(7296K)
[2024-08-26T08:09:09.915+0000][gc            ] GC(148) Pause Young (Normal) (G1 Evacuation Pause) 760M->149M(1024M) 7.716ms
[2024-08-26T08:09:09.915+0000][gc,cpu        ] GC(148) User=0.01s Sys=0.00s Real=0.01s
[2024-08-26T08:36:48.975+0000][gc,start      ] GC(149) Pause Young (Concurrent Start) (G1 Humongous Allocation)
[2024-08-26T08:36:48.975+0000][gc,task       ] GC(149) Using 4 workers of 4 for evacuation
[2024-08-26T08:36:48.979+0000][gc,phases     ] GC(149)   Pre Evacuate Collection Set: 0.3ms
[2024-08-26T08:36:48.979+0000][gc,phases     ] GC(149)   Evacuate Collection Set: 2.5ms
[2024-08-26T08:36:48.979+0000][gc,phases     ] GC(149)   Post Evacuate Collection Set: 0.3ms
[2024-08-26T08:36:48.979+0000][gc,phases     ] GC(149)   Other: 1.1ms
[2024-08-26T08:36:48.979+0000][gc,heap       ] GC(149) Eden regions: 141->0(611)
[2024-08-26T08:36:48.979+0000][gc,heap       ] GC(149) Survivor regions: 3->3(77)
[2024-08-26T08:36:48.979+0000][gc,heap       ] GC(149) Old regions: 19->19
[2024-08-26T08:36:48.979+0000][gc,heap       ] GC(149) Humongous regions: 307->129
[2024-08-26T08:36:48.979+0000][gc,metaspace  ] GC(149) Metaspace: 45818K(48768K)->45818K(48768K) NonClass: 39935K(41472K)->39935K(41472K) Class: 5883K(7296K)->5883K(7296K)
[2024-08-26T08:36:48.979+0000][gc            ] GC(149) Pause Young (Concurrent Start) (G1 Humongous Allocation) 468M->148M(1024M) 4.157ms
[2024-08-26T08:36:48.979+0000][gc,cpu        ] GC(149) User=0.00s Sys=0.00s Real=0.01s
[2024-08-26T08:36:48.979+0000][gc            ] GC(150) Concurrent Cycle
[2024-08-26T08:36:48.979+0000][gc,marking    ] GC(150) Concurrent Clear Claimed Marks
[2024-08-26T08:36:48.979+0000][gc,marking    ] GC(150) Concurrent Clear Claimed Marks 0.171ms
[2024-08-26T08:36:48.979+0000][gc,marking    ] GC(150) Concurrent Scan Root Regions
[2024-08-26T08:36:48.981+0000][gc,marking    ] GC(150) Concurrent Scan Root Regions 1.412ms
[2024-08-26T08:36:48.981+0000][gc,marking    ] GC(150) Concurrent Mark (1016601.981s)
[2024-08-26T08:36:48.981+0000][gc,marking    ] GC(150) Concurrent Mark From Roots
[2024-08-26T08:36:48.981+0000][gc,task       ] GC(150) Using 1 workers of 1 for marking
[2024-08-26T08:36:48.998+0000][gc,marking    ] GC(150) Concurrent Mark From Roots 17.484ms
[2024-08-26T08:36:48.998+0000][gc,marking    ] GC(150) Concurrent Preclean
[2024-08-26T08:36:48.998+0000][gc,marking    ] GC(150) Concurrent Preclean 0.089ms
[2024-08-26T08:36:48.998+0000][gc,marking    ] GC(150) Concurrent Mark (1016601.981s, 1016601.998s) 17.608ms
[2024-08-26T08:36:48.999+0000][gc,start      ] GC(150) Pause Remark
[2024-08-26T08:36:49.005+0000][gc,stringtable] GC(150) Cleaned string and symbol table, strings: 13636 processed, 345 removed, symbols: 92205 processed, 19 removed
[2024-08-26T08:36:49.005+0000][gc            ] GC(150) Pause Remark 198M->198M(1024M) 6.145ms
[2024-08-26T08:36:49.005+0000][gc,cpu        ] GC(150) User=0.02s Sys=0.00s Real=0.00s
[2024-08-26T08:36:49.005+0000][gc,marking    ] GC(150) Concurrent Rebuild Remembered Sets
[2024-08-26T08:36:49.015+0000][gc,marking    ] GC(150) Concurrent Rebuild Remembered Sets 9.707ms
[2024-08-26T08:36:49.015+0000][gc,start      ] GC(150) Pause Cleanup
[2024-08-26T08:36:49.015+0000][gc            ] GC(150) Pause Cleanup 198M->198M(1024M) 0.080ms
[2024-08-26T08:36:49.015+0000][gc,cpu        ] GC(150) User=0.00s Sys=0.00s Real=0.00s
[2024-08-26T08:36:49.015+0000][gc,marking    ] GC(150) Concurrent Cleanup for Next Mark
[2024-08-26T08:36:49.016+0000][gc,marking    ] GC(150) Concurrent Cleanup for Next Mark 1.071ms
[2024-08-26T08:36:49.016+0000][gc            ] GC(150) Concurrent Cycle 36.575ms
[2024-08-26T10:41:42.588+0000][gc,start      ] GC(151) Pause Young (Normal) (G1 Evacuation Pause)
[2024-08-26T10:41:42.589+0000][gc,task       ] GC(151) Using 4 workers of 4 for evacuation
[2024-08-26T10:41:42.594+0000][gc,phases     ] GC(151)   Pre Evacuate Collection Set: 0.0ms
[2024-08-26T10:41:42.594+0000][gc,phases     ] GC(151)   Evacuate Collection Set: 3.9ms
[2024-08-26T10:41:42.594+0000][gc,phases     ] GC(151)   Post Evacuate Collection Set: 0.4ms
[2024-08-26T10:41:42.594+0000][gc,phases     ] GC(151)   Other: 1.2ms
[2024-08-26T10:41:42.594+0000][gc,heap       ] GC(151) Eden regions: 611->0(610)
[2024-08-26T10:41:42.594+0000][gc,heap       ] GC(151) Survivor regions: 3->4(77)
[2024-08-26T10:41:42.594+0000][gc,heap       ] GC(151) Old regions: 19->19
[2024-08-26T10:41:42.594+0000][gc,heap       ] GC(151) Humongous regions: 273->129
[2024-08-26T10:41:42.594+0000][gc,metaspace  ] GC(151) Metaspace: 45818K(48768K)->45818K(48768K) NonClass: 39935K(41472K)->39935K(41472K) Class: 5883K(7296K)->5883K(7296K)
[2024-08-26T10:41:42.594+0000][gc            ] GC(151) Pause Young (Normal) (G1 Evacuation Pause) 903M->150M(1024M) 6.039ms
[2024-08-26T10:41:42.594+0000][gc,cpu        ] GC(151) User=0.02s Sys=0.00s Real=0.01s
[2024-08-26T12:46:40.064+0000][gc,start      ] GC(152) Pause Young (Normal) (G1 Evacuation Pause)
[2024-08-26T12:46:40.064+0000][gc,task       ] GC(152) Using 4 workers of 4 for evacuation
[2024-08-26T12:46:40.068+0000][gc,phases     ] GC(152)   Pre Evacuate Collection Set: 0.0ms
[2024-08-26T12:46:40.068+0000][gc,phases     ] GC(152)   Evacuate Collection Set: 2.9ms
[2024-08-26T12:46:40.068+0000][gc,phases     ] GC(152)   Post Evacuate Collection Set: 0.8ms
[2024-08-26T12:46:40.069+0000][gc,phases     ] GC(152)   Other: 0.7ms
[2024-08-26T12:46:40.069+0000][gc,heap       ] GC(152) Eden regions: 610->0(610)
[2024-08-26T12:46:40.069+0000][gc,heap       ] GC(152) Survivor regions: 4->4(77)
[2024-08-26T12:46:40.069+0000][gc,heap       ] GC(152) Old regions: 19->19
[2024-08-26T12:46:40.069+0000][gc,heap       ] GC(152) Humongous regions: 129->129
[2024-08-26T12:46:40.069+0000][gc,metaspace  ] GC(152) Metaspace: 45818K(48768K)->45818K(48768K) NonClass: 39935K(41472K)->39935K(41472K) Class: 5883K(7296K)->5883K(7296K)
[2024-08-26T12:46:40.069+0000][gc            ] GC(152) Pause Young (Normal) (G1 Evacuation Pause) 760M->150M(1024M) 4.705ms
[2024-08-26T12:46:40.069+0000][gc,cpu        ] GC(152) User=0.00s Sys=0.01s Real=0.01s
[2024-08-26T14:51:55.198+0000][gc,start      ] GC(153) Pause Young (Normal) (G1 Evacuation Pause)
[2024-08-26T14:51:55.198+0000][gc,task       ] GC(153) Using 4 workers of 4 for evacuation
[2024-08-26T14:51:55.202+0000][gc,phases     ] GC(153)   Pre Evacuate Collection Set: 0.1ms
[2024-08-26T14:51:55.202+0000][gc,phases     ] GC(153)   Evacuate Collection Set: 3.3ms
[2024-08-26T14:51:55.202+0000][gc,phases     ] GC(153)   Post Evacuate Collection Set: 0.5ms
[2024-08-26T14:51:55.202+0000][gc,phases     ] GC(153)   Other: 1.2ms
[2024-08-26T14:51:55.202+0000][gc,heap       ] GC(153) Eden regions: 610->0(610)
[2024-08-26T14:51:55.202+0000][gc,heap       ] GC(153) Survivor regions: 4->4(77)
[2024-08-26T14:51:55.202+0000][gc,heap       ] GC(153) Old regions: 19->19
[2024-08-26T14:51:55.202+0000][gc,heap       ] GC(153) Humongous regions: 129->129
[2024-08-26T14:51:55.202+0000][gc,metaspace  ] GC(153) Metaspace: 45818K(48768K)->45818K(48768K) NonClass: 39935K(41472K)->39935K(41472K) Class: 5883K(7296K)->5883K(7296K)
[2024-08-26T14:51:55.202+0000][gc            ] GC(153) Pause Young (Normal) (G1 Evacuation Pause) 760M->150M(1024M) 4.918ms
[2024-08-26T14:51:55.202+0000][gc,cpu        ] GC(153) User=0.01s Sys=0.00s Real=0.00s
[2024-08-26T16:56:52.278+0000][gc,start      ] GC(154) Pause Young (Normal) (G1 Evacuation Pause)
[2024-08-26T16:56:52.279+0000][gc,task       ] GC(154) Using 4 workers of 4 for evacuation
[2024-08-26T16:56:52.282+0000][gc,phases     ] GC(154)   Pre Evacuate Collection Set: 0.0ms
[2024-08-26T16:56:52.282+0000][gc,phases     ] GC(154)   Evacuate Collection Set: 2.6ms
[2024-08-26T16:56:52.282+0000][gc,phases     ] GC(154)   Post Evacuate Collection Set: 0.4ms
[2024-08-26T16:56:52.282+0000][gc,phases     ] GC(154)   Other: 1.2ms
[2024-08-26T16:56:52.282+0000][gc,heap       ] GC(154) Eden regions: 610->0(610)
[2024-08-26T16:56:52.282+0000][gc,heap       ] GC(154) Survivor regions: 4->4(77)
[2024-08-26T16:56:52.282+0000][gc,heap       ] GC(154) Old regions: 19->19
[2024-08-26T16:56:52.282+0000][gc,heap       ] GC(154) Humongous regions: 129->129
[2024-08-26T16:56:52.282+0000][gc,metaspace  ] GC(154) Metaspace: 45820K(48768K)->45820K(48768K) NonClass: 39936K(41472K)->39936K(41472K) Class: 5883K(7296K)->5883K(7296K)
[2024-08-26T16:56:52.282+0000][gc            ] GC(154) Pause Young (Normal) (G1 Evacuation Pause) 760M->150M(1024M) 4.406ms
[2024-08-26T16:56:52.282+0000][gc,cpu        ] GC(154) User=0.01s Sys=0.00s Real=0.00s
[2024-08-26T19:01:49.905+0000][gc,start      ] GC(155) Pause Young (Normal) (G1 Evacuation Pause)
[2024-08-26T19:01:49.905+0000][gc,task       ] GC(155) Using 4 workers of 4 for evacuation
[2024-08-26T19:01:49.908+0000][gc,phases     ] GC(155)   Pre Evacuate Collection Set: 0.0ms
[2024-08-26T19:01:49.908+0000][gc,phases     ] GC(155)   Evacuate Collection Set: 2.2ms
[2024-08-26T19:01:49.908+0000][gc,phases     ] GC(155)   Post Evacuate Collection Set: 0.4ms
[2024-08-26T19:01:49.908+0000][gc,phases     ] GC(155)   Other: 0.5ms
[2024-08-26T19:01:49.908+0000][gc,heap       ] GC(155) Eden regions: 610->0(610)
[2024-08-26T19:01:49.908+0000][gc,heap       ] GC(155) Survivor regions: 4->4(77)
[2024-08-26T19:01:49.908+0000][gc,heap       ] GC(155) Old regions: 19->19
[2024-08-26T19:01:49.908+0000][gc,heap       ] GC(155) Humongous regions: 129->129
[2024-08-26T19:01:49.908+0000][gc,metaspace  ] GC(155) Metaspace: 45820K(48768K)->45820K(48768K) NonClass: 39936K(41472K)->39936K(41472K) Class: 5883K(7296K)->5883K(7296K)
[2024-08-26T19:01:49.908+0000][gc            ] GC(155) Pause Young (Normal) (G1 Evacuation Pause) 760M->149M(1024M) 3.213ms
[2024-08-26T19:01:49.908+0000][gc,cpu        ] GC(155) User=0.00s Sys=0.01s Real=0.01s
[2024-08-26T21:06:41.212+0000][gc,start      ] GC(156) Pause Young (Normal) (G1 Evacuation Pause)
[2024-08-26T21:06:41.212+0000][gc,task       ] GC(156) Using 4 workers of 4 for evacuation
[2024-08-26T21:06:41.215+0000][gc,phases     ] GC(156)   Pre Evacuate Collection Set: 0.0ms
[2024-08-26T21:06:41.215+0000][gc,phases     ] GC(156)   Evacuate Collection Set: 2.5ms
[2024-08-26T21:06:41.215+0000][gc,phases     ] GC(156)   Post Evacuate Collection Set: 0.5ms
[2024-08-26T21:06:41.215+0000][gc,phases     ] GC(156)   Other: 0.5ms
[2024-08-26T21:06:41.215+0000][gc,heap       ] GC(156) Eden regions: 610->0(611)
[2024-08-26T21:06:41.216+0000][gc,heap       ] GC(156) Survivor regions: 4->3(77)
[2024-08-26T21:06:41.216+0000][gc,heap       ] GC(156) Old regions: 19->19
[2024-08-26T21:06:41.216+0000][gc,heap       ] GC(156) Humongous regions: 178->129
[2024-08-26T21:06:41.216+0000][gc,metaspace  ] GC(156) Metaspace: 45820K(48768K)->45820K(48768K) NonClass: 39936K(41472K)->39936K(41472K) Class: 5883K(7296K)->5883K(7296K)
[2024-08-26T21:06:41.216+0000][gc            ] GC(156) Pause Young (Normal) (G1 Evacuation Pause) 808M->149M(1024M) 3.700ms
[2024-08-26T21:06:41.216+0000][gc,cpu        ] GC(156) User=0.01s Sys=0.00s Real=0.00s
[2024-08-26T23:11:46.543+0000][gc,start      ] GC(157) Pause Young (Normal) (G1 Evacuation Pause)
[2024-08-26T23:11:46.543+0000][gc,task       ] GC(157) Using 4 workers of 4 for evacuation
[2024-08-26T23:11:46.546+0000][gc,phases     ] GC(157)   Pre Evacuate Collection Set: 0.0ms
[2024-08-26T23:11:46.546+0000][gc,phases     ] GC(157)   Evacuate Collection Set: 2.5ms
[2024-08-26T23:11:46.546+0000][gc,phases     ] GC(157)   Post Evacuate Collection Set: 0.4ms
[2024-08-26T23:11:46.546+0000][gc,phases     ] GC(157)   Other: 0.6ms
[2024-08-26T23:11:46.546+0000][gc,heap       ] GC(157) Eden regions: 611->0(611)
[2024-08-26T23:11:46.546+0000][gc,heap       ] GC(157) Survivor regions: 3->3(77)
[2024-08-26T23:11:46.546+0000][gc,heap       ] GC(157) Old regions: 19->20
[2024-08-26T23:11:46.546+0000][gc,heap       ] GC(157) Humongous regions: 129->129
[2024-08-26T23:11:46.546+0000][gc,metaspace  ] GC(157) Metaspace: 45820K(48768K)->45820K(48768K) NonClass: 39936K(41472K)->39936K(41472K) Class: 5883K(7296K)->5883K(7296K)
[2024-08-26T23:11:46.546+0000][gc            ] GC(157) Pause Young (Normal) (G1 Evacuation Pause) 760M->149M(1024M) 3.600ms
[2024-08-26T23:11:46.546+0000][gc,cpu        ] GC(157) User=0.01s Sys=0.00s Real=0.00s
[2024-08-27T01:16:25.369+0000][gc,start      ] GC(158) Pause Young (Normal) (G1 Evacuation Pause)
[2024-08-27T01:16:25.370+0000][gc,task       ] GC(158) Using 4 workers of 4 for evacuation
[2024-08-27T01:16:25.372+0000][gc,phases     ] GC(158)   Pre Evacuate Collection Set: 0.0ms
[2024-08-27T01:16:25.372+0000][gc,phases     ] GC(158)   Evacuate Collection Set: 1.9ms
[2024-08-27T01:16:25.372+0000][gc,phases     ] GC(158)   Post Evacuate Collection Set: 0.3ms
[2024-08-27T01:16:25.372+0000][gc,phases     ] GC(158)   Other: 0.8ms
[2024-08-27T01:16:25.372+0000][gc,heap       ] GC(158) Eden regions: 611->0(611)
[2024-08-27T01:16:25.372+0000][gc,heap       ] GC(158) Survivor regions: 3->3(77)
[2024-08-27T01:16:25.372+0000][gc,heap       ] GC(158) Old regions: 20->20
[2024-08-27T01:16:25.372+0000][gc,heap       ] GC(158) Humongous regions: 129->129
[2024-08-27T01:16:25.372+0000][gc,metaspace  ] GC(158) Metaspace: 45820K(48768K)->45820K(48768K) NonClass: 39936K(41472K)->39936K(41472K) Class: 5883K(7296K)->5883K(7296K)
[2024-08-27T01:16:25.372+0000][gc            ] GC(158) Pause Young (Normal) (G1 Evacuation Pause) 760M->149M(1024M) 3.431ms
[2024-08-27T01:16:25.372+0000][gc,cpu        ] GC(158) User=0.00s Sys=0.01s Real=0.00s
[2024-08-27T03:21:35.971+0000][gc,start      ] GC(159) Pause Young (Normal) (G1 Evacuation Pause)
[2024-08-27T03:21:35.971+0000][gc,task       ] GC(159) Using 4 workers of 4 for evacuation
[2024-08-27T03:21:35.976+0000][gc,phases     ] GC(159)   Pre Evacuate Collection Set: 0.0ms
[2024-08-27T03:21:35.976+0000][gc,phases     ] GC(159)   Evacuate Collection Set: 2.8ms
[2024-08-27T03:21:35.976+0000][gc,phases     ] GC(159)   Post Evacuate Collection Set: 0.9ms
[2024-08-27T03:21:35.976+0000][gc,phases     ] GC(159)   Other: 1.5ms
[2024-08-27T03:21:35.976+0000][gc,heap       ] GC(159) Eden regions: 611->0(611)
[2024-08-27T03:21:35.976+0000][gc,heap       ] GC(159) Survivor regions: 3->3(77)
[2024-08-27T03:21:35.976+0000][gc,heap       ] GC(159) Old regions: 20->20
[2024-08-27T03:21:35.976+0000][gc,heap       ] GC(159) Humongous regions: 129->129
[2024-08-27T03:21:35.976+0000][gc,metaspace  ] GC(159) Metaspace: 45820K(48768K)->45820K(48768K) NonClass: 39936K(41472K)->39936K(41472K) Class: 5883K(7296K)->5883K(7296K)
[2024-08-27T03:21:35.976+0000][gc            ] GC(159) Pause Young (Normal) (G1 Evacuation Pause) 760M->149M(1024M) 5.006ms
[2024-08-27T03:21:35.976+0000][gc,cpu        ] GC(159) User=0.00s Sys=0.00s Real=0.00s
[2024-08-27T05:26:37.826+0000][gc,start      ] GC(160) Pause Young (Normal) (G1 Evacuation Pause)
[2024-08-27T05:26:37.827+0000][gc,task       ] GC(160) Using 4 workers of 4 for evacuation
[2024-08-27T05:26:37.830+0000][gc,phases     ] GC(160)   Pre Evacuate Collection Set: 0.0ms
[2024-08-27T05:26:37.830+0000][gc,phases     ] GC(160)   Evacuate Collection Set: 2.4ms
[2024-08-27T05:26:37.830+0000][gc,phases     ] GC(160)   Post Evacuate Collection Set: 0.5ms
[2024-08-27T05:26:37.830+0000][gc,phases     ] GC(160)   Other: 1.0ms
[2024-08-27T05:26:37.830+0000][gc,heap       ] GC(160) Eden regions: 611->0(611)
[2024-08-27T05:26:37.830+0000][gc,heap       ] GC(160) Survivor regions: 3->3(77)
[2024-08-27T05:26:37.830+0000][gc,heap       ] GC(160) Old regions: 20->20
[2024-08-27T05:26:37.830+0000][gc,heap       ] GC(160) Humongous regions: 129->129
[2024-08-27T05:26:37.830+0000][gc,metaspace  ] GC(160) Metaspace: 45820K(48768K)->45820K(48768K) NonClass: 39936K(41472K)->39936K(41472K) Class: 5883K(7296K)->5883K(7296K)
[2024-08-27T05:26:37.830+0000][gc            ] GC(160) Pause Young (Normal) (G1 Evacuation Pause) 760M->149M(1024M) 4.057ms
[2024-08-27T05:26:37.830+0000][gc,cpu        ] GC(160) User=0.01s Sys=0.00s Real=0.01s
[2024-08-27T07:31:43.236+0000][gc,start      ] GC(161) Pause Young (Normal) (G1 Evacuation Pause)
[2024-08-27T07:31:43.236+0000][gc,task       ] GC(161) Using 4 workers of 4 for evacuation
[2024-08-27T07:31:43.240+0000][gc,phases     ] GC(161)   Pre Evacuate Collection Set: 0.0ms
[2024-08-27T07:31:43.240+0000][gc,phases     ] GC(161)   Evacuate Collection Set: 2.5ms
[2024-08-27T07:31:43.240+0000][gc,phases     ] GC(161)   Post Evacuate Collection Set: 0.4ms
[2024-08-27T07:31:43.240+0000][gc,phases     ] GC(161)   Other: 1.1ms
[2024-08-27T07:31:43.240+0000][gc,heap       ] GC(161) Eden regions: 611->0(611)
[2024-08-27T07:31:43.240+0000][gc,heap       ] GC(161) Survivor regions: 3->3(77)
[2024-08-27T07:31:43.240+0000][gc,heap       ] GC(161) Old regions: 20->20
[2024-08-27T07:31:43.240+0000][gc,heap       ] GC(161) Humongous regions: 129->129
[2024-08-27T07:31:43.240+0000][gc,metaspace  ] GC(161) Metaspace: 45820K(48768K)->45820K(48768K) NonClass: 39936K(41472K)->39936K(41472K) Class: 5883K(7296K)->5883K(7296K)
[2024-08-27T07:31:43.240+0000][gc            ] GC(161) Pause Young (Normal) (G1 Evacuation Pause) 760M->149M(1024M) 4.178ms
[2024-08-27T07:31:43.240+0000][gc,cpu        ] GC(161) User=0.00s Sys=0.00s Real=0.01s
[2024-08-27T09:36:46.787+0000][gc,start      ] GC(162) Pause Young (Normal) (G1 Evacuation Pause)
[2024-08-27T09:36:46.788+0000][gc,task       ] GC(162) Using 4 workers of 4 for evacuation
[2024-08-27T09:36:46.792+0000][gc,phases     ] GC(162)   Pre Evacuate Collection Set: 0.0ms
[2024-08-27T09:36:46.792+0000][gc,phases     ] GC(162)   Evacuate Collection Set: 3.6ms
[2024-08-27T09:36:46.792+0000][gc,phases     ] GC(162)   Post Evacuate Collection Set: 0.5ms
[2024-08-27T09:36:46.792+0000][gc,phases     ] GC(162)   Other: 1.4ms
[2024-08-27T09:36:46.793+0000][gc,heap       ] GC(162) Eden regions: 611->0(611)
[2024-08-27T09:36:46.793+0000][gc,heap       ] GC(162) Survivor regions: 3->3(77)
[2024-08-27T09:36:46.793+0000][gc,heap       ] GC(162) Old regions: 20->20
[2024-08-27T09:36:46.793+0000][gc,heap       ] GC(162) Humongous regions: 129->129
[2024-08-27T09:36:46.793+0000][gc,metaspace  ] GC(162) Metaspace: 45820K(48768K)->45820K(48768K) NonClass: 39936K(41472K)->39936K(41472K) Class: 5883K(7296K)->5883K(7296K)
[2024-08-27T09:36:46.793+0000][gc            ] GC(162) Pause Young (Normal) (G1 Evacuation Pause) 760M->148M(1024M) 6.041ms
[2024-08-27T09:36:46.793+0000][gc,cpu        ] GC(162) User=0.00s Sys=0.01s Real=0.01s
[2024-08-27T11:42:14.905+0000][gc,start      ] GC(163) Pause Young (Normal) (G1 Evacuation Pause)
[2024-08-27T11:42:14.905+0000][gc,task       ] GC(163) Using 4 workers of 4 for evacuation
[2024-08-27T11:42:14.908+0000][gc,phases     ] GC(163)   Pre Evacuate Collection Set: 0.0ms
[2024-08-27T11:42:14.908+0000][gc,phases     ] GC(163)   Evacuate Collection Set: 2.3ms
[2024-08-27T11:42:14.908+0000][gc,phases     ] GC(163)   Post Evacuate Collection Set: 0.5ms
[2024-08-27T11:42:14.909+0000][gc,phases     ] GC(163)   Other: 0.8ms
[2024-08-27T11:42:14.909+0000][gc,heap       ] GC(163) Eden regions: 611->0(611)
[2024-08-27T11:42:14.909+0000][gc,heap       ] GC(163) Survivor regions: 3->3(77)
[2024-08-27T11:42:14.909+0000][gc,heap       ] GC(163) Old regions: 20->20
[2024-08-27T11:42:14.909+0000][gc,heap       ] GC(163) Humongous regions: 129->129
[2024-08-27T11:42:14.909+0000][gc,metaspace  ] GC(163) Metaspace: 45820K(48768K)->45820K(48768K) NonClass: 39936K(41472K)->39936K(41472K) Class: 5883K(7296K)->5883K(7296K)
[2024-08-27T11:42:14.909+0000][gc            ] GC(163) Pause Young (Normal) (G1 Evacuation Pause) 759M->149M(1024M) 3.832ms
[2024-08-27T11:42:14.909+0000][gc,cpu        ] GC(163) User=0.01s Sys=0.00s Real=0.01s
[2024-08-27T13:47:33.836+0000][gc,start      ] GC(164) Pause Young (Normal) (G1 Evacuation Pause)
[2024-08-27T13:47:33.837+0000][gc,task       ] GC(164) Using 4 workers of 4 for evacuation
[2024-08-27T13:47:33.840+0000][gc,phases     ] GC(164)   Pre Evacuate Collection Set: 0.0ms
[2024-08-27T13:47:33.840+0000][gc,phases     ] GC(164)   Evacuate Collection Set: 2.1ms
[2024-08-27T13:47:33.840+0000][gc,phases     ] GC(164)   Post Evacuate Collection Set: 0.4ms
[2024-08-27T13:47:33.840+0000][gc,phases     ] GC(164)   Other: 1.3ms
[2024-08-27T13:47:33.840+0000][gc,heap       ] GC(164) Eden regions: 611->0(611)
[2024-08-27T13:47:33.840+0000][gc,heap       ] GC(164) Survivor regions: 3->3(77)
[2024-08-27T13:47:33.840+0000][gc,heap       ] GC(164) Old regions: 20->20
[2024-08-27T13:47:33.840+0000][gc,heap       ] GC(164) Humongous regions: 129->129
[2024-08-27T13:47:33.840+0000][gc,metaspace  ] GC(164) Metaspace: 45820K(48768K)->45820K(48768K) NonClass: 39936K(41472K)->39936K(41472K) Class: 5883K(7296K)->5883K(7296K)
[2024-08-27T13:47:33.840+0000][gc            ] GC(164) Pause Young (Normal) (G1 Evacuation Pause) 760M->148M(1024M) 4.194ms
[2024-08-27T13:47:33.840+0000][gc,cpu        ] GC(164) User=0.01s Sys=0.00s Real=0.00s
[2024-08-27T15:52:45.175+0000][gc,start      ] GC(165) Pause Young (Normal) (G1 Evacuation Pause)
[2024-08-27T15:52:45.176+0000][gc,task       ] GC(165) Using 4 workers of 4 for evacuation
[2024-08-27T15:52:45.183+0000][gc,phases     ] GC(165)   Pre Evacuate Collection Set: 0.1ms
[2024-08-27T15:52:45.183+0000][gc,phases     ] GC(165)   Evacuate Collection Set: 5.2ms
[2024-08-27T15:52:45.183+0000][gc,phases     ] GC(165)   Post Evacuate Collection Set: 1.1ms
[2024-08-27T15:52:45.184+0000][gc,phases     ] GC(165)   Other: 4.3ms
[2024-08-27T15:52:45.184+0000][gc,heap       ] GC(165) Eden regions: 611->0(611)
[2024-08-27T15:52:45.184+0000][gc,heap       ] GC(165) Survivor regions: 3->3(77)
[2024-08-27T15:52:45.184+0000][gc,heap       ] GC(165) Old regions: 20->20
[2024-08-27T15:52:45.184+0000][gc,heap       ] GC(165) Humongous regions: 129->129
[2024-08-27T15:52:45.184+0000][gc,metaspace  ] GC(165) Metaspace: 45820K(48768K)->45820K(48768K) NonClass: 39936K(41472K)->39936K(41472K) Class: 5883K(7296K)->5883K(7296K)
[2024-08-27T15:52:45.184+0000][gc            ] GC(165) Pause Young (Normal) (G1 Evacuation Pause) 759M->149M(1024M) 9.513ms
[2024-08-27T15:52:45.184+0000][gc,cpu        ] GC(165) User=0.02s Sys=0.00s Real=0.01s
[2024-08-27T17:58:00.250+0000][gc,start      ] GC(166) Pause Young (Normal) (G1 Evacuation Pause)
[2024-08-27T17:58:00.251+0000][gc,task       ] GC(166) Using 4 workers of 4 for evacuation
[2024-08-27T17:58:00.254+0000][gc,phases     ] GC(166)   Pre Evacuate Collection Set: 0.0ms
[2024-08-27T17:58:00.254+0000][gc,phases     ] GC(166)   Evacuate Collection Set: 2.4ms
[2024-08-27T17:58:00.254+0000][gc,phases     ] GC(166)   Post Evacuate Collection Set: 0.4ms
[2024-08-27T17:58:00.254+0000][gc,phases     ] GC(166)   Other: 1.1ms
[2024-08-27T17:58:00.254+0000][gc,heap       ] GC(166) Eden regions: 611->0(611)
[2024-08-27T17:58:00.254+0000][gc,heap       ] GC(166) Survivor regions: 3->3(77)
[2024-08-27T17:58:00.254+0000][gc,heap       ] GC(166) Old regions: 20->20
[2024-08-27T17:58:00.254+0000][gc,heap       ] GC(166) Humongous regions: 178->129
[2024-08-27T17:58:00.254+0000][gc,metaspace  ] GC(166) Metaspace: 45820K(48768K)->45820K(48768K) NonClass: 39936K(41472K)->39936K(41472K) Class: 5883K(7296K)->5883K(7296K)
[2024-08-27T17:58:00.254+0000][gc            ] GC(166) Pause Young (Normal) (G1 Evacuation Pause) 809M->148M(1024M) 4.264ms
[2024-08-27T17:58:00.254+0000][gc,cpu        ] GC(166) User=0.01s Sys=0.00s Real=0.00s
[2024-08-27T20:03:08.827+0000][gc,start      ] GC(167) Pause Young (Normal) (G1 Evacuation Pause)
[2024-08-27T20:03:08.828+0000][gc,task       ] GC(167) Using 4 workers of 4 for evacuation
[2024-08-27T20:03:08.833+0000][gc,phases     ] GC(167)   Pre Evacuate Collection Set: 0.2ms
[2024-08-27T20:03:08.833+0000][gc,phases     ] GC(167)   Evacuate Collection Set: 3.6ms
[2024-08-27T20:03:08.833+0000][gc,phases     ] GC(167)   Post Evacuate Collection Set: 0.5ms
[2024-08-27T20:03:08.833+0000][gc,phases     ] GC(167)   Other: 1.3ms
[2024-08-27T20:03:08.833+0000][gc,heap       ] GC(167) Eden regions: 611->0(610)
[2024-08-27T20:03:08.833+0000][gc,heap       ] GC(167) Survivor regions: 3->4(77)
[2024-08-27T20:03:08.833+0000][gc,heap       ] GC(167) Old regions: 20->20
[2024-08-27T20:03:08.833+0000][gc,heap       ] GC(167) Humongous regions: 129->129
[2024-08-27T20:03:08.833+0000][gc,metaspace  ] GC(167) Metaspace: 45820K(48768K)->45820K(48768K) NonClass: 39936K(41472K)->39936K(41472K) Class: 5883K(7296K)->5883K(7296K)
[2024-08-27T20:03:08.833+0000][gc            ] GC(167) Pause Young (Normal) (G1 Evacuation Pause) 759M->150M(1024M) 5.844ms
[2024-08-27T20:03:08.833+0000][gc,cpu        ] GC(167) User=0.02s Sys=0.00s Real=0.01s
[2024-08-27T22:08:14.472+0000][gc,start      ] GC(168) Pause Young (Normal) (G1 Evacuation Pause)
[2024-08-27T22:08:14.473+0000][gc,task       ] GC(168) Using 4 workers of 4 for evacuation
[2024-08-27T22:08:14.480+0000][gc,phases     ] GC(168)   Pre Evacuate Collection Set: 0.1ms
[2024-08-27T22:08:14.480+0000][gc,phases     ] GC(168)   Evacuate Collection Set: 4.4ms
[2024-08-27T22:08:14.480+0000][gc,phases     ] GC(168)   Post Evacuate Collection Set: 0.9ms
[2024-08-27T22:08:14.480+0000][gc,phases     ] GC(168)   Other: 2.8ms
[2024-08-27T22:08:14.480+0000][gc,heap       ] GC(168) Eden regions: 610->0(610)
[2024-08-27T22:08:14.480+0000][gc,heap       ] GC(168) Survivor regions: 4->4(77)
[2024-08-27T22:08:14.480+0000][gc,heap       ] GC(168) Old regions: 20->20
[2024-08-27T22:08:14.480+0000][gc,heap       ] GC(168) Humongous regions: 129->129
[2024-08-27T22:08:14.480+0000][gc,metaspace  ] GC(168) Metaspace: 45820K(48768K)->45820K(48768K) NonClass: 39936K(41472K)->39936K(41472K) Class: 5883K(7296K)->5883K(7296K)
[2024-08-27T22:08:14.480+0000][gc            ] GC(168) Pause Young (Normal) (G1 Evacuation Pause) 760M->150M(1024M) 7.635ms
[2024-08-27T22:08:14.480+0000][gc,cpu        ] GC(168) User=0.02s Sys=0.00s Real=0.01s
[2024-08-28T00:13:11.987+0000][gc,start      ] GC(169) Pause Young (Normal) (G1 Evacuation Pause)
[2024-08-28T00:13:11.988+0000][gc,task       ] GC(169) Using 4 workers of 4 for evacuation
[2024-08-28T00:13:11.995+0000][gc,phases     ] GC(169)   Pre Evacuate Collection Set: 0.0ms
[2024-08-28T00:13:11.995+0000][gc,phases     ] GC(169)   Evacuate Collection Set: 4.2ms
[2024-08-28T00:13:11.995+0000][gc,phases     ] GC(169)   Post Evacuate Collection Set: 0.9ms
[2024-08-28T00:13:11.995+0000][gc,phases     ] GC(169)   Other: 3.7ms
[2024-08-28T00:13:11.995+0000][gc,heap       ] GC(169) Eden regions: 610->0(610)
[2024-08-28T00:13:11.995+0000][gc,heap       ] GC(169) Survivor regions: 4->4(77)
[2024-08-28T00:13:11.995+0000][gc,heap       ] GC(169) Old regions: 20->20
[2024-08-28T00:13:11.995+0000][gc,heap       ] GC(169) Humongous regions: 129->129
[2024-08-28T00:13:11.995+0000][gc,metaspace  ] GC(169) Metaspace: 45820K(48768K)->45820K(48768K) NonClass: 39936K(41472K)->39936K(41472K) Class: 5883K(7296K)->5883K(7296K)
[2024-08-28T00:13:11.995+0000][gc            ] GC(169) Pause Young (Normal) (G1 Evacuation Pause) 760M->150M(1024M) 8.478ms
[2024-08-28T00:13:11.995+0000][gc,cpu        ] GC(169) User=0.02s Sys=0.00s Real=0.01s
[2024-08-28T02:17:38.499+0000][gc,start      ] GC(170) Pause Young (Normal) (G1 Evacuation Pause)
[2024-08-28T02:17:38.500+0000][gc,task       ] GC(170) Using 4 workers of 4 for evacuation
[2024-08-28T02:17:38.504+0000][gc,phases     ] GC(170)   Pre Evacuate Collection Set: 0.0ms
[2024-08-28T02:17:38.504+0000][gc,phases     ] GC(170)   Evacuate Collection Set: 3.2ms
[2024-08-28T02:17:38.504+0000][gc,phases     ] GC(170)   Post Evacuate Collection Set: 0.5ms
[2024-08-28T02:17:38.504+0000][gc,phases     ] GC(170)   Other: 1.5ms
[2024-08-28T02:17:38.504+0000][gc,heap       ] GC(170) Eden regions: 610->0(610)
[2024-08-28T02:17:38.504+0000][gc,heap       ] GC(170) Survivor regions: 4->4(77)
[2024-08-28T02:17:38.504+0000][gc,heap       ] GC(170) Old regions: 20->20
[2024-08-28T02:17:38.504+0000][gc,heap       ] GC(170) Humongous regions: 129->129
[2024-08-28T02:17:38.504+0000][gc,metaspace  ] GC(170) Metaspace: 45820K(48768K)->45820K(48768K) NonClass: 39936K(41472K)->39936K(41472K) Class: 5883K(7296K)->5883K(7296K)
[2024-08-28T02:17:38.505+0000][gc            ] GC(170) Pause Young (Normal) (G1 Evacuation Pause) 760M->149M(1024M) 5.604ms
[2024-08-28T02:17:38.505+0000][gc,cpu        ] GC(170) User=0.01s Sys=0.00s Real=0.00s
[2024-08-28T04:22:28.885+0000][gc,start      ] GC(171) Pause Young (Normal) (G1 Evacuation Pause)
[2024-08-28T04:22:28.886+0000][gc,task       ] GC(171) Using 4 workers of 4 for evacuation
[2024-08-28T04:22:28.893+0000][gc,phases     ] GC(171)   Pre Evacuate Collection Set: 0.0ms
[2024-08-28T04:22:28.893+0000][gc,phases     ] GC(171)   Evacuate Collection Set: 4.4ms
[2024-08-28T04:22:28.893+0000][gc,phases     ] GC(171)   Post Evacuate Collection Set: 0.6ms
[2024-08-28T04:22:28.893+0000][gc,phases     ] GC(171)   Other: 4.1ms
[2024-08-28T04:22:28.893+0000][gc,heap       ] GC(171) Eden regions: 610->0(611)
[2024-08-28T04:22:28.893+0000][gc,heap       ] GC(171) Survivor regions: 4->3(77)
[2024-08-28T04:22:28.893+0000][gc,heap       ] GC(171) Old regions: 20->20
[2024-08-28T04:22:28.893+0000][gc,heap       ] GC(171) Humongous regions: 129->129
[2024-08-28T04:22:28.893+0000][gc,metaspace  ] GC(171) Metaspace: 45820K(48768K)->45820K(48768K) NonClass: 39936K(41472K)->39936K(41472K) Class: 5883K(7296K)->5883K(7296K)
[2024-08-28T04:22:28.893+0000][gc            ] GC(171) Pause Young (Normal) (G1 Evacuation Pause) 759M->149M(1024M) 8.142ms
[2024-08-28T04:22:28.893+0000][gc,cpu        ] GC(171) User=0.00s Sys=0.01s Real=0.01s
[2024-08-28T06:27:48.962+0000][gc,start      ] GC(172) Pause Young (Normal) (G1 Evacuation Pause)
[2024-08-28T06:27:48.963+0000][gc,task       ] GC(172) Using 4 workers of 4 for evacuation
[2024-08-28T06:27:48.971+0000][gc,phases     ] GC(172)   Pre Evacuate Collection Set: 0.0ms
[2024-08-28T06:27:48.971+0000][gc,phases     ] GC(172)   Evacuate Collection Set: 4.6ms
[2024-08-28T06:27:48.971+0000][gc,phases     ] GC(172)   Post Evacuate Collection Set: 1.0ms
[2024-08-28T06:27:48.971+0000][gc,phases     ] GC(172)   Other: 4.0ms
[2024-08-28T06:27:48.971+0000][gc,heap       ] GC(172) Eden regions: 611->0(611)
[2024-08-28T06:27:48.971+0000][gc,heap       ] GC(172) Survivor regions: 3->3(77)
[2024-08-28T06:27:48.971+0000][gc,heap       ] GC(172) Old regions: 20->20
[2024-08-28T06:27:48.971+0000][gc,heap       ] GC(172) Humongous regions: 129->129
[2024-08-28T06:27:48.971+0000][gc,metaspace  ] GC(172) Metaspace: 45820K(48768K)->45820K(48768K) NonClass: 39936K(41472K)->39936K(41472K) Class: 5883K(7296K)->5883K(7296K)
[2024-08-28T06:27:48.971+0000][gc            ] GC(172) Pause Young (Normal) (G1 Evacuation Pause) 760M->149M(1024M) 8.830ms
[2024-08-28T06:27:48.971+0000][gc,cpu        ] GC(172) User=0.02s Sys=0.00s Real=0.01s
[2024-08-28T08:32:56.896+0000][gc,start      ] GC(173) Pause Young (Normal) (G1 Evacuation Pause)
[2024-08-28T08:32:56.897+0000][gc,task       ] GC(173) Using 4 workers of 4 for evacuation
[2024-08-28T08:32:56.904+0000][gc,phases     ] GC(173)   Pre Evacuate Collection Set: 0.0ms
[2024-08-28T08:32:56.904+0000][gc,phases     ] GC(173)   Evacuate Collection Set: 4.0ms
[2024-08-28T08:32:56.904+0000][gc,phases     ] GC(173)   Post Evacuate Collection Set: 1.2ms
[2024-08-28T08:32:56.904+0000][gc,phases     ] GC(173)   Other: 4.2ms
[2024-08-28T08:32:56.904+0000][gc,heap       ] GC(173) Eden regions: 611->0(611)
[2024-08-28T08:32:56.904+0000][gc,heap       ] GC(173) Survivor regions: 3->3(77)
[2024-08-28T08:32:56.904+0000][gc,heap       ] GC(173) Old regions: 20->20
[2024-08-28T08:32:56.904+0000][gc,heap       ] GC(173) Humongous regions: 178->129
[2024-08-28T08:32:56.904+0000][gc,metaspace  ] GC(173) Metaspace: 45820K(48768K)->45820K(48768K) NonClass: 39936K(41472K)->39936K(41472K) Class: 5883K(7296K)->5883K(7296K)
[2024-08-28T08:32:56.904+0000][gc            ] GC(173) Pause Young (Normal) (G1 Evacuation Pause) 809M->149M(1024M) 8.897ms
[2024-08-28T08:32:56.904+0000][gc,cpu        ] GC(173) User=0.01s Sys=0.00s Real=0.01s
[2024-08-28T10:37:58.230+0000][gc,start      ] GC(174) Pause Young (Normal) (G1 Evacuation Pause)
[2024-08-28T10:37:58.231+0000][gc,task       ] GC(174) Using 4 workers of 4 for evacuation
[2024-08-28T10:37:58.239+0000][gc,phases     ] GC(174)   Pre Evacuate Collection Set: 0.1ms
[2024-08-28T10:37:58.239+0000][gc,phases     ] GC(174)   Evacuate Collection Set: 5.4ms
[2024-08-28T10:37:58.239+0000][gc,phases     ] GC(174)   Post Evacuate Collection Set: 1.2ms
[2024-08-28T10:37:58.239+0000][gc,phases     ] GC(174)   Other: 4.2ms
[2024-08-28T10:37:58.239+0000][gc,heap       ] GC(174) Eden regions: 611->0(611)
[2024-08-28T10:37:58.239+0000][gc,heap       ] GC(174) Survivor regions: 3->3(77)
[2024-08-28T10:37:58.239+0000][gc,heap       ] GC(174) Old regions: 20->20
[2024-08-28T10:37:58.239+0000][gc,heap       ] GC(174) Humongous regions: 129->129
[2024-08-28T10:37:58.240+0000][gc,metaspace  ] GC(174) Metaspace: 45820K(48768K)->45820K(48768K) NonClass: 39936K(41472K)->39936K(41472K) Class: 5883K(7296K)->5883K(7296K)
[2024-08-28T10:37:58.240+0000][gc            ] GC(174) Pause Young (Normal) (G1 Evacuation Pause) 760M->149M(1024M) 10.031ms
[2024-08-28T10:37:58.240+0000][gc,cpu        ] GC(174) User=0.01s Sys=0.00s Real=0.01s
[2024-08-28T12:43:20.409+0000][gc,start      ] GC(175) Pause Young (Normal) (G1 Evacuation Pause)
[2024-08-28T12:43:20.411+0000][gc,task       ] GC(175) Using 4 workers of 4 for evacuation
[2024-08-28T12:43:20.419+0000][gc,phases     ] GC(175)   Pre Evacuate Collection Set: 0.1ms
[2024-08-28T12:43:20.419+0000][gc,phases     ] GC(175)   Evacuate Collection Set: 4.9ms
[2024-08-28T12:43:20.419+0000][gc,phases     ] GC(175)   Post Evacuate Collection Set: 1.5ms
[2024-08-28T12:43:20.419+0000][gc,phases     ] GC(175)   Other: 4.8ms
[2024-08-28T12:43:20.419+0000][gc,heap       ] GC(175) Eden regions: 611->0(611)
[2024-08-28T12:43:20.419+0000][gc,heap       ] GC(175) Survivor regions: 3->3(77)
[2024-08-28T12:43:20.419+0000][gc,heap       ] GC(175) Old regions: 20->20
[2024-08-28T12:43:20.419+0000][gc,heap       ] GC(175) Humongous regions: 129->129
[2024-08-28T12:43:20.419+0000][gc,metaspace  ] GC(175) Metaspace: 45820K(48768K)->45820K(48768K) NonClass: 39936K(41472K)->39936K(41472K) Class: 5883K(7296K)->5883K(7296K)
[2024-08-28T12:43:20.419+0000][gc            ] GC(175) Pause Young (Normal) (G1 Evacuation Pause) 760M->149M(1024M) 9.999ms
[2024-08-28T12:43:20.419+0000][gc,cpu        ] GC(175) User=0.01s Sys=0.00s Real=0.01s
[2024-08-28T14:48:25.593+0000][gc,start      ] GC(176) Pause Young (Normal) (G1 Evacuation Pause)
[2024-08-28T14:48:25.594+0000][gc,task       ] GC(176) Using 4 workers of 4 for evacuation
[2024-08-28T14:48:25.603+0000][gc,phases     ] GC(176)   Pre Evacuate Collection Set: 0.1ms
[2024-08-28T14:48:25.603+0000][gc,phases     ] GC(176)   Evacuate Collection Set: 4.5ms
[2024-08-28T14:48:25.603+0000][gc,phases     ] GC(176)   Post Evacuate Collection Set: 1.2ms
[2024-08-28T14:48:25.603+0000][gc,phases     ] GC(176)   Other: 5.2ms
[2024-08-28T14:48:25.603+0000][gc,heap       ] GC(176) Eden regions: 611->0(611)
[2024-08-28T14:48:25.603+0000][gc,heap       ] GC(176) Survivor regions: 3->3(77)
[2024-08-28T14:48:25.603+0000][gc,heap       ] GC(176) Old regions: 20->20
[2024-08-28T14:48:25.603+0000][gc,heap       ] GC(176) Humongous regions: 129->129
[2024-08-28T14:48:25.603+0000][gc,metaspace  ] GC(176) Metaspace: 45820K(48768K)->45820K(48768K) NonClass: 39936K(41472K)->39936K(41472K) Class: 5883K(7296K)->5883K(7296K)
[2024-08-28T14:48:25.603+0000][gc            ] GC(176) Pause Young (Normal) (G1 Evacuation Pause) 760M->149M(1024M) 10.372ms
[2024-08-28T14:48:25.603+0000][gc,cpu        ] GC(176) User=0.01s Sys=0.00s Real=0.01s
[2024-08-28T16:53:35.406+0000][gc,start      ] GC(177) Pause Young (Normal) (G1 Evacuation Pause)
[2024-08-28T16:53:35.407+0000][gc,task       ] GC(177) Using 4 workers of 4 for evacuation
[2024-08-28T16:53:35.412+0000][gc,phases     ] GC(177)   Pre Evacuate Collection Set: 0.0ms
[2024-08-28T16:53:35.412+0000][gc,phases     ] GC(177)   Evacuate Collection Set: 3.9ms
[2024-08-28T16:53:35.412+0000][gc,phases     ] GC(177)   Post Evacuate Collection Set: 0.8ms
[2024-08-28T16:53:35.412+0000][gc,phases     ] GC(177)   Other: 3.2ms
[2024-08-28T16:53:35.412+0000][gc,heap       ] GC(177) Eden regions: 611->0(611)
[2024-08-28T16:53:35.412+0000][gc,heap       ] GC(177) Survivor regions: 3->3(77)
[2024-08-28T16:53:35.412+0000][gc,heap       ] GC(177) Old regions: 20->20
[2024-08-28T16:53:35.412+0000][gc,heap       ] GC(177) Humongous regions: 129->129
[2024-08-28T16:53:35.413+0000][gc,metaspace  ] GC(177) Metaspace: 45820K(48768K)->45820K(48768K) NonClass: 39936K(41472K)->39936K(41472K) Class: 5883K(7296K)->5883K(7296K)
[2024-08-28T16:53:35.413+0000][gc            ] GC(177) Pause Young (Normal) (G1 Evacuation Pause) 760M->149M(1024M) 7.075ms
[2024-08-28T16:53:35.413+0000][gc,cpu        ] GC(177) User=0.01s Sys=0.01s Real=0.01s
