[2024-12-03T11:45:32.782+0000][gc,heap] Heap region size: 1M
[2024-12-03T11:45:32.797+0000][gc     ] Using G1
[2024-12-03T11:45:32.797+0000][gc,heap,coops] Heap address: 0x00000000c0000000, size: 1024 MB, Compressed Oops mode: 32-bit
[2024-12-03T11:45:32.797+0000][gc,cds       ] Mark closed archive regions in map: [0x00000000fff00000, 0x00000000fff6bff8]
[2024-12-03T11:45:32.797+0000][gc,cds       ] Mark open archive regions in map: [0x00000000ffe00000, 0x00000000ffe47ff8]
[2024-12-03T11:45:34.139+0000][gc,start     ] GC(0) Pause Young (Normal) (G1 Evacuation Pause)
[2024-12-03T11:45:34.139+0000][gc,task      ] GC(0) Using 4 workers of 4 for evacuation
[2024-12-03T11:45:34.166+0000][gc,mmu       ] GC(0) MMU target violated: 21.0ms (20.0ms/21.0ms)
[2024-12-03T11:45:34.166+0000][gc,phases    ] GC(0)   Pre Evacuate Collection Set: 0.0ms
[2024-12-03T11:45:34.166+0000][gc,phases    ] GC(0)   Evacuate Collection Set: 26.1ms
[2024-12-03T11:45:34.166+0000][gc,phases    ] GC(0)   Post Evacuate Collection Set: 0.4ms
[2024-12-03T11:45:34.166+0000][gc,phases    ] GC(0)   Other: 0.5ms
[2024-12-03T11:45:34.166+0000][gc,heap      ] GC(0) Eden regions: 51->0(44)
[2024-12-03T11:45:34.166+0000][gc,heap      ] GC(0) Survivor regions: 0->7(7)
[2024-12-03T11:45:34.166+0000][gc,heap      ] GC(0) Old regions: 2->2
[2024-12-03T11:45:34.166+0000][gc,heap      ] GC(0) Humongous regions: 0->0
[2024-12-03T11:45:34.166+0000][gc,metaspace ] GC(0) Metaspace: 14927K(15616K)->14927K(15616K) NonClass: 13080K(13568K)->13080K(13568K) Class: 1847K(2048K)->1847K(2048K)
[2024-12-03T11:45:34.166+0000][gc           ] GC(0) Pause Young (Normal) (G1 Evacuation Pause) 51M->7M(1024M) 27.023ms
[2024-12-03T11:45:34.166+0000][gc,cpu       ] GC(0) User=0.03s Sys=0.00s Real=0.03s
[2024-12-03T11:45:34.806+0000][gc,start     ] GC(1) Pause Young (Concurrent Start) (Metadata GC Threshold)
[2024-12-03T11:45:34.806+0000][gc,task      ] GC(1) Using 4 workers of 4 for evacuation
[2024-12-03T11:45:34.825+0000][gc,phases    ] GC(1)   Pre Evacuate Collection Set: 0.1ms
[2024-12-03T11:45:34.825+0000][gc,phases    ] GC(1)   Evacuate Collection Set: 18.2ms
[2024-12-03T11:45:34.825+0000][gc,phases    ] GC(1)   Post Evacuate Collection Set: 0.3ms
[2024-12-03T11:45:34.825+0000][gc,phases    ] GC(1)   Other: 0.1ms
[2024-12-03T11:45:34.825+0000][gc,heap      ] GC(1) Eden regions: 24->0(49)
[2024-12-03T11:45:34.825+0000][gc,heap      ] GC(1) Survivor regions: 7->2(7)
[2024-12-03T11:45:34.825+0000][gc,heap      ] GC(1) Old regions: 2->9
[2024-12-03T11:45:34.825+0000][gc,heap      ] GC(1) Humongous regions: 0->0
[2024-12-03T11:45:34.825+0000][gc,metaspace ] GC(1) Metaspace: 20622K(21248K)->20622K(21248K) NonClass: 18086K(18432K)->18086K(18432K) Class: 2536K(2816K)->2536K(2816K)
[2024-12-03T11:45:34.825+0000][gc           ] GC(1) Pause Young (Concurrent Start) (Metadata GC Threshold) 30M->8M(1024M) 18.768ms
[2024-12-03T11:45:34.825+0000][gc,cpu       ] GC(1) User=0.03s Sys=0.00s Real=0.02s
[2024-12-03T11:45:34.825+0000][gc           ] GC(2) Concurrent Cycle
[2024-12-03T11:45:34.825+0000][gc,marking   ] GC(2) Concurrent Clear Claimed Marks
[2024-12-03T11:45:34.825+0000][gc,marking   ] GC(2) Concurrent Clear Claimed Marks 0.065ms
[2024-12-03T11:45:34.825+0000][gc,marking   ] GC(2) Concurrent Scan Root Regions
[2024-12-03T11:45:34.827+0000][gc,marking   ] GC(2) Concurrent Scan Root Regions 2.095ms
[2024-12-03T11:45:34.827+0000][gc,marking   ] GC(2) Concurrent Mark (2.047s)
[2024-12-03T11:45:34.827+0000][gc,marking   ] GC(2) Concurrent Mark From Roots
[2024-12-03T11:45:34.827+0000][gc,task      ] GC(2) Using 1 workers of 1 for marking
[2024-12-03T11:45:34.840+0000][gc,marking   ] GC(2) Concurrent Mark From Roots 12.538ms
[2024-12-03T11:45:34.840+0000][gc,marking   ] GC(2) Concurrent Preclean
[2024-12-03T11:45:34.840+0000][gc,marking   ] GC(2) Concurrent Preclean 0.065ms
[2024-12-03T11:45:34.840+0000][gc,marking   ] GC(2) Concurrent Mark (2.047s, 2.060s) 12.637ms
[2024-12-03T11:45:34.856+0000][gc,start     ] GC(2) Pause Remark
[2024-12-03T11:45:34.871+0000][gc,stringtable] GC(2) Cleaned string and symbol table, strings: 5687 processed, 0 removed, symbols: 51882 processed, 44 removed
[2024-12-03T11:45:34.880+0000][gc,mmu        ] GC(2) MMU target violated: 21.0ms (20.0ms/21.0ms)
[2024-12-03T11:45:34.880+0000][gc            ] GC(2) Pause Remark 8M->8M(1024M) 24.276ms
[2024-12-03T11:45:34.880+0000][gc,cpu        ] GC(2) User=0.01s Sys=0.00s Real=0.02s
[2024-12-03T11:45:34.881+0000][gc,marking    ] GC(2) Concurrent Rebuild Remembered Sets
[2024-12-03T11:45:34.900+0000][gc,marking    ] GC(2) Concurrent Rebuild Remembered Sets 18.727ms
[2024-12-03T11:45:34.929+0000][gc,start      ] GC(2) Pause Cleanup
[2024-12-03T11:45:34.933+0000][gc            ] GC(2) Pause Cleanup 10M->10M(1024M) 4.047ms
[2024-12-03T11:45:34.933+0000][gc,cpu        ] GC(2) User=0.00s Sys=0.00s Real=0.01s
[2024-12-03T11:45:34.956+0000][gc,marking    ] GC(2) Concurrent Cleanup for Next Mark
[2024-12-03T11:45:34.980+0000][gc,marking    ] GC(2) Concurrent Cleanup for Next Mark 23.934ms
[2024-12-03T11:45:34.980+0000][gc            ] GC(2) Concurrent Cycle 155.060ms
[2024-12-03T11:45:35.893+0000][gc,start      ] GC(3) Pause Young (Normal) (G1 Evacuation Pause)
[2024-12-03T11:45:35.893+0000][gc,task       ] GC(3) Using 4 workers of 4 for evacuation
[2024-12-03T11:45:35.917+0000][gc,mmu        ] GC(3) MMU target violated: 21.0ms (20.0ms/21.0ms)
[2024-12-03T11:45:35.917+0000][gc,phases     ] GC(3)   Pre Evacuate Collection Set: 0.0ms
[2024-12-03T11:45:35.917+0000][gc,phases     ] GC(3)   Evacuate Collection Set: 14.0ms
[2024-12-03T11:45:35.917+0000][gc,phases     ] GC(3)   Post Evacuate Collection Set: 9.9ms
[2024-12-03T11:45:35.917+0000][gc,phases     ] GC(3)   Other: 0.2ms
[2024-12-03T11:45:35.917+0000][gc,heap       ] GC(3) Eden regions: 49->0(46)
[2024-12-03T11:45:35.917+0000][gc,heap       ] GC(3) Survivor regions: 2->5(7)
[2024-12-03T11:45:35.917+0000][gc,heap       ] GC(3) Old regions: 9->9
[2024-12-03T11:45:35.917+0000][gc,heap       ] GC(3) Humongous regions: 129->129
[2024-12-03T11:45:35.917+0000][gc,metaspace  ] GC(3) Metaspace: 29065K(30208K)->29065K(30208K) NonClass: 25664K(26368K)->25664K(26368K) Class: 3401K(3840K)->3401K(3840K)
[2024-12-03T11:45:35.917+0000][gc            ] GC(3) Pause Young (Normal) (G1 Evacuation Pause) 186M->140M(1024M) 24.130ms
[2024-12-03T11:45:35.917+0000][gc,cpu        ] GC(3) User=0.01s Sys=0.00s Real=0.02s
[2024-12-03T11:45:36.681+0000][gc,start      ] GC(4) Pause Young (Concurrent Start) (Metadata GC Threshold)
[2024-12-03T11:45:36.681+0000][gc,task       ] GC(4) Using 4 workers of 4 for evacuation
[2024-12-03T11:45:36.698+0000][gc,phases     ] GC(4)   Pre Evacuate Collection Set: 0.1ms
[2024-12-03T11:45:36.698+0000][gc,phases     ] GC(4)   Evacuate Collection Set: 16.1ms
[2024-12-03T11:45:36.698+0000][gc,phases     ] GC(4)   Post Evacuate Collection Set: 1.4ms
[2024-12-03T11:45:36.698+0000][gc,phases     ] GC(4)   Other: 0.2ms
[2024-12-03T11:45:36.698+0000][gc,heap       ] GC(4) Eden regions: 28->0(49)
[2024-12-03T11:45:36.698+0000][gc,heap       ] GC(4) Survivor regions: 5->2(7)
[2024-12-03T11:45:36.698+0000][gc,heap       ] GC(4) Old regions: 9->13
[2024-12-03T11:45:36.698+0000][gc,heap       ] GC(4) Humongous regions: 129->129
[2024-12-03T11:45:36.698+0000][gc,metaspace  ] GC(4) Metaspace: 34445K(35840K)->34445K(35840K) NonClass: 30401K(31232K)->30401K(31232K) Class: 4043K(4608K)->4043K(4608K)
[2024-12-03T11:45:36.698+0000][gc            ] GC(4) Pause Young (Concurrent Start) (Metadata GC Threshold) 168M->142M(1024M) 17.820ms
[2024-12-03T11:45:36.698+0000][gc,cpu        ] GC(4) User=0.02s Sys=0.00s Real=0.01s
[2024-12-03T11:45:36.699+0000][gc            ] GC(5) Concurrent Cycle
[2024-12-03T11:45:36.699+0000][gc,marking    ] GC(5) Concurrent Clear Claimed Marks
[2024-12-03T11:45:36.699+0000][gc,marking    ] GC(5) Concurrent Clear Claimed Marks 0.125ms
[2024-12-03T11:45:36.699+0000][gc,marking    ] GC(5) Concurrent Scan Root Regions
[2024-12-03T11:45:36.700+0000][gc,marking    ] GC(5) Concurrent Scan Root Regions 1.541ms
[2024-12-03T11:45:36.700+0000][gc,marking    ] GC(5) Concurrent Mark (3.920s)
[2024-12-03T11:45:36.700+0000][gc,marking    ] GC(5) Concurrent Mark From Roots
[2024-12-03T11:45:36.700+0000][gc,task       ] GC(5) Using 1 workers of 1 for marking
[2024-12-03T11:45:36.743+0000][gc,marking    ] GC(5) Concurrent Mark From Roots 42.717ms
[2024-12-03T11:45:36.743+0000][gc,marking    ] GC(5) Concurrent Preclean
[2024-12-03T11:45:36.743+0000][gc,marking    ] GC(5) Concurrent Preclean 0.082ms
[2024-12-03T11:45:36.743+0000][gc,marking    ] GC(5) Concurrent Mark (3.920s, 3.963s) 42.843ms
[2024-12-03T11:45:36.756+0000][gc,start      ] GC(5) Pause Remark
[2024-12-03T11:45:36.761+0000][gc,stringtable] GC(5) Cleaned string and symbol table, strings: 10336 processed, 9 removed, symbols: 83674 processed, 15 removed
[2024-12-03T11:45:36.762+0000][gc            ] GC(5) Pause Remark 145M->145M(1024M) 5.321ms
[2024-12-03T11:45:36.762+0000][gc,cpu        ] GC(5) User=0.01s Sys=0.00s Real=0.01s
[2024-12-03T11:45:36.762+0000][gc,marking    ] GC(5) Concurrent Rebuild Remembered Sets
[2024-12-03T11:45:36.804+0000][gc,marking    ] GC(5) Concurrent Rebuild Remembered Sets 42.200ms
[2024-12-03T11:45:36.805+0000][gc,start      ] GC(5) Pause Cleanup
[2024-12-03T11:45:36.809+0000][gc            ] GC(5) Pause Cleanup 147M->147M(1024M) 3.918ms
[2024-12-03T11:45:36.809+0000][gc,cpu        ] GC(5) User=0.01s Sys=0.00s Real=0.00s
[2024-12-03T11:45:36.821+0000][gc,marking    ] GC(5) Concurrent Cleanup for Next Mark
[2024-12-03T11:45:36.863+0000][gc,marking    ] GC(5) Concurrent Cleanup for Next Mark 42.714ms
[2024-12-03T11:45:36.863+0000][gc            ] GC(5) Concurrent Cycle 164.859ms
[2024-12-03T11:45:50.137+0000][gc,start      ] GC(6) Pause Young (Normal) (G1 Evacuation Pause)
[2024-12-03T11:45:50.137+0000][gc,task       ] GC(6) Using 4 workers of 4 for evacuation
[2024-12-03T11:45:50.182+0000][gc,mmu        ] GC(6) MMU target violated: 21.0ms (20.0ms/21.0ms)
[2024-12-03T11:45:50.182+0000][gc,phases     ] GC(6)   Pre Evacuate Collection Set: 0.0ms
[2024-12-03T11:45:50.182+0000][gc,phases     ] GC(6)   Evacuate Collection Set: 43.9ms
[2024-12-03T11:45:50.182+0000][gc,phases     ] GC(6)   Post Evacuate Collection Set: 1.8ms
[2024-12-03T11:45:50.182+0000][gc,phases     ] GC(6)   Other: 0.2ms
[2024-12-03T11:45:50.182+0000][gc,heap       ] GC(6) Eden regions: 49->0(46)
[2024-12-03T11:45:50.182+0000][gc,heap       ] GC(6) Survivor regions: 2->5(7)
[2024-12-03T11:45:50.182+0000][gc,heap       ] GC(6) Old regions: 13->13
[2024-12-03T11:45:50.182+0000][gc,heap       ] GC(6) Humongous regions: 129->129
[2024-12-03T11:45:50.182+0000][gc,metaspace  ] GC(6) Metaspace: 41654K(44416K)->41654K(44416K) NonClass: 36199K(37632K)->36199K(37632K) Class: 5454K(6784K)->5454K(6784K)
[2024-12-03T11:45:50.182+0000][gc            ] GC(6) Pause Young (Normal) (G1 Evacuation Pause) 191M->145M(1024M) 45.880ms
[2024-12-03T11:45:50.182+0000][gc,cpu        ] GC(6) User=0.05s Sys=0.00s Real=0.05s
[2024-12-03T11:52:13.042+0000][gc,start      ] GC(7) Pause Young (Normal) (G1 Evacuation Pause)
[2024-12-03T11:52:13.042+0000][gc,task       ] GC(7) Using 4 workers of 4 for evacuation
[2024-12-03T11:52:13.049+0000][gc,phases     ] GC(7)   Pre Evacuate Collection Set: 0.0ms
[2024-12-03T11:52:13.049+0000][gc,phases     ] GC(7)   Evacuate Collection Set: 6.3ms
[2024-12-03T11:52:13.049+0000][gc,phases     ] GC(7)   Post Evacuate Collection Set: 0.4ms
[2024-12-03T11:52:13.049+0000][gc,phases     ] GC(7)   Other: 0.1ms
[2024-12-03T11:52:13.049+0000][gc,heap       ] GC(7) Eden regions: 46->0(46)
[2024-12-03T11:52:13.049+0000][gc,heap       ] GC(7) Survivor regions: 5->5(7)
[2024-12-03T11:52:13.049+0000][gc,heap       ] GC(7) Old regions: 13->15
[2024-12-03T11:52:13.049+0000][gc,heap       ] GC(7) Humongous regions: 129->129
[2024-12-03T11:52:13.049+0000][gc,metaspace  ] GC(7) Metaspace: 44054K(46848K)->44054K(46848K) NonClass: 38276K(39680K)->38276K(39680K) Class: 5778K(7168K)->5778K(7168K)
[2024-12-03T11:52:13.049+0000][gc            ] GC(7) Pause Young (Normal) (G1 Evacuation Pause) 191M->147M(1024M) 6.800ms
[2024-12-03T11:52:13.049+0000][gc,cpu        ] GC(7) User=0.02s Sys=0.00s Real=0.00s
[2024-12-03T11:52:13.054+0000][gc,heap,exit  ] Heap
[2024-12-03T11:52:13.054+0000][gc,heap,exit  ]  garbage-first heap   total 1048576K, used 150772K [0x00000000c0000000, 0x0000000100000000)
[2024-12-03T11:52:13.054+0000][gc,heap,exit  ]   region size 1024K, 6 young (6144K), 5 survivors (5120K)
[2024-12-03T11:52:13.054+0000][gc,heap,exit  ]  Metaspace       used 44088K, capacity 46858K, committed 47232K, reserved 1089536K
[2024-12-03T11:52:13.054+0000][gc,heap,exit  ]   class space    used 5790K, capacity 7177K, committed 7296K, reserved 1048576K
