[2024-12-03T12:42:52.097+0000][gc,heap] Heap region size: 1M
[2024-12-03T12:42:52.126+0000][gc     ] Using G1
[2024-12-03T12:42:52.126+0000][gc,heap,coops] Heap address: 0x00000000c0000000, size: 1024 MB, Compressed Oops mode: 32-bit
[2024-12-03T12:42:52.126+0000][gc,cds       ] Mark closed archive regions in map: [0x00000000fff00000, 0x00000000fff6bff8]
[2024-12-03T12:42:52.127+0000][gc,cds       ] Mark open archive regions in map: [0x00000000ffe00000, 0x00000000ffe47ff8]
[2024-12-03T12:42:53.582+0000][gc,start     ] GC(0) Pause Young (Normal) (G1 Evacuation Pause)
[2024-12-03T12:42:53.594+0000][gc,task      ] GC(0) Using 4 workers of 4 for evacuation
[2024-12-03T12:42:53.614+0000][gc,phases    ] GC(0)   Pre Evacuate Collection Set: 0.0ms
[2024-12-03T12:42:53.614+0000][gc,phases    ] GC(0)   Evacuate Collection Set: 15.9ms
[2024-12-03T12:42:53.614+0000][gc,phases    ] GC(0)   Post Evacuate Collection Set: 4.0ms
[2024-12-03T12:42:53.614+0000][gc,phases    ] GC(0)   Other: 12.0ms
[2024-12-03T12:42:53.614+0000][gc,heap      ] GC(0) Eden regions: 51->0(44)
[2024-12-03T12:42:53.614+0000][gc,heap      ] GC(0) Survivor regions: 0->7(7)
[2024-12-03T12:42:53.614+0000][gc,heap      ] GC(0) Old regions: 2->2
[2024-12-03T12:42:53.614+0000][gc,heap      ] GC(0) Humongous regions: 0->0
[2024-12-03T12:42:53.614+0000][gc,metaspace ] GC(0) Metaspace: 14994K(15616K)->14994K(15616K) NonClass: 13147K(13568K)->13147K(13568K) Class: 1847K(2048K)->1847K(2048K)
[2024-12-03T12:42:53.614+0000][gc           ] GC(0) Pause Young (Normal) (G1 Evacuation Pause) 51M->7M(1024M) 32.041ms
[2024-12-03T12:42:53.614+0000][gc,cpu       ] GC(0) User=0.02s Sys=0.00s Real=0.03s
[2024-12-03T12:42:54.316+0000][gc,start     ] GC(1) Pause Young (Concurrent Start) (Metadata GC Threshold)
[2024-12-03T12:42:54.316+0000][gc,task      ] GC(1) Using 4 workers of 4 for evacuation
[2024-12-03T12:42:54.378+0000][gc,mmu       ] GC(1) MMU target violated: 21.0ms (20.0ms/21.0ms)
[2024-12-03T12:42:54.378+0000][gc,phases    ] GC(1)   Pre Evacuate Collection Set: 0.1ms
[2024-12-03T12:42:54.378+0000][gc,phases    ] GC(1)   Evacuate Collection Set: 50.2ms
[2024-12-03T12:42:54.378+0000][gc,phases    ] GC(1)   Post Evacuate Collection Set: 12.0ms
[2024-12-03T12:42:54.378+0000][gc,phases    ] GC(1)   Other: 0.2ms
[2024-12-03T12:42:54.378+0000][gc,heap      ] GC(1) Eden regions: 23->0(50)
[2024-12-03T12:42:54.378+0000][gc,heap      ] GC(1) Survivor regions: 7->1(7)
[2024-12-03T12:42:54.378+0000][gc,heap      ] GC(1) Old regions: 2->9
[2024-12-03T12:42:54.378+0000][gc,heap      ] GC(1) Humongous regions: 0->0
[2024-12-03T12:42:54.378+0000][gc,metaspace ] GC(1) Metaspace: 20526K(21248K)->20526K(21248K) NonClass: 18002K(18432K)->18002K(18432K) Class: 2524K(2816K)->2524K(2816K)
[2024-12-03T12:42:54.378+0000][gc           ] GC(1) Pause Young (Concurrent Start) (Metadata GC Threshold) 30M->8M(1024M) 62.459ms
[2024-12-03T12:42:54.378+0000][gc,cpu       ] GC(1) User=0.03s Sys=0.01s Real=0.06s
[2024-12-03T12:42:54.378+0000][gc           ] GC(2) Concurrent Cycle
[2024-12-03T12:42:54.378+0000][gc,marking   ] GC(2) Concurrent Clear Claimed Marks
[2024-12-03T12:42:54.379+0000][gc,marking   ] GC(2) Concurrent Clear Claimed Marks 0.057ms
[2024-12-03T12:42:54.379+0000][gc,marking   ] GC(2) Concurrent Scan Root Regions
[2024-12-03T12:42:54.379+0000][gc,marking   ] GC(2) Concurrent Scan Root Regions 0.699ms
[2024-12-03T12:42:54.379+0000][gc,marking   ] GC(2) Concurrent Mark (2.285s)
[2024-12-03T12:42:54.379+0000][gc,marking   ] GC(2) Concurrent Mark From Roots
[2024-12-03T12:42:54.379+0000][gc,task      ] GC(2) Using 1 workers of 1 for marking
[2024-12-03T12:42:54.385+0000][gc,marking   ] GC(2) Concurrent Mark From Roots 5.675ms
[2024-12-03T12:42:54.385+0000][gc,marking   ] GC(2) Concurrent Preclean
[2024-12-03T12:42:54.385+0000][gc,marking   ] GC(2) Concurrent Preclean 0.035ms
[2024-12-03T12:42:54.385+0000][gc,marking   ] GC(2) Concurrent Mark (2.285s, 2.291s) 5.726ms
[2024-12-03T12:42:54.389+0000][gc,start     ] GC(2) Pause Remark
[2024-12-03T12:42:54.402+0000][gc,stringtable] GC(2) Cleaned string and symbol table, strings: 5630 processed, 0 removed, symbols: 51377 processed, 41 removed
[2024-12-03T12:42:54.402+0000][gc            ] GC(2) Pause Remark 8M->8M(1024M) 13.889ms
[2024-12-03T12:42:54.402+0000][gc,cpu        ] GC(2) User=0.01s Sys=0.00s Real=0.02s
[2024-12-03T12:42:54.403+0000][gc,marking    ] GC(2) Concurrent Rebuild Remembered Sets
[2024-12-03T12:42:54.409+0000][gc,marking    ] GC(2) Concurrent Rebuild Remembered Sets 6.851ms
[2024-12-03T12:42:54.411+0000][gc,start      ] GC(2) Pause Cleanup
[2024-12-03T12:42:54.411+0000][gc            ] GC(2) Pause Cleanup 8M->8M(1024M) 0.179ms
[2024-12-03T12:42:54.411+0000][gc,cpu        ] GC(2) User=0.00s Sys=0.00s Real=0.00s
[2024-12-03T12:42:54.414+0000][gc,marking    ] GC(2) Concurrent Cleanup for Next Mark
[2024-12-03T12:42:54.418+0000][gc,marking    ] GC(2) Concurrent Cleanup for Next Mark 3.800ms
[2024-12-03T12:42:54.418+0000][gc            ] GC(2) Concurrent Cycle 39.583ms
[2024-12-03T12:42:55.490+0000][gc,start      ] GC(3) Pause Young (Normal) (G1 Evacuation Pause)
[2024-12-03T12:42:55.490+0000][gc,task       ] GC(3) Using 4 workers of 4 for evacuation
[2024-12-03T12:42:55.514+0000][gc,mmu        ] GC(3) MMU target violated: 21.0ms (20.0ms/21.0ms)
[2024-12-03T12:42:55.514+0000][gc,phases     ] GC(3)   Pre Evacuate Collection Set: 0.0ms
[2024-12-03T12:42:55.514+0000][gc,phases     ] GC(3)   Evacuate Collection Set: 19.8ms
[2024-12-03T12:42:55.514+0000][gc,phases     ] GC(3)   Post Evacuate Collection Set: 4.0ms
[2024-12-03T12:42:55.514+0000][gc,phases     ] GC(3)   Other: 0.2ms
[2024-12-03T12:42:55.514+0000][gc,heap       ] GC(3) Eden regions: 50->0(46)
[2024-12-03T12:42:55.514+0000][gc,heap       ] GC(3) Survivor regions: 1->5(7)
[2024-12-03T12:42:55.514+0000][gc,heap       ] GC(3) Old regions: 9->9
[2024-12-03T12:42:55.514+0000][gc,heap       ] GC(3) Humongous regions: 129->129
[2024-12-03T12:42:55.514+0000][gc,metaspace  ] GC(3) Metaspace: 29084K(30208K)->29084K(30208K) NonClass: 25683K(26368K)->25683K(26368K) Class: 3400K(3840K)->3400K(3840K)
[2024-12-03T12:42:55.514+0000][gc            ] GC(3) Pause Young (Normal) (G1 Evacuation Pause) 187M->140M(1024M) 24.039ms
[2024-12-03T12:42:55.514+0000][gc,cpu        ] GC(3) User=0.02s Sys=0.00s Real=0.03s
[2024-12-03T12:42:56.398+0000][gc,start      ] GC(4) Pause Young (Concurrent Start) (Metadata GC Threshold)
[2024-12-03T12:42:56.398+0000][gc,task       ] GC(4) Using 4 workers of 4 for evacuation
[2024-12-03T12:42:56.423+0000][gc,mmu        ] GC(4) MMU target violated: 21.0ms (20.0ms/21.0ms)
[2024-12-03T12:42:56.423+0000][gc,phases     ] GC(4)   Pre Evacuate Collection Set: 0.1ms
[2024-12-03T12:42:56.423+0000][gc,phases     ] GC(4)   Evacuate Collection Set: 18.9ms
[2024-12-03T12:42:56.423+0000][gc,phases     ] GC(4)   Post Evacuate Collection Set: 5.0ms
[2024-12-03T12:42:56.423+0000][gc,phases     ] GC(4)   Other: 0.2ms
[2024-12-03T12:42:56.423+0000][gc,heap       ] GC(4) Eden regions: 26->0(49)
[2024-12-03T12:42:56.423+0000][gc,heap       ] GC(4) Survivor regions: 5->2(7)
[2024-12-03T12:42:56.423+0000][gc,heap       ] GC(4) Old regions: 9->13
[2024-12-03T12:42:56.423+0000][gc,heap       ] GC(4) Humongous regions: 129->129
[2024-12-03T12:42:56.423+0000][gc,metaspace  ] GC(4) Metaspace: 34391K(35840K)->34391K(35840K) NonClass: 30361K(31232K)->30361K(31232K) Class: 4029K(4608K)->4029K(4608K)
[2024-12-03T12:42:56.423+0000][gc            ] GC(4) Pause Young (Concurrent Start) (Metadata GC Threshold) 166M->142M(1024M) 24.308ms
[2024-12-03T12:42:56.423+0000][gc,cpu        ] GC(4) User=0.03s Sys=0.01s Real=0.03s
[2024-12-03T12:42:56.423+0000][gc            ] GC(5) Concurrent Cycle
[2024-12-03T12:42:56.423+0000][gc,marking    ] GC(5) Concurrent Clear Claimed Marks
[2024-12-03T12:42:56.423+0000][gc,marking    ] GC(5) Concurrent Clear Claimed Marks 0.065ms
[2024-12-03T12:42:56.423+0000][gc,marking    ] GC(5) Concurrent Scan Root Regions
[2024-12-03T12:42:56.424+0000][gc,marking    ] GC(5) Concurrent Scan Root Regions 1.228ms
[2024-12-03T12:42:56.424+0000][gc,marking    ] GC(5) Concurrent Mark (4.330s)
[2024-12-03T12:42:56.424+0000][gc,marking    ] GC(5) Concurrent Mark From Roots
[2024-12-03T12:42:56.424+0000][gc,task       ] GC(5) Using 1 workers of 1 for marking
[2024-12-03T12:42:56.488+0000][gc,marking    ] GC(5) Concurrent Mark From Roots 63.566ms
[2024-12-03T12:42:56.488+0000][gc,marking    ] GC(5) Concurrent Preclean
[2024-12-03T12:42:56.488+0000][gc,marking    ] GC(5) Concurrent Preclean 0.057ms
[2024-12-03T12:42:56.488+0000][gc,marking    ] GC(5) Concurrent Mark (4.330s, 4.393s) 63.677ms
[2024-12-03T12:42:56.498+0000][gc,start      ] GC(5) Pause Remark
[2024-12-03T12:42:56.515+0000][gc,stringtable] GC(5) Cleaned string and symbol table, strings: 10286 processed, 9 removed, symbols: 83136 processed, 16 removed
[2024-12-03T12:42:56.518+0000][gc            ] GC(5) Pause Remark 144M->144M(1024M) 19.986ms
[2024-12-03T12:42:56.518+0000][gc,cpu        ] GC(5) User=0.02s Sys=0.00s Real=0.02s
[2024-12-03T12:42:56.531+0000][gc,marking    ] GC(5) Concurrent Rebuild Remembered Sets
[2024-12-03T12:42:56.559+0000][gc,marking    ] GC(5) Concurrent Rebuild Remembered Sets 27.596ms
[2024-12-03T12:42:56.564+0000][gc,start      ] GC(5) Pause Cleanup
[2024-12-03T12:42:56.565+0000][gc            ] GC(5) Pause Cleanup 144M->144M(1024M) 1.743ms
[2024-12-03T12:42:56.566+0000][gc,cpu        ] GC(5) User=0.00s Sys=0.00s Real=0.00s
[2024-12-03T12:42:56.566+0000][gc,marking    ] GC(5) Concurrent Cleanup for Next Mark
[2024-12-03T12:42:56.580+0000][gc,marking    ] GC(5) Concurrent Cleanup for Next Mark 13.744ms
[2024-12-03T12:42:56.580+0000][gc            ] GC(5) Concurrent Cycle 157.315ms
[2024-12-03T12:43:09.902+0000][gc,start      ] GC(6) Pause Young (Normal) (G1 Evacuation Pause)
[2024-12-03T12:43:09.902+0000][gc,task       ] GC(6) Using 4 workers of 4 for evacuation
[2024-12-03T12:43:09.935+0000][gc,mmu        ] GC(6) MMU target violated: 21.0ms (20.0ms/21.0ms)
[2024-12-03T12:43:09.935+0000][gc,phases     ] GC(6)   Pre Evacuate Collection Set: 0.0ms
[2024-12-03T12:43:09.935+0000][gc,phases     ] GC(6)   Evacuate Collection Set: 27.1ms
[2024-12-03T12:43:09.935+0000][gc,phases     ] GC(6)   Post Evacuate Collection Set: 5.7ms
[2024-12-03T12:43:09.935+0000][gc,phases     ] GC(6)   Other: 0.2ms
[2024-12-03T12:43:09.935+0000][gc,heap       ] GC(6) Eden regions: 49->0(46)
[2024-12-03T12:43:09.935+0000][gc,heap       ] GC(6) Survivor regions: 2->5(7)
[2024-12-03T12:43:09.935+0000][gc,heap       ] GC(6) Old regions: 13->13
[2024-12-03T12:43:09.935+0000][gc,heap       ] GC(6) Humongous regions: 129->129
[2024-12-03T12:43:09.935+0000][gc,metaspace  ] GC(6) Metaspace: 41827K(44416K)->41827K(44416K) NonClass: 36339K(37632K)->36339K(37632K) Class: 5487K(6784K)->5487K(6784K)
[2024-12-03T12:43:09.935+0000][gc            ] GC(6) Pause Young (Normal) (G1 Evacuation Pause) 191M->145M(1024M) 33.087ms
[2024-12-03T12:43:09.935+0000][gc,cpu        ] GC(6) User=0.02s Sys=0.00s Real=0.04s
[2024-12-03T12:49:08.594+0000][gc,heap,exit  ] Heap
[2024-12-03T12:49:08.594+0000][gc,heap,exit  ]  garbage-first heap   total 1048576K, used 192555K [0x00000000c0000000, 0x0000000100000000)
[2024-12-03T12:49:08.594+0000][gc,heap,exit  ]   region size 1024K, 50 young (51200K), 5 survivors (5120K)
[2024-12-03T12:49:08.594+0000][gc,heap,exit  ]  Metaspace       used 44202K, capacity 47001K, committed 47232K, reserved 1089536K
[2024-12-03T12:49:08.594+0000][gc,heap,exit  ]   class space    used 5810K, capacity 7210K, committed 7296K, reserved 1048576K
