[2024-12-03T11:24:35.230+0000][gc,heap] Heap region size: 1M
[2024-12-03T11:24:35.257+0000][gc     ] Using G1
[2024-12-03T11:24:35.257+0000][gc,heap,coops] Heap address: 0x00000000c0000000, size: 1024 MB, Compressed Oops mode: 32-bit
[2024-12-03T11:24:35.258+0000][gc,cds       ] Mark closed archive regions in map: [0x00000000fff00000, 0x00000000fff6bff8]
[2024-12-03T11:24:35.258+0000][gc,cds       ] Mark open archive regions in map: [0x00000000ffe00000, 0x00000000ffe47ff8]
[2024-12-03T11:24:36.578+0000][gc,start     ] GC(0) Pause Young (Normal) (G1 Evacuation Pause)
[2024-12-03T11:24:36.587+0000][gc,task      ] GC(0) Using 4 workers of 4 for evacuation
[2024-12-03T11:24:36.610+0000][gc,mmu       ] GC(0) MMU target violated: 21.0ms (20.0ms/21.0ms)
[2024-12-03T11:24:36.610+0000][gc,phases    ] GC(0)   Pre Evacuate Collection Set: 0.0ms
[2024-12-03T11:24:36.610+0000][gc,phases    ] GC(0)   Evacuate Collection Set: 19.9ms
[2024-12-03T11:24:36.610+0000][gc,phases    ] GC(0)   Post Evacuate Collection Set: 3.3ms
[2024-12-03T11:24:36.610+0000][gc,phases    ] GC(0)   Other: 9.1ms
[2024-12-03T11:24:36.610+0000][gc,heap      ] GC(0) Eden regions: 51->0(44)
[2024-12-03T11:24:36.610+0000][gc,heap      ] GC(0) Survivor regions: 0->7(7)
[2024-12-03T11:24:36.610+0000][gc,heap      ] GC(0) Old regions: 2->2
[2024-12-03T11:24:36.610+0000][gc,heap      ] GC(0) Humongous regions: 0->0
[2024-12-03T11:24:36.610+0000][gc,metaspace ] GC(0) Metaspace: 14914K(15616K)->14914K(15616K) NonClass: 13063K(13568K)->13063K(13568K) Class: 1850K(2048K)->1850K(2048K)
[2024-12-03T11:24:36.610+0000][gc           ] GC(0) Pause Young (Normal) (G1 Evacuation Pause) 51M->7M(1024M) 32.379ms
[2024-12-03T11:24:36.610+0000][gc,cpu       ] GC(0) User=0.03s Sys=0.00s Real=0.03s
[2024-12-03T11:24:37.303+0000][gc,start     ] GC(1) Pause Young (Concurrent Start) (Metadata GC Threshold)
[2024-12-03T11:24:37.303+0000][gc,task      ] GC(1) Using 4 workers of 4 for evacuation
[2024-12-03T11:24:37.325+0000][gc,mmu       ] GC(1) MMU target violated: 21.0ms (20.0ms/21.0ms)
[2024-12-03T11:24:37.325+0000][gc,phases    ] GC(1)   Pre Evacuate Collection Set: 0.1ms
[2024-12-03T11:24:37.325+0000][gc,phases    ] GC(1)   Evacuate Collection Set: 21.8ms
[2024-12-03T11:24:37.325+0000][gc,phases    ] GC(1)   Post Evacuate Collection Set: 0.3ms
[2024-12-03T11:24:37.325+0000][gc,phases    ] GC(1)   Other: 0.2ms
[2024-12-03T11:24:37.325+0000][gc,heap      ] GC(1) Eden regions: 24->0(49)
[2024-12-03T11:24:37.325+0000][gc,heap      ] GC(1) Survivor regions: 7->2(7)
[2024-12-03T11:24:37.325+0000][gc,heap      ] GC(1) Old regions: 2->9
[2024-12-03T11:24:37.325+0000][gc,heap      ] GC(1) Humongous regions: 0->0
[2024-12-03T11:24:37.325+0000][gc,metaspace ] GC(1) Metaspace: 20675K(21248K)->20675K(21248K) NonClass: 18130K(18432K)->18130K(18432K) Class: 2545K(2816K)->2545K(2816K)
[2024-12-03T11:24:37.325+0000][gc           ] GC(1) Pause Young (Concurrent Start) (Metadata GC Threshold) 31M->8M(1024M) 22.402ms
[2024-12-03T11:24:37.325+0000][gc,cpu       ] GC(1) User=0.03s Sys=0.01s Real=0.02s
[2024-12-03T11:24:37.325+0000][gc           ] GC(2) Concurrent Cycle
[2024-12-03T11:24:37.325+0000][gc,marking   ] GC(2) Concurrent Clear Claimed Marks
[2024-12-03T11:24:37.325+0000][gc,marking   ] GC(2) Concurrent Clear Claimed Marks 0.049ms
[2024-12-03T11:24:37.325+0000][gc,marking   ] GC(2) Concurrent Scan Root Regions
[2024-12-03T11:24:37.328+0000][gc,marking   ] GC(2) Concurrent Scan Root Regions 2.927ms
[2024-12-03T11:24:37.328+0000][gc,marking   ] GC(2) Concurrent Mark (2.101s)
[2024-12-03T11:24:37.328+0000][gc,marking   ] GC(2) Concurrent Mark From Roots
[2024-12-03T11:24:37.328+0000][gc,task      ] GC(2) Using 1 workers of 1 for marking
[2024-12-03T11:24:37.334+0000][gc,marking   ] GC(2) Concurrent Mark From Roots 5.806ms
[2024-12-03T11:24:37.334+0000][gc,marking   ] GC(2) Concurrent Preclean
[2024-12-03T11:24:37.362+0000][gc,marking   ] GC(2) Concurrent Preclean 27.375ms
[2024-12-03T11:24:37.362+0000][gc,marking   ] GC(2) Concurrent Mark (2.101s, 2.135s) 33.229ms
[2024-12-03T11:24:37.366+0000][gc,start     ] GC(2) Pause Remark
[2024-12-03T11:24:37.375+0000][gc,stringtable] GC(2) Cleaned string and symbol table, strings: 5741 processed, 0 removed, symbols: 52060 processed, 45 removed
[2024-12-03T11:24:37.375+0000][gc            ] GC(2) Pause Remark 9M->9M(1024M) 8.752ms
[2024-12-03T11:24:37.375+0000][gc,cpu        ] GC(2) User=0.00s Sys=0.00s Real=0.01s
[2024-12-03T11:24:37.381+0000][gc,marking    ] GC(2) Concurrent Rebuild Remembered Sets
[2024-12-03T11:24:37.392+0000][gc,marking    ] GC(2) Concurrent Rebuild Remembered Sets 11.121ms
[2024-12-03T11:24:37.399+0000][gc,start      ] GC(2) Pause Cleanup
[2024-12-03T11:24:37.403+0000][gc            ] GC(2) Pause Cleanup 10M->10M(1024M) 3.987ms
[2024-12-03T11:24:37.403+0000][gc,cpu        ] GC(2) User=0.00s Sys=0.00s Real=0.00s
[2024-12-03T11:24:37.403+0000][gc,marking    ] GC(2) Concurrent Cleanup for Next Mark
[2024-12-03T11:24:37.408+0000][gc,marking    ] GC(2) Concurrent Cleanup for Next Mark 4.776ms
[2024-12-03T11:24:37.408+0000][gc            ] GC(2) Concurrent Cycle 82.348ms
[2024-12-03T11:24:38.232+0000][gc,start      ] GC(3) Pause Young (Normal) (G1 Evacuation Pause)
[2024-12-03T11:24:38.232+0000][gc,task       ] GC(3) Using 4 workers of 4 for evacuation
[2024-12-03T11:24:38.259+0000][gc,mmu        ] GC(3) MMU target violated: 21.0ms (20.0ms/21.0ms)
[2024-12-03T11:24:38.259+0000][gc,phases     ] GC(3)   Pre Evacuate Collection Set: 0.0ms
[2024-12-03T11:24:38.259+0000][gc,phases     ] GC(3)   Evacuate Collection Set: 22.2ms
[2024-12-03T11:24:38.259+0000][gc,phases     ] GC(3)   Post Evacuate Collection Set: 4.3ms
[2024-12-03T11:24:38.259+0000][gc,phases     ] GC(3)   Other: 0.1ms
[2024-12-03T11:24:38.259+0000][gc,heap       ] GC(3) Eden regions: 49->0(46)
[2024-12-03T11:24:38.259+0000][gc,heap       ] GC(3) Survivor regions: 2->5(7)
[2024-12-03T11:24:38.259+0000][gc,heap       ] GC(3) Old regions: 9->9
[2024-12-03T11:24:38.259+0000][gc,heap       ] GC(3) Humongous regions: 129->129
[2024-12-03T11:24:38.259+0000][gc,metaspace  ] GC(3) Metaspace: 29203K(30204K)->29203K(30204K) NonClass: 25792K(26368K)->25792K(26368K) Class: 3410K(3836K)->3410K(3836K)
[2024-12-03T11:24:38.259+0000][gc            ] GC(3) Pause Young (Normal) (G1 Evacuation Pause) 186M->141M(1024M) 26.736ms
[2024-12-03T11:24:38.259+0000][gc,cpu        ] GC(3) User=0.03s Sys=0.00s Real=0.03s
[2024-12-03T11:24:39.065+0000][gc,start      ] GC(4) Pause Young (Concurrent Start) (Metadata GC Threshold)
[2024-12-03T11:24:39.065+0000][gc,task       ] GC(4) Using 4 workers of 4 for evacuation
[2024-12-03T11:24:39.086+0000][gc,mmu        ] GC(4) MMU target violated: 21.0ms (20.0ms/21.0ms)
[2024-12-03T11:24:39.086+0000][gc,phases     ] GC(4)   Pre Evacuate Collection Set: 0.1ms
[2024-12-03T11:24:39.086+0000][gc,phases     ] GC(4)   Evacuate Collection Set: 16.6ms
[2024-12-03T11:24:39.086+0000][gc,phases     ] GC(4)   Post Evacuate Collection Set: 4.6ms
[2024-12-03T11:24:39.086+0000][gc,phases     ] GC(4)   Other: 0.2ms
[2024-12-03T11:24:39.086+0000][gc,heap       ] GC(4) Eden regions: 28->0(49)
[2024-12-03T11:24:39.086+0000][gc,heap       ] GC(4) Survivor regions: 5->2(7)
[2024-12-03T11:24:39.086+0000][gc,heap       ] GC(4) Old regions: 9->14
[2024-12-03T11:24:39.086+0000][gc,heap       ] GC(4) Humongous regions: 129->129
[2024-12-03T11:24:39.086+0000][gc,metaspace  ] GC(4) Metaspace: 34695K(35964K)->34695K(35964K) NonClass: 30599K(31232K)->30599K(31232K) Class: 4096K(4732K)->4096K(4732K)
[2024-12-03T11:24:39.086+0000][gc            ] GC(4) Pause Young (Concurrent Start) (Metadata GC Threshold) 168M->142M(1024M) 21.603ms
[2024-12-03T11:24:39.086+0000][gc,cpu        ] GC(4) User=0.01s Sys=0.00s Real=0.02s
[2024-12-03T11:24:39.086+0000][gc            ] GC(5) Concurrent Cycle
[2024-12-03T11:24:39.086+0000][gc,marking    ] GC(5) Concurrent Clear Claimed Marks
[2024-12-03T11:24:39.087+0000][gc,marking    ] GC(5) Concurrent Clear Claimed Marks 0.121ms
[2024-12-03T11:24:39.087+0000][gc,marking    ] GC(5) Concurrent Scan Root Regions
[2024-12-03T11:24:39.088+0000][gc,marking    ] GC(5) Concurrent Scan Root Regions 1.216ms
[2024-12-03T11:24:39.088+0000][gc,marking    ] GC(5) Concurrent Mark (3.861s)
[2024-12-03T11:24:39.088+0000][gc,marking    ] GC(5) Concurrent Mark From Roots
[2024-12-03T11:24:39.088+0000][gc,task       ] GC(5) Using 1 workers of 1 for marking
[2024-12-03T11:24:39.133+0000][gc,marking    ] GC(5) Concurrent Mark From Roots 44.671ms
[2024-12-03T11:24:39.133+0000][gc,marking    ] GC(5) Concurrent Preclean
[2024-12-03T11:24:39.133+0000][gc,marking    ] GC(5) Concurrent Preclean 0.056ms
[2024-12-03T11:24:39.133+0000][gc,marking    ] GC(5) Concurrent Mark (3.861s, 3.906s) 44.777ms
[2024-12-03T11:24:39.165+0000][gc,start      ] GC(5) Pause Remark
[2024-12-03T11:24:39.176+0000][gc,stringtable] GC(5) Cleaned string and symbol table, strings: 10372 processed, 10 removed, symbols: 83920 processed, 14 removed
[2024-12-03T11:24:39.176+0000][gc            ] GC(5) Pause Remark 146M->146M(1024M) 11.763ms
[2024-12-03T11:24:39.176+0000][gc,cpu        ] GC(5) User=0.01s Sys=0.00s Real=0.01s
[2024-12-03T11:24:39.176+0000][gc,marking    ] GC(5) Concurrent Rebuild Remembered Sets
[2024-12-03T11:24:39.204+0000][gc,marking    ] GC(5) Concurrent Rebuild Remembered Sets 27.196ms
[2024-12-03T11:24:39.212+0000][gc,start      ] GC(5) Pause Cleanup
[2024-12-03T11:24:39.212+0000][gc            ] GC(5) Pause Cleanup 148M->148M(1024M) 0.127ms
[2024-12-03T11:24:39.212+0000][gc,cpu        ] GC(5) User=0.00s Sys=0.00s Real=0.00s
[2024-12-03T11:24:39.215+0000][gc,marking    ] GC(5) Concurrent Cleanup for Next Mark
[2024-12-03T11:24:39.231+0000][gc,marking    ] GC(5) Concurrent Cleanup for Next Mark 15.814ms
[2024-12-03T11:24:39.231+0000][gc            ] GC(5) Concurrent Cycle 144.153ms
[2024-12-03T11:24:53.020+0000][gc,start      ] GC(6) Pause Young (Concurrent Start) (G1 Evacuation Pause)
[2024-12-03T11:24:53.020+0000][gc,task       ] GC(6) Using 4 workers of 4 for evacuation
[2024-12-03T11:24:53.055+0000][gc,mmu        ] GC(6) MMU target violated: 21.0ms (20.0ms/21.0ms)
[2024-12-03T11:24:53.055+0000][gc,phases     ] GC(6)   Pre Evacuate Collection Set: 0.2ms
[2024-12-03T11:24:53.055+0000][gc,phases     ] GC(6)   Evacuate Collection Set: 34.2ms
[2024-12-03T11:24:53.055+0000][gc,phases     ] GC(6)   Post Evacuate Collection Set: 0.6ms
[2024-12-03T11:24:53.055+0000][gc,phases     ] GC(6)   Other: 0.2ms
[2024-12-03T11:24:53.055+0000][gc,heap       ] GC(6) Eden regions: 49->0(46)
[2024-12-03T11:24:53.055+0000][gc,heap       ] GC(6) Survivor regions: 2->5(7)
[2024-12-03T11:24:53.055+0000][gc,heap       ] GC(6) Old regions: 14->14
[2024-12-03T11:24:53.055+0000][gc,heap       ] GC(6) Humongous regions: 129->129
[2024-12-03T11:24:53.055+0000][gc,metaspace  ] GC(6) Metaspace: 41811K(44412K)->41811K(44412K) NonClass: 36338K(37632K)->36338K(37632K) Class: 5472K(6780K)->5472K(6780K)
[2024-12-03T11:24:53.055+0000][gc            ] GC(6) Pause Young (Concurrent Start) (G1 Evacuation Pause) 191M->145M(1024M) 35.309ms
[2024-12-03T11:24:53.055+0000][gc,cpu        ] GC(6) User=0.03s Sys=0.00s Real=0.03s
[2024-12-03T11:24:53.056+0000][gc            ] GC(7) Concurrent Cycle
[2024-12-03T11:24:53.056+0000][gc,marking    ] GC(7) Concurrent Clear Claimed Marks
[2024-12-03T11:24:53.056+0000][gc,marking    ] GC(7) Concurrent Clear Claimed Marks 0.147ms
[2024-12-03T11:24:53.056+0000][gc,marking    ] GC(7) Concurrent Scan Root Regions
[2024-12-03T11:24:53.059+0000][gc,marking    ] GC(7) Concurrent Scan Root Regions 3.389ms
[2024-12-03T11:24:53.059+0000][gc,marking    ] GC(7) Concurrent Mark (17.832s)
[2024-12-03T11:24:53.059+0000][gc,marking    ] GC(7) Concurrent Mark From Roots
[2024-12-03T11:24:53.059+0000][gc,task       ] GC(7) Using 1 workers of 1 for marking
[2024-12-03T11:24:53.070+0000][gc,marking    ] GC(7) Concurrent Mark From Roots 10.687ms
[2024-12-03T11:24:53.070+0000][gc,marking    ] GC(7) Concurrent Preclean
[2024-12-03T11:24:53.070+0000][gc,marking    ] GC(7) Concurrent Preclean 0.043ms
[2024-12-03T11:24:53.070+0000][gc,marking    ] GC(7) Concurrent Mark (17.832s, 17.843s) 10.757ms
[2024-12-03T11:24:53.071+0000][gc,start      ] GC(7) Pause Remark
[2024-12-03T11:24:53.083+0000][gc,stringtable] GC(7) Cleaned string and symbol table, strings: 11676 processed, 5 removed, symbols: 91160 processed, 5 removed
[2024-12-03T11:24:53.083+0000][gc            ] GC(7) Pause Remark 145M->145M(1024M) 12.028ms
[2024-12-03T11:24:53.083+0000][gc,cpu        ] GC(7) User=0.01s Sys=0.00s Real=0.01s
[2024-12-03T11:24:53.083+0000][gc,marking    ] GC(7) Concurrent Rebuild Remembered Sets
[2024-12-03T11:24:53.092+0000][gc,marking    ] GC(7) Concurrent Rebuild Remembered Sets 8.936ms
[2024-12-03T11:24:53.092+0000][gc,start      ] GC(7) Pause Cleanup
[2024-12-03T11:24:53.092+0000][gc            ] GC(7) Pause Cleanup 145M->145M(1024M) 0.066ms
[2024-12-03T11:24:53.092+0000][gc,cpu        ] GC(7) User=0.00s Sys=0.00s Real=0.00s
[2024-12-03T11:24:53.092+0000][gc,marking    ] GC(7) Concurrent Cleanup for Next Mark
[2024-12-03T11:24:53.093+0000][gc,marking    ] GC(7) Concurrent Cleanup for Next Mark 1.015ms
[2024-12-03T11:24:53.093+0000][gc            ] GC(7) Concurrent Cycle 37.579ms
[2024-12-03T11:30:02.495+0000][gc,heap,exit  ] Heap
[2024-12-03T11:30:02.495+0000][gc,heap,exit  ]  garbage-first heap   total 1048576K, used 189739K [0x00000000c0000000, 0x0000000100000000)
[2024-12-03T11:30:02.495+0000][gc,heap,exit  ]   region size 1024K, 46 young (47104K), 5 survivors (5120K)
[2024-12-03T11:30:02.495+0000][gc,heap,exit  ]  Metaspace       used 44100K, capacity 46912K, committed 47228K, reserved 1089536K
[2024-12-03T11:30:02.495+0000][gc,heap,exit  ]   class space    used 5783K, capacity 7168K, committed 7292K, reserved 1048576K
