[2024-11-15T10:22:15.818+0000][gc,heap] Heap region size: 1M
[2024-11-15T10:22:15.871+0000][gc     ] Using G1
[2024-11-15T10:22:15.871+0000][gc,heap,coops] Heap address: 0x00000000c0000000, size: 1024 MB, Compressed Oops mode: 32-bit
[2024-11-15T10:22:15.872+0000][gc,cds       ] Mark closed archive regions in map: [0x00000000fff00000, 0x00000000fff6bff8]
[2024-11-15T10:22:15.872+0000][gc,cds       ] Mark open archive regions in map: [0x00000000ffe00000, 0x00000000ffe47ff8]
[2024-11-15T10:22:17.882+0000][gc,start     ] GC(0) Pause Young (Normal) (G1 Evacuation Pause)
[2024-11-15T10:22:17.883+0000][gc,task      ] GC(0) Using 4 workers of 4 for evacuation
[2024-11-15T10:22:17.904+0000][gc,mmu       ] GC(0) MMU target violated: 20.9ms (20.0ms/21.0ms)
[2024-11-15T10:22:17.904+0000][gc,phases    ] GC(0)   Pre Evacuate Collection Set: 0.0ms
[2024-11-15T10:22:17.904+0000][gc,phases    ] GC(0)   Evacuate Collection Set: 20.5ms
[2024-11-15T10:22:17.904+0000][gc,phases    ] GC(0)   Post Evacuate Collection Set: 0.4ms
[2024-11-15T10:22:17.904+0000][gc,phases    ] GC(0)   Other: 1.3ms
[2024-11-15T10:22:17.904+0000][gc,heap      ] GC(0) Eden regions: 51->0(44)
[2024-11-15T10:22:17.904+0000][gc,heap      ] GC(0) Survivor regions: 0->7(7)
[2024-11-15T10:22:17.904+0000][gc,heap      ] GC(0) Old regions: 2->3
[2024-11-15T10:22:17.904+0000][gc,heap      ] GC(0) Humongous regions: 0->0
[2024-11-15T10:22:17.904+0000][gc,metaspace ] GC(0) Metaspace: 15189K(16000K)->15189K(16000K) NonClass: 13309K(13824K)->13309K(13824K) Class: 1880K(2176K)->1880K(2176K)
[2024-11-15T10:22:17.904+0000][gc           ] GC(0) Pause Young (Normal) (G1 Evacuation Pause) 51M->7M(1024M) 22.253ms
[2024-11-15T10:22:17.904+0000][gc,cpu       ] GC(0) User=0.01s Sys=0.01s Real=0.03s
[2024-11-15T10:22:18.897+0000][gc,start     ] GC(1) Pause Young (Concurrent Start) (Metadata GC Threshold)
[2024-11-15T10:22:18.897+0000][gc,task      ] GC(1) Using 4 workers of 4 for evacuation
[2024-11-15T10:22:18.957+0000][gc,mmu       ] GC(1) MMU target violated: 21.0ms (20.0ms/21.0ms)
[2024-11-15T10:22:18.957+0000][gc,phases    ] GC(1)   Pre Evacuate Collection Set: 0.1ms
[2024-11-15T10:22:18.957+0000][gc,phases    ] GC(1)   Evacuate Collection Set: 24.8ms
[2024-11-15T10:22:18.957+0000][gc,phases    ] GC(1)   Post Evacuate Collection Set: 35.6ms
[2024-11-15T10:22:18.957+0000][gc,phases    ] GC(1)   Other: 0.2ms
[2024-11-15T10:22:18.957+0000][gc,heap      ] GC(1) Eden regions: 23->0(49)
[2024-11-15T10:22:18.957+0000][gc,heap      ] GC(1) Survivor regions: 7->2(7)
[2024-11-15T10:22:18.957+0000][gc,heap      ] GC(1) Old regions: 3->9
[2024-11-15T10:22:18.957+0000][gc,heap      ] GC(1) Humongous regions: 0->0
[2024-11-15T10:22:18.957+0000][gc,metaspace ] GC(1) Metaspace: 20635K(21248K)->20635K(21248K) NonClass: 18098K(18432K)->18098K(18432K) Class: 2536K(2816K)->2536K(2816K)
[2024-11-15T10:22:18.957+0000][gc           ] GC(1) Pause Young (Concurrent Start) (Metadata GC Threshold) 30M->8M(1024M) 60.638ms
[2024-11-15T10:22:18.957+0000][gc,cpu       ] GC(1) User=0.03s Sys=0.00s Real=0.06s
[2024-11-15T10:22:18.957+0000][gc           ] GC(2) Concurrent Cycle
[2024-11-15T10:22:18.957+0000][gc,marking   ] GC(2) Concurrent Clear Claimed Marks
[2024-11-15T10:22:18.957+0000][gc,marking   ] GC(2) Concurrent Clear Claimed Marks 0.054ms
[2024-11-15T10:22:18.957+0000][gc,marking   ] GC(2) Concurrent Scan Root Regions
[2024-11-15T10:22:18.958+0000][gc,marking   ] GC(2) Concurrent Scan Root Regions 1.083ms
[2024-11-15T10:22:18.958+0000][gc,marking   ] GC(2) Concurrent Mark (3.155s)
[2024-11-15T10:22:18.958+0000][gc,marking   ] GC(2) Concurrent Mark From Roots
[2024-11-15T10:22:18.958+0000][gc,task      ] GC(2) Using 1 workers of 1 for marking
[2024-11-15T10:22:18.973+0000][gc,marking   ] GC(2) Concurrent Mark From Roots 14.835ms
[2024-11-15T10:22:18.973+0000][gc,marking   ] GC(2) Concurrent Preclean
[2024-11-15T10:22:18.973+0000][gc,marking   ] GC(2) Concurrent Preclean 0.052ms
[2024-11-15T10:22:18.973+0000][gc,marking   ] GC(2) Concurrent Mark (3.155s, 3.170s) 14.924ms
[2024-11-15T10:22:18.978+0000][gc,start     ] GC(2) Pause Remark
[2024-11-15T10:22:18.986+0000][gc,stringtable] GC(2) Cleaned string and symbol table, strings: 5716 processed, 0 removed, symbols: 51945 processed, 45 removed
[2024-11-15T10:22:18.986+0000][gc            ] GC(2) Pause Remark 9M->9M(1024M) 8.419ms
[2024-11-15T10:22:18.986+0000][gc,cpu        ] GC(2) User=0.01s Sys=0.00s Real=0.01s
[2024-11-15T10:22:18.994+0000][gc,marking    ] GC(2) Concurrent Rebuild Remembered Sets
[2024-11-15T10:22:19.006+0000][gc,marking    ] GC(2) Concurrent Rebuild Remembered Sets 11.199ms
[2024-11-15T10:22:19.009+0000][gc,start      ] GC(2) Pause Cleanup
[2024-11-15T10:22:19.009+0000][gc            ] GC(2) Pause Cleanup 10M->10M(1024M) 0.132ms
[2024-11-15T10:22:19.009+0000][gc,cpu        ] GC(2) User=0.01s Sys=0.00s Real=0.00s
[2024-11-15T10:22:19.015+0000][gc,marking    ] GC(2) Concurrent Cleanup for Next Mark
[2024-11-15T10:22:19.111+0000][gc,marking    ] GC(2) Concurrent Cleanup for Next Mark 96.077ms
[2024-11-15T10:22:19.112+0000][gc            ] GC(2) Concurrent Cycle 154.348ms
[2024-11-15T10:22:20.557+0000][gc,start      ] GC(3) Pause Young (Normal) (G1 Evacuation Pause)
[2024-11-15T10:22:20.557+0000][gc,task       ] GC(3) Using 4 workers of 4 for evacuation
[2024-11-15T10:22:20.568+0000][gc,phases     ] GC(3)   Pre Evacuate Collection Set: 0.0ms
[2024-11-15T10:22:20.568+0000][gc,phases     ] GC(3)   Evacuate Collection Set: 10.3ms
[2024-11-15T10:22:20.568+0000][gc,phases     ] GC(3)   Post Evacuate Collection Set: 0.2ms
[2024-11-15T10:22:20.568+0000][gc,phases     ] GC(3)   Other: 0.1ms
[2024-11-15T10:22:20.568+0000][gc,heap       ] GC(3) Eden regions: 49->0(46)
[2024-11-15T10:22:20.568+0000][gc,heap       ] GC(3) Survivor regions: 2->5(7)
[2024-11-15T10:22:20.568+0000][gc,heap       ] GC(3) Old regions: 9->9
[2024-11-15T10:22:20.568+0000][gc,heap       ] GC(3) Humongous regions: 129->129
[2024-11-15T10:22:20.568+0000][gc,metaspace  ] GC(3) Metaspace: 29121K(30204K)->29121K(30204K) NonClass: 25711K(26368K)->25711K(26368K) Class: 3410K(3836K)->3410K(3836K)
[2024-11-15T10:22:20.568+0000][gc            ] GC(3) Pause Young (Normal) (G1 Evacuation Pause) 186M->141M(1024M) 10.692ms
[2024-11-15T10:22:20.568+0000][gc,cpu        ] GC(3) User=0.02s Sys=0.00s Real=0.01s
[2024-11-15T10:22:21.667+0000][gc,start      ] GC(4) Pause Young (Concurrent Start) (Metadata GC Threshold)
[2024-11-15T10:22:21.667+0000][gc,task       ] GC(4) Using 4 workers of 4 for evacuation
[2024-11-15T10:22:21.682+0000][gc,phases     ] GC(4)   Pre Evacuate Collection Set: 0.1ms
[2024-11-15T10:22:21.682+0000][gc,phases     ] GC(4)   Evacuate Collection Set: 13.8ms
[2024-11-15T10:22:21.682+0000][gc,phases     ] GC(4)   Post Evacuate Collection Set: 0.9ms
[2024-11-15T10:22:21.682+0000][gc,phases     ] GC(4)   Other: 0.2ms
[2024-11-15T10:22:21.682+0000][gc,heap       ] GC(4) Eden regions: 27->0(49)
[2024-11-15T10:22:21.682+0000][gc,heap       ] GC(4) Survivor regions: 5->2(7)
[2024-11-15T10:22:21.682+0000][gc,heap       ] GC(4) Old regions: 9->14
[2024-11-15T10:22:21.682+0000][gc,heap       ] GC(4) Humongous regions: 129->129
[2024-11-15T10:22:21.682+0000][gc,metaspace  ] GC(4) Metaspace: 34638K(35964K)->34638K(35964K) NonClass: 30537K(31232K)->30537K(31232K) Class: 4100K(4732K)->4100K(4732K)
[2024-11-15T10:22:21.682+0000][gc            ] GC(4) Pause Young (Concurrent Start) (Metadata GC Threshold) 167M->142M(1024M) 15.064ms
[2024-11-15T10:22:21.682+0000][gc,cpu        ] GC(4) User=0.02s Sys=0.00s Real=0.01s
[2024-11-15T10:22:21.682+0000][gc            ] GC(5) Concurrent Cycle
[2024-11-15T10:22:21.682+0000][gc,marking    ] GC(5) Concurrent Clear Claimed Marks
[2024-11-15T10:22:21.682+0000][gc,marking    ] GC(5) Concurrent Clear Claimed Marks 0.062ms
[2024-11-15T10:22:21.682+0000][gc,marking    ] GC(5) Concurrent Scan Root Regions
[2024-11-15T10:22:21.684+0000][gc,marking    ] GC(5) Concurrent Scan Root Regions 1.246ms
[2024-11-15T10:22:21.684+0000][gc,marking    ] GC(5) Concurrent Mark (5.880s)
[2024-11-15T10:22:21.684+0000][gc,marking    ] GC(5) Concurrent Mark From Roots
[2024-11-15T10:22:21.684+0000][gc,task       ] GC(5) Using 1 workers of 1 for marking
[2024-11-15T10:22:21.704+0000][gc,marking    ] GC(5) Concurrent Mark From Roots 20.310ms
[2024-11-15T10:22:21.704+0000][gc,marking    ] GC(5) Concurrent Preclean
[2024-11-15T10:22:21.704+0000][gc,marking    ] GC(5) Concurrent Preclean 0.061ms
[2024-11-15T10:22:21.704+0000][gc,marking    ] GC(5) Concurrent Mark (5.880s, 5.900s) 20.414ms
[2024-11-15T10:22:21.707+0000][gc,start      ] GC(5) Pause Remark
[2024-11-15T10:22:21.721+0000][gc,stringtable] GC(5) Cleaned string and symbol table, strings: 10315 processed, 11 removed, symbols: 83411 processed, 13 removed
[2024-11-15T10:22:21.723+0000][gc            ] GC(5) Pause Remark 143M->143M(1024M) 16.758ms
[2024-11-15T10:22:21.723+0000][gc,cpu        ] GC(5) User=0.03s Sys=0.00s Real=0.02s
[2024-11-15T10:22:21.757+0000][gc,marking    ] GC(5) Concurrent Rebuild Remembered Sets
[2024-11-15T10:22:21.782+0000][gc,marking    ] GC(5) Concurrent Rebuild Remembered Sets 25.713ms
[2024-11-15T10:22:21.783+0000][gc,start      ] GC(5) Pause Cleanup
[2024-11-15T10:22:21.783+0000][gc            ] GC(5) Pause Cleanup 144M->144M(1024M) 0.123ms
[2024-11-15T10:22:21.783+0000][gc,cpu        ] GC(5) User=0.00s Sys=0.00s Real=0.00s
[2024-11-15T10:22:21.787+0000][gc,marking    ] GC(5) Concurrent Cleanup for Next Mark
[2024-11-15T10:22:21.803+0000][gc,marking    ] GC(5) Concurrent Cleanup for Next Mark 16.005ms
[2024-11-15T10:22:21.803+0000][gc            ] GC(5) Concurrent Cycle 121.199ms
[2024-11-15T10:22:26.811+0000][gc,start      ] GC(6) Pause Young (Normal) (G1 Evacuation Pause)
[2024-11-15T10:22:26.811+0000][gc,task       ] GC(6) Using 4 workers of 4 for evacuation
[2024-11-15T10:22:26.816+0000][gc,phases     ] GC(6)   Pre Evacuate Collection Set: 0.0ms
[2024-11-15T10:22:26.816+0000][gc,phases     ] GC(6)   Evacuate Collection Set: 4.4ms
[2024-11-15T10:22:26.816+0000][gc,phases     ] GC(6)   Post Evacuate Collection Set: 0.6ms
[2024-11-15T10:22:26.816+0000][gc,phases     ] GC(6)   Other: 0.1ms
[2024-11-15T10:22:26.816+0000][gc,heap       ] GC(6) Eden regions: 49->0(46)
[2024-11-15T10:22:26.816+0000][gc,heap       ] GC(6) Survivor regions: 2->5(7)
[2024-11-15T10:22:26.816+0000][gc,heap       ] GC(6) Old regions: 14->14
[2024-11-15T10:22:26.816+0000][gc,heap       ] GC(6) Humongous regions: 129->129
[2024-11-15T10:22:26.816+0000][gc,metaspace  ] GC(6) Metaspace: 41489K(44028K)->41489K(44028K) NonClass: 36076K(37376K)->36076K(37376K) Class: 5413K(6652K)->5413K(6652K)
[2024-11-15T10:22:26.816+0000][gc            ] GC(6) Pause Young (Normal) (G1 Evacuation Pause) 191M->145M(1024M) 5.273ms
[2024-11-15T10:22:26.816+0000][gc,cpu        ] GC(6) User=0.01s Sys=0.00s Real=0.01s
[2024-11-15T10:30:20.847+0000][gc,start      ] GC(7) Pause Young (Normal) (G1 Evacuation Pause)
[2024-11-15T10:30:20.847+0000][gc,task       ] GC(7) Using 4 workers of 4 for evacuation
[2024-11-15T10:30:20.853+0000][gc,phases     ] GC(7)   Pre Evacuate Collection Set: 0.0ms
[2024-11-15T10:30:20.853+0000][gc,phases     ] GC(7)   Evacuate Collection Set: 5.6ms
[2024-11-15T10:30:20.853+0000][gc,phases     ] GC(7)   Post Evacuate Collection Set: 0.4ms
[2024-11-15T10:30:20.853+0000][gc,phases     ] GC(7)   Other: 0.2ms
[2024-11-15T10:30:20.853+0000][gc,heap       ] GC(7) Eden regions: 46->0(45)
[2024-11-15T10:30:20.853+0000][gc,heap       ] GC(7) Survivor regions: 5->6(7)
[2024-11-15T10:30:20.853+0000][gc,heap       ] GC(7) Old regions: 14->15
[2024-11-15T10:30:20.853+0000][gc,heap       ] GC(7) Humongous regions: 129->129
[2024-11-15T10:30:20.853+0000][gc,metaspace  ] GC(7) Metaspace: 43294K(46076K)->43294K(46076K) NonClass: 37720K(39168K)->37720K(39168K) Class: 5574K(6908K)->5574K(6908K)
[2024-11-15T10:30:20.853+0000][gc            ] GC(7) Pause Young (Normal) (G1 Evacuation Pause) 191M->148M(1024M) 6.219ms
[2024-11-15T10:30:20.853+0000][gc,cpu        ] GC(7) User=0.01s Sys=0.00s Real=0.00s
[2024-11-15T10:39:09.382+0000][gc,start      ] GC(8) Pause Young (Normal) (G1 Evacuation Pause)
[2024-11-15T10:39:09.383+0000][gc,task       ] GC(8) Using 4 workers of 4 for evacuation
[2024-11-15T10:39:09.388+0000][gc,phases     ] GC(8)   Pre Evacuate Collection Set: 0.0ms
[2024-11-15T10:39:09.388+0000][gc,phases     ] GC(8)   Evacuate Collection Set: 5.0ms
[2024-11-15T10:39:09.388+0000][gc,phases     ] GC(8)   Post Evacuate Collection Set: 0.5ms
[2024-11-15T10:39:09.388+0000][gc,phases     ] GC(8)   Other: 0.2ms
[2024-11-15T10:39:09.388+0000][gc,heap       ] GC(8) Eden regions: 45->0(47)
[2024-11-15T10:39:09.388+0000][gc,heap       ] GC(8) Survivor regions: 6->4(7)
[2024-11-15T10:39:09.388+0000][gc,heap       ] GC(8) Old regions: 15->18
[2024-11-15T10:39:09.388+0000][gc,heap       ] GC(8) Humongous regions: 129->129
[2024-11-15T10:39:09.388+0000][gc,metaspace  ] GC(8) Metaspace: 43429K(46076K)->43429K(46076K) NonClass: 37831K(39168K)->37831K(39168K) Class: 5598K(6908K)->5598K(6908K)
[2024-11-15T10:39:09.388+0000][gc            ] GC(8) Pause Young (Normal) (G1 Evacuation Pause) 193M->148M(1024M) 5.795ms
[2024-11-15T10:39:09.388+0000][gc,cpu        ] GC(8) User=0.02s Sys=0.00s Real=0.01s
[2024-11-15T10:49:12.787+0000][gc,start      ] GC(9) Pause Young (Normal) (G1 Evacuation Pause)
[2024-11-15T10:49:12.787+0000][gc,task       ] GC(9) Using 4 workers of 4 for evacuation
[2024-11-15T10:49:12.790+0000][gc,phases     ] GC(9)   Pre Evacuate Collection Set: 0.0ms
[2024-11-15T10:49:12.790+0000][gc,phases     ] GC(9)   Evacuate Collection Set: 2.8ms
[2024-11-15T10:49:12.790+0000][gc,phases     ] GC(9)   Post Evacuate Collection Set: 0.3ms
[2024-11-15T10:49:12.790+0000][gc,phases     ] GC(9)   Other: 0.2ms
[2024-11-15T10:49:12.790+0000][gc,heap       ] GC(9) Eden regions: 47->0(48)
[2024-11-15T10:49:12.790+0000][gc,heap       ] GC(9) Survivor regions: 4->3(7)
[2024-11-15T10:49:12.790+0000][gc,heap       ] GC(9) Old regions: 18->18
[2024-11-15T10:49:12.790+0000][gc,heap       ] GC(9) Humongous regions: 129->129
[2024-11-15T10:49:12.790+0000][gc,metaspace  ] GC(9) Metaspace: 43492K(46332K)->43492K(46332K) NonClass: 37894K(39424K)->37894K(39424K) Class: 5598K(6908K)->5598K(6908K)
[2024-11-15T10:49:12.790+0000][gc            ] GC(9) Pause Young (Normal) (G1 Evacuation Pause) 195M->147M(1024M) 3.386ms
[2024-11-15T10:49:12.790+0000][gc,cpu        ] GC(9) User=0.01s Sys=0.00s Real=0.00s
[2024-11-15T10:59:42.787+0000][gc,start      ] GC(10) Pause Young (Normal) (G1 Evacuation Pause)
[2024-11-15T10:59:42.787+0000][gc,task       ] GC(10) Using 4 workers of 4 for evacuation
[2024-11-15T10:59:42.790+0000][gc,phases     ] GC(10)   Pre Evacuate Collection Set: 0.0ms
[2024-11-15T10:59:42.790+0000][gc,phases     ] GC(10)   Evacuate Collection Set: 3.2ms
[2024-11-15T10:59:42.790+0000][gc,phases     ] GC(10)   Post Evacuate Collection Set: 0.4ms
[2024-11-15T10:59:42.790+0000][gc,phases     ] GC(10)   Other: 0.1ms
[2024-11-15T10:59:42.790+0000][gc,heap       ] GC(10) Eden regions: 48->0(47)
[2024-11-15T10:59:42.790+0000][gc,heap       ] GC(10) Survivor regions: 3->4(7)
[2024-11-15T10:59:42.790+0000][gc,heap       ] GC(10) Old regions: 18->18
[2024-11-15T10:59:42.790+0000][gc,heap       ] GC(10) Humongous regions: 129->129
[2024-11-15T10:59:42.790+0000][gc,metaspace  ] GC(10) Metaspace: 43553K(46332K)->43553K(46332K) NonClass: 37955K(39424K)->37955K(39424K) Class: 5598K(6908K)->5598K(6908K)
[2024-11-15T10:59:42.790+0000][gc            ] GC(10) Pause Young (Normal) (G1 Evacuation Pause) 195M->148M(1024M) 3.725ms
[2024-11-15T10:59:42.790+0000][gc,cpu        ] GC(10) User=0.01s Sys=0.00s Real=0.00s
[2024-11-15T11:10:04.908+0000][gc,start      ] GC(11) Pause Young (Normal) (G1 Evacuation Pause)
[2024-11-15T11:10:04.908+0000][gc,task       ] GC(11) Using 4 workers of 4 for evacuation
[2024-11-15T11:10:04.912+0000][gc,phases     ] GC(11)   Pre Evacuate Collection Set: 0.0ms
[2024-11-15T11:10:04.912+0000][gc,phases     ] GC(11)   Evacuate Collection Set: 2.9ms
[2024-11-15T11:10:04.912+0000][gc,phases     ] GC(11)   Post Evacuate Collection Set: 0.6ms
[2024-11-15T11:10:04.912+0000][gc,phases     ] GC(11)   Other: 0.1ms
[2024-11-15T11:10:04.912+0000][gc,heap       ] GC(11) Eden regions: 47->0(48)
[2024-11-15T11:10:04.912+0000][gc,heap       ] GC(11) Survivor regions: 4->3(7)
[2024-11-15T11:10:04.912+0000][gc,heap       ] GC(11) Old regions: 18->18
[2024-11-15T11:10:04.912+0000][gc,heap       ] GC(11) Humongous regions: 129->129
[2024-11-15T11:10:04.912+0000][gc,metaspace  ] GC(11) Metaspace: 43597K(46332K)->43597K(46332K) NonClass: 37999K(39424K)->37999K(39424K) Class: 5598K(6908K)->5598K(6908K)
[2024-11-15T11:10:04.912+0000][gc            ] GC(11) Pause Young (Normal) (G1 Evacuation Pause) 195M->147M(1024M) 3.770ms
[2024-11-15T11:10:04.912+0000][gc,cpu        ] GC(11) User=0.01s Sys=0.00s Real=0.00s
[2024-11-15T11:20:32.787+0000][gc,start      ] GC(12) Pause Young (Normal) (G1 Evacuation Pause)
[2024-11-15T11:20:32.787+0000][gc,task       ] GC(12) Using 4 workers of 4 for evacuation
[2024-11-15T11:20:32.791+0000][gc,phases     ] GC(12)   Pre Evacuate Collection Set: 0.0ms
[2024-11-15T11:20:32.791+0000][gc,phases     ] GC(12)   Evacuate Collection Set: 3.4ms
[2024-11-15T11:20:32.791+0000][gc,phases     ] GC(12)   Post Evacuate Collection Set: 0.3ms
[2024-11-15T11:20:32.791+0000][gc,phases     ] GC(12)   Other: 0.2ms
[2024-11-15T11:20:32.791+0000][gc,heap       ] GC(12) Eden regions: 48->0(57)
[2024-11-15T11:20:32.791+0000][gc,heap       ] GC(12) Survivor regions: 3->4(7)
[2024-11-15T11:20:32.791+0000][gc,heap       ] GC(12) Old regions: 18->18
[2024-11-15T11:20:32.791+0000][gc,heap       ] GC(12) Humongous regions: 129->129
[2024-11-15T11:20:32.791+0000][gc,metaspace  ] GC(12) Metaspace: 43661K(46332K)->43661K(46332K) NonClass: 38062K(39424K)->38062K(39424K) Class: 5598K(6908K)->5598K(6908K)
[2024-11-15T11:20:32.791+0000][gc            ] GC(12) Pause Young (Normal) (G1 Evacuation Pause) 195M->148M(1024M) 3.973ms
[2024-11-15T11:20:32.791+0000][gc,cpu        ] GC(12) User=0.01s Sys=0.00s Real=0.00s
[2024-11-15T11:32:25.280+0000][gc,start      ] GC(13) Pause Young (Normal) (G1 Evacuation Pause)
[2024-11-15T11:32:25.281+0000][gc,task       ] GC(13) Using 4 workers of 4 for evacuation
[2024-11-15T11:32:25.286+0000][gc,phases     ] GC(13)   Pre Evacuate Collection Set: 0.0ms
[2024-11-15T11:32:25.286+0000][gc,phases     ] GC(13)   Evacuate Collection Set: 4.6ms
[2024-11-15T11:32:25.286+0000][gc,phases     ] GC(13)   Post Evacuate Collection Set: 0.8ms
[2024-11-15T11:32:25.286+0000][gc,phases     ] GC(13)   Other: 0.2ms
[2024-11-15T11:32:25.286+0000][gc,heap       ] GC(13) Eden regions: 57->0(594)
[2024-11-15T11:32:25.286+0000][gc,heap       ] GC(13) Survivor regions: 4->4(8)
[2024-11-15T11:32:25.286+0000][gc,heap       ] GC(13) Old regions: 18->18
[2024-11-15T11:32:25.286+0000][gc,heap       ] GC(13) Humongous regions: 129->129
[2024-11-15T11:32:25.286+0000][gc,metaspace  ] GC(13) Metaspace: 43713K(46332K)->43713K(46332K) NonClass: 38109K(39424K)->38109K(39424K) Class: 5603K(6908K)->5603K(6908K)
[2024-11-15T11:32:25.286+0000][gc            ] GC(13) Pause Young (Normal) (G1 Evacuation Pause) 205M->148M(1024M) 5.573ms
[2024-11-15T11:32:25.286+0000][gc,cpu        ] GC(13) User=0.02s Sys=0.00s Real=0.01s
[2024-11-15T13:45:16.694+0000][gc,start      ] GC(14) Pause Young (Normal) (G1 Evacuation Pause)
[2024-11-15T13:45:16.694+0000][gc,task       ] GC(14) Using 4 workers of 4 for evacuation
[2024-11-15T13:45:16.699+0000][gc,phases     ] GC(14)   Pre Evacuate Collection Set: 0.0ms
[2024-11-15T13:45:16.699+0000][gc,phases     ] GC(14)   Evacuate Collection Set: 3.6ms
[2024-11-15T13:45:16.699+0000][gc,phases     ] GC(14)   Post Evacuate Collection Set: 1.0ms
[2024-11-15T13:45:16.699+0000][gc,phases     ] GC(14)   Other: 0.3ms
[2024-11-15T13:45:16.699+0000][gc,heap       ] GC(14) Eden regions: 594->0(611)
[2024-11-15T13:45:16.699+0000][gc,heap       ] GC(14) Survivor regions: 4->3(75)
[2024-11-15T13:45:16.699+0000][gc,heap       ] GC(14) Old regions: 18->18
[2024-11-15T13:45:16.699+0000][gc,heap       ] GC(14) Humongous regions: 129->129
[2024-11-15T13:45:16.699+0000][gc,metaspace  ] GC(14) Metaspace: 43845K(46588K)->43845K(46588K) NonClass: 38240K(39680K)->38240K(39680K) Class: 5604K(6908K)->5604K(6908K)
[2024-11-15T13:45:16.699+0000][gc            ] GC(14) Pause Young (Normal) (G1 Evacuation Pause) 742M->148M(1024M) 5.022ms
[2024-11-15T13:45:16.699+0000][gc,cpu        ] GC(14) User=0.02s Sys=0.00s Real=0.01s
[2024-11-15T16:02:21.243+0000][gc,start      ] GC(15) Pause Young (Normal) (G1 Evacuation Pause)
[2024-11-15T16:02:21.243+0000][gc,task       ] GC(15) Using 4 workers of 4 for evacuation
[2024-11-15T16:02:21.247+0000][gc,phases     ] GC(15)   Pre Evacuate Collection Set: 0.0ms
[2024-11-15T16:02:21.247+0000][gc,phases     ] GC(15)   Evacuate Collection Set: 3.1ms
[2024-11-15T16:02:21.247+0000][gc,phases     ] GC(15)   Post Evacuate Collection Set: 0.8ms
[2024-11-15T16:02:21.247+0000][gc,phases     ] GC(15)   Other: 0.2ms
[2024-11-15T16:02:21.247+0000][gc,heap       ] GC(15) Eden regions: 611->0(611)
[2024-11-15T16:02:21.247+0000][gc,heap       ] GC(15) Survivor regions: 3->3(77)
[2024-11-15T16:02:21.247+0000][gc,heap       ] GC(15) Old regions: 18->18
[2024-11-15T16:02:21.247+0000][gc,heap       ] GC(15) Humongous regions: 129->129
[2024-11-15T16:02:21.247+0000][gc,metaspace  ] GC(15) Metaspace: 43888K(46588K)->43888K(46588K) NonClass: 38284K(39680K)->38284K(39680K) Class: 5604K(6908K)->5604K(6908K)
[2024-11-15T16:02:21.247+0000][gc            ] GC(15) Pause Young (Normal) (G1 Evacuation Pause) 759M->148M(1024M) 4.105ms
[2024-11-15T16:02:21.247+0000][gc,cpu        ] GC(15) User=0.02s Sys=0.00s Real=0.01s
[2024-11-15T18:19:20.845+0000][gc,start      ] GC(16) Pause Young (Normal) (G1 Evacuation Pause)
[2024-11-15T18:19:20.845+0000][gc,task       ] GC(16) Using 4 workers of 4 for evacuation
[2024-11-15T18:19:20.850+0000][gc,phases     ] GC(16)   Pre Evacuate Collection Set: 0.0ms
[2024-11-15T18:19:20.850+0000][gc,phases     ] GC(16)   Evacuate Collection Set: 3.4ms
[2024-11-15T18:19:20.850+0000][gc,phases     ] GC(16)   Post Evacuate Collection Set: 1.0ms
[2024-11-15T18:19:20.850+0000][gc,phases     ] GC(16)   Other: 0.2ms
[2024-11-15T18:19:20.850+0000][gc,heap       ] GC(16) Eden regions: 611->0(611)
[2024-11-15T18:19:20.850+0000][gc,heap       ] GC(16) Survivor regions: 3->3(77)
[2024-11-15T18:19:20.850+0000][gc,heap       ] GC(16) Old regions: 18->18
[2024-11-15T18:19:20.850+0000][gc,heap       ] GC(16) Humongous regions: 129->129
[2024-11-15T18:19:20.850+0000][gc,metaspace  ] GC(16) Metaspace: 43936K(46844K)->43936K(46844K) NonClass: 38331K(39936K)->38331K(39936K) Class: 5604K(6908K)->5604K(6908K)
[2024-11-15T18:19:20.850+0000][gc            ] GC(16) Pause Young (Normal) (G1 Evacuation Pause) 759M->147M(1024M) 4.569ms
[2024-11-15T18:19:20.850+0000][gc,cpu        ] GC(16) User=0.01s Sys=0.00s Real=0.00s
[2024-11-15T20:36:03.290+0000][gc,start      ] GC(17) Pause Young (Normal) (G1 Evacuation Pause)
[2024-11-15T20:36:03.290+0000][gc,task       ] GC(17) Using 4 workers of 4 for evacuation
[2024-11-15T20:36:03.294+0000][gc,phases     ] GC(17)   Pre Evacuate Collection Set: 0.0ms
[2024-11-15T20:36:03.295+0000][gc,phases     ] GC(17)   Evacuate Collection Set: 4.0ms
[2024-11-15T20:36:03.295+0000][gc,phases     ] GC(17)   Post Evacuate Collection Set: 0.5ms
[2024-11-15T20:36:03.295+0000][gc,phases     ] GC(17)   Other: 0.2ms
[2024-11-15T20:36:03.295+0000][gc,heap       ] GC(17) Eden regions: 611->0(610)
[2024-11-15T20:36:03.295+0000][gc,heap       ] GC(17) Survivor regions: 3->4(77)
[2024-11-15T20:36:03.295+0000][gc,heap       ] GC(17) Old regions: 18->18
[2024-11-15T20:36:03.295+0000][gc,heap       ] GC(17) Humongous regions: 129->129
[2024-11-15T20:36:03.295+0000][gc,metaspace  ] GC(17) Metaspace: 43964K(46844K)->43964K(46844K) NonClass: 38359K(39936K)->38359K(39936K) Class: 5605K(6908K)->5605K(6908K)
[2024-11-15T20:36:03.295+0000][gc            ] GC(17) Pause Young (Normal) (G1 Evacuation Pause) 758M->148M(1024M) 4.797ms
[2024-11-15T20:36:03.295+0000][gc,cpu        ] GC(17) User=0.02s Sys=0.00s Real=0.00s
[2024-11-15T22:52:57.787+0000][gc,start      ] GC(18) Pause Young (Normal) (G1 Evacuation Pause)
[2024-11-15T22:52:57.787+0000][gc,task       ] GC(18) Using 4 workers of 4 for evacuation
[2024-11-15T22:52:57.791+0000][gc,phases     ] GC(18)   Pre Evacuate Collection Set: 0.0ms
[2024-11-15T22:52:57.791+0000][gc,phases     ] GC(18)   Evacuate Collection Set: 3.4ms
[2024-11-15T22:52:57.791+0000][gc,phases     ] GC(18)   Post Evacuate Collection Set: 0.5ms
[2024-11-15T22:52:57.791+0000][gc,phases     ] GC(18)   Other: 0.2ms
[2024-11-15T22:52:57.791+0000][gc,heap       ] GC(18) Eden regions: 610->0(610)
[2024-11-15T22:52:57.791+0000][gc,heap       ] GC(18) Survivor regions: 4->4(77)
[2024-11-15T22:52:57.791+0000][gc,heap       ] GC(18) Old regions: 18->18
[2024-11-15T22:52:57.791+0000][gc,heap       ] GC(18) Humongous regions: 129->129
[2024-11-15T22:52:57.791+0000][gc,metaspace  ] GC(18) Metaspace: 43985K(46844K)->43985K(46844K) NonClass: 38380K(39936K)->38380K(39936K) Class: 5605K(6908K)->5605K(6908K)
[2024-11-15T22:52:57.791+0000][gc            ] GC(18) Pause Young (Normal) (G1 Evacuation Pause) 758M->148M(1024M) 4.202ms
[2024-11-15T22:52:57.791+0000][gc,cpu        ] GC(18) User=0.01s Sys=0.00s Real=0.00s
[2024-11-16T01:09:49.258+0000][gc,start      ] GC(19) Pause Young (Normal) (G1 Evacuation Pause)
[2024-11-16T01:09:49.258+0000][gc,task       ] GC(19) Using 4 workers of 4 for evacuation
[2024-11-16T01:09:49.262+0000][gc,phases     ] GC(19)   Pre Evacuate Collection Set: 0.0ms
[2024-11-16T01:09:49.262+0000][gc,phases     ] GC(19)   Evacuate Collection Set: 3.8ms
[2024-11-16T01:09:49.262+0000][gc,phases     ] GC(19)   Post Evacuate Collection Set: 0.4ms
[2024-11-16T01:09:49.262+0000][gc,phases     ] GC(19)   Other: 0.2ms
[2024-11-16T01:09:49.262+0000][gc,heap       ] GC(19) Eden regions: 610->0(610)
[2024-11-16T01:09:49.262+0000][gc,heap       ] GC(19) Survivor regions: 4->4(77)
[2024-11-16T01:09:49.262+0000][gc,heap       ] GC(19) Old regions: 18->18
[2024-11-16T01:09:49.262+0000][gc,heap       ] GC(19) Humongous regions: 129->129
[2024-11-16T01:09:49.262+0000][gc,metaspace  ] GC(19) Metaspace: 44077K(46844K)->44077K(46844K) NonClass: 38465K(39936K)->38465K(39936K) Class: 5612K(6908K)->5612K(6908K)
[2024-11-16T01:09:49.262+0000][gc            ] GC(19) Pause Young (Normal) (G1 Evacuation Pause) 758M->148M(1024M) 4.510ms
[2024-11-16T01:09:49.262+0000][gc,cpu        ] GC(19) User=0.01s Sys=0.00s Real=0.00s
[2024-11-16T03:25:36.693+0000][gc,start      ] GC(20) Pause Young (Normal) (G1 Evacuation Pause)
[2024-11-16T03:25:36.693+0000][gc,task       ] GC(20) Using 4 workers of 4 for evacuation
[2024-11-16T03:25:36.697+0000][gc,phases     ] GC(20)   Pre Evacuate Collection Set: 0.0ms
[2024-11-16T03:25:36.697+0000][gc,phases     ] GC(20)   Evacuate Collection Set: 3.5ms
[2024-11-16T03:25:36.697+0000][gc,phases     ] GC(20)   Post Evacuate Collection Set: 0.6ms
[2024-11-16T03:25:36.697+0000][gc,phases     ] GC(20)   Other: 0.2ms
[2024-11-16T03:25:36.697+0000][gc,heap       ] GC(20) Eden regions: 610->0(610)
[2024-11-16T03:25:36.697+0000][gc,heap       ] GC(20) Survivor regions: 4->4(77)
[2024-11-16T03:25:36.697+0000][gc,heap       ] GC(20) Old regions: 18->18
[2024-11-16T03:25:36.697+0000][gc,heap       ] GC(20) Humongous regions: 129->129
[2024-11-16T03:25:36.697+0000][gc,metaspace  ] GC(20) Metaspace: 44086K(46844K)->44086K(46844K) NonClass: 38473K(39936K)->38473K(39936K) Class: 5612K(6908K)->5612K(6908K)
[2024-11-16T03:25:36.697+0000][gc            ] GC(20) Pause Young (Normal) (G1 Evacuation Pause) 758M->149M(1024M) 4.304ms
[2024-11-16T03:25:36.697+0000][gc,cpu        ] GC(20) User=0.02s Sys=0.00s Real=0.01s
[2024-11-16T05:41:38.893+0000][gc,start      ] GC(21) Pause Young (Normal) (G1 Evacuation Pause)
[2024-11-16T05:41:38.893+0000][gc,task       ] GC(21) Using 4 workers of 4 for evacuation
[2024-11-16T05:41:38.897+0000][gc,phases     ] GC(21)   Pre Evacuate Collection Set: 0.0ms
[2024-11-16T05:41:38.897+0000][gc,phases     ] GC(21)   Evacuate Collection Set: 3.5ms
[2024-11-16T05:41:38.897+0000][gc,phases     ] GC(21)   Post Evacuate Collection Set: 0.8ms
[2024-11-16T05:41:38.897+0000][gc,phases     ] GC(21)   Other: 0.2ms
[2024-11-16T05:41:38.897+0000][gc,heap       ] GC(21) Eden regions: 610->0(610)
[2024-11-16T05:41:38.897+0000][gc,heap       ] GC(21) Survivor regions: 4->4(77)
[2024-11-16T05:41:38.897+0000][gc,heap       ] GC(21) Old regions: 18->18
[2024-11-16T05:41:38.898+0000][gc,heap       ] GC(21) Humongous regions: 129->129
[2024-11-16T05:41:38.898+0000][gc,metaspace  ] GC(21) Metaspace: 44098K(46844K)->44098K(46844K) NonClass: 38485K(39936K)->38485K(39936K) Class: 5612K(6908K)->5612K(6908K)
[2024-11-16T05:41:38.898+0000][gc            ] GC(21) Pause Young (Normal) (G1 Evacuation Pause) 759M->148M(1024M) 4.514ms
[2024-11-16T05:41:38.898+0000][gc,cpu        ] GC(21) User=0.01s Sys=0.00s Real=0.01s
[2024-11-16T07:57:54.491+0000][gc,start      ] GC(22) Pause Young (Normal) (G1 Evacuation Pause)
[2024-11-16T07:57:54.491+0000][gc,task       ] GC(22) Using 4 workers of 4 for evacuation
[2024-11-16T07:57:54.496+0000][gc,phases     ] GC(22)   Pre Evacuate Collection Set: 0.0ms
[2024-11-16T07:57:54.496+0000][gc,phases     ] GC(22)   Evacuate Collection Set: 3.9ms
[2024-11-16T07:57:54.496+0000][gc,phases     ] GC(22)   Post Evacuate Collection Set: 0.8ms
[2024-11-16T07:57:54.496+0000][gc,phases     ] GC(22)   Other: 0.2ms
[2024-11-16T07:57:54.496+0000][gc,heap       ] GC(22) Eden regions: 610->0(611)
[2024-11-16T07:57:54.496+0000][gc,heap       ] GC(22) Survivor regions: 4->3(77)
[2024-11-16T07:57:54.496+0000][gc,heap       ] GC(22) Old regions: 18->18
[2024-11-16T07:57:54.496+0000][gc,heap       ] GC(22) Humongous regions: 129->129
[2024-11-16T07:57:54.496+0000][gc,metaspace  ] GC(22) Metaspace: 44185K(46844K)->44185K(46844K) NonClass: 38569K(39936K)->38569K(39936K) Class: 5616K(6908K)->5616K(6908K)
[2024-11-16T07:57:54.496+0000][gc            ] GC(22) Pause Young (Normal) (G1 Evacuation Pause) 758M->147M(1024M) 5.000ms
[2024-11-16T07:57:54.496+0000][gc,cpu        ] GC(22) User=0.01s Sys=0.00s Real=0.01s
[2024-11-16T10:14:25.756+0000][gc,start      ] GC(23) Pause Young (Normal) (G1 Evacuation Pause)
[2024-11-16T10:14:25.756+0000][gc,task       ] GC(23) Using 4 workers of 4 for evacuation
[2024-11-16T10:14:25.759+0000][gc,phases     ] GC(23)   Pre Evacuate Collection Set: 0.0ms
[2024-11-16T10:14:25.759+0000][gc,phases     ] GC(23)   Evacuate Collection Set: 3.0ms
[2024-11-16T10:14:25.759+0000][gc,phases     ] GC(23)   Post Evacuate Collection Set: 0.5ms
[2024-11-16T10:14:25.759+0000][gc,phases     ] GC(23)   Other: 0.2ms
[2024-11-16T10:14:25.759+0000][gc,heap       ] GC(23) Eden regions: 611->0(610)
[2024-11-16T10:14:25.759+0000][gc,heap       ] GC(23) Survivor regions: 3->4(77)
[2024-11-16T10:14:25.759+0000][gc,heap       ] GC(23) Old regions: 18->18
[2024-11-16T10:14:25.759+0000][gc,heap       ] GC(23) Humongous regions: 129->129
[2024-11-16T10:14:25.759+0000][gc,metaspace  ] GC(23) Metaspace: 44187K(46844K)->44187K(46844K) NonClass: 38571K(39936K)->38571K(39936K) Class: 5616K(6908K)->5616K(6908K)
[2024-11-16T10:14:25.759+0000][gc            ] GC(23) Pause Young (Normal) (G1 Evacuation Pause) 758M->148M(1024M) 3.755ms
[2024-11-16T10:14:25.759+0000][gc,cpu        ] GC(23) User=0.01s Sys=0.00s Real=0.00s
[2024-11-16T12:30:00.821+0000][gc,start      ] GC(24) Pause Young (Normal) (G1 Evacuation Pause)
[2024-11-16T12:30:00.821+0000][gc,task       ] GC(24) Using 4 workers of 4 for evacuation
[2024-11-16T12:30:00.824+0000][gc,phases     ] GC(24)   Pre Evacuate Collection Set: 0.0ms
[2024-11-16T12:30:00.824+0000][gc,phases     ] GC(24)   Evacuate Collection Set: 2.5ms
[2024-11-16T12:30:00.824+0000][gc,phases     ] GC(24)   Post Evacuate Collection Set: 0.4ms
[2024-11-16T12:30:00.824+0000][gc,phases     ] GC(24)   Other: 0.2ms
[2024-11-16T12:30:00.824+0000][gc,heap       ] GC(24) Eden regions: 610->0(611)
[2024-11-16T12:30:00.824+0000][gc,heap       ] GC(24) Survivor regions: 4->3(77)
[2024-11-16T12:30:00.824+0000][gc,heap       ] GC(24) Old regions: 18->18
[2024-11-16T12:30:00.824+0000][gc,heap       ] GC(24) Humongous regions: 129->129
[2024-11-16T12:30:00.824+0000][gc,metaspace  ] GC(24) Metaspace: 44213K(46844K)->44213K(46844K) NonClass: 38597K(39936K)->38597K(39936K) Class: 5616K(6908K)->5616K(6908K)
[2024-11-16T12:30:00.824+0000][gc            ] GC(24) Pause Young (Normal) (G1 Evacuation Pause) 758M->148M(1024M) 3.075ms
[2024-11-16T12:30:00.824+0000][gc,cpu        ] GC(24) User=0.01s Sys=0.00s Real=0.01s
[2024-11-16T14:46:22.787+0000][gc,start      ] GC(25) Pause Young (Normal) (G1 Evacuation Pause)
[2024-11-16T14:46:22.787+0000][gc,task       ] GC(25) Using 4 workers of 4 for evacuation
[2024-11-16T14:46:22.790+0000][gc,phases     ] GC(25)   Pre Evacuate Collection Set: 0.0ms
[2024-11-16T14:46:22.790+0000][gc,phases     ] GC(25)   Evacuate Collection Set: 2.6ms
[2024-11-16T14:46:22.790+0000][gc,phases     ] GC(25)   Post Evacuate Collection Set: 0.5ms
[2024-11-16T14:46:22.790+0000][gc,phases     ] GC(25)   Other: 0.2ms
[2024-11-16T14:46:22.790+0000][gc,heap       ] GC(25) Eden regions: 611->0(611)
[2024-11-16T14:46:22.790+0000][gc,heap       ] GC(25) Survivor regions: 3->3(77)
[2024-11-16T14:46:22.790+0000][gc,heap       ] GC(25) Old regions: 18->18
[2024-11-16T14:46:22.790+0000][gc,heap       ] GC(25) Humongous regions: 178->129
[2024-11-16T14:46:22.790+0000][gc,metaspace  ] GC(25) Metaspace: 44215K(46844K)->44215K(46844K) NonClass: 38599K(39936K)->38599K(39936K) Class: 5616K(6908K)->5616K(6908K)
[2024-11-16T14:46:22.790+0000][gc            ] GC(25) Pause Young (Normal) (G1 Evacuation Pause) 808M->147M(1024M) 3.350ms
[2024-11-16T14:46:22.790+0000][gc,cpu        ] GC(25) User=0.01s Sys=0.00s Real=0.00s
[2024-11-16T17:00:55.512+0000][gc,start      ] GC(26) Pause Young (Normal) (G1 Evacuation Pause)
[2024-11-16T17:00:55.512+0000][gc,task       ] GC(26) Using 4 workers of 4 for evacuation
[2024-11-16T17:00:55.515+0000][gc,phases     ] GC(26)   Pre Evacuate Collection Set: 0.0ms
[2024-11-16T17:00:55.515+0000][gc,phases     ] GC(26)   Evacuate Collection Set: 2.9ms
[2024-11-16T17:00:55.516+0000][gc,phases     ] GC(26)   Post Evacuate Collection Set: 0.5ms
[2024-11-16T17:00:55.516+0000][gc,phases     ] GC(26)   Other: 0.2ms
[2024-11-16T17:00:55.516+0000][gc,heap       ] GC(26) Eden regions: 611->0(611)
[2024-11-16T17:00:55.516+0000][gc,heap       ] GC(26) Survivor regions: 3->3(77)
[2024-11-16T17:00:55.516+0000][gc,heap       ] GC(26) Old regions: 18->18
[2024-11-16T17:00:55.516+0000][gc,heap       ] GC(26) Humongous regions: 129->129
[2024-11-16T17:00:55.516+0000][gc,metaspace  ] GC(26) Metaspace: 44351K(47228K)->44351K(47228K) NonClass: 38711K(40192K)->38711K(40192K) Class: 5640K(7036K)->5640K(7036K)
[2024-11-16T17:00:55.516+0000][gc            ] GC(26) Pause Young (Normal) (G1 Evacuation Pause) 758M->148M(1024M) 3.596ms
[2024-11-16T17:00:55.516+0000][gc,cpu        ] GC(26) User=0.01s Sys=0.00s Real=0.01s
[2024-11-16T19:16:10.816+0000][gc,start      ] GC(27) Pause Young (Normal) (G1 Evacuation Pause)
[2024-11-16T19:16:10.816+0000][gc,task       ] GC(27) Using 4 workers of 4 for evacuation
[2024-11-16T19:16:10.820+0000][gc,phases     ] GC(27)   Pre Evacuate Collection Set: 0.0ms
[2024-11-16T19:16:10.820+0000][gc,phases     ] GC(27)   Evacuate Collection Set: 2.8ms
[2024-11-16T19:16:10.820+0000][gc,phases     ] GC(27)   Post Evacuate Collection Set: 0.5ms
[2024-11-16T19:16:10.820+0000][gc,phases     ] GC(27)   Other: 0.2ms
[2024-11-16T19:16:10.820+0000][gc,heap       ] GC(27) Eden regions: 611->0(611)
[2024-11-16T19:16:10.820+0000][gc,heap       ] GC(27) Survivor regions: 3->3(77)
[2024-11-16T19:16:10.820+0000][gc,heap       ] GC(27) Old regions: 18->18
[2024-11-16T19:16:10.820+0000][gc,heap       ] GC(27) Humongous regions: 129->129
[2024-11-16T19:16:10.820+0000][gc,metaspace  ] GC(27) Metaspace: 44446K(47484K)->44446K(47484K) NonClass: 38805K(40448K)->38805K(40448K) Class: 5640K(7036K)->5640K(7036K)
[2024-11-16T19:16:10.820+0000][gc            ] GC(27) Pause Young (Normal) (G1 Evacuation Pause) 759M->148M(1024M) 3.581ms
[2024-11-16T19:16:10.820+0000][gc,cpu        ] GC(27) User=0.01s Sys=0.01s Real=0.00s
[2024-11-16T21:30:49.258+0000][gc,start      ] GC(28) Pause Young (Normal) (G1 Evacuation Pause)
[2024-11-16T21:30:49.258+0000][gc,task       ] GC(28) Using 4 workers of 4 for evacuation
[2024-11-16T21:30:49.261+0000][gc,phases     ] GC(28)   Pre Evacuate Collection Set: 0.0ms
[2024-11-16T21:30:49.261+0000][gc,phases     ] GC(28)   Evacuate Collection Set: 2.5ms
[2024-11-16T21:30:49.261+0000][gc,phases     ] GC(28)   Post Evacuate Collection Set: 0.8ms
[2024-11-16T21:30:49.261+0000][gc,phases     ] GC(28)   Other: 0.2ms
[2024-11-16T21:30:49.261+0000][gc,heap       ] GC(28) Eden regions: 611->0(611)
[2024-11-16T21:30:49.261+0000][gc,heap       ] GC(28) Survivor regions: 3->3(77)
[2024-11-16T21:30:49.261+0000][gc,heap       ] GC(28) Old regions: 18->18
[2024-11-16T21:30:49.261+0000][gc,heap       ] GC(28) Humongous regions: 129->129
[2024-11-16T21:30:49.261+0000][gc,metaspace  ] GC(28) Metaspace: 44462K(47484K)->44462K(47484K) NonClass: 38821K(40448K)->38821K(40448K) Class: 5640K(7036K)->5640K(7036K)
[2024-11-16T21:30:49.261+0000][gc            ] GC(28) Pause Young (Normal) (G1 Evacuation Pause) 759M->148M(1024M) 3.576ms
[2024-11-16T21:30:49.261+0000][gc,cpu        ] GC(28) User=0.01s Sys=0.00s Real=0.00s
[2024-11-16T23:46:08.497+0000][gc,start      ] GC(29) Pause Young (Normal) (G1 Evacuation Pause)
[2024-11-16T23:46:08.497+0000][gc,task       ] GC(29) Using 4 workers of 4 for evacuation
[2024-11-16T23:46:08.500+0000][gc,phases     ] GC(29)   Pre Evacuate Collection Set: 0.0ms
[2024-11-16T23:46:08.500+0000][gc,phases     ] GC(29)   Evacuate Collection Set: 3.0ms
[2024-11-16T23:46:08.500+0000][gc,phases     ] GC(29)   Post Evacuate Collection Set: 0.5ms
[2024-11-16T23:46:08.500+0000][gc,phases     ] GC(29)   Other: 0.2ms
[2024-11-16T23:46:08.500+0000][gc,heap       ] GC(29) Eden regions: 611->0(610)
[2024-11-16T23:46:08.500+0000][gc,heap       ] GC(29) Survivor regions: 3->4(77)
[2024-11-16T23:46:08.500+0000][gc,heap       ] GC(29) Old regions: 18->18
[2024-11-16T23:46:08.500+0000][gc,heap       ] GC(29) Humongous regions: 129->129
[2024-11-16T23:46:08.500+0000][gc,metaspace  ] GC(29) Metaspace: 44475K(47484K)->44475K(47484K) NonClass: 38835K(40448K)->38835K(40448K) Class: 5640K(7036K)->5640K(7036K)
[2024-11-16T23:46:08.500+0000][gc            ] GC(29) Pause Young (Normal) (G1 Evacuation Pause) 759M->148M(1024M) 3.661ms
[2024-11-16T23:46:08.500+0000][gc,cpu        ] GC(29) User=0.02s Sys=0.00s Real=0.00s
[2024-11-17T02:02:40.772+0000][gc,start      ] GC(30) Pause Young (Normal) (G1 Evacuation Pause)
[2024-11-17T02:02:40.772+0000][gc,task       ] GC(30) Using 4 workers of 4 for evacuation
[2024-11-17T02:02:40.775+0000][gc,phases     ] GC(30)   Pre Evacuate Collection Set: 0.0ms
[2024-11-17T02:02:40.775+0000][gc,phases     ] GC(30)   Evacuate Collection Set: 2.6ms
[2024-11-17T02:02:40.775+0000][gc,phases     ] GC(30)   Post Evacuate Collection Set: 0.5ms
[2024-11-17T02:02:40.775+0000][gc,phases     ] GC(30)   Other: 0.2ms
[2024-11-17T02:02:40.775+0000][gc,heap       ] GC(30) Eden regions: 610->0(611)
[2024-11-17T02:02:40.775+0000][gc,heap       ] GC(30) Survivor regions: 4->3(77)
[2024-11-17T02:02:40.775+0000][gc,heap       ] GC(30) Old regions: 18->18
[2024-11-17T02:02:40.775+0000][gc,heap       ] GC(30) Humongous regions: 129->129
[2024-11-17T02:02:40.775+0000][gc,metaspace  ] GC(30) Metaspace: 44488K(47484K)->44488K(47484K) NonClass: 38847K(40448K)->38847K(40448K) Class: 5641K(7036K)->5641K(7036K)
[2024-11-17T02:02:40.775+0000][gc            ] GC(30) Pause Young (Normal) (G1 Evacuation Pause) 758M->148M(1024M) 3.300ms
[2024-11-17T02:02:40.775+0000][gc,cpu        ] GC(30) User=0.01s Sys=0.00s Real=0.00s
[2024-11-17T04:16:59.322+0000][gc,start      ] GC(31) Pause Young (Normal) (G1 Evacuation Pause)
[2024-11-17T04:16:59.323+0000][gc,task       ] GC(31) Using 4 workers of 4 for evacuation
[2024-11-17T04:16:59.326+0000][gc,phases     ] GC(31)   Pre Evacuate Collection Set: 0.0ms
[2024-11-17T04:16:59.326+0000][gc,phases     ] GC(31)   Evacuate Collection Set: 3.4ms
[2024-11-17T04:16:59.327+0000][gc,phases     ] GC(31)   Post Evacuate Collection Set: 0.4ms
[2024-11-17T04:16:59.327+0000][gc,phases     ] GC(31)   Other: 0.1ms
[2024-11-17T04:16:59.327+0000][gc,heap       ] GC(31) Eden regions: 611->0(611)
[2024-11-17T04:16:59.327+0000][gc,heap       ] GC(31) Survivor regions: 3->3(77)
[2024-11-17T04:16:59.327+0000][gc,heap       ] GC(31) Old regions: 18->18
[2024-11-17T04:16:59.327+0000][gc,heap       ] GC(31) Humongous regions: 129->129
[2024-11-17T04:16:59.327+0000][gc,metaspace  ] GC(31) Metaspace: 44520K(47484K)->44520K(47484K) NonClass: 38879K(40448K)->38879K(40448K) Class: 5641K(7036K)->5641K(7036K)
[2024-11-17T04:16:59.327+0000][gc            ] GC(31) Pause Young (Normal) (G1 Evacuation Pause) 759M->148M(1024M) 4.067ms
[2024-11-17T04:16:59.327+0000][gc,cpu        ] GC(31) User=0.01s Sys=0.00s Real=0.01s
[2024-11-17T06:30:11.103+0000][gc,start      ] GC(32) Pause Young (Normal) (G1 Evacuation Pause)
[2024-11-17T06:30:11.103+0000][gc,task       ] GC(32) Using 4 workers of 4 for evacuation
[2024-11-17T06:30:11.106+0000][gc,phases     ] GC(32)   Pre Evacuate Collection Set: 0.0ms
[2024-11-17T06:30:11.106+0000][gc,phases     ] GC(32)   Evacuate Collection Set: 2.6ms
[2024-11-17T06:30:11.106+0000][gc,phases     ] GC(32)   Post Evacuate Collection Set: 0.4ms
[2024-11-17T06:30:11.106+0000][gc,phases     ] GC(32)   Other: 0.2ms
[2024-11-17T06:30:11.106+0000][gc,heap       ] GC(32) Eden regions: 611->0(611)
[2024-11-17T06:30:11.106+0000][gc,heap       ] GC(32) Survivor regions: 3->3(77)
[2024-11-17T06:30:11.106+0000][gc,heap       ] GC(32) Old regions: 18->18
[2024-11-17T06:30:11.106+0000][gc,heap       ] GC(32) Humongous regions: 129->129
[2024-11-17T06:30:11.106+0000][gc,metaspace  ] GC(32) Metaspace: 44579K(47484K)->44579K(47484K) NonClass: 38938K(40448K)->38938K(40448K) Class: 5641K(7036K)->5641K(7036K)
[2024-11-17T06:30:11.106+0000][gc            ] GC(32) Pause Young (Normal) (G1 Evacuation Pause) 759M->148M(1024M) 3.209ms
[2024-11-17T06:30:11.106+0000][gc,cpu        ] GC(32) User=0.01s Sys=0.00s Real=0.01s
[2024-11-17T08:44:41.789+0000][gc,start      ] GC(33) Pause Young (Normal) (G1 Evacuation Pause)
[2024-11-17T08:44:41.789+0000][gc,task       ] GC(33) Using 4 workers of 4 for evacuation
[2024-11-17T08:44:41.793+0000][gc,phases     ] GC(33)   Pre Evacuate Collection Set: 0.0ms
[2024-11-17T08:44:41.793+0000][gc,phases     ] GC(33)   Evacuate Collection Set: 2.7ms
[2024-11-17T08:44:41.793+0000][gc,phases     ] GC(33)   Post Evacuate Collection Set: 0.9ms
[2024-11-17T08:44:41.793+0000][gc,phases     ] GC(33)   Other: 0.2ms
[2024-11-17T08:44:41.793+0000][gc,heap       ] GC(33) Eden regions: 611->0(611)
[2024-11-17T08:44:41.793+0000][gc,heap       ] GC(33) Survivor regions: 3->3(77)
[2024-11-17T08:44:41.793+0000][gc,heap       ] GC(33) Old regions: 18->18
[2024-11-17T08:44:41.793+0000][gc,heap       ] GC(33) Humongous regions: 178->129
[2024-11-17T08:44:41.793+0000][gc,metaspace  ] GC(33) Metaspace: 44622K(47484K)->44622K(47484K) NonClass: 38980K(40448K)->38980K(40448K) Class: 5641K(7036K)->5641K(7036K)
[2024-11-17T08:44:41.793+0000][gc            ] GC(33) Pause Young (Normal) (G1 Evacuation Pause) 808M->148M(1024M) 3.873ms
[2024-11-17T08:44:41.793+0000][gc,cpu        ] GC(33) User=0.01s Sys=0.00s Real=0.00s
[2024-11-17T10:59:32.787+0000][gc,start      ] GC(34) Pause Young (Normal) (G1 Evacuation Pause)
[2024-11-17T10:59:32.787+0000][gc,task       ] GC(34) Using 4 workers of 4 for evacuation
[2024-11-17T10:59:32.791+0000][gc,phases     ] GC(34)   Pre Evacuate Collection Set: 0.0ms
[2024-11-17T10:59:32.791+0000][gc,phases     ] GC(34)   Evacuate Collection Set: 3.4ms
[2024-11-17T10:59:32.791+0000][gc,phases     ] GC(34)   Post Evacuate Collection Set: 0.8ms
[2024-11-17T10:59:32.791+0000][gc,phases     ] GC(34)   Other: 0.2ms
[2024-11-17T10:59:32.791+0000][gc,heap       ] GC(34) Eden regions: 611->0(610)
[2024-11-17T10:59:32.791+0000][gc,heap       ] GC(34) Survivor regions: 3->4(77)
[2024-11-17T10:59:32.791+0000][gc,heap       ] GC(34) Old regions: 18->18
[2024-11-17T10:59:32.791+0000][gc,heap       ] GC(34) Humongous regions: 129->129
[2024-11-17T10:59:32.791+0000][gc,metaspace  ] GC(34) Metaspace: 44668K(47484K)->44668K(47484K) NonClass: 39027K(40448K)->39027K(40448K) Class: 5641K(7036K)->5641K(7036K)
[2024-11-17T10:59:32.791+0000][gc            ] GC(34) Pause Young (Normal) (G1 Evacuation Pause) 759M->148M(1024M) 4.436ms
[2024-11-17T10:59:32.791+0000][gc,cpu        ] GC(34) User=0.01s Sys=0.00s Real=0.00s
[2024-11-17T13:13:12.787+0000][gc,start      ] GC(35) Pause Young (Normal) (G1 Evacuation Pause)
[2024-11-17T13:13:12.787+0000][gc,task       ] GC(35) Using 4 workers of 4 for evacuation
[2024-11-17T13:13:12.790+0000][gc,phases     ] GC(35)   Pre Evacuate Collection Set: 0.0ms
[2024-11-17T13:13:12.790+0000][gc,phases     ] GC(35)   Evacuate Collection Set: 2.8ms
[2024-11-17T13:13:12.790+0000][gc,phases     ] GC(35)   Post Evacuate Collection Set: 0.9ms
[2024-11-17T13:13:12.790+0000][gc,phases     ] GC(35)   Other: 0.2ms
[2024-11-17T13:13:12.791+0000][gc,heap       ] GC(35) Eden regions: 610->0(611)
[2024-11-17T13:13:12.791+0000][gc,heap       ] GC(35) Survivor regions: 4->3(77)
[2024-11-17T13:13:12.791+0000][gc,heap       ] GC(35) Old regions: 18->18
[2024-11-17T13:13:12.791+0000][gc,heap       ] GC(35) Humongous regions: 129->129
[2024-11-17T13:13:12.791+0000][gc,metaspace  ] GC(35) Metaspace: 44687K(47740K)->44687K(47740K) NonClass: 39046K(40704K)->39046K(40704K) Class: 5641K(7036K)->5641K(7036K)
[2024-11-17T13:13:12.791+0000][gc            ] GC(35) Pause Young (Normal) (G1 Evacuation Pause) 758M->148M(1024M) 3.866ms
[2024-11-17T13:13:12.791+0000][gc,cpu        ] GC(35) User=0.01s Sys=0.00s Real=0.00s
[2024-11-17T15:21:41.953+0000][gc,start      ] GC(36) Pause Young (Normal) (G1 Evacuation Pause)
[2024-11-17T15:21:41.953+0000][gc,task       ] GC(36) Using 4 workers of 4 for evacuation
[2024-11-17T15:21:41.957+0000][gc,phases     ] GC(36)   Pre Evacuate Collection Set: 0.0ms
[2024-11-17T15:21:41.957+0000][gc,phases     ] GC(36)   Evacuate Collection Set: 2.8ms
[2024-11-17T15:21:41.957+0000][gc,phases     ] GC(36)   Post Evacuate Collection Set: 0.8ms
[2024-11-17T15:21:41.957+0000][gc,phases     ] GC(36)   Other: 0.1ms
[2024-11-17T15:21:41.957+0000][gc,heap       ] GC(36) Eden regions: 611->0(610)
[2024-11-17T15:21:41.957+0000][gc,heap       ] GC(36) Survivor regions: 3->4(77)
[2024-11-17T15:21:41.957+0000][gc,heap       ] GC(36) Old regions: 18->18
[2024-11-17T15:21:41.957+0000][gc,heap       ] GC(36) Humongous regions: 129->129
[2024-11-17T15:21:41.957+0000][gc,metaspace  ] GC(36) Metaspace: 44721K(47740K)->44721K(47740K) NonClass: 39080K(40704K)->39080K(40704K) Class: 5641K(7036K)->5641K(7036K)
[2024-11-17T15:21:41.957+0000][gc            ] GC(36) Pause Young (Normal) (G1 Evacuation Pause) 759M->148M(1024M) 3.741ms
[2024-11-17T15:21:41.957+0000][gc,cpu        ] GC(36) User=0.01s Sys=0.00s Real=0.01s
[2024-11-17T17:27:26.355+0000][gc,start      ] GC(37) Pause Young (Normal) (G1 Evacuation Pause)
[2024-11-17T17:27:26.355+0000][gc,task       ] GC(37) Using 4 workers of 4 for evacuation
[2024-11-17T17:27:26.360+0000][gc,phases     ] GC(37)   Pre Evacuate Collection Set: 0.0ms
[2024-11-17T17:27:26.360+0000][gc,phases     ] GC(37)   Evacuate Collection Set: 3.8ms
[2024-11-17T17:27:26.360+0000][gc,phases     ] GC(37)   Post Evacuate Collection Set: 0.8ms
[2024-11-17T17:27:26.360+0000][gc,phases     ] GC(37)   Other: 0.2ms
[2024-11-17T17:27:26.360+0000][gc,heap       ] GC(37) Eden regions: 610->0(610)
[2024-11-17T17:27:26.360+0000][gc,heap       ] GC(37) Survivor regions: 4->4(77)
[2024-11-17T17:27:26.360+0000][gc,heap       ] GC(37) Old regions: 18->18
[2024-11-17T17:27:26.360+0000][gc,heap       ] GC(37) Humongous regions: 129->129
[2024-11-17T17:27:26.360+0000][gc,metaspace  ] GC(37) Metaspace: 44742K(47740K)->44742K(47740K) NonClass: 39100K(40704K)->39100K(40704K) Class: 5642K(7036K)->5642K(7036K)
[2024-11-17T17:27:26.360+0000][gc            ] GC(37) Pause Young (Normal) (G1 Evacuation Pause) 758M->149M(1024M) 4.844ms
[2024-11-17T17:27:26.360+0000][gc,cpu        ] GC(37) User=0.02s Sys=0.00s Real=0.01s
[2024-11-17T19:33:33.284+0000][gc,start      ] GC(38) Pause Young (Normal) (G1 Evacuation Pause)
[2024-11-17T19:33:33.284+0000][gc,task       ] GC(38) Using 4 workers of 4 for evacuation
[2024-11-17T19:33:33.288+0000][gc,phases     ] GC(38)   Pre Evacuate Collection Set: 0.0ms
[2024-11-17T19:33:33.288+0000][gc,phases     ] GC(38)   Evacuate Collection Set: 3.8ms
[2024-11-17T19:33:33.288+0000][gc,phases     ] GC(38)   Post Evacuate Collection Set: 0.4ms
[2024-11-17T19:33:33.288+0000][gc,phases     ] GC(38)   Other: 0.2ms
[2024-11-17T19:33:33.288+0000][gc,heap       ] GC(38) Eden regions: 610->0(610)
[2024-11-17T19:33:33.288+0000][gc,heap       ] GC(38) Survivor regions: 4->4(77)
[2024-11-17T19:33:33.289+0000][gc,heap       ] GC(38) Old regions: 18->18
[2024-11-17T19:33:33.289+0000][gc,heap       ] GC(38) Humongous regions: 129->129
[2024-11-17T19:33:33.289+0000][gc,metaspace  ] GC(38) Metaspace: 44754K(47740K)->44754K(47740K) NonClass: 39112K(40704K)->39112K(40704K) Class: 5642K(7036K)->5642K(7036K)
[2024-11-17T19:33:33.289+0000][gc            ] GC(38) Pause Young (Normal) (G1 Evacuation Pause) 759M->149M(1024M) 4.504ms
[2024-11-17T19:33:33.289+0000][gc,cpu        ] GC(38) User=0.01s Sys=0.00s Real=0.00s
[2024-11-17T21:41:57.967+0000][gc,start      ] GC(39) Pause Young (Normal) (G1 Evacuation Pause)
[2024-11-17T21:41:57.967+0000][gc,task       ] GC(39) Using 4 workers of 4 for evacuation
[2024-11-17T21:41:57.972+0000][gc,phases     ] GC(39)   Pre Evacuate Collection Set: 0.0ms
[2024-11-17T21:41:57.972+0000][gc,phases     ] GC(39)   Evacuate Collection Set: 3.7ms
[2024-11-17T21:41:57.972+0000][gc,phases     ] GC(39)   Post Evacuate Collection Set: 0.5ms
[2024-11-17T21:41:57.972+0000][gc,phases     ] GC(39)   Other: 0.2ms
[2024-11-17T21:41:57.972+0000][gc,heap       ] GC(39) Eden regions: 610->0(610)
[2024-11-17T21:41:57.972+0000][gc,heap       ] GC(39) Survivor regions: 4->4(77)
[2024-11-17T21:41:57.972+0000][gc,heap       ] GC(39) Old regions: 18->18
[2024-11-17T21:41:57.972+0000][gc,heap       ] GC(39) Humongous regions: 129->129
[2024-11-17T21:41:57.972+0000][gc,metaspace  ] GC(39) Metaspace: 44755K(47740K)->44755K(47740K) NonClass: 39113K(40704K)->39113K(40704K) Class: 5642K(7036K)->5642K(7036K)
[2024-11-17T21:41:57.972+0000][gc            ] GC(39) Pause Young (Normal) (G1 Evacuation Pause) 759M->149M(1024M) 4.508ms
[2024-11-17T21:41:57.972+0000][gc,cpu        ] GC(39) User=0.01s Sys=0.00s Real=0.00s
[2024-11-17T23:50:31.806+0000][gc,start      ] GC(40) Pause Young (Normal) (G1 Evacuation Pause)
[2024-11-17T23:50:31.806+0000][gc,task       ] GC(40) Using 4 workers of 4 for evacuation
[2024-11-17T23:50:31.809+0000][gc,phases     ] GC(40)   Pre Evacuate Collection Set: 0.0ms
[2024-11-17T23:50:31.809+0000][gc,phases     ] GC(40)   Evacuate Collection Set: 2.8ms
[2024-11-17T23:50:31.809+0000][gc,phases     ] GC(40)   Post Evacuate Collection Set: 0.4ms
[2024-11-17T23:50:31.809+0000][gc,phases     ] GC(40)   Other: 0.2ms
[2024-11-17T23:50:31.809+0000][gc,heap       ] GC(40) Eden regions: 610->0(610)
[2024-11-17T23:50:31.809+0000][gc,heap       ] GC(40) Survivor regions: 4->4(77)
[2024-11-17T23:50:31.809+0000][gc,heap       ] GC(40) Old regions: 18->18
[2024-11-17T23:50:31.809+0000][gc,heap       ] GC(40) Humongous regions: 129->129
[2024-11-17T23:50:31.809+0000][gc,metaspace  ] GC(40) Metaspace: 44756K(47740K)->44756K(47740K) NonClass: 39114K(40704K)->39114K(40704K) Class: 5642K(7036K)->5642K(7036K)
[2024-11-17T23:50:31.809+0000][gc            ] GC(40) Pause Young (Normal) (G1 Evacuation Pause) 759M->148M(1024M) 3.411ms
[2024-11-17T23:50:31.809+0000][gc,cpu        ] GC(40) User=0.01s Sys=0.00s Real=0.00s
[2024-11-18T01:59:10.153+0000][gc,start      ] GC(41) Pause Young (Normal) (G1 Evacuation Pause)
[2024-11-18T01:59:10.153+0000][gc,task       ] GC(41) Using 4 workers of 4 for evacuation
[2024-11-18T01:59:10.156+0000][gc,phases     ] GC(41)   Pre Evacuate Collection Set: 0.0ms
[2024-11-18T01:59:10.156+0000][gc,phases     ] GC(41)   Evacuate Collection Set: 3.0ms
[2024-11-18T01:59:10.156+0000][gc,phases     ] GC(41)   Post Evacuate Collection Set: 0.4ms
[2024-11-18T01:59:10.156+0000][gc,phases     ] GC(41)   Other: 0.2ms
[2024-11-18T01:59:10.156+0000][gc,heap       ] GC(41) Eden regions: 610->0(611)
[2024-11-18T01:59:10.156+0000][gc,heap       ] GC(41) Survivor regions: 4->3(77)
[2024-11-18T01:59:10.156+0000][gc,heap       ] GC(41) Old regions: 18->19
[2024-11-18T01:59:10.156+0000][gc,heap       ] GC(41) Humongous regions: 178->129
[2024-11-18T01:59:10.156+0000][gc,metaspace  ] GC(41) Metaspace: 44756K(47740K)->44756K(47740K) NonClass: 39114K(40704K)->39114K(40704K) Class: 5642K(7036K)->5642K(7036K)
[2024-11-18T01:59:10.156+0000][gc            ] GC(41) Pause Young (Normal) (G1 Evacuation Pause) 807M->148M(1024M) 3.622ms
[2024-11-18T01:59:10.156+0000][gc,cpu        ] GC(41) User=0.02s Sys=0.00s Real=0.01s
[2024-11-18T04:08:04.327+0000][gc,start      ] GC(42) Pause Young (Normal) (G1 Evacuation Pause)
[2024-11-18T04:08:04.327+0000][gc,task       ] GC(42) Using 4 workers of 4 for evacuation
[2024-11-18T04:08:04.332+0000][gc,phases     ] GC(42)   Pre Evacuate Collection Set: 0.0ms
[2024-11-18T04:08:04.332+0000][gc,phases     ] GC(42)   Evacuate Collection Set: 3.8ms
[2024-11-18T04:08:04.332+0000][gc,phases     ] GC(42)   Post Evacuate Collection Set: 0.5ms
[2024-11-18T04:08:04.332+0000][gc,phases     ] GC(42)   Other: 0.2ms
[2024-11-18T04:08:04.332+0000][gc,heap       ] GC(42) Eden regions: 611->0(611)
[2024-11-18T04:08:04.332+0000][gc,heap       ] GC(42) Survivor regions: 3->3(77)
[2024-11-18T04:08:04.332+0000][gc,heap       ] GC(42) Old regions: 19->19
[2024-11-18T04:08:04.332+0000][gc,heap       ] GC(42) Humongous regions: 129->129
[2024-11-18T04:08:04.332+0000][gc,metaspace  ] GC(42) Metaspace: 44759K(47740K)->44759K(47740K) NonClass: 39117K(40704K)->39117K(40704K) Class: 5642K(7036K)->5642K(7036K)
[2024-11-18T04:08:04.332+0000][gc            ] GC(42) Pause Young (Normal) (G1 Evacuation Pause) 759M->148M(1024M) 4.593ms
[2024-11-18T04:08:04.332+0000][gc,cpu        ] GC(42) User=0.01s Sys=0.00s Real=0.00s
[2024-11-18T06:16:54.536+0000][gc,start      ] GC(43) Pause Young (Normal) (G1 Evacuation Pause)
[2024-11-18T06:16:54.536+0000][gc,task       ] GC(43) Using 4 workers of 4 for evacuation
[2024-11-18T06:16:54.540+0000][gc,phases     ] GC(43)   Pre Evacuate Collection Set: 0.0ms
[2024-11-18T06:16:54.540+0000][gc,phases     ] GC(43)   Evacuate Collection Set: 3.8ms
[2024-11-18T06:16:54.540+0000][gc,phases     ] GC(43)   Post Evacuate Collection Set: 0.5ms
[2024-11-18T06:16:54.540+0000][gc,phases     ] GC(43)   Other: 0.2ms
[2024-11-18T06:16:54.540+0000][gc,heap       ] GC(43) Eden regions: 611->0(610)
[2024-11-18T06:16:54.540+0000][gc,heap       ] GC(43) Survivor regions: 3->4(77)
[2024-11-18T06:16:54.540+0000][gc,heap       ] GC(43) Old regions: 19->19
[2024-11-18T06:16:54.540+0000][gc,heap       ] GC(43) Humongous regions: 129->129
[2024-11-18T06:16:54.540+0000][gc,metaspace  ] GC(43) Metaspace: 44759K(47740K)->44759K(47740K) NonClass: 39117K(40704K)->39117K(40704K) Class: 5642K(7036K)->5642K(7036K)
[2024-11-18T06:16:54.540+0000][gc            ] GC(43) Pause Young (Normal) (G1 Evacuation Pause) 759M->149M(1024M) 4.517ms
[2024-11-18T06:16:54.540+0000][gc,cpu        ] GC(43) User=0.02s Sys=0.00s Real=0.00s
[2024-11-18T08:25:07.787+0000][gc,start      ] GC(44) Pause Young (Normal) (G1 Evacuation Pause)
[2024-11-18T08:25:07.787+0000][gc,task       ] GC(44) Using 4 workers of 4 for evacuation
[2024-11-18T08:25:07.790+0000][gc,phases     ] GC(44)   Pre Evacuate Collection Set: 0.0ms
[2024-11-18T08:25:07.790+0000][gc,phases     ] GC(44)   Evacuate Collection Set: 2.7ms
[2024-11-18T08:25:07.790+0000][gc,phases     ] GC(44)   Post Evacuate Collection Set: 0.4ms
[2024-11-18T08:25:07.790+0000][gc,phases     ] GC(44)   Other: 0.2ms
[2024-11-18T08:25:07.790+0000][gc,heap       ] GC(44) Eden regions: 610->0(610)
[2024-11-18T08:25:07.790+0000][gc,heap       ] GC(44) Survivor regions: 4->4(77)
[2024-11-18T08:25:07.790+0000][gc,heap       ] GC(44) Old regions: 19->19
[2024-11-18T08:25:07.790+0000][gc,heap       ] GC(44) Humongous regions: 129->129
[2024-11-18T08:25:07.790+0000][gc,metaspace  ] GC(44) Metaspace: 44760K(47740K)->44760K(47740K) NonClass: 39118K(40704K)->39118K(40704K) Class: 5642K(7036K)->5642K(7036K)
[2024-11-18T08:25:07.790+0000][gc            ] GC(44) Pause Young (Normal) (G1 Evacuation Pause) 759M->149M(1024M) 3.362ms
[2024-11-18T08:25:07.790+0000][gc,cpu        ] GC(44) User=0.01s Sys=0.00s Real=0.00s
[2024-11-18T10:33:47.828+0000][gc,start      ] GC(45) Pause Young (Normal) (G1 Evacuation Pause)
[2024-11-18T10:33:47.828+0000][gc,task       ] GC(45) Using 4 workers of 4 for evacuation
[2024-11-18T10:33:47.831+0000][gc,phases     ] GC(45)   Pre Evacuate Collection Set: 0.0ms
[2024-11-18T10:33:47.831+0000][gc,phases     ] GC(45)   Evacuate Collection Set: 2.7ms
[2024-11-18T10:33:47.831+0000][gc,phases     ] GC(45)   Post Evacuate Collection Set: 0.4ms
[2024-11-18T10:33:47.831+0000][gc,phases     ] GC(45)   Other: 0.2ms
[2024-11-18T10:33:47.831+0000][gc,heap       ] GC(45) Eden regions: 610->0(611)
[2024-11-18T10:33:47.831+0000][gc,heap       ] GC(45) Survivor regions: 4->3(77)
[2024-11-18T10:33:47.831+0000][gc,heap       ] GC(45) Old regions: 19->19
[2024-11-18T10:33:47.831+0000][gc,heap       ] GC(45) Humongous regions: 129->129
[2024-11-18T10:33:47.831+0000][gc,metaspace  ] GC(45) Metaspace: 44764K(47740K)->44764K(47740K) NonClass: 39122K(40704K)->39122K(40704K) Class: 5642K(7036K)->5642K(7036K)
[2024-11-18T10:33:47.831+0000][gc            ] GC(45) Pause Young (Normal) (G1 Evacuation Pause) 759M->148M(1024M) 3.265ms
[2024-11-18T10:33:47.831+0000][gc,cpu        ] GC(45) User=0.01s Sys=0.00s Real=0.00s
[2024-11-18T12:42:42.787+0000][gc,start      ] GC(46) Pause Young (Normal) (G1 Evacuation Pause)
[2024-11-18T12:42:42.787+0000][gc,task       ] GC(46) Using 4 workers of 4 for evacuation
[2024-11-18T12:42:42.791+0000][gc,phases     ] GC(46)   Pre Evacuate Collection Set: 0.0ms
[2024-11-18T12:42:42.791+0000][gc,phases     ] GC(46)   Evacuate Collection Set: 2.9ms
[2024-11-18T12:42:42.791+0000][gc,phases     ] GC(46)   Post Evacuate Collection Set: 1.1ms
[2024-11-18T12:42:42.791+0000][gc,phases     ] GC(46)   Other: 0.3ms
[2024-11-18T12:42:42.791+0000][gc,heap       ] GC(46) Eden regions: 611->0(611)
[2024-11-18T12:42:42.791+0000][gc,heap       ] GC(46) Survivor regions: 3->3(77)
[2024-11-18T12:42:42.791+0000][gc,heap       ] GC(46) Old regions: 19->19
[2024-11-18T12:42:42.791+0000][gc,heap       ] GC(46) Humongous regions: 129->129
[2024-11-18T12:42:42.791+0000][gc,metaspace  ] GC(46) Metaspace: 44764K(47740K)->44764K(47740K) NonClass: 39122K(40704K)->39122K(40704K) Class: 5642K(7036K)->5642K(7036K)
[2024-11-18T12:42:42.791+0000][gc            ] GC(46) Pause Young (Normal) (G1 Evacuation Pause) 759M->148M(1024M) 4.383ms
[2024-11-18T12:42:42.791+0000][gc,cpu        ] GC(46) User=0.02s Sys=0.00s Real=0.00s
[2024-11-18T14:51:49.258+0000][gc,start      ] GC(47) Pause Young (Normal) (G1 Evacuation Pause)
[2024-11-18T14:51:49.258+0000][gc,task       ] GC(47) Using 4 workers of 4 for evacuation
[2024-11-18T14:51:49.261+0000][gc,phases     ] GC(47)   Pre Evacuate Collection Set: 0.0ms
[2024-11-18T14:51:49.261+0000][gc,phases     ] GC(47)   Evacuate Collection Set: 2.5ms
[2024-11-18T14:51:49.261+0000][gc,phases     ] GC(47)   Post Evacuate Collection Set: 0.4ms
[2024-11-18T14:51:49.261+0000][gc,phases     ] GC(47)   Other: 0.2ms
[2024-11-18T14:51:49.261+0000][gc,heap       ] GC(47) Eden regions: 611->0(611)
[2024-11-18T14:51:49.261+0000][gc,heap       ] GC(47) Survivor regions: 3->3(77)
[2024-11-18T14:51:49.261+0000][gc,heap       ] GC(47) Old regions: 19->19
[2024-11-18T14:51:49.261+0000][gc,heap       ] GC(47) Humongous regions: 129->129
[2024-11-18T14:51:49.261+0000][gc,metaspace  ] GC(47) Metaspace: 44764K(47740K)->44764K(47740K) NonClass: 39122K(40704K)->39122K(40704K) Class: 5642K(7036K)->5642K(7036K)
[2024-11-18T14:51:49.261+0000][gc            ] GC(47) Pause Young (Normal) (G1 Evacuation Pause) 759M->148M(1024M) 3.157ms
[2024-11-18T14:51:49.261+0000][gc,cpu        ] GC(47) User=0.01s Sys=0.00s Real=0.00s
[2024-11-18T17:00:46.402+0000][gc,start      ] GC(48) Pause Young (Normal) (G1 Evacuation Pause)
[2024-11-18T17:00:46.402+0000][gc,task       ] GC(48) Using 4 workers of 4 for evacuation
[2024-11-18T17:00:46.405+0000][gc,phases     ] GC(48)   Pre Evacuate Collection Set: 0.0ms
[2024-11-18T17:00:46.405+0000][gc,phases     ] GC(48)   Evacuate Collection Set: 3.0ms
[2024-11-18T17:00:46.405+0000][gc,phases     ] GC(48)   Post Evacuate Collection Set: 0.3ms
[2024-11-18T17:00:46.405+0000][gc,phases     ] GC(48)   Other: 0.2ms
[2024-11-18T17:00:46.406+0000][gc,heap       ] GC(48) Eden regions: 611->0(611)
[2024-11-18T17:00:46.406+0000][gc,heap       ] GC(48) Survivor regions: 3->3(77)
[2024-11-18T17:00:46.406+0000][gc,heap       ] GC(48) Old regions: 19->19
[2024-11-18T17:00:46.406+0000][gc,heap       ] GC(48) Humongous regions: 129->129
[2024-11-18T17:00:46.406+0000][gc,metaspace  ] GC(48) Metaspace: 44764K(47740K)->44764K(47740K) NonClass: 39122K(40704K)->39122K(40704K) Class: 5642K(7036K)->5642K(7036K)
[2024-11-18T17:00:46.406+0000][gc            ] GC(48) Pause Young (Normal) (G1 Evacuation Pause) 759M->148M(1024M) 3.620ms
[2024-11-18T17:00:46.406+0000][gc,cpu        ] GC(48) User=0.01s Sys=0.00s Real=0.01s
[2024-11-18T19:09:48.876+0000][gc,start      ] GC(49) Pause Young (Normal) (G1 Evacuation Pause)
[2024-11-18T19:09:48.876+0000][gc,task       ] GC(49) Using 4 workers of 4 for evacuation
[2024-11-18T19:09:48.879+0000][gc,phases     ] GC(49)   Pre Evacuate Collection Set: 0.0ms
[2024-11-18T19:09:48.879+0000][gc,phases     ] GC(49)   Evacuate Collection Set: 2.7ms
[2024-11-18T19:09:48.879+0000][gc,phases     ] GC(49)   Post Evacuate Collection Set: 0.5ms
[2024-11-18T19:09:48.880+0000][gc,phases     ] GC(49)   Other: 0.2ms
[2024-11-18T19:09:48.880+0000][gc,heap       ] GC(49) Eden regions: 611->0(611)
[2024-11-18T19:09:48.880+0000][gc,heap       ] GC(49) Survivor regions: 3->3(77)
[2024-11-18T19:09:48.880+0000][gc,heap       ] GC(49) Old regions: 19->19
[2024-11-18T19:09:48.880+0000][gc,heap       ] GC(49) Humongous regions: 129->129
[2024-11-18T19:09:48.880+0000][gc,metaspace  ] GC(49) Metaspace: 44764K(47740K)->44764K(47740K) NonClass: 39122K(40704K)->39122K(40704K) Class: 5642K(7036K)->5642K(7036K)
[2024-11-18T19:09:48.880+0000][gc            ] GC(49) Pause Young (Normal) (G1 Evacuation Pause) 759M->148M(1024M) 3.407ms
[2024-11-18T19:09:48.880+0000][gc,cpu        ] GC(49) User=0.01s Sys=0.00s Real=0.00s
[2024-11-18T21:18:45.881+0000][gc,start      ] GC(50) Pause Young (Normal) (G1 Evacuation Pause)
[2024-11-18T21:18:45.881+0000][gc,task       ] GC(50) Using 4 workers of 4 for evacuation
[2024-11-18T21:18:45.885+0000][gc,phases     ] GC(50)   Pre Evacuate Collection Set: 0.0ms
[2024-11-18T21:18:45.885+0000][gc,phases     ] GC(50)   Evacuate Collection Set: 3.3ms
[2024-11-18T21:18:45.885+0000][gc,phases     ] GC(50)   Post Evacuate Collection Set: 0.4ms
[2024-11-18T21:18:45.885+0000][gc,phases     ] GC(50)   Other: 0.2ms
[2024-11-18T21:18:45.885+0000][gc,heap       ] GC(50) Eden regions: 611->0(610)
[2024-11-18T21:18:45.885+0000][gc,heap       ] GC(50) Survivor regions: 3->4(77)
[2024-11-18T21:18:45.885+0000][gc,heap       ] GC(50) Old regions: 19->19
[2024-11-18T21:18:45.885+0000][gc,heap       ] GC(50) Humongous regions: 227->129
[2024-11-18T21:18:45.885+0000][gc,metaspace  ] GC(50) Metaspace: 44764K(47740K)->44764K(47740K) NonClass: 39122K(40704K)->39122K(40704K) Class: 5642K(7036K)->5642K(7036K)
[2024-11-18T21:18:45.885+0000][gc            ] GC(50) Pause Young (Normal) (G1 Evacuation Pause) 857M->149M(1024M) 3.973ms
[2024-11-18T21:18:45.885+0000][gc,cpu        ] GC(50) User=0.01s Sys=0.00s Real=0.01s
[2024-11-18T23:26:52.986+0000][gc,start      ] GC(51) Pause Young (Normal) (G1 Evacuation Pause)
[2024-11-18T23:26:52.986+0000][gc,task       ] GC(51) Using 4 workers of 4 for evacuation
[2024-11-18T23:26:52.989+0000][gc,phases     ] GC(51)   Pre Evacuate Collection Set: 0.0ms
[2024-11-18T23:26:52.989+0000][gc,phases     ] GC(51)   Evacuate Collection Set: 2.9ms
[2024-11-18T23:26:52.989+0000][gc,phases     ] GC(51)   Post Evacuate Collection Set: 0.4ms
[2024-11-18T23:26:52.989+0000][gc,phases     ] GC(51)   Other: 0.2ms
[2024-11-18T23:26:52.989+0000][gc,heap       ] GC(51) Eden regions: 610->0(611)
[2024-11-18T23:26:52.989+0000][gc,heap       ] GC(51) Survivor regions: 4->3(77)
[2024-11-18T23:26:52.989+0000][gc,heap       ] GC(51) Old regions: 19->19
[2024-11-18T23:26:52.989+0000][gc,heap       ] GC(51) Humongous regions: 129->129
[2024-11-18T23:26:52.989+0000][gc,metaspace  ] GC(51) Metaspace: 44764K(47740K)->44764K(47740K) NonClass: 39122K(40704K)->39122K(40704K) Class: 5642K(7036K)->5642K(7036K)
[2024-11-18T23:26:52.989+0000][gc            ] GC(51) Pause Young (Normal) (G1 Evacuation Pause) 759M->148M(1024M) 3.600ms
[2024-11-18T23:26:52.989+0000][gc,cpu        ] GC(51) User=0.01s Sys=0.00s Real=0.00s
[2024-11-19T01:35:49.258+0000][gc,start      ] GC(52) Pause Young (Normal) (G1 Evacuation Pause)
[2024-11-19T01:35:49.258+0000][gc,task       ] GC(52) Using 4 workers of 4 for evacuation
[2024-11-19T01:35:49.261+0000][gc,phases     ] GC(52)   Pre Evacuate Collection Set: 0.0ms
[2024-11-19T01:35:49.261+0000][gc,phases     ] GC(52)   Evacuate Collection Set: 2.6ms
[2024-11-19T01:35:49.261+0000][gc,phases     ] GC(52)   Post Evacuate Collection Set: 0.4ms
[2024-11-19T01:35:49.261+0000][gc,phases     ] GC(52)   Other: 0.2ms
[2024-11-19T01:35:49.261+0000][gc,heap       ] GC(52) Eden regions: 611->0(611)
[2024-11-19T01:35:49.261+0000][gc,heap       ] GC(52) Survivor regions: 3->3(77)
[2024-11-19T01:35:49.261+0000][gc,heap       ] GC(52) Old regions: 19->19
[2024-11-19T01:35:49.261+0000][gc,heap       ] GC(52) Humongous regions: 129->129
[2024-11-19T01:35:49.261+0000][gc,metaspace  ] GC(52) Metaspace: 44767K(47740K)->44767K(47740K) NonClass: 39125K(40704K)->39125K(40704K) Class: 5642K(7036K)->5642K(7036K)
[2024-11-19T01:35:49.261+0000][gc            ] GC(52) Pause Young (Normal) (G1 Evacuation Pause) 759M->148M(1024M) 3.219ms
[2024-11-19T01:35:49.261+0000][gc,cpu        ] GC(52) User=0.01s Sys=0.00s Real=0.00s
[2024-11-19T03:44:51.103+0000][gc,start      ] GC(53) Pause Young (Normal) (G1 Evacuation Pause)
[2024-11-19T03:44:51.103+0000][gc,task       ] GC(53) Using 4 workers of 4 for evacuation
[2024-11-19T03:44:51.106+0000][gc,phases     ] GC(53)   Pre Evacuate Collection Set: 0.0ms
[2024-11-19T03:44:51.106+0000][gc,phases     ] GC(53)   Evacuate Collection Set: 2.6ms
[2024-11-19T03:44:51.106+0000][gc,phases     ] GC(53)   Post Evacuate Collection Set: 0.5ms
[2024-11-19T03:44:51.106+0000][gc,phases     ] GC(53)   Other: 0.2ms
[2024-11-19T03:44:51.106+0000][gc,heap       ] GC(53) Eden regions: 611->0(611)
[2024-11-19T03:44:51.106+0000][gc,heap       ] GC(53) Survivor regions: 3->3(77)
[2024-11-19T03:44:51.106+0000][gc,heap       ] GC(53) Old regions: 19->19
[2024-11-19T03:44:51.106+0000][gc,heap       ] GC(53) Humongous regions: 129->129
[2024-11-19T03:44:51.106+0000][gc,metaspace  ] GC(53) Metaspace: 44769K(47740K)->44769K(47740K) NonClass: 39127K(40704K)->39127K(40704K) Class: 5642K(7036K)->5642K(7036K)
[2024-11-19T03:44:51.106+0000][gc            ] GC(53) Pause Young (Normal) (G1 Evacuation Pause) 759M->148M(1024M) 3.322ms
[2024-11-19T03:44:51.106+0000][gc,cpu        ] GC(53) User=0.01s Sys=0.00s Real=0.01s
[2024-11-19T05:53:45.608+0000][gc,start      ] GC(54) Pause Young (Normal) (G1 Evacuation Pause)
[2024-11-19T05:53:45.608+0000][gc,task       ] GC(54) Using 4 workers of 4 for evacuation
[2024-11-19T05:53:45.611+0000][gc,phases     ] GC(54)   Pre Evacuate Collection Set: 0.1ms
[2024-11-19T05:53:45.611+0000][gc,phases     ] GC(54)   Evacuate Collection Set: 2.5ms
[2024-11-19T05:53:45.611+0000][gc,phases     ] GC(54)   Post Evacuate Collection Set: 0.5ms
[2024-11-19T05:53:45.611+0000][gc,phases     ] GC(54)   Other: 0.2ms
[2024-11-19T05:53:45.611+0000][gc,heap       ] GC(54) Eden regions: 611->0(611)
[2024-11-19T05:53:45.611+0000][gc,heap       ] GC(54) Survivor regions: 3->3(77)
[2024-11-19T05:53:45.611+0000][gc,heap       ] GC(54) Old regions: 19->19
[2024-11-19T05:53:45.611+0000][gc,heap       ] GC(54) Humongous regions: 129->129
[2024-11-19T05:53:45.611+0000][gc,metaspace  ] GC(54) Metaspace: 44769K(47740K)->44769K(47740K) NonClass: 39127K(40704K)->39127K(40704K) Class: 5642K(7036K)->5642K(7036K)
[2024-11-19T05:53:45.611+0000][gc            ] GC(54) Pause Young (Normal) (G1 Evacuation Pause) 759M->148M(1024M) 3.390ms
[2024-11-19T05:53:45.611+0000][gc,cpu        ] GC(54) User=0.01s Sys=0.00s Real=0.00s
[2024-11-19T08:02:44.062+0000][gc,start      ] GC(55) Pause Young (Normal) (G1 Evacuation Pause)
[2024-11-19T08:02:44.062+0000][gc,task       ] GC(55) Using 4 workers of 4 for evacuation
[2024-11-19T08:02:44.065+0000][gc,phases     ] GC(55)   Pre Evacuate Collection Set: 0.0ms
[2024-11-19T08:02:44.065+0000][gc,phases     ] GC(55)   Evacuate Collection Set: 2.7ms
[2024-11-19T08:02:44.065+0000][gc,phases     ] GC(55)   Post Evacuate Collection Set: 0.5ms
[2024-11-19T08:02:44.065+0000][gc,phases     ] GC(55)   Other: 0.2ms
[2024-11-19T08:02:44.065+0000][gc,heap       ] GC(55) Eden regions: 611->0(611)
[2024-11-19T08:02:44.065+0000][gc,heap       ] GC(55) Survivor regions: 3->3(77)
[2024-11-19T08:02:44.065+0000][gc,heap       ] GC(55) Old regions: 19->19
[2024-11-19T08:02:44.065+0000][gc,heap       ] GC(55) Humongous regions: 129->129
[2024-11-19T08:02:44.065+0000][gc,metaspace  ] GC(55) Metaspace: 44769K(47740K)->44769K(47740K) NonClass: 39127K(40704K)->39127K(40704K) Class: 5642K(7036K)->5642K(7036K)
[2024-11-19T08:02:44.065+0000][gc            ] GC(55) Pause Young (Normal) (G1 Evacuation Pause) 759M->148M(1024M) 3.346ms
[2024-11-19T08:02:44.065+0000][gc,cpu        ] GC(55) User=0.01s Sys=0.00s Real=0.01s
[2024-11-19T10:11:47.143+0000][gc,start      ] GC(56) Pause Young (Normal) (G1 Evacuation Pause)
[2024-11-19T10:11:47.143+0000][gc,task       ] GC(56) Using 4 workers of 4 for evacuation
[2024-11-19T10:11:47.145+0000][gc,phases     ] GC(56)   Pre Evacuate Collection Set: 0.0ms
[2024-11-19T10:11:47.145+0000][gc,phases     ] GC(56)   Evacuate Collection Set: 2.2ms
[2024-11-19T10:11:47.145+0000][gc,phases     ] GC(56)   Post Evacuate Collection Set: 0.5ms
[2024-11-19T10:11:47.145+0000][gc,phases     ] GC(56)   Other: 0.2ms
[2024-11-19T10:11:47.145+0000][gc,heap       ] GC(56) Eden regions: 611->0(611)
[2024-11-19T10:11:47.145+0000][gc,heap       ] GC(56) Survivor regions: 3->3(77)
[2024-11-19T10:11:47.145+0000][gc,heap       ] GC(56) Old regions: 19->19
[2024-11-19T10:11:47.145+0000][gc,heap       ] GC(56) Humongous regions: 129->129
[2024-11-19T10:11:47.145+0000][gc,metaspace  ] GC(56) Metaspace: 44769K(47740K)->44769K(47740K) NonClass: 39127K(40704K)->39127K(40704K) Class: 5642K(7036K)->5642K(7036K)
[2024-11-19T10:11:47.145+0000][gc            ] GC(56) Pause Young (Normal) (G1 Evacuation Pause) 759M->148M(1024M) 2.817ms
[2024-11-19T10:11:47.145+0000][gc,cpu        ] GC(56) User=0.01s Sys=0.00s Real=0.01s
[2024-11-19T12:20:56.419+0000][gc,start      ] GC(57) Pause Young (Normal) (G1 Evacuation Pause)
[2024-11-19T12:20:56.419+0000][gc,task       ] GC(57) Using 4 workers of 4 for evacuation
[2024-11-19T12:20:56.422+0000][gc,phases     ] GC(57)   Pre Evacuate Collection Set: 0.0ms
[2024-11-19T12:20:56.422+0000][gc,phases     ] GC(57)   Evacuate Collection Set: 3.0ms
[2024-11-19T12:20:56.422+0000][gc,phases     ] GC(57)   Post Evacuate Collection Set: 0.3ms
[2024-11-19T12:20:56.422+0000][gc,phases     ] GC(57)   Other: 0.2ms
[2024-11-19T12:20:56.422+0000][gc,heap       ] GC(57) Eden regions: 611->0(610)
[2024-11-19T12:20:56.422+0000][gc,heap       ] GC(57) Survivor regions: 3->4(77)
[2024-11-19T12:20:56.422+0000][gc,heap       ] GC(57) Old regions: 19->19
[2024-11-19T12:20:56.422+0000][gc,heap       ] GC(57) Humongous regions: 129->129
[2024-11-19T12:20:56.422+0000][gc,metaspace  ] GC(57) Metaspace: 44769K(47740K)->44769K(47740K) NonClass: 39127K(40704K)->39127K(40704K) Class: 5642K(7036K)->5642K(7036K)
[2024-11-19T12:20:56.422+0000][gc            ] GC(57) Pause Young (Normal) (G1 Evacuation Pause) 759M->149M(1024M) 3.622ms
[2024-11-19T12:20:56.422+0000][gc,cpu        ] GC(57) User=0.01s Sys=0.00s Real=0.00s
[2024-11-19T14:29:14.784+0000][gc,start      ] GC(58) Pause Young (Normal) (G1 Evacuation Pause)
[2024-11-19T14:29:14.784+0000][gc,task       ] GC(58) Using 4 workers of 4 for evacuation
[2024-11-19T14:29:14.788+0000][gc,phases     ] GC(58)   Pre Evacuate Collection Set: 0.0ms
[2024-11-19T14:29:14.788+0000][gc,phases     ] GC(58)   Evacuate Collection Set: 2.5ms
[2024-11-19T14:29:14.788+0000][gc,phases     ] GC(58)   Post Evacuate Collection Set: 0.4ms
[2024-11-19T14:29:14.788+0000][gc,phases     ] GC(58)   Other: 0.1ms
[2024-11-19T14:29:14.788+0000][gc,heap       ] GC(58) Eden regions: 610->0(610)
[2024-11-19T14:29:14.788+0000][gc,heap       ] GC(58) Survivor regions: 4->4(77)
[2024-11-19T14:29:14.788+0000][gc,heap       ] GC(58) Old regions: 19->19
[2024-11-19T14:29:14.788+0000][gc,heap       ] GC(58) Humongous regions: 129->129
[2024-11-19T14:29:14.788+0000][gc,metaspace  ] GC(58) Metaspace: 44769K(47740K)->44769K(47740K) NonClass: 39127K(40704K)->39127K(40704K) Class: 5642K(7036K)->5642K(7036K)
[2024-11-19T14:29:14.788+0000][gc            ] GC(58) Pause Young (Normal) (G1 Evacuation Pause) 759M->149M(1024M) 3.121ms
[2024-11-19T14:29:14.788+0000][gc,cpu        ] GC(58) User=0.01s Sys=0.00s Real=0.00s
[2024-11-19T16:37:44.362+0000][gc,start      ] GC(59) Pause Young (Normal) (G1 Evacuation Pause)
[2024-11-19T16:37:44.362+0000][gc,task       ] GC(59) Using 4 workers of 4 for evacuation
[2024-11-19T16:37:44.366+0000][gc,phases     ] GC(59)   Pre Evacuate Collection Set: 0.0ms
[2024-11-19T16:37:44.366+0000][gc,phases     ] GC(59)   Evacuate Collection Set: 3.2ms
[2024-11-19T16:37:44.366+0000][gc,phases     ] GC(59)   Post Evacuate Collection Set: 0.5ms
[2024-11-19T16:37:44.366+0000][gc,phases     ] GC(59)   Other: 0.2ms
[2024-11-19T16:37:44.366+0000][gc,heap       ] GC(59) Eden regions: 610->0(611)
[2024-11-19T16:37:44.366+0000][gc,heap       ] GC(59) Survivor regions: 4->3(77)
[2024-11-19T16:37:44.366+0000][gc,heap       ] GC(59) Old regions: 19->19
[2024-11-19T16:37:44.366+0000][gc,heap       ] GC(59) Humongous regions: 129->129
[2024-11-19T16:37:44.366+0000][gc,metaspace  ] GC(59) Metaspace: 44770K(47740K)->44770K(47740K) NonClass: 39128K(40704K)->39128K(40704K) Class: 5642K(7036K)->5642K(7036K)
[2024-11-19T16:37:44.366+0000][gc            ] GC(59) Pause Young (Normal) (G1 Evacuation Pause) 759M->148M(1024M) 3.840ms
[2024-11-19T16:37:44.366+0000][gc,cpu        ] GC(59) User=0.01s Sys=0.00s Real=0.01s
[2024-11-19T18:46:47.242+0000][gc,start      ] GC(60) Pause Young (Normal) (G1 Evacuation Pause)
[2024-11-19T18:46:47.243+0000][gc,task       ] GC(60) Using 4 workers of 4 for evacuation
[2024-11-19T18:46:47.246+0000][gc,phases     ] GC(60)   Pre Evacuate Collection Set: 0.0ms
[2024-11-19T18:46:47.246+0000][gc,phases     ] GC(60)   Evacuate Collection Set: 2.5ms
[2024-11-19T18:46:47.246+0000][gc,phases     ] GC(60)   Post Evacuate Collection Set: 0.4ms
[2024-11-19T18:46:47.246+0000][gc,phases     ] GC(60)   Other: 0.1ms
[2024-11-19T18:46:47.246+0000][gc,heap       ] GC(60) Eden regions: 611->0(611)
[2024-11-19T18:46:47.246+0000][gc,heap       ] GC(60) Survivor regions: 3->3(77)
[2024-11-19T18:46:47.246+0000][gc,heap       ] GC(60) Old regions: 19->19
[2024-11-19T18:46:47.246+0000][gc,heap       ] GC(60) Humongous regions: 129->129
[2024-11-19T18:46:47.246+0000][gc,metaspace  ] GC(60) Metaspace: 44772K(47740K)->44772K(47740K) NonClass: 39130K(40704K)->39130K(40704K) Class: 5642K(7036K)->5642K(7036K)
[2024-11-19T18:46:47.246+0000][gc            ] GC(60) Pause Young (Normal) (G1 Evacuation Pause) 759M->148M(1024M) 3.116ms
[2024-11-19T18:46:47.246+0000][gc,cpu        ] GC(60) User=0.01s Sys=0.00s Real=0.01s
[2024-11-19T20:55:42.386+0000][gc,start      ] GC(61) Pause Young (Normal) (G1 Evacuation Pause)
[2024-11-19T20:55:42.386+0000][gc,task       ] GC(61) Using 4 workers of 4 for evacuation
[2024-11-19T20:55:42.390+0000][gc,phases     ] GC(61)   Pre Evacuate Collection Set: 0.0ms
[2024-11-19T20:55:42.390+0000][gc,phases     ] GC(61)   Evacuate Collection Set: 2.9ms
[2024-11-19T20:55:42.390+0000][gc,phases     ] GC(61)   Post Evacuate Collection Set: 0.5ms
[2024-11-19T20:55:42.390+0000][gc,phases     ] GC(61)   Other: 0.2ms
[2024-11-19T20:55:42.390+0000][gc,heap       ] GC(61) Eden regions: 611->0(611)
[2024-11-19T20:55:42.390+0000][gc,heap       ] GC(61) Survivor regions: 3->3(77)
[2024-11-19T20:55:42.390+0000][gc,heap       ] GC(61) Old regions: 19->19
[2024-11-19T20:55:42.390+0000][gc,heap       ] GC(61) Humongous regions: 129->129
[2024-11-19T20:55:42.390+0000][gc,metaspace  ] GC(61) Metaspace: 44792K(47740K)->44792K(47740K) NonClass: 39150K(40704K)->39150K(40704K) Class: 5642K(7036K)->5642K(7036K)
[2024-11-19T20:55:42.390+0000][gc            ] GC(61) Pause Young (Normal) (G1 Evacuation Pause) 759M->148M(1024M) 3.633ms
[2024-11-19T20:55:42.390+0000][gc,cpu        ] GC(61) User=0.01s Sys=0.00s Real=0.00s
[2024-11-19T23:04:54.416+0000][gc,start      ] GC(62) Pause Young (Normal) (G1 Evacuation Pause)
[2024-11-19T23:04:54.416+0000][gc,task       ] GC(62) Using 4 workers of 4 for evacuation
[2024-11-19T23:04:54.419+0000][gc,phases     ] GC(62)   Pre Evacuate Collection Set: 0.0ms
[2024-11-19T23:04:54.419+0000][gc,phases     ] GC(62)   Evacuate Collection Set: 2.4ms
[2024-11-19T23:04:54.419+0000][gc,phases     ] GC(62)   Post Evacuate Collection Set: 0.4ms
[2024-11-19T23:04:54.419+0000][gc,phases     ] GC(62)   Other: 0.2ms
[2024-11-19T23:04:54.419+0000][gc,heap       ] GC(62) Eden regions: 611->0(611)
[2024-11-19T23:04:54.419+0000][gc,heap       ] GC(62) Survivor regions: 3->3(77)
[2024-11-19T23:04:54.419+0000][gc,heap       ] GC(62) Old regions: 19->19
[2024-11-19T23:04:54.419+0000][gc,heap       ] GC(62) Humongous regions: 129->129
[2024-11-19T23:04:54.419+0000][gc,metaspace  ] GC(62) Metaspace: 44792K(47740K)->44792K(47740K) NonClass: 39150K(40704K)->39150K(40704K) Class: 5642K(7036K)->5642K(7036K)
[2024-11-19T23:04:54.419+0000][gc            ] GC(62) Pause Young (Normal) (G1 Evacuation Pause) 759M->148M(1024M) 3.016ms
[2024-11-19T23:04:54.419+0000][gc,cpu        ] GC(62) User=0.01s Sys=0.01s Real=0.00s
[2024-11-20T01:13:56.583+0000][gc,start      ] GC(63) Pause Young (Normal) (G1 Evacuation Pause)
[2024-11-20T01:13:56.583+0000][gc,task       ] GC(63) Using 4 workers of 4 for evacuation
[2024-11-20T01:13:56.586+0000][gc,phases     ] GC(63)   Pre Evacuate Collection Set: 0.0ms
[2024-11-20T01:13:56.586+0000][gc,phases     ] GC(63)   Evacuate Collection Set: 2.2ms
[2024-11-20T01:13:56.586+0000][gc,phases     ] GC(63)   Post Evacuate Collection Set: 0.5ms
[2024-11-20T01:13:56.586+0000][gc,phases     ] GC(63)   Other: 0.2ms
[2024-11-20T01:13:56.586+0000][gc,heap       ] GC(63) Eden regions: 611->0(611)
[2024-11-20T01:13:56.586+0000][gc,heap       ] GC(63) Survivor regions: 3->3(77)
[2024-11-20T01:13:56.586+0000][gc,heap       ] GC(63) Old regions: 19->19
[2024-11-20T01:13:56.586+0000][gc,heap       ] GC(63) Humongous regions: 129->129
[2024-11-20T01:13:56.586+0000][gc,metaspace  ] GC(63) Metaspace: 44792K(47740K)->44792K(47740K) NonClass: 39150K(40704K)->39150K(40704K) Class: 5642K(7036K)->5642K(7036K)
[2024-11-20T01:13:56.586+0000][gc            ] GC(63) Pause Young (Normal) (G1 Evacuation Pause) 759M->148M(1024M) 2.965ms
[2024-11-20T01:13:56.586+0000][gc,cpu        ] GC(63) User=0.01s Sys=0.00s Real=0.01s
[2024-11-20T03:22:43.108+0000][gc,start      ] GC(64) Pause Young (Normal) (G1 Evacuation Pause)
[2024-11-20T03:22:43.108+0000][gc,task       ] GC(64) Using 4 workers of 4 for evacuation
[2024-11-20T03:22:43.112+0000][gc,phases     ] GC(64)   Pre Evacuate Collection Set: 0.0ms
[2024-11-20T03:22:43.112+0000][gc,phases     ] GC(64)   Evacuate Collection Set: 3.4ms
[2024-11-20T03:22:43.112+0000][gc,phases     ] GC(64)   Post Evacuate Collection Set: 0.4ms
[2024-11-20T03:22:43.112+0000][gc,phases     ] GC(64)   Other: 0.2ms
[2024-11-20T03:22:43.112+0000][gc,heap       ] GC(64) Eden regions: 611->0(610)
[2024-11-20T03:22:43.112+0000][gc,heap       ] GC(64) Survivor regions: 3->4(77)
[2024-11-20T03:22:43.112+0000][gc,heap       ] GC(64) Old regions: 19->19
[2024-11-20T03:22:43.112+0000][gc,heap       ] GC(64) Humongous regions: 129->129
[2024-11-20T03:22:43.112+0000][gc,metaspace  ] GC(64) Metaspace: 44792K(47740K)->44792K(47740K) NonClass: 39150K(40704K)->39150K(40704K) Class: 5642K(7036K)->5642K(7036K)
[2024-11-20T03:22:43.112+0000][gc            ] GC(64) Pause Young (Normal) (G1 Evacuation Pause) 759M->149M(1024M) 3.997ms
[2024-11-20T03:22:43.112+0000][gc,cpu        ] GC(64) User=0.02s Sys=0.00s Real=0.00s
[2024-11-20T05:31:12.787+0000][gc,start      ] GC(65) Pause Young (Normal) (G1 Evacuation Pause)
[2024-11-20T05:31:12.787+0000][gc,task       ] GC(65) Using 4 workers of 4 for evacuation
[2024-11-20T05:31:12.790+0000][gc,phases     ] GC(65)   Pre Evacuate Collection Set: 0.0ms
[2024-11-20T05:31:12.790+0000][gc,phases     ] GC(65)   Evacuate Collection Set: 2.7ms
[2024-11-20T05:31:12.790+0000][gc,phases     ] GC(65)   Post Evacuate Collection Set: 0.4ms
[2024-11-20T05:31:12.790+0000][gc,phases     ] GC(65)   Other: 0.2ms
[2024-11-20T05:31:12.790+0000][gc,heap       ] GC(65) Eden regions: 610->0(610)
[2024-11-20T05:31:12.790+0000][gc,heap       ] GC(65) Survivor regions: 4->4(77)
[2024-11-20T05:31:12.790+0000][gc,heap       ] GC(65) Old regions: 19->19
[2024-11-20T05:31:12.790+0000][gc,heap       ] GC(65) Humongous regions: 178->129
[2024-11-20T05:31:12.790+0000][gc,metaspace  ] GC(65) Metaspace: 44792K(47740K)->44792K(47740K) NonClass: 39150K(40704K)->39150K(40704K) Class: 5642K(7036K)->5642K(7036K)
[2024-11-20T05:31:12.790+0000][gc            ] GC(65) Pause Young (Normal) (G1 Evacuation Pause) 808M->149M(1024M) 3.485ms
[2024-11-20T05:31:12.790+0000][gc,cpu        ] GC(65) User=0.01s Sys=0.00s Real=0.00s
[2024-11-20T07:39:54.399+0000][gc,start      ] GC(66) Pause Young (Normal) (G1 Evacuation Pause)
[2024-11-20T07:39:54.399+0000][gc,task       ] GC(66) Using 4 workers of 4 for evacuation
[2024-11-20T07:39:54.402+0000][gc,phases     ] GC(66)   Pre Evacuate Collection Set: 0.0ms
[2024-11-20T07:39:54.402+0000][gc,phases     ] GC(66)   Evacuate Collection Set: 2.6ms
[2024-11-20T07:39:54.402+0000][gc,phases     ] GC(66)   Post Evacuate Collection Set: 0.5ms
[2024-11-20T07:39:54.402+0000][gc,phases     ] GC(66)   Other: 0.2ms
[2024-11-20T07:39:54.402+0000][gc,heap       ] GC(66) Eden regions: 610->0(611)
[2024-11-20T07:39:54.402+0000][gc,heap       ] GC(66) Survivor regions: 4->3(77)
[2024-11-20T07:39:54.402+0000][gc,heap       ] GC(66) Old regions: 19->19
[2024-11-20T07:39:54.402+0000][gc,heap       ] GC(66) Humongous regions: 129->129
[2024-11-20T07:39:54.402+0000][gc,metaspace  ] GC(66) Metaspace: 44792K(47740K)->44792K(47740K) NonClass: 39150K(40704K)->39150K(40704K) Class: 5642K(7036K)->5642K(7036K)
[2024-11-20T07:39:54.402+0000][gc            ] GC(66) Pause Young (Normal) (G1 Evacuation Pause) 759M->148M(1024M) 3.392ms
[2024-11-20T07:39:54.402+0000][gc,cpu        ] GC(66) User=0.01s Sys=0.00s Real=0.00s
[2024-11-20T09:48:57.112+0000][gc,start      ] GC(67) Pause Young (Normal) (G1 Evacuation Pause)
[2024-11-20T09:48:57.112+0000][gc,task       ] GC(67) Using 4 workers of 4 for evacuation
[2024-11-20T09:48:57.114+0000][gc,phases     ] GC(67)   Pre Evacuate Collection Set: 0.0ms
[2024-11-20T09:48:57.114+0000][gc,phases     ] GC(67)   Evacuate Collection Set: 2.4ms
[2024-11-20T09:48:57.114+0000][gc,phases     ] GC(67)   Post Evacuate Collection Set: 0.3ms
[2024-11-20T09:48:57.114+0000][gc,phases     ] GC(67)   Other: 0.2ms
[2024-11-20T09:48:57.115+0000][gc,heap       ] GC(67) Eden regions: 611->0(611)
[2024-11-20T09:48:57.115+0000][gc,heap       ] GC(67) Survivor regions: 3->3(77)
[2024-11-20T09:48:57.115+0000][gc,heap       ] GC(67) Old regions: 19->19
[2024-11-20T09:48:57.115+0000][gc,heap       ] GC(67) Humongous regions: 129->129
[2024-11-20T09:48:57.115+0000][gc,metaspace  ] GC(67) Metaspace: 44792K(47740K)->44792K(47740K) NonClass: 39150K(40704K)->39150K(40704K) Class: 5642K(7036K)->5642K(7036K)
[2024-11-20T09:48:57.115+0000][gc            ] GC(67) Pause Young (Normal) (G1 Evacuation Pause) 759M->148M(1024M) 2.902ms
[2024-11-20T09:48:57.115+0000][gc,cpu        ] GC(67) User=0.01s Sys=0.00s Real=0.00s
[2024-11-20T11:57:54.851+0000][gc,start      ] GC(68) Pause Young (Normal) (G1 Evacuation Pause)
[2024-11-20T11:57:54.851+0000][gc,task       ] GC(68) Using 4 workers of 4 for evacuation
[2024-11-20T11:57:54.855+0000][gc,phases     ] GC(68)   Pre Evacuate Collection Set: 0.0ms
[2024-11-20T11:57:54.855+0000][gc,phases     ] GC(68)   Evacuate Collection Set: 3.1ms
[2024-11-20T11:57:54.855+0000][gc,phases     ] GC(68)   Post Evacuate Collection Set: 0.6ms
[2024-11-20T11:57:54.855+0000][gc,phases     ] GC(68)   Other: 0.2ms
[2024-11-20T11:57:54.855+0000][gc,heap       ] GC(68) Eden regions: 611->0(611)
[2024-11-20T11:57:54.855+0000][gc,heap       ] GC(68) Survivor regions: 3->3(77)
[2024-11-20T11:57:54.855+0000][gc,heap       ] GC(68) Old regions: 19->19
[2024-11-20T11:57:54.855+0000][gc,heap       ] GC(68) Humongous regions: 129->129
[2024-11-20T11:57:54.855+0000][gc,metaspace  ] GC(68) Metaspace: 44792K(47740K)->44792K(47740K) NonClass: 39150K(40704K)->39150K(40704K) Class: 5642K(7036K)->5642K(7036K)
[2024-11-20T11:57:54.855+0000][gc            ] GC(68) Pause Young (Normal) (G1 Evacuation Pause) 759M->148M(1024M) 4.036ms
[2024-11-20T11:57:54.855+0000][gc,cpu        ] GC(68) User=0.01s Sys=0.00s Real=0.01s
[2024-11-20T14:06:48.854+0000][gc,start      ] GC(69) Pause Young (Normal) (G1 Evacuation Pause)
[2024-11-20T14:06:48.854+0000][gc,task       ] GC(69) Using 4 workers of 4 for evacuation
[2024-11-20T14:06:48.857+0000][gc,phases     ] GC(69)   Pre Evacuate Collection Set: 0.0ms
[2024-11-20T14:06:48.857+0000][gc,phases     ] GC(69)   Evacuate Collection Set: 2.3ms
[2024-11-20T14:06:48.857+0000][gc,phases     ] GC(69)   Post Evacuate Collection Set: 0.4ms
[2024-11-20T14:06:48.857+0000][gc,phases     ] GC(69)   Other: 0.2ms
[2024-11-20T14:06:48.857+0000][gc,heap       ] GC(69) Eden regions: 611->0(611)
[2024-11-20T14:06:48.857+0000][gc,heap       ] GC(69) Survivor regions: 3->3(77)
[2024-11-20T14:06:48.857+0000][gc,heap       ] GC(69) Old regions: 19->19
[2024-11-20T14:06:48.857+0000][gc,heap       ] GC(69) Humongous regions: 129->129
[2024-11-20T14:06:48.857+0000][gc,metaspace  ] GC(69) Metaspace: 44792K(47740K)->44792K(47740K) NonClass: 39150K(40704K)->39150K(40704K) Class: 5642K(7036K)->5642K(7036K)
[2024-11-20T14:06:48.857+0000][gc            ] GC(69) Pause Young (Normal) (G1 Evacuation Pause) 759M->148M(1024M) 2.870ms
[2024-11-20T14:06:48.857+0000][gc,cpu        ] GC(69) User=0.01s Sys=0.00s Real=0.01s
[2024-11-20T16:15:38.375+0000][gc,start      ] GC(70) Pause Young (Normal) (G1 Evacuation Pause)
[2024-11-20T16:15:38.375+0000][gc,task       ] GC(70) Using 4 workers of 4 for evacuation
[2024-11-20T16:15:38.377+0000][gc,phases     ] GC(70)   Pre Evacuate Collection Set: 0.0ms
[2024-11-20T16:15:38.377+0000][gc,phases     ] GC(70)   Evacuate Collection Set: 2.3ms
[2024-11-20T16:15:38.377+0000][gc,phases     ] GC(70)   Post Evacuate Collection Set: 0.4ms
[2024-11-20T16:15:38.377+0000][gc,phases     ] GC(70)   Other: 0.2ms
[2024-11-20T16:15:38.378+0000][gc,heap       ] GC(70) Eden regions: 611->0(611)
[2024-11-20T16:15:38.378+0000][gc,heap       ] GC(70) Survivor regions: 3->3(77)
[2024-11-20T16:15:38.378+0000][gc,heap       ] GC(70) Old regions: 19->19
[2024-11-20T16:15:38.378+0000][gc,heap       ] GC(70) Humongous regions: 129->129
[2024-11-20T16:15:38.378+0000][gc,metaspace  ] GC(70) Metaspace: 44797K(47740K)->44797K(47740K) NonClass: 39155K(40704K)->39155K(40704K) Class: 5642K(7036K)->5642K(7036K)
[2024-11-20T16:15:38.378+0000][gc            ] GC(70) Pause Young (Normal) (G1 Evacuation Pause) 759M->148M(1024M) 2.966ms
[2024-11-20T16:15:38.378+0000][gc,cpu        ] GC(70) User=0.01s Sys=0.00s Real=0.01s
[2024-11-20T18:24:10.357+0000][gc,start      ] GC(71) Pause Young (Normal) (G1 Evacuation Pause)
[2024-11-20T18:24:10.357+0000][gc,task       ] GC(71) Using 4 workers of 4 for evacuation
[2024-11-20T18:24:10.361+0000][gc,phases     ] GC(71)   Pre Evacuate Collection Set: 0.0ms
[2024-11-20T18:24:10.361+0000][gc,phases     ] GC(71)   Evacuate Collection Set: 2.6ms
[2024-11-20T18:24:10.361+0000][gc,phases     ] GC(71)   Post Evacuate Collection Set: 0.5ms
[2024-11-20T18:24:10.361+0000][gc,phases     ] GC(71)   Other: 0.2ms
[2024-11-20T18:24:10.361+0000][gc,heap       ] GC(71) Eden regions: 611->0(610)
[2024-11-20T18:24:10.361+0000][gc,heap       ] GC(71) Survivor regions: 3->4(77)
[2024-11-20T18:24:10.361+0000][gc,heap       ] GC(71) Old regions: 19->19
[2024-11-20T18:24:10.361+0000][gc,heap       ] GC(71) Humongous regions: 129->129
[2024-11-20T18:24:10.361+0000][gc,metaspace  ] GC(71) Metaspace: 44797K(47740K)->44797K(47740K) NonClass: 39155K(40704K)->39155K(40704K) Class: 5642K(7036K)->5642K(7036K)
[2024-11-20T18:24:10.361+0000][gc            ] GC(71) Pause Young (Normal) (G1 Evacuation Pause) 759M->149M(1024M) 3.360ms
[2024-11-20T18:24:10.361+0000][gc,cpu        ] GC(71) User=0.01s Sys=0.00s Real=0.00s
[2024-11-20T20:32:57.740+0000][gc,start      ] GC(72) Pause Young (Normal) (G1 Evacuation Pause)
[2024-11-20T20:32:57.740+0000][gc,task       ] GC(72) Using 4 workers of 4 for evacuation
[2024-11-20T20:32:57.743+0000][gc,phases     ] GC(72)   Pre Evacuate Collection Set: 0.0ms
[2024-11-20T20:32:57.743+0000][gc,phases     ] GC(72)   Evacuate Collection Set: 2.5ms
[2024-11-20T20:32:57.743+0000][gc,phases     ] GC(72)   Post Evacuate Collection Set: 0.4ms
[2024-11-20T20:32:57.743+0000][gc,phases     ] GC(72)   Other: 0.2ms
[2024-11-20T20:32:57.743+0000][gc,heap       ] GC(72) Eden regions: 610->0(611)
[2024-11-20T20:32:57.743+0000][gc,heap       ] GC(72) Survivor regions: 4->3(77)
[2024-11-20T20:32:57.743+0000][gc,heap       ] GC(72) Old regions: 19->19
[2024-11-20T20:32:57.743+0000][gc,heap       ] GC(72) Humongous regions: 129->129
[2024-11-20T20:32:57.743+0000][gc,metaspace  ] GC(72) Metaspace: 44797K(47740K)->44797K(47740K) NonClass: 39155K(40704K)->39155K(40704K) Class: 5642K(7036K)->5642K(7036K)
[2024-11-20T20:32:57.743+0000][gc            ] GC(72) Pause Young (Normal) (G1 Evacuation Pause) 759M->148M(1024M) 3.230ms
[2024-11-20T20:32:57.743+0000][gc,cpu        ] GC(72) User=0.00s Sys=0.00s Real=0.00s
[2024-11-20T22:41:56.372+0000][gc,start      ] GC(73) Pause Young (Normal) (G1 Evacuation Pause)
[2024-11-20T22:41:56.372+0000][gc,task       ] GC(73) Using 4 workers of 4 for evacuation
[2024-11-20T22:41:56.376+0000][gc,phases     ] GC(73)   Pre Evacuate Collection Set: 0.0ms
[2024-11-20T22:41:56.376+0000][gc,phases     ] GC(73)   Evacuate Collection Set: 2.9ms
[2024-11-20T22:41:56.376+0000][gc,phases     ] GC(73)   Post Evacuate Collection Set: 0.4ms
[2024-11-20T22:41:56.376+0000][gc,phases     ] GC(73)   Other: 0.2ms
[2024-11-20T22:41:56.376+0000][gc,heap       ] GC(73) Eden regions: 611->0(611)
[2024-11-20T22:41:56.376+0000][gc,heap       ] GC(73) Survivor regions: 3->3(77)
[2024-11-20T22:41:56.376+0000][gc,heap       ] GC(73) Old regions: 19->19
[2024-11-20T22:41:56.376+0000][gc,heap       ] GC(73) Humongous regions: 129->129
[2024-11-20T22:41:56.376+0000][gc,metaspace  ] GC(73) Metaspace: 44797K(47740K)->44797K(47740K) NonClass: 39155K(40704K)->39155K(40704K) Class: 5642K(7036K)->5642K(7036K)
[2024-11-20T22:41:56.376+0000][gc            ] GC(73) Pause Young (Normal) (G1 Evacuation Pause) 759M->148M(1024M) 3.597ms
[2024-11-20T22:41:56.376+0000][gc,cpu        ] GC(73) User=0.01s Sys=0.00s Real=0.01s
[2024-11-21T00:50:57.787+0000][gc,start      ] GC(74) Pause Young (Normal) (G1 Evacuation Pause)
[2024-11-21T00:50:57.787+0000][gc,task       ] GC(74) Using 4 workers of 4 for evacuation
[2024-11-21T00:50:57.790+0000][gc,phases     ] GC(74)   Pre Evacuate Collection Set: 0.0ms
[2024-11-21T00:50:57.790+0000][gc,phases     ] GC(74)   Evacuate Collection Set: 2.5ms
[2024-11-21T00:50:57.790+0000][gc,phases     ] GC(74)   Post Evacuate Collection Set: 0.4ms
[2024-11-21T00:50:57.790+0000][gc,phases     ] GC(74)   Other: 0.2ms
[2024-11-21T00:50:57.790+0000][gc,heap       ] GC(74) Eden regions: 611->0(611)
[2024-11-21T00:50:57.790+0000][gc,heap       ] GC(74) Survivor regions: 3->3(77)
[2024-11-21T00:50:57.790+0000][gc,heap       ] GC(74) Old regions: 19->19
[2024-11-21T00:50:57.790+0000][gc,heap       ] GC(74) Humongous regions: 129->129
[2024-11-21T00:50:57.790+0000][gc,metaspace  ] GC(74) Metaspace: 44797K(47740K)->44797K(47740K) NonClass: 39155K(40704K)->39155K(40704K) Class: 5642K(7036K)->5642K(7036K)
[2024-11-21T00:50:57.790+0000][gc            ] GC(74) Pause Young (Normal) (G1 Evacuation Pause) 759M->148M(1024M) 3.041ms
[2024-11-21T00:50:57.790+0000][gc,cpu        ] GC(74) User=0.01s Sys=0.00s Real=0.00s
[2024-11-21T02:59:48.069+0000][gc,start      ] GC(75) Pause Young (Normal) (G1 Evacuation Pause)
[2024-11-21T02:59:48.069+0000][gc,task       ] GC(75) Using 4 workers of 4 for evacuation
[2024-11-21T02:59:48.072+0000][gc,phases     ] GC(75)   Pre Evacuate Collection Set: 0.0ms
[2024-11-21T02:59:48.072+0000][gc,phases     ] GC(75)   Evacuate Collection Set: 2.4ms
[2024-11-21T02:59:48.072+0000][gc,phases     ] GC(75)   Post Evacuate Collection Set: 0.3ms
[2024-11-21T02:59:48.072+0000][gc,phases     ] GC(75)   Other: 0.2ms
[2024-11-21T02:59:48.072+0000][gc,heap       ] GC(75) Eden regions: 611->0(611)
[2024-11-21T02:59:48.072+0000][gc,heap       ] GC(75) Survivor regions: 3->3(77)
[2024-11-21T02:59:48.072+0000][gc,heap       ] GC(75) Old regions: 19->19
[2024-11-21T02:59:48.072+0000][gc,heap       ] GC(75) Humongous regions: 129->129
[2024-11-21T02:59:48.072+0000][gc,metaspace  ] GC(75) Metaspace: 44797K(47740K)->44797K(47740K) NonClass: 39155K(40704K)->39155K(40704K) Class: 5642K(7036K)->5642K(7036K)
[2024-11-21T02:59:48.072+0000][gc            ] GC(75) Pause Young (Normal) (G1 Evacuation Pause) 759M->148M(1024M) 2.937ms
[2024-11-21T02:59:48.072+0000][gc,cpu        ] GC(75) User=0.01s Sys=0.00s Real=0.00s
[2024-11-21T05:08:54.582+0000][gc,start      ] GC(76) Pause Young (Normal) (G1 Evacuation Pause)
[2024-11-21T05:08:54.582+0000][gc,task       ] GC(76) Using 4 workers of 4 for evacuation
[2024-11-21T05:08:54.585+0000][gc,phases     ] GC(76)   Pre Evacuate Collection Set: 0.0ms
[2024-11-21T05:08:54.585+0000][gc,phases     ] GC(76)   Evacuate Collection Set: 2.6ms
[2024-11-21T05:08:54.585+0000][gc,phases     ] GC(76)   Post Evacuate Collection Set: 0.5ms
[2024-11-21T05:08:54.585+0000][gc,phases     ] GC(76)   Other: 0.2ms
[2024-11-21T05:08:54.585+0000][gc,heap       ] GC(76) Eden regions: 611->0(611)
[2024-11-21T05:08:54.585+0000][gc,heap       ] GC(76) Survivor regions: 3->3(77)
[2024-11-21T05:08:54.585+0000][gc,heap       ] GC(76) Old regions: 19->19
[2024-11-21T05:08:54.585+0000][gc,heap       ] GC(76) Humongous regions: 178->129
[2024-11-21T05:08:54.585+0000][gc,metaspace  ] GC(76) Metaspace: 44800K(47740K)->44800K(47740K) NonClass: 39157K(40704K)->39157K(40704K) Class: 5642K(7036K)->5642K(7036K)
[2024-11-21T05:08:54.585+0000][gc            ] GC(76) Pause Young (Normal) (G1 Evacuation Pause) 808M->148M(1024M) 3.343ms
[2024-11-21T05:08:54.585+0000][gc,cpu        ] GC(76) User=0.02s Sys=0.00s Real=0.01s
[2024-11-21T07:17:57.695+0000][gc,start      ] GC(77) Pause Young (Normal) (G1 Evacuation Pause)
[2024-11-21T07:17:57.695+0000][gc,task       ] GC(77) Using 4 workers of 4 for evacuation
[2024-11-21T07:17:57.698+0000][gc,phases     ] GC(77)   Pre Evacuate Collection Set: 0.0ms
[2024-11-21T07:17:57.698+0000][gc,phases     ] GC(77)   Evacuate Collection Set: 2.3ms
[2024-11-21T07:17:57.698+0000][gc,phases     ] GC(77)   Post Evacuate Collection Set: 0.4ms
[2024-11-21T07:17:57.698+0000][gc,phases     ] GC(77)   Other: 0.2ms
[2024-11-21T07:17:57.698+0000][gc,heap       ] GC(77) Eden regions: 611->0(611)
[2024-11-21T07:17:57.698+0000][gc,heap       ] GC(77) Survivor regions: 3->3(77)
[2024-11-21T07:17:57.698+0000][gc,heap       ] GC(77) Old regions: 19->19
[2024-11-21T07:17:57.698+0000][gc,heap       ] GC(77) Humongous regions: 129->129
[2024-11-21T07:17:57.698+0000][gc,metaspace  ] GC(77) Metaspace: 44800K(47740K)->44800K(47740K) NonClass: 39158K(40704K)->39158K(40704K) Class: 5642K(7036K)->5642K(7036K)
[2024-11-21T07:17:57.698+0000][gc            ] GC(77) Pause Young (Normal) (G1 Evacuation Pause) 759M->148M(1024M) 2.945ms
[2024-11-21T07:17:57.698+0000][gc,cpu        ] GC(77) User=0.01s Sys=0.00s Real=0.01s
[2024-11-21T09:26:17.744+0000][gc,start      ] GC(78) Pause Young (Normal) (G1 Evacuation Pause)
[2024-11-21T09:26:17.744+0000][gc,task       ] GC(78) Using 4 workers of 4 for evacuation
[2024-11-21T09:26:17.746+0000][gc,phases     ] GC(78)   Pre Evacuate Collection Set: 0.0ms
[2024-11-21T09:26:17.746+0000][gc,phases     ] GC(78)   Evacuate Collection Set: 2.2ms
[2024-11-21T09:26:17.746+0000][gc,phases     ] GC(78)   Post Evacuate Collection Set: 0.3ms
[2024-11-21T09:26:17.746+0000][gc,phases     ] GC(78)   Other: 0.1ms
[2024-11-21T09:26:17.746+0000][gc,heap       ] GC(78) Eden regions: 611->0(610)
[2024-11-21T09:26:17.746+0000][gc,heap       ] GC(78) Survivor regions: 3->4(77)
[2024-11-21T09:26:17.746+0000][gc,heap       ] GC(78) Old regions: 19->19
[2024-11-21T09:26:17.746+0000][gc,heap       ] GC(78) Humongous regions: 129->129
[2024-11-21T09:26:17.746+0000][gc,metaspace  ] GC(78) Metaspace: 44802K(47740K)->44802K(47740K) NonClass: 39160K(40704K)->39160K(40704K) Class: 5642K(7036K)->5642K(7036K)
[2024-11-21T09:26:17.746+0000][gc            ] GC(78) Pause Young (Normal) (G1 Evacuation Pause) 759M->149M(1024M) 2.776ms
[2024-11-21T09:26:17.746+0000][gc,cpu        ] GC(78) User=0.00s Sys=0.00s Real=0.00s
[2024-11-21T11:34:58.066+0000][gc,start      ] GC(79) Pause Young (Normal) (G1 Evacuation Pause)
[2024-11-21T11:34:58.066+0000][gc,task       ] GC(79) Using 4 workers of 4 for evacuation
[2024-11-21T11:34:58.070+0000][gc,phases     ] GC(79)   Pre Evacuate Collection Set: 0.0ms
[2024-11-21T11:34:58.070+0000][gc,phases     ] GC(79)   Evacuate Collection Set: 3.4ms
[2024-11-21T11:34:58.070+0000][gc,phases     ] GC(79)   Post Evacuate Collection Set: 0.4ms
[2024-11-21T11:34:58.070+0000][gc,phases     ] GC(79)   Other: 0.2ms
[2024-11-21T11:34:58.070+0000][gc,heap       ] GC(79) Eden regions: 610->0(611)
[2024-11-21T11:34:58.070+0000][gc,heap       ] GC(79) Survivor regions: 4->3(77)
[2024-11-21T11:34:58.070+0000][gc,heap       ] GC(79) Old regions: 19->19
[2024-11-21T11:34:58.070+0000][gc,heap       ] GC(79) Humongous regions: 129->129
[2024-11-21T11:34:58.070+0000][gc,metaspace  ] GC(79) Metaspace: 44802K(47740K)->44802K(47740K) NonClass: 39160K(40704K)->39160K(40704K) Class: 5642K(7036K)->5642K(7036K)
[2024-11-21T11:34:58.070+0000][gc            ] GC(79) Pause Young (Normal) (G1 Evacuation Pause) 759M->148M(1024M) 4.086ms
[2024-11-21T11:34:58.070+0000][gc,cpu        ] GC(79) User=0.01s Sys=0.00s Real=0.00s
[2024-11-21T13:44:08.560+0000][gc,start      ] GC(80) Pause Young (Normal) (G1 Evacuation Pause)
[2024-11-21T13:44:08.560+0000][gc,task       ] GC(80) Using 4 workers of 4 for evacuation
[2024-11-21T13:44:08.564+0000][gc,phases     ] GC(80)   Pre Evacuate Collection Set: 0.0ms
[2024-11-21T13:44:08.564+0000][gc,phases     ] GC(80)   Evacuate Collection Set: 3.0ms
[2024-11-21T13:44:08.564+0000][gc,phases     ] GC(80)   Post Evacuate Collection Set: 0.4ms
[2024-11-21T13:44:08.564+0000][gc,phases     ] GC(80)   Other: 0.2ms
[2024-11-21T13:44:08.564+0000][gc,heap       ] GC(80) Eden regions: 611->0(611)
[2024-11-21T13:44:08.564+0000][gc,heap       ] GC(80) Survivor regions: 3->3(77)
[2024-11-21T13:44:08.564+0000][gc,heap       ] GC(80) Old regions: 19->19
[2024-11-21T13:44:08.564+0000][gc,heap       ] GC(80) Humongous regions: 129->129
[2024-11-21T13:44:08.564+0000][gc,metaspace  ] GC(80) Metaspace: 44804K(47740K)->44804K(47740K) NonClass: 39162K(40704K)->39162K(40704K) Class: 5642K(7036K)->5642K(7036K)
[2024-11-21T13:44:08.564+0000][gc            ] GC(80) Pause Young (Normal) (G1 Evacuation Pause) 759M->148M(1024M) 3.632ms
[2024-11-21T13:44:08.564+0000][gc,cpu        ] GC(80) User=0.00s Sys=0.01s Real=0.01s
[2024-11-21T15:53:05.870+0000][gc,start      ] GC(81) Pause Young (Normal) (G1 Evacuation Pause)
[2024-11-21T15:53:05.870+0000][gc,task       ] GC(81) Using 4 workers of 4 for evacuation
[2024-11-21T15:53:05.874+0000][gc,phases     ] GC(81)   Pre Evacuate Collection Set: 0.0ms
[2024-11-21T15:53:05.874+0000][gc,phases     ] GC(81)   Evacuate Collection Set: 3.5ms
[2024-11-21T15:53:05.874+0000][gc,phases     ] GC(81)   Post Evacuate Collection Set: 0.5ms
[2024-11-21T15:53:05.874+0000][gc,phases     ] GC(81)   Other: 0.2ms
[2024-11-21T15:53:05.874+0000][gc,heap       ] GC(81) Eden regions: 611->0(611)
[2024-11-21T15:53:05.874+0000][gc,heap       ] GC(81) Survivor regions: 3->3(77)
[2024-11-21T15:53:05.874+0000][gc,heap       ] GC(81) Old regions: 19->19
[2024-11-21T15:53:05.874+0000][gc,heap       ] GC(81) Humongous regions: 129->129
[2024-11-21T15:53:05.874+0000][gc,metaspace  ] GC(81) Metaspace: 44806K(47740K)->44806K(47740K) NonClass: 39164K(40704K)->39164K(40704K) Class: 5642K(7036K)->5642K(7036K)
[2024-11-21T15:53:05.874+0000][gc            ] GC(81) Pause Young (Normal) (G1 Evacuation Pause) 759M->148M(1024M) 4.254ms
[2024-11-21T15:53:05.874+0000][gc,cpu        ] GC(81) User=0.01s Sys=0.00s Real=0.00s
[2024-11-21T18:02:01.622+0000][gc,start      ] GC(82) Pause Young (Normal) (G1 Evacuation Pause)
[2024-11-21T18:02:01.622+0000][gc,task       ] GC(82) Using 4 workers of 4 for evacuation
[2024-11-21T18:02:01.625+0000][gc,phases     ] GC(82)   Pre Evacuate Collection Set: 0.0ms
[2024-11-21T18:02:01.625+0000][gc,phases     ] GC(82)   Evacuate Collection Set: 2.6ms
[2024-11-21T18:02:01.626+0000][gc,phases     ] GC(82)   Post Evacuate Collection Set: 0.4ms
[2024-11-21T18:02:01.626+0000][gc,phases     ] GC(82)   Other: 0.2ms
[2024-11-21T18:02:01.626+0000][gc,heap       ] GC(82) Eden regions: 611->0(611)
[2024-11-21T18:02:01.626+0000][gc,heap       ] GC(82) Survivor regions: 3->3(77)
[2024-11-21T18:02:01.626+0000][gc,heap       ] GC(82) Old regions: 19->19
[2024-11-21T18:02:01.626+0000][gc,heap       ] GC(82) Humongous regions: 129->129
[2024-11-21T18:02:01.626+0000][gc,metaspace  ] GC(82) Metaspace: 44806K(47740K)->44806K(47740K) NonClass: 39164K(40704K)->39164K(40704K) Class: 5642K(7036K)->5642K(7036K)
[2024-11-21T18:02:01.626+0000][gc            ] GC(82) Pause Young (Normal) (G1 Evacuation Pause) 759M->148M(1024M) 3.272ms
[2024-11-21T18:02:01.626+0000][gc,cpu        ] GC(82) User=0.01s Sys=0.00s Real=0.01s
[2024-11-21T20:10:57.787+0000][gc,start      ] GC(83) Pause Young (Normal) (G1 Evacuation Pause)
[2024-11-21T20:10:57.787+0000][gc,task       ] GC(83) Using 4 workers of 4 for evacuation
[2024-11-21T20:10:57.789+0000][gc,phases     ] GC(83)   Pre Evacuate Collection Set: 0.0ms
[2024-11-21T20:10:57.789+0000][gc,phases     ] GC(83)   Evacuate Collection Set: 2.3ms
[2024-11-21T20:10:57.789+0000][gc,phases     ] GC(83)   Post Evacuate Collection Set: 0.4ms
[2024-11-21T20:10:57.789+0000][gc,phases     ] GC(83)   Other: 0.2ms
[2024-11-21T20:10:57.790+0000][gc,heap       ] GC(83) Eden regions: 611->0(611)
[2024-11-21T20:10:57.790+0000][gc,heap       ] GC(83) Survivor regions: 3->3(77)
[2024-11-21T20:10:57.790+0000][gc,heap       ] GC(83) Old regions: 19->19
[2024-11-21T20:10:57.790+0000][gc,heap       ] GC(83) Humongous regions: 129->129
[2024-11-21T20:10:57.790+0000][gc,metaspace  ] GC(83) Metaspace: 44808K(47740K)->44808K(47740K) NonClass: 39166K(40704K)->39166K(40704K) Class: 5642K(7036K)->5642K(7036K)
[2024-11-21T20:10:57.790+0000][gc            ] GC(83) Pause Young (Normal) (G1 Evacuation Pause) 759M->148M(1024M) 3.024ms
[2024-11-21T20:10:57.790+0000][gc,cpu        ] GC(83) User=0.01s Sys=0.00s Real=0.00s
[2024-11-21T22:19:32.787+0000][gc,start      ] GC(84) Pause Young (Normal) (G1 Evacuation Pause)
[2024-11-21T22:19:32.787+0000][gc,task       ] GC(84) Using 4 workers of 4 for evacuation
[2024-11-21T22:19:32.790+0000][gc,phases     ] GC(84)   Pre Evacuate Collection Set: 0.0ms
[2024-11-21T22:19:32.790+0000][gc,phases     ] GC(84)   Evacuate Collection Set: 2.2ms
[2024-11-21T22:19:32.790+0000][gc,phases     ] GC(84)   Post Evacuate Collection Set: 0.5ms
[2024-11-21T22:19:32.790+0000][gc,phases     ] GC(84)   Other: 0.2ms
[2024-11-21T22:19:32.790+0000][gc,heap       ] GC(84) Eden regions: 611->0(611)
[2024-11-21T22:19:32.790+0000][gc,heap       ] GC(84) Survivor regions: 3->3(77)
[2024-11-21T22:19:32.790+0000][gc,heap       ] GC(84) Old regions: 19->19
[2024-11-21T22:19:32.790+0000][gc,heap       ] GC(84) Humongous regions: 290->129
[2024-11-21T22:19:32.790+0000][gc,metaspace  ] GC(84) Metaspace: 44882K(47740K)->44882K(47740K) NonClass: 39232K(40704K)->39232K(40704K) Class: 5649K(7036K)->5649K(7036K)
[2024-11-21T22:19:32.790+0000][gc            ] GC(84) Pause Young (Normal) (G1 Evacuation Pause) 920M->148M(1024M) 3.029ms
[2024-11-21T22:19:32.790+0000][gc,cpu        ] GC(84) User=0.01s Sys=0.00s Real=0.00s
[2024-11-22T00:27:57.634+0000][gc,start      ] GC(85) Pause Young (Normal) (G1 Evacuation Pause)
[2024-11-22T00:27:57.634+0000][gc,task       ] GC(85) Using 4 workers of 4 for evacuation
[2024-11-22T00:27:57.637+0000][gc,phases     ] GC(85)   Pre Evacuate Collection Set: 0.0ms
[2024-11-22T00:27:57.637+0000][gc,phases     ] GC(85)   Evacuate Collection Set: 2.5ms
[2024-11-22T00:27:57.637+0000][gc,phases     ] GC(85)   Post Evacuate Collection Set: 0.4ms
[2024-11-22T00:27:57.637+0000][gc,phases     ] GC(85)   Other: 0.1ms
[2024-11-22T00:27:57.637+0000][gc,heap       ] GC(85) Eden regions: 611->0(610)
[2024-11-22T00:27:57.637+0000][gc,heap       ] GC(85) Survivor regions: 3->4(77)
[2024-11-22T00:27:57.637+0000][gc,heap       ] GC(85) Old regions: 19->19
[2024-11-22T00:27:57.637+0000][gc,heap       ] GC(85) Humongous regions: 129->129
[2024-11-22T00:27:57.637+0000][gc,metaspace  ] GC(85) Metaspace: 44885K(47740K)->44885K(47740K) NonClass: 39236K(40704K)->39236K(40704K) Class: 5649K(7036K)->5649K(7036K)
[2024-11-22T00:27:57.637+0000][gc            ] GC(85) Pause Young (Normal) (G1 Evacuation Pause) 759M->149M(1024M) 3.094ms
[2024-11-22T00:27:57.637+0000][gc,cpu        ] GC(85) User=0.01s Sys=0.00s Real=0.01s
[2024-11-22T02:36:47.629+0000][gc,start      ] GC(86) Pause Young (Normal) (G1 Evacuation Pause)
[2024-11-22T02:36:47.629+0000][gc,task       ] GC(86) Using 4 workers of 4 for evacuation
[2024-11-22T02:36:47.631+0000][gc,phases     ] GC(86)   Pre Evacuate Collection Set: 0.0ms
[2024-11-22T02:36:47.631+0000][gc,phases     ] GC(86)   Evacuate Collection Set: 2.3ms
[2024-11-22T02:36:47.631+0000][gc,phases     ] GC(86)   Post Evacuate Collection Set: 0.4ms
[2024-11-22T02:36:47.631+0000][gc,phases     ] GC(86)   Other: 0.2ms
[2024-11-22T02:36:47.631+0000][gc,heap       ] GC(86) Eden regions: 610->0(610)
[2024-11-22T02:36:47.631+0000][gc,heap       ] GC(86) Survivor regions: 4->4(77)
[2024-11-22T02:36:47.631+0000][gc,heap       ] GC(86) Old regions: 19->19
[2024-11-22T02:36:47.631+0000][gc,heap       ] GC(86) Humongous regions: 178->129
[2024-11-22T02:36:47.631+0000][gc,metaspace  ] GC(86) Metaspace: 44885K(47740K)->44885K(47740K) NonClass: 39236K(40704K)->39236K(40704K) Class: 5649K(7036K)->5649K(7036K)
[2024-11-22T02:36:47.631+0000][gc            ] GC(86) Pause Young (Normal) (G1 Evacuation Pause) 808M->149M(1024M) 2.932ms
[2024-11-22T02:36:47.631+0000][gc,cpu        ] GC(86) User=0.00s Sys=0.00s Real=0.00s
[2024-11-22T04:45:27.787+0000][gc,start      ] GC(87) Pause Young (Normal) (G1 Evacuation Pause)
[2024-11-22T04:45:27.787+0000][gc,task       ] GC(87) Using 4 workers of 4 for evacuation
[2024-11-22T04:45:27.790+0000][gc,phases     ] GC(87)   Pre Evacuate Collection Set: 0.0ms
[2024-11-22T04:45:27.790+0000][gc,phases     ] GC(87)   Evacuate Collection Set: 3.3ms
[2024-11-22T04:45:27.790+0000][gc,phases     ] GC(87)   Post Evacuate Collection Set: 0.3ms
[2024-11-22T04:45:27.791+0000][gc,phases     ] GC(87)   Other: 0.2ms
[2024-11-22T04:45:27.791+0000][gc,heap       ] GC(87) Eden regions: 610->0(611)
[2024-11-22T04:45:27.791+0000][gc,heap       ] GC(87) Survivor regions: 4->3(77)
[2024-11-22T04:45:27.791+0000][gc,heap       ] GC(87) Old regions: 19->19
[2024-11-22T04:45:27.791+0000][gc,heap       ] GC(87) Humongous regions: 129->129
[2024-11-22T04:45:27.791+0000][gc,metaspace  ] GC(87) Metaspace: 44885K(47740K)->44885K(47740K) NonClass: 39236K(40704K)->39236K(40704K) Class: 5649K(7036K)->5649K(7036K)
[2024-11-22T04:45:27.791+0000][gc            ] GC(87) Pause Young (Normal) (G1 Evacuation Pause) 759M->148M(1024M) 3.891ms
[2024-11-22T04:45:27.791+0000][gc,cpu        ] GC(87) User=0.01s Sys=0.00s Real=0.00s
[2024-11-22T06:54:23.544+0000][gc,start      ] GC(88) Pause Young (Normal) (G1 Evacuation Pause)
[2024-11-22T06:54:23.544+0000][gc,task       ] GC(88) Using 4 workers of 4 for evacuation
[2024-11-22T06:54:23.547+0000][gc,phases     ] GC(88)   Pre Evacuate Collection Set: 0.0ms
[2024-11-22T06:54:23.547+0000][gc,phases     ] GC(88)   Evacuate Collection Set: 2.1ms
[2024-11-22T06:54:23.547+0000][gc,phases     ] GC(88)   Post Evacuate Collection Set: 0.4ms
[2024-11-22T06:54:23.547+0000][gc,phases     ] GC(88)   Other: 0.2ms
[2024-11-22T06:54:23.547+0000][gc,heap       ] GC(88) Eden regions: 611->0(611)
[2024-11-22T06:54:23.547+0000][gc,heap       ] GC(88) Survivor regions: 3->3(77)
[2024-11-22T06:54:23.547+0000][gc,heap       ] GC(88) Old regions: 19->19
[2024-11-22T06:54:23.547+0000][gc,heap       ] GC(88) Humongous regions: 129->129
[2024-11-22T06:54:23.547+0000][gc,metaspace  ] GC(88) Metaspace: 44885K(47740K)->44885K(47740K) NonClass: 39236K(40704K)->39236K(40704K) Class: 5649K(7036K)->5649K(7036K)
[2024-11-22T06:54:23.547+0000][gc            ] GC(88) Pause Young (Normal) (G1 Evacuation Pause) 759M->148M(1024M) 2.753ms
[2024-11-22T06:54:23.547+0000][gc,cpu        ] GC(88) User=0.01s Sys=0.01s Real=0.00s
[2024-11-22T09:03:14.909+0000][gc,start      ] GC(89) Pause Young (Normal) (G1 Evacuation Pause)
[2024-11-22T09:03:14.909+0000][gc,task       ] GC(89) Using 4 workers of 4 for evacuation
[2024-11-22T09:03:14.912+0000][gc,phases     ] GC(89)   Pre Evacuate Collection Set: 0.0ms
[2024-11-22T09:03:14.912+0000][gc,phases     ] GC(89)   Evacuate Collection Set: 2.2ms
[2024-11-22T09:03:14.912+0000][gc,phases     ] GC(89)   Post Evacuate Collection Set: 0.5ms
[2024-11-22T09:03:14.912+0000][gc,phases     ] GC(89)   Other: 0.2ms
[2024-11-22T09:03:14.912+0000][gc,heap       ] GC(89) Eden regions: 611->0(611)
[2024-11-22T09:03:14.912+0000][gc,heap       ] GC(89) Survivor regions: 3->3(77)
[2024-11-22T09:03:14.912+0000][gc,heap       ] GC(89) Old regions: 19->19
[2024-11-22T09:03:14.912+0000][gc,heap       ] GC(89) Humongous regions: 143->129
[2024-11-22T09:03:14.912+0000][gc,metaspace  ] GC(89) Metaspace: 44885K(47740K)->44885K(47740K) NonClass: 39236K(40704K)->39236K(40704K) Class: 5649K(7036K)->5649K(7036K)
[2024-11-22T09:03:14.912+0000][gc            ] GC(89) Pause Young (Normal) (G1 Evacuation Pause) 773M->148M(1024M) 2.988ms
[2024-11-22T09:03:14.912+0000][gc,cpu        ] GC(89) User=0.00s Sys=0.00s Real=0.00s
[2024-11-22T11:12:14.260+0000][gc,start      ] GC(90) Pause Young (Normal) (G1 Evacuation Pause)
[2024-11-22T11:12:14.260+0000][gc,task       ] GC(90) Using 4 workers of 4 for evacuation
[2024-11-22T11:12:14.262+0000][gc,phases     ] GC(90)   Pre Evacuate Collection Set: 0.0ms
[2024-11-22T11:12:14.262+0000][gc,phases     ] GC(90)   Evacuate Collection Set: 2.0ms
[2024-11-22T11:12:14.262+0000][gc,phases     ] GC(90)   Post Evacuate Collection Set: 0.4ms
[2024-11-22T11:12:14.262+0000][gc,phases     ] GC(90)   Other: 0.1ms
[2024-11-22T11:12:14.262+0000][gc,heap       ] GC(90) Eden regions: 611->0(611)
[2024-11-22T11:12:14.262+0000][gc,heap       ] GC(90) Survivor regions: 3->3(77)
[2024-11-22T11:12:14.262+0000][gc,heap       ] GC(90) Old regions: 19->19
[2024-11-22T11:12:14.262+0000][gc,heap       ] GC(90) Humongous regions: 129->129
[2024-11-22T11:12:14.262+0000][gc,metaspace  ] GC(90) Metaspace: 44885K(47740K)->44885K(47740K) NonClass: 39236K(40704K)->39236K(40704K) Class: 5649K(7036K)->5649K(7036K)
[2024-11-22T11:12:14.262+0000][gc            ] GC(90) Pause Young (Normal) (G1 Evacuation Pause) 759M->148M(1024M) 2.622ms
[2024-11-22T11:12:14.262+0000][gc,cpu        ] GC(90) User=0.01s Sys=0.00s Real=0.00s
[2024-11-22T13:21:17.737+0000][gc,start      ] GC(91) Pause Young (Normal) (G1 Evacuation Pause)
[2024-11-22T13:21:17.737+0000][gc,task       ] GC(91) Using 4 workers of 4 for evacuation
[2024-11-22T13:21:17.742+0000][gc,phases     ] GC(91)   Pre Evacuate Collection Set: 0.0ms
[2024-11-22T13:21:17.742+0000][gc,phases     ] GC(91)   Evacuate Collection Set: 3.8ms
[2024-11-22T13:21:17.742+0000][gc,phases     ] GC(91)   Post Evacuate Collection Set: 0.5ms
[2024-11-22T13:21:17.742+0000][gc,phases     ] GC(91)   Other: 0.2ms
[2024-11-22T13:21:17.742+0000][gc,heap       ] GC(91) Eden regions: 611->0(610)
[2024-11-22T13:21:17.742+0000][gc,heap       ] GC(91) Survivor regions: 3->4(77)
[2024-11-22T13:21:17.742+0000][gc,heap       ] GC(91) Old regions: 19->19
[2024-11-22T13:21:17.742+0000][gc,heap       ] GC(91) Humongous regions: 129->129
[2024-11-22T13:21:17.742+0000][gc,metaspace  ] GC(91) Metaspace: 44885K(47740K)->44885K(47740K) NonClass: 39236K(40704K)->39236K(40704K) Class: 5649K(7036K)->5649K(7036K)
[2024-11-22T13:21:17.742+0000][gc            ] GC(91) Pause Young (Normal) (G1 Evacuation Pause) 759M->149M(1024M) 4.577ms
[2024-11-22T13:21:17.742+0000][gc,cpu        ] GC(91) User=0.01s Sys=0.00s Real=0.00s
[2024-11-22T15:29:32.286+0000][gc,start      ] GC(92) Pause Young (Normal) (G1 Evacuation Pause)
[2024-11-22T15:29:32.286+0000][gc,task       ] GC(92) Using 4 workers of 4 for evacuation
[2024-11-22T15:29:32.289+0000][gc,phases     ] GC(92)   Pre Evacuate Collection Set: 0.0ms
[2024-11-22T15:29:32.289+0000][gc,phases     ] GC(92)   Evacuate Collection Set: 2.7ms
[2024-11-22T15:29:32.289+0000][gc,phases     ] GC(92)   Post Evacuate Collection Set: 0.4ms
[2024-11-22T15:29:32.289+0000][gc,phases     ] GC(92)   Other: 0.2ms
[2024-11-22T15:29:32.289+0000][gc,heap       ] GC(92) Eden regions: 610->0(611)
[2024-11-22T15:29:32.289+0000][gc,heap       ] GC(92) Survivor regions: 4->3(77)
[2024-11-22T15:29:32.289+0000][gc,heap       ] GC(92) Old regions: 19->19
[2024-11-22T15:29:32.289+0000][gc,heap       ] GC(92) Humongous regions: 178->129
[2024-11-22T15:29:32.289+0000][gc,metaspace  ] GC(92) Metaspace: 44907K(47740K)->44907K(47740K) NonClass: 39258K(40704K)->39258K(40704K) Class: 5649K(7036K)->5649K(7036K)
[2024-11-22T15:29:32.289+0000][gc            ] GC(92) Pause Young (Normal) (G1 Evacuation Pause) 808M->149M(1024M) 3.381ms
[2024-11-22T15:29:32.289+0000][gc,cpu        ] GC(92) User=0.01s Sys=0.00s Real=0.00s
[2024-11-22T17:38:24.746+0000][gc,start      ] GC(93) Pause Young (Normal) (G1 Evacuation Pause)
[2024-11-22T17:38:24.746+0000][gc,task       ] GC(93) Using 4 workers of 4 for evacuation
[2024-11-22T17:38:24.749+0000][gc,phases     ] GC(93)   Pre Evacuate Collection Set: 0.0ms
[2024-11-22T17:38:24.749+0000][gc,phases     ] GC(93)   Evacuate Collection Set: 2.4ms
[2024-11-22T17:38:24.749+0000][gc,phases     ] GC(93)   Post Evacuate Collection Set: 0.4ms
[2024-11-22T17:38:24.749+0000][gc,phases     ] GC(93)   Other: 0.2ms
[2024-11-22T17:38:24.749+0000][gc,heap       ] GC(93) Eden regions: 611->0(611)
[2024-11-22T17:38:24.749+0000][gc,heap       ] GC(93) Survivor regions: 3->3(77)
[2024-11-22T17:38:24.749+0000][gc,heap       ] GC(93) Old regions: 19->19
[2024-11-22T17:38:24.749+0000][gc,heap       ] GC(93) Humongous regions: 129->129
[2024-11-22T17:38:24.749+0000][gc,metaspace  ] GC(93) Metaspace: 44907K(47740K)->44907K(47740K) NonClass: 39258K(40704K)->39258K(40704K) Class: 5649K(7036K)->5649K(7036K)
[2024-11-22T17:38:24.749+0000][gc            ] GC(93) Pause Young (Normal) (G1 Evacuation Pause) 760M->148M(1024M) 3.063ms
[2024-11-22T17:38:24.749+0000][gc,cpu        ] GC(93) User=0.01s Sys=0.00s Real=0.00s
[2024-11-22T19:47:17.935+0000][gc,start      ] GC(94) Pause Young (Normal) (G1 Evacuation Pause)
[2024-11-22T19:47:17.936+0000][gc,task       ] GC(94) Using 4 workers of 4 for evacuation
[2024-11-22T19:47:17.939+0000][gc,phases     ] GC(94)   Pre Evacuate Collection Set: 0.0ms
[2024-11-22T19:47:17.939+0000][gc,phases     ] GC(94)   Evacuate Collection Set: 2.8ms
[2024-11-22T19:47:17.939+0000][gc,phases     ] GC(94)   Post Evacuate Collection Set: 0.4ms
[2024-11-22T19:47:17.939+0000][gc,phases     ] GC(94)   Other: 0.2ms
[2024-11-22T19:47:17.939+0000][gc,heap       ] GC(94) Eden regions: 611->0(611)
[2024-11-22T19:47:17.939+0000][gc,heap       ] GC(94) Survivor regions: 3->3(77)
[2024-11-22T19:47:17.939+0000][gc,heap       ] GC(94) Old regions: 19->19
[2024-11-22T19:47:17.939+0000][gc,heap       ] GC(94) Humongous regions: 129->129
[2024-11-22T19:47:17.939+0000][gc,metaspace  ] GC(94) Metaspace: 44907K(47740K)->44907K(47740K) NonClass: 39258K(40704K)->39258K(40704K) Class: 5649K(7036K)->5649K(7036K)
[2024-11-22T19:47:17.939+0000][gc            ] GC(94) Pause Young (Normal) (G1 Evacuation Pause) 759M->148M(1024M) 3.441ms
[2024-11-22T19:47:17.939+0000][gc,cpu        ] GC(94) User=0.01s Sys=0.01s Real=0.00s
[2024-11-22T21:56:12.844+0000][gc,start      ] GC(95) Pause Young (Normal) (G1 Evacuation Pause)
[2024-11-22T21:56:12.844+0000][gc,task       ] GC(95) Using 4 workers of 4 for evacuation
[2024-11-22T21:56:12.847+0000][gc,phases     ] GC(95)   Pre Evacuate Collection Set: 0.0ms
[2024-11-22T21:56:12.847+0000][gc,phases     ] GC(95)   Evacuate Collection Set: 1.8ms
[2024-11-22T21:56:12.847+0000][gc,phases     ] GC(95)   Post Evacuate Collection Set: 0.4ms
[2024-11-22T21:56:12.847+0000][gc,phases     ] GC(95)   Other: 0.2ms
[2024-11-22T21:56:12.847+0000][gc,heap       ] GC(95) Eden regions: 611->0(611)
[2024-11-22T21:56:12.847+0000][gc,heap       ] GC(95) Survivor regions: 3->3(77)
[2024-11-22T21:56:12.847+0000][gc,heap       ] GC(95) Old regions: 19->19
[2024-11-22T21:56:12.847+0000][gc,heap       ] GC(95) Humongous regions: 129->129
[2024-11-22T21:56:12.847+0000][gc,metaspace  ] GC(95) Metaspace: 44907K(47740K)->44907K(47740K) NonClass: 39258K(40704K)->39258K(40704K) Class: 5649K(7036K)->5649K(7036K)
[2024-11-22T21:56:12.847+0000][gc            ] GC(95) Pause Young (Normal) (G1 Evacuation Pause) 759M->148M(1024M) 2.456ms
[2024-11-22T21:56:12.847+0000][gc,cpu        ] GC(95) User=0.01s Sys=0.00s Real=0.00s
[2024-11-23T00:05:14.915+0000][gc,start      ] GC(96) Pause Young (Normal) (G1 Evacuation Pause)
[2024-11-23T00:05:14.915+0000][gc,task       ] GC(96) Using 4 workers of 4 for evacuation
[2024-11-23T00:05:14.918+0000][gc,phases     ] GC(96)   Pre Evacuate Collection Set: 0.0ms
[2024-11-23T00:05:14.918+0000][gc,phases     ] GC(96)   Evacuate Collection Set: 2.2ms
[2024-11-23T00:05:14.918+0000][gc,phases     ] GC(96)   Post Evacuate Collection Set: 0.4ms
[2024-11-23T00:05:14.918+0000][gc,phases     ] GC(96)   Other: 0.2ms
[2024-11-23T00:05:14.918+0000][gc,heap       ] GC(96) Eden regions: 611->0(611)
[2024-11-23T00:05:14.918+0000][gc,heap       ] GC(96) Survivor regions: 3->3(77)
[2024-11-23T00:05:14.918+0000][gc,heap       ] GC(96) Old regions: 19->19
[2024-11-23T00:05:14.918+0000][gc,heap       ] GC(96) Humongous regions: 129->129
[2024-11-23T00:05:14.918+0000][gc,metaspace  ] GC(96) Metaspace: 44907K(47740K)->44907K(47740K) NonClass: 39258K(40704K)->39258K(40704K) Class: 5649K(7036K)->5649K(7036K)
[2024-11-23T00:05:14.918+0000][gc            ] GC(96) Pause Young (Normal) (G1 Evacuation Pause) 759M->148M(1024M) 2.817ms
[2024-11-23T00:05:14.918+0000][gc,cpu        ] GC(96) User=0.01s Sys=0.01s Real=0.00s
[2024-11-23T02:14:05.866+0000][gc,start      ] GC(97) Pause Young (Normal) (G1 Evacuation Pause)
[2024-11-23T02:14:05.866+0000][gc,task       ] GC(97) Using 4 workers of 4 for evacuation
[2024-11-23T02:14:05.869+0000][gc,phases     ] GC(97)   Pre Evacuate Collection Set: 0.0ms
[2024-11-23T02:14:05.869+0000][gc,phases     ] GC(97)   Evacuate Collection Set: 2.1ms
[2024-11-23T02:14:05.869+0000][gc,phases     ] GC(97)   Post Evacuate Collection Set: 0.4ms
[2024-11-23T02:14:05.869+0000][gc,phases     ] GC(97)   Other: 0.2ms
[2024-11-23T02:14:05.869+0000][gc,heap       ] GC(97) Eden regions: 611->0(612)
[2024-11-23T02:14:05.869+0000][gc,heap       ] GC(97) Survivor regions: 3->2(77)
[2024-11-23T02:14:05.869+0000][gc,heap       ] GC(97) Old regions: 19->19
[2024-11-23T02:14:05.869+0000][gc,heap       ] GC(97) Humongous regions: 145->129
[2024-11-23T02:14:05.869+0000][gc,metaspace  ] GC(97) Metaspace: 44907K(47740K)->44907K(47740K) NonClass: 39258K(40704K)->39258K(40704K) Class: 5649K(7036K)->5649K(7036K)
[2024-11-23T02:14:05.869+0000][gc            ] GC(97) Pause Young (Normal) (G1 Evacuation Pause) 775M->148M(1024M) 2.730ms
[2024-11-23T02:14:05.869+0000][gc,cpu        ] GC(97) User=0.01s Sys=0.00s Real=0.00s
[2024-11-23T04:23:00.560+0000][gc,start      ] GC(98) Pause Young (Normal) (G1 Evacuation Pause)
[2024-11-23T04:23:00.560+0000][gc,task       ] GC(98) Using 4 workers of 4 for evacuation
[2024-11-23T04:23:00.564+0000][gc,phases     ] GC(98)   Pre Evacuate Collection Set: 0.0ms
[2024-11-23T04:23:00.564+0000][gc,phases     ] GC(98)   Evacuate Collection Set: 3.2ms
[2024-11-23T04:23:00.564+0000][gc,phases     ] GC(98)   Post Evacuate Collection Set: 0.4ms
[2024-11-23T04:23:00.564+0000][gc,phases     ] GC(98)   Other: 0.2ms
[2024-11-23T04:23:00.564+0000][gc,heap       ] GC(98) Eden regions: 612->0(610)
[2024-11-23T04:23:00.564+0000][gc,heap       ] GC(98) Survivor regions: 2->4(77)
[2024-11-23T04:23:00.564+0000][gc,heap       ] GC(98) Old regions: 19->19
[2024-11-23T04:23:00.564+0000][gc,heap       ] GC(98) Humongous regions: 129->129
[2024-11-23T04:23:00.564+0000][gc,metaspace  ] GC(98) Metaspace: 44907K(47740K)->44907K(47740K) NonClass: 39258K(40704K)->39258K(40704K) Class: 5649K(7036K)->5649K(7036K)
[2024-11-23T04:23:00.564+0000][gc            ] GC(98) Pause Young (Normal) (G1 Evacuation Pause) 760M->149M(1024M) 3.873ms
[2024-11-23T04:23:00.564+0000][gc,cpu        ] GC(98) User=0.01s Sys=0.00s Real=0.01s
[2024-11-23T06:31:22.787+0000][gc,start      ] GC(99) Pause Young (Normal) (G1 Evacuation Pause)
[2024-11-23T06:31:22.787+0000][gc,task       ] GC(99) Using 4 workers of 4 for evacuation
[2024-11-23T06:31:22.790+0000][gc,phases     ] GC(99)   Pre Evacuate Collection Set: 0.0ms
[2024-11-23T06:31:22.790+0000][gc,phases     ] GC(99)   Evacuate Collection Set: 2.8ms
[2024-11-23T06:31:22.790+0000][gc,phases     ] GC(99)   Post Evacuate Collection Set: 0.4ms
[2024-11-23T06:31:22.790+0000][gc,phases     ] GC(99)   Other: 0.2ms
[2024-11-23T06:31:22.790+0000][gc,heap       ] GC(99) Eden regions: 610->0(611)
[2024-11-23T06:31:22.790+0000][gc,heap       ] GC(99) Survivor regions: 4->3(77)
[2024-11-23T06:31:22.790+0000][gc,heap       ] GC(99) Old regions: 19->19
[2024-11-23T06:31:22.790+0000][gc,heap       ] GC(99) Humongous regions: 129->129
[2024-11-23T06:31:22.790+0000][gc,metaspace  ] GC(99) Metaspace: 44907K(47740K)->44907K(47740K) NonClass: 39258K(40704K)->39258K(40704K) Class: 5649K(7036K)->5649K(7036K)
[2024-11-23T06:31:22.790+0000][gc            ] GC(99) Pause Young (Normal) (G1 Evacuation Pause) 759M->149M(1024M) 3.443ms
[2024-11-23T06:31:22.790+0000][gc,cpu        ] GC(99) User=0.01s Sys=0.00s Real=0.00s
[2024-11-23T08:40:17.787+0000][gc,start      ] GC(100) Pause Young (Normal) (G1 Evacuation Pause)
[2024-11-23T08:40:17.787+0000][gc,task       ] GC(100) Using 4 workers of 4 for evacuation
[2024-11-23T08:40:17.790+0000][gc,phases     ] GC(100)   Pre Evacuate Collection Set: 0.0ms
[2024-11-23T08:40:17.790+0000][gc,phases     ] GC(100)   Evacuate Collection Set: 2.7ms
[2024-11-23T08:40:17.790+0000][gc,phases     ] GC(100)   Post Evacuate Collection Set: 0.5ms
[2024-11-23T08:40:17.790+0000][gc,phases     ] GC(100)   Other: 0.2ms
[2024-11-23T08:40:17.790+0000][gc,heap       ] GC(100) Eden regions: 611->0(611)
[2024-11-23T08:40:17.790+0000][gc,heap       ] GC(100) Survivor regions: 3->3(77)
[2024-11-23T08:40:17.790+0000][gc,heap       ] GC(100) Old regions: 19->19
[2024-11-23T08:40:17.790+0000][gc,heap       ] GC(100) Humongous regions: 129->129
[2024-11-23T08:40:17.790+0000][gc,metaspace  ] GC(100) Metaspace: 44909K(47740K)->44909K(47740K) NonClass: 39260K(40704K)->39260K(40704K) Class: 5649K(7036K)->5649K(7036K)
[2024-11-23T08:40:17.790+0000][gc            ] GC(100) Pause Young (Normal) (G1 Evacuation Pause) 760M->149M(1024M) 3.512ms
[2024-11-23T08:40:17.790+0000][gc,cpu        ] GC(100) User=0.01s Sys=0.00s Real=0.00s
[2024-11-23T10:49:13.975+0000][gc,start      ] GC(101) Pause Young (Normal) (G1 Evacuation Pause)
[2024-11-23T10:49:13.975+0000][gc,task       ] GC(101) Using 4 workers of 4 for evacuation
[2024-11-23T10:49:13.978+0000][gc,phases     ] GC(101)   Pre Evacuate Collection Set: 0.0ms
[2024-11-23T10:49:13.978+0000][gc,phases     ] GC(101)   Evacuate Collection Set: 2.7ms
[2024-11-23T10:49:13.978+0000][gc,phases     ] GC(101)   Post Evacuate Collection Set: 0.4ms
[2024-11-23T10:49:13.978+0000][gc,phases     ] GC(101)   Other: 0.2ms
[2024-11-23T10:49:13.978+0000][gc,heap       ] GC(101) Eden regions: 611->0(611)
[2024-11-23T10:49:13.978+0000][gc,heap       ] GC(101) Survivor regions: 3->3(77)
[2024-11-23T10:49:13.978+0000][gc,heap       ] GC(101) Old regions: 19->19
[2024-11-23T10:49:13.978+0000][gc,heap       ] GC(101) Humongous regions: 129->129
[2024-11-23T10:49:13.978+0000][gc,metaspace  ] GC(101) Metaspace: 44910K(47740K)->44910K(47740K) NonClass: 39260K(40704K)->39260K(40704K) Class: 5649K(7036K)->5649K(7036K)
[2024-11-23T10:49:13.978+0000][gc            ] GC(101) Pause Young (Normal) (G1 Evacuation Pause) 760M->148M(1024M) 3.359ms
[2024-11-23T10:49:13.978+0000][gc,cpu        ] GC(101) User=0.01s Sys=0.00s Real=0.01s
[2024-11-23T12:58:00.066+0000][gc,start      ] GC(102) Pause Young (Normal) (G1 Evacuation Pause)
[2024-11-23T12:58:00.066+0000][gc,task       ] GC(102) Using 4 workers of 4 for evacuation
[2024-11-23T12:58:00.071+0000][gc,phases     ] GC(102)   Pre Evacuate Collection Set: 0.0ms
[2024-11-23T12:58:00.071+0000][gc,phases     ] GC(102)   Evacuate Collection Set: 3.6ms
[2024-11-23T12:58:00.071+0000][gc,phases     ] GC(102)   Post Evacuate Collection Set: 0.5ms
[2024-11-23T12:58:00.071+0000][gc,phases     ] GC(102)   Other: 0.2ms
[2024-11-23T12:58:00.071+0000][gc,heap       ] GC(102) Eden regions: 611->0(611)
[2024-11-23T12:58:00.071+0000][gc,heap       ] GC(102) Survivor regions: 3->3(77)
[2024-11-23T12:58:00.071+0000][gc,heap       ] GC(102) Old regions: 19->19
[2024-11-23T12:58:00.071+0000][gc,heap       ] GC(102) Humongous regions: 145->129
[2024-11-23T12:58:00.071+0000][gc,metaspace  ] GC(102) Metaspace: 44913K(47740K)->44913K(47740K) NonClass: 39264K(40704K)->39264K(40704K) Class: 5649K(7036K)->5649K(7036K)
[2024-11-23T12:58:00.071+0000][gc            ] GC(102) Pause Young (Normal) (G1 Evacuation Pause) 775M->148M(1024M) 4.293ms
[2024-11-23T12:58:00.071+0000][gc,cpu        ] GC(102) User=0.01s Sys=0.00s Real=0.00s
[2024-11-23T15:06:58.604+0000][gc,start      ] GC(103) Pause Young (Normal) (G1 Evacuation Pause)
[2024-11-23T15:06:58.604+0000][gc,task       ] GC(103) Using 4 workers of 4 for evacuation
[2024-11-23T15:06:58.607+0000][gc,phases     ] GC(103)   Pre Evacuate Collection Set: 0.0ms
[2024-11-23T15:06:58.607+0000][gc,phases     ] GC(103)   Evacuate Collection Set: 2.5ms
[2024-11-23T15:06:58.607+0000][gc,phases     ] GC(103)   Post Evacuate Collection Set: 0.5ms
[2024-11-23T15:06:58.607+0000][gc,phases     ] GC(103)   Other: 0.2ms
[2024-11-23T15:06:58.607+0000][gc,heap       ] GC(103) Eden regions: 611->0(611)
[2024-11-23T15:06:58.607+0000][gc,heap       ] GC(103) Survivor regions: 3->3(77)
[2024-11-23T15:06:58.607+0000][gc,heap       ] GC(103) Old regions: 19->19
[2024-11-23T15:06:58.607+0000][gc,heap       ] GC(103) Humongous regions: 129->129
[2024-11-23T15:06:58.607+0000][gc,metaspace  ] GC(103) Metaspace: 44919K(47740K)->44919K(47740K) NonClass: 39269K(40704K)->39269K(40704K) Class: 5649K(7036K)->5649K(7036K)
[2024-11-23T15:06:58.607+0000][gc            ] GC(103) Pause Young (Normal) (G1 Evacuation Pause) 759M->148M(1024M) 3.181ms
[2024-11-23T15:06:58.607+0000][gc,cpu        ] GC(103) User=0.01s Sys=0.00s Real=0.00s
[2024-11-23T17:14:52.898+0000][gc,start      ] GC(104) Pause Young (Normal) (G1 Evacuation Pause)
[2024-11-23T17:14:52.898+0000][gc,task       ] GC(104) Using 4 workers of 4 for evacuation
[2024-11-23T17:14:52.902+0000][gc,phases     ] GC(104)   Pre Evacuate Collection Set: 0.0ms
[2024-11-23T17:14:52.902+0000][gc,phases     ] GC(104)   Evacuate Collection Set: 3.1ms
[2024-11-23T17:14:52.902+0000][gc,phases     ] GC(104)   Post Evacuate Collection Set: 0.4ms
[2024-11-23T17:14:52.902+0000][gc,phases     ] GC(104)   Other: 0.2ms
[2024-11-23T17:14:52.902+0000][gc,heap       ] GC(104) Eden regions: 611->0(610)
[2024-11-23T17:14:52.902+0000][gc,heap       ] GC(104) Survivor regions: 3->4(77)
[2024-11-23T17:14:52.902+0000][gc,heap       ] GC(104) Old regions: 19->19
[2024-11-23T17:14:52.902+0000][gc,heap       ] GC(104) Humongous regions: 129->129
[2024-11-23T17:14:52.902+0000][gc,metaspace  ] GC(104) Metaspace: 45606K(48764K)->45606K(48764K) NonClass: 39800K(41472K)->39800K(41472K) Class: 5805K(7292K)->5805K(7292K)
[2024-11-23T17:14:52.902+0000][gc            ] GC(104) Pause Young (Normal) (G1 Evacuation Pause) 759M->149M(1024M) 3.741ms
[2024-11-23T17:14:52.902+0000][gc,cpu        ] GC(104) User=0.01s Sys=0.00s Real=0.00s
[2024-11-23T19:22:31.575+0000][gc,start      ] GC(105) Pause Young (Normal) (G1 Evacuation Pause)
[2024-11-23T19:22:31.575+0000][gc,task       ] GC(105) Using 4 workers of 4 for evacuation
[2024-11-23T19:22:31.580+0000][gc,phases     ] GC(105)   Pre Evacuate Collection Set: 0.0ms
[2024-11-23T19:22:31.580+0000][gc,phases     ] GC(105)   Evacuate Collection Set: 3.6ms
[2024-11-23T19:22:31.580+0000][gc,phases     ] GC(105)   Post Evacuate Collection Set: 1.2ms
[2024-11-23T19:22:31.580+0000][gc,phases     ] GC(105)   Other: 0.2ms
[2024-11-23T19:22:31.580+0000][gc,heap       ] GC(105) Eden regions: 610->0(611)
[2024-11-23T19:22:31.580+0000][gc,heap       ] GC(105) Survivor regions: 4->3(77)
[2024-11-23T19:22:31.580+0000][gc,heap       ] GC(105) Old regions: 19->19
[2024-11-23T19:22:31.580+0000][gc,heap       ] GC(105) Humongous regions: 178->129
[2024-11-23T19:22:31.580+0000][gc,metaspace  ] GC(105) Metaspace: 45702K(48764K)->45702K(48764K) NonClass: 39897K(41472K)->39897K(41472K) Class: 5805K(7292K)->5805K(7292K)
[2024-11-23T19:22:31.580+0000][gc            ] GC(105) Pause Young (Normal) (G1 Evacuation Pause) 808M->148M(1024M) 5.081ms
[2024-11-23T19:22:31.580+0000][gc,cpu        ] GC(105) User=0.01s Sys=0.00s Real=0.01s
[2024-11-23T21:29:57.738+0000][gc,start      ] GC(106) Pause Young (Normal) (G1 Evacuation Pause)
[2024-11-23T21:29:57.738+0000][gc,task       ] GC(106) Using 4 workers of 4 for evacuation
[2024-11-23T21:29:57.742+0000][gc,phases     ] GC(106)   Pre Evacuate Collection Set: 0.0ms
[2024-11-23T21:29:57.742+0000][gc,phases     ] GC(106)   Evacuate Collection Set: 3.6ms
[2024-11-23T21:29:57.742+0000][gc,phases     ] GC(106)   Post Evacuate Collection Set: 1.0ms
[2024-11-23T21:29:57.742+0000][gc,phases     ] GC(106)   Other: 0.2ms
[2024-11-23T21:29:57.742+0000][gc,heap       ] GC(106) Eden regions: 611->0(610)
[2024-11-23T21:29:57.742+0000][gc,heap       ] GC(106) Survivor regions: 3->4(77)
[2024-11-23T21:29:57.742+0000][gc,heap       ] GC(106) Old regions: 19->19
[2024-11-23T21:29:57.742+0000][gc,heap       ] GC(106) Humongous regions: 129->129
[2024-11-23T21:29:57.742+0000][gc,metaspace  ] GC(106) Metaspace: 45702K(48764K)->45702K(48764K) NonClass: 39897K(41472K)->39897K(41472K) Class: 5805K(7292K)->5805K(7292K)
[2024-11-23T21:29:57.742+0000][gc            ] GC(106) Pause Young (Normal) (G1 Evacuation Pause) 759M->149M(1024M) 4.902ms
[2024-11-23T21:29:57.743+0000][gc,cpu        ] GC(106) User=0.01s Sys=0.00s Real=0.00s
[2024-11-23T23:37:34.186+0000][gc,start      ] GC(107) Pause Young (Normal) (G1 Evacuation Pause)
[2024-11-23T23:37:34.186+0000][gc,task       ] GC(107) Using 4 workers of 4 for evacuation
[2024-11-23T23:37:34.189+0000][gc,phases     ] GC(107)   Pre Evacuate Collection Set: 0.0ms
[2024-11-23T23:37:34.189+0000][gc,phases     ] GC(107)   Evacuate Collection Set: 2.4ms
[2024-11-23T23:37:34.189+0000][gc,phases     ] GC(107)   Post Evacuate Collection Set: 0.4ms
[2024-11-23T23:37:34.189+0000][gc,phases     ] GC(107)   Other: 0.2ms
[2024-11-23T23:37:34.189+0000][gc,heap       ] GC(107) Eden regions: 610->0(611)
[2024-11-23T23:37:34.189+0000][gc,heap       ] GC(107) Survivor regions: 4->3(77)
[2024-11-23T23:37:34.189+0000][gc,heap       ] GC(107) Old regions: 19->19
[2024-11-23T23:37:34.189+0000][gc,heap       ] GC(107) Humongous regions: 129->129
[2024-11-23T23:37:34.189+0000][gc,metaspace  ] GC(107) Metaspace: 45702K(48764K)->45702K(48764K) NonClass: 39897K(41472K)->39897K(41472K) Class: 5805K(7292K)->5805K(7292K)
[2024-11-23T23:37:34.189+0000][gc            ] GC(107) Pause Young (Normal) (G1 Evacuation Pause) 759M->149M(1024M) 2.999ms
[2024-11-23T23:37:34.189+0000][gc,cpu        ] GC(107) User=0.01s Sys=0.00s Real=0.00s
[2024-11-24T01:45:23.265+0000][gc,start      ] GC(108) Pause Young (Normal) (G1 Evacuation Pause)
[2024-11-24T01:45:23.265+0000][gc,task       ] GC(108) Using 4 workers of 4 for evacuation
[2024-11-24T01:45:23.269+0000][gc,phases     ] GC(108)   Pre Evacuate Collection Set: 0.0ms
[2024-11-24T01:45:23.269+0000][gc,phases     ] GC(108)   Evacuate Collection Set: 3.5ms
[2024-11-24T01:45:23.269+0000][gc,phases     ] GC(108)   Post Evacuate Collection Set: 0.5ms
[2024-11-24T01:45:23.269+0000][gc,phases     ] GC(108)   Other: 0.2ms
[2024-11-24T01:45:23.269+0000][gc,heap       ] GC(108) Eden regions: 611->0(610)
[2024-11-24T01:45:23.269+0000][gc,heap       ] GC(108) Survivor regions: 3->4(77)
[2024-11-24T01:45:23.269+0000][gc,heap       ] GC(108) Old regions: 19->19
[2024-11-24T01:45:23.269+0000][gc,heap       ] GC(108) Humongous regions: 129->129
[2024-11-24T01:45:23.269+0000][gc,metaspace  ] GC(108) Metaspace: 45712K(48764K)->45712K(48764K) NonClass: 39906K(41472K)->39906K(41472K) Class: 5805K(7292K)->5805K(7292K)
[2024-11-24T01:45:23.269+0000][gc            ] GC(108) Pause Young (Normal) (G1 Evacuation Pause) 760M->149M(1024M) 4.290ms
[2024-11-24T01:45:23.269+0000][gc,cpu        ] GC(108) User=0.02s Sys=0.00s Real=0.00s
[2024-11-24T03:52:34.785+0000][gc,start      ] GC(109) Pause Young (Normal) (G1 Evacuation Pause)
[2024-11-24T03:52:34.785+0000][gc,task       ] GC(109) Using 4 workers of 4 for evacuation
[2024-11-24T03:52:34.790+0000][gc,phases     ] GC(109)   Pre Evacuate Collection Set: 0.0ms
[2024-11-24T03:52:34.790+0000][gc,phases     ] GC(109)   Evacuate Collection Set: 3.9ms
[2024-11-24T03:52:34.790+0000][gc,phases     ] GC(109)   Post Evacuate Collection Set: 0.5ms
[2024-11-24T03:52:34.790+0000][gc,phases     ] GC(109)   Other: 0.2ms
[2024-11-24T03:52:34.790+0000][gc,heap       ] GC(109) Eden regions: 610->0(611)
[2024-11-24T03:52:34.790+0000][gc,heap       ] GC(109) Survivor regions: 4->3(77)
[2024-11-24T03:52:34.790+0000][gc,heap       ] GC(109) Old regions: 19->19
[2024-11-24T03:52:34.790+0000][gc,heap       ] GC(109) Humongous regions: 129->129
[2024-11-24T03:52:34.790+0000][gc,metaspace  ] GC(109) Metaspace: 45712K(48764K)->45712K(48764K) NonClass: 39906K(41472K)->39906K(41472K) Class: 5805K(7292K)->5805K(7292K)
[2024-11-24T03:52:34.790+0000][gc            ] GC(109) Pause Young (Normal) (G1 Evacuation Pause) 759M->148M(1024M) 4.662ms
[2024-11-24T03:52:34.790+0000][gc,cpu        ] GC(109) User=0.01s Sys=0.00s Real=0.00s
[2024-11-24T05:59:52.494+0000][gc,start      ] GC(110) Pause Young (Normal) (G1 Evacuation Pause)
[2024-11-24T05:59:52.494+0000][gc,task       ] GC(110) Using 4 workers of 4 for evacuation
[2024-11-24T05:59:52.498+0000][gc,phases     ] GC(110)   Pre Evacuate Collection Set: 0.0ms
[2024-11-24T05:59:52.498+0000][gc,phases     ] GC(110)   Evacuate Collection Set: 3.1ms
[2024-11-24T05:59:52.498+0000][gc,phases     ] GC(110)   Post Evacuate Collection Set: 0.8ms
[2024-11-24T05:59:52.498+0000][gc,phases     ] GC(110)   Other: 0.2ms
[2024-11-24T05:59:52.498+0000][gc,heap       ] GC(110) Eden regions: 611->0(610)
[2024-11-24T05:59:52.498+0000][gc,heap       ] GC(110) Survivor regions: 3->4(77)
[2024-11-24T05:59:52.498+0000][gc,heap       ] GC(110) Old regions: 19->19
[2024-11-24T05:59:52.498+0000][gc,heap       ] GC(110) Humongous regions: 129->129
[2024-11-24T05:59:52.498+0000][gc,metaspace  ] GC(110) Metaspace: 45712K(48764K)->45712K(48764K) NonClass: 39906K(41472K)->39906K(41472K) Class: 5805K(7292K)->5805K(7292K)
[2024-11-24T05:59:52.498+0000][gc            ] GC(110) Pause Young (Normal) (G1 Evacuation Pause) 759M->149M(1024M) 4.151ms
[2024-11-24T05:59:52.498+0000][gc,cpu        ] GC(110) User=0.01s Sys=0.00s Real=0.01s
[2024-11-24T08:07:02.787+0000][gc,start      ] GC(111) Pause Young (Normal) (G1 Evacuation Pause)
[2024-11-24T08:07:02.787+0000][gc,task       ] GC(111) Using 4 workers of 4 for evacuation
[2024-11-24T08:07:02.790+0000][gc,phases     ] GC(111)   Pre Evacuate Collection Set: 0.0ms
[2024-11-24T08:07:02.790+0000][gc,phases     ] GC(111)   Evacuate Collection Set: 2.9ms
[2024-11-24T08:07:02.790+0000][gc,phases     ] GC(111)   Post Evacuate Collection Set: 0.6ms
[2024-11-24T08:07:02.790+0000][gc,phases     ] GC(111)   Other: 0.2ms
[2024-11-24T08:07:02.790+0000][gc,heap       ] GC(111) Eden regions: 610->0(611)
[2024-11-24T08:07:02.790+0000][gc,heap       ] GC(111) Survivor regions: 4->3(77)
[2024-11-24T08:07:02.790+0000][gc,heap       ] GC(111) Old regions: 19->19
[2024-11-24T08:07:02.790+0000][gc,heap       ] GC(111) Humongous regions: 129->129
[2024-11-24T08:07:02.790+0000][gc,metaspace  ] GC(111) Metaspace: 45713K(48764K)->45713K(48764K) NonClass: 39907K(41472K)->39907K(41472K) Class: 5805K(7292K)->5805K(7292K)
[2024-11-24T08:07:02.790+0000][gc            ] GC(111) Pause Young (Normal) (G1 Evacuation Pause) 759M->148M(1024M) 3.760ms
[2024-11-24T08:07:02.790+0000][gc,cpu        ] GC(111) User=0.01s Sys=0.00s Real=0.00s
[2024-11-24T10:10:31.814+0000][gc,start      ] GC(112) Pause Young (Normal) (G1 Evacuation Pause)
[2024-11-24T10:10:31.814+0000][gc,task       ] GC(112) Using 4 workers of 4 for evacuation
[2024-11-24T10:10:31.818+0000][gc,phases     ] GC(112)   Pre Evacuate Collection Set: 0.0ms
[2024-11-24T10:10:31.818+0000][gc,phases     ] GC(112)   Evacuate Collection Set: 3.0ms
[2024-11-24T10:10:31.818+0000][gc,phases     ] GC(112)   Post Evacuate Collection Set: 0.9ms
[2024-11-24T10:10:31.818+0000][gc,phases     ] GC(112)   Other: 0.2ms
[2024-11-24T10:10:31.818+0000][gc,heap       ] GC(112) Eden regions: 611->0(610)
[2024-11-24T10:10:31.818+0000][gc,heap       ] GC(112) Survivor regions: 3->4(77)
[2024-11-24T10:10:31.818+0000][gc,heap       ] GC(112) Old regions: 19->19
[2024-11-24T10:10:31.818+0000][gc,heap       ] GC(112) Humongous regions: 129->129
[2024-11-24T10:10:31.818+0000][gc,metaspace  ] GC(112) Metaspace: 45799K(49020K)->45799K(49020K) NonClass: 39993K(41728K)->39993K(41728K) Class: 5805K(7292K)->5805K(7292K)
[2024-11-24T10:10:31.818+0000][gc            ] GC(112) Pause Young (Normal) (G1 Evacuation Pause) 759M->149M(1024M) 4.162ms
[2024-11-24T10:10:31.818+0000][gc,cpu        ] GC(112) User=0.01s Sys=0.00s Real=0.01s
[2024-11-24T12:14:48.584+0000][gc,start      ] GC(113) Pause Young (Normal) (G1 Evacuation Pause)
[2024-11-24T12:14:48.584+0000][gc,task       ] GC(113) Using 4 workers of 4 for evacuation
[2024-11-24T12:14:48.589+0000][gc,phases     ] GC(113)   Pre Evacuate Collection Set: 0.0ms
[2024-11-24T12:14:48.589+0000][gc,phases     ] GC(113)   Evacuate Collection Set: 4.2ms
[2024-11-24T12:14:48.589+0000][gc,phases     ] GC(113)   Post Evacuate Collection Set: 0.4ms
[2024-11-24T12:14:48.589+0000][gc,phases     ] GC(113)   Other: 0.2ms
[2024-11-24T12:14:48.589+0000][gc,heap       ] GC(113) Eden regions: 610->0(610)
[2024-11-24T12:14:48.589+0000][gc,heap       ] GC(113) Survivor regions: 4->4(77)
[2024-11-24T12:14:48.589+0000][gc,heap       ] GC(113) Old regions: 19->19
[2024-11-24T12:14:48.589+0000][gc,heap       ] GC(113) Humongous regions: 129->129
[2024-11-24T12:14:48.589+0000][gc,metaspace  ] GC(113) Metaspace: 45850K(49020K)->45850K(49020K) NonClass: 40045K(41728K)->40045K(41728K) Class: 5805K(7292K)->5805K(7292K)
[2024-11-24T12:14:48.589+0000][gc            ] GC(113) Pause Young (Normal) (G1 Evacuation Pause) 759M->149M(1024M) 4.800ms
[2024-11-24T12:14:48.589+0000][gc,cpu        ] GC(113) User=0.01s Sys=0.00s Real=0.00s
[2024-11-24T14:19:42.787+0000][gc,start      ] GC(114) Pause Young (Normal) (G1 Evacuation Pause)
[2024-11-24T14:19:42.787+0000][gc,task       ] GC(114) Using 4 workers of 4 for evacuation
[2024-11-24T14:19:42.790+0000][gc,phases     ] GC(114)   Pre Evacuate Collection Set: 0.0ms
[2024-11-24T14:19:42.790+0000][gc,phases     ] GC(114)   Evacuate Collection Set: 2.4ms
[2024-11-24T14:19:42.790+0000][gc,phases     ] GC(114)   Post Evacuate Collection Set: 0.4ms
[2024-11-24T14:19:42.790+0000][gc,phases     ] GC(114)   Other: 0.2ms
[2024-11-24T14:19:42.790+0000][gc,heap       ] GC(114) Eden regions: 610->0(611)
[2024-11-24T14:19:42.790+0000][gc,heap       ] GC(114) Survivor regions: 4->3(77)
[2024-11-24T14:19:42.790+0000][gc,heap       ] GC(114) Old regions: 19->19
[2024-11-24T14:19:42.790+0000][gc,heap       ] GC(114) Humongous regions: 129->129
[2024-11-24T14:19:42.790+0000][gc,metaspace  ] GC(114) Metaspace: 45852K(49020K)->45852K(49020K) NonClass: 40046K(41728K)->40046K(41728K) Class: 5805K(7292K)->5805K(7292K)
[2024-11-24T14:19:42.790+0000][gc            ] GC(114) Pause Young (Normal) (G1 Evacuation Pause) 759M->149M(1024M) 3.026ms
[2024-11-24T14:19:42.790+0000][gc,cpu        ] GC(114) User=0.01s Sys=0.00s Real=0.00s
[2024-11-24T16:22:57.787+0000][gc,start      ] GC(115) Pause Young (Normal) (G1 Evacuation Pause)
[2024-11-24T16:22:57.787+0000][gc,task       ] GC(115) Using 4 workers of 4 for evacuation
[2024-11-24T16:22:57.791+0000][gc,phases     ] GC(115)   Pre Evacuate Collection Set: 0.0ms
[2024-11-24T16:22:57.791+0000][gc,phases     ] GC(115)   Evacuate Collection Set: 3.4ms
[2024-11-24T16:22:57.791+0000][gc,phases     ] GC(115)   Post Evacuate Collection Set: 0.8ms
[2024-11-24T16:22:57.791+0000][gc,phases     ] GC(115)   Other: 0.2ms
[2024-11-24T16:22:57.791+0000][gc,heap       ] GC(115) Eden regions: 611->0(610)
[2024-11-24T16:22:57.791+0000][gc,heap       ] GC(115) Survivor regions: 3->4(77)
[2024-11-24T16:22:57.791+0000][gc,heap       ] GC(115) Old regions: 19->19
[2024-11-24T16:22:57.791+0000][gc,heap       ] GC(115) Humongous regions: 129->129
[2024-11-24T16:22:57.791+0000][gc,metaspace  ] GC(115) Metaspace: 45855K(49020K)->45855K(49020K) NonClass: 40050K(41728K)->40050K(41728K) Class: 5805K(7292K)->5805K(7292K)
[2024-11-24T16:22:57.791+0000][gc            ] GC(115) Pause Young (Normal) (G1 Evacuation Pause) 760M->149M(1024M) 4.468ms
[2024-11-24T16:22:57.791+0000][gc,cpu        ] GC(115) User=0.02s Sys=0.00s Real=0.00s
[2024-11-24T18:26:53.843+0000][gc,start      ] GC(116) Pause Young (Normal) (G1 Evacuation Pause)
[2024-11-24T18:26:53.843+0000][gc,task       ] GC(116) Using 4 workers of 4 for evacuation
[2024-11-24T18:26:53.846+0000][gc,phases     ] GC(116)   Pre Evacuate Collection Set: 0.0ms
[2024-11-24T18:26:53.846+0000][gc,phases     ] GC(116)   Evacuate Collection Set: 2.7ms
[2024-11-24T18:26:53.846+0000][gc,phases     ] GC(116)   Post Evacuate Collection Set: 0.4ms
[2024-11-24T18:26:53.846+0000][gc,phases     ] GC(116)   Other: 0.2ms
[2024-11-24T18:26:53.846+0000][gc,heap       ] GC(116) Eden regions: 610->0(610)
[2024-11-24T18:26:53.846+0000][gc,heap       ] GC(116) Survivor regions: 4->4(77)
[2024-11-24T18:26:53.846+0000][gc,heap       ] GC(116) Old regions: 19->19
[2024-11-24T18:26:53.846+0000][gc,heap       ] GC(116) Humongous regions: 129->129
[2024-11-24T18:26:53.846+0000][gc,metaspace  ] GC(116) Metaspace: 45855K(49020K)->45855K(49020K) NonClass: 40050K(41728K)->40050K(41728K) Class: 5805K(7292K)->5805K(7292K)
[2024-11-24T18:26:53.846+0000][gc            ] GC(116) Pause Young (Normal) (G1 Evacuation Pause) 759M->149M(1024M) 3.331ms
[2024-11-24T18:26:53.846+0000][gc,cpu        ] GC(116) User=0.01s Sys=0.00s Real=0.01s
[2024-11-24T20:30:41.038+0000][gc,start      ] GC(117) Pause Young (Normal) (G1 Evacuation Pause)
[2024-11-24T20:30:41.038+0000][gc,task       ] GC(117) Using 4 workers of 4 for evacuation
[2024-11-24T20:30:41.042+0000][gc,phases     ] GC(117)   Pre Evacuate Collection Set: 0.0ms
[2024-11-24T20:30:41.042+0000][gc,phases     ] GC(117)   Evacuate Collection Set: 3.4ms
[2024-11-24T20:30:41.042+0000][gc,phases     ] GC(117)   Post Evacuate Collection Set: 0.6ms
[2024-11-24T20:30:41.042+0000][gc,phases     ] GC(117)   Other: 0.2ms
[2024-11-24T20:30:41.042+0000][gc,heap       ] GC(117) Eden regions: 610->0(609)
[2024-11-24T20:30:41.042+0000][gc,heap       ] GC(117) Survivor regions: 4->5(77)
[2024-11-24T20:30:41.042+0000][gc,heap       ] GC(117) Old regions: 19->19
[2024-11-24T20:30:41.042+0000][gc,heap       ] GC(117) Humongous regions: 178->129
[2024-11-24T20:30:41.043+0000][gc,metaspace  ] GC(117) Metaspace: 45870K(49020K)->45870K(49020K) NonClass: 40064K(41728K)->40064K(41728K) Class: 5805K(7292K)->5805K(7292K)
[2024-11-24T20:30:41.043+0000][gc            ] GC(117) Pause Young (Normal) (G1 Evacuation Pause) 808M->150M(1024M) 4.310ms
[2024-11-24T20:30:41.043+0000][gc,cpu        ] GC(117) User=0.01s Sys=0.00s Real=0.00s
[2024-11-24T22:33:16.386+0000][gc,start      ] GC(118) Pause Young (Normal) (G1 Evacuation Pause)
[2024-11-24T22:33:16.386+0000][gc,task       ] GC(118) Using 4 workers of 4 for evacuation
[2024-11-24T22:33:16.389+0000][gc,phases     ] GC(118)   Pre Evacuate Collection Set: 0.0ms
[2024-11-24T22:33:16.389+0000][gc,phases     ] GC(118)   Evacuate Collection Set: 2.7ms
[2024-11-24T22:33:16.389+0000][gc,phases     ] GC(118)   Post Evacuate Collection Set: 0.5ms
[2024-11-24T22:33:16.389+0000][gc,phases     ] GC(118)   Other: 0.2ms
[2024-11-24T22:33:16.389+0000][gc,heap       ] GC(118) Eden regions: 609->0(610)
[2024-11-24T22:33:16.389+0000][gc,heap       ] GC(118) Survivor regions: 5->4(77)
[2024-11-24T22:33:16.389+0000][gc,heap       ] GC(118) Old regions: 19->19
[2024-11-24T22:33:16.389+0000][gc,heap       ] GC(118) Humongous regions: 129->129
[2024-11-24T22:33:16.389+0000][gc,metaspace  ] GC(118) Metaspace: 45885K(49020K)->45885K(49020K) NonClass: 40080K(41728K)->40080K(41728K) Class: 5805K(7292K)->5805K(7292K)
[2024-11-24T22:33:16.389+0000][gc            ] GC(118) Pause Young (Normal) (G1 Evacuation Pause) 759M->149M(1024M) 3.436ms
[2024-11-24T22:33:16.389+0000][gc,cpu        ] GC(118) User=0.01s Sys=0.00s Real=0.00s
[2024-11-25T00:39:07.787+0000][gc,start      ] GC(119) Pause Young (Normal) (G1 Evacuation Pause)
[2024-11-25T00:39:07.787+0000][gc,task       ] GC(119) Using 4 workers of 4 for evacuation
[2024-11-25T00:39:07.790+0000][gc,phases     ] GC(119)   Pre Evacuate Collection Set: 0.0ms
[2024-11-25T00:39:07.790+0000][gc,phases     ] GC(119)   Evacuate Collection Set: 2.8ms
[2024-11-25T00:39:07.790+0000][gc,phases     ] GC(119)   Post Evacuate Collection Set: 0.4ms
[2024-11-25T00:39:07.790+0000][gc,phases     ] GC(119)   Other: 0.2ms
[2024-11-25T00:39:07.790+0000][gc,heap       ] GC(119) Eden regions: 610->0(611)
[2024-11-25T00:39:07.790+0000][gc,heap       ] GC(119) Survivor regions: 4->3(77)
[2024-11-25T00:39:07.790+0000][gc,heap       ] GC(119) Old regions: 19->19
[2024-11-25T00:39:07.790+0000][gc,heap       ] GC(119) Humongous regions: 129->129
[2024-11-25T00:39:07.790+0000][gc,metaspace  ] GC(119) Metaspace: 45887K(49020K)->45887K(49020K) NonClass: 40081K(41728K)->40081K(41728K) Class: 5805K(7292K)->5805K(7292K)
[2024-11-25T00:39:07.790+0000][gc            ] GC(119) Pause Young (Normal) (G1 Evacuation Pause) 759M->149M(1024M) 3.498ms
[2024-11-25T00:39:07.790+0000][gc,cpu        ] GC(119) User=0.01s Sys=0.00s Real=0.00s
[2024-11-25T02:44:51.694+0000][gc,start      ] GC(120) Pause Young (Normal) (G1 Evacuation Pause)
[2024-11-25T02:44:51.694+0000][gc,task       ] GC(120) Using 4 workers of 4 for evacuation
[2024-11-25T02:44:51.697+0000][gc,phases     ] GC(120)   Pre Evacuate Collection Set: 0.0ms
[2024-11-25T02:44:51.697+0000][gc,phases     ] GC(120)   Evacuate Collection Set: 2.9ms
[2024-11-25T02:44:51.697+0000][gc,phases     ] GC(120)   Post Evacuate Collection Set: 0.5ms
[2024-11-25T02:44:51.697+0000][gc,phases     ] GC(120)   Other: 0.2ms
[2024-11-25T02:44:51.697+0000][gc,heap       ] GC(120) Eden regions: 611->0(610)
[2024-11-25T02:44:51.697+0000][gc,heap       ] GC(120) Survivor regions: 3->4(77)
[2024-11-25T02:44:51.697+0000][gc,heap       ] GC(120) Old regions: 19->19
[2024-11-25T02:44:51.697+0000][gc,heap       ] GC(120) Humongous regions: 129->129
[2024-11-25T02:44:51.697+0000][gc,metaspace  ] GC(120) Metaspace: 45900K(49020K)->45900K(49020K) NonClass: 40094K(41728K)->40094K(41728K) Class: 5805K(7292K)->5805K(7292K)
[2024-11-25T02:44:51.697+0000][gc            ] GC(120) Pause Young (Normal) (G1 Evacuation Pause) 760M->149M(1024M) 3.660ms
[2024-11-25T02:44:51.697+0000][gc,cpu        ] GC(120) User=0.01s Sys=0.00s Real=0.01s
[2024-11-25T04:50:22.787+0000][gc,start      ] GC(121) Pause Young (Normal) (G1 Evacuation Pause)
[2024-11-25T04:50:22.787+0000][gc,task       ] GC(121) Using 4 workers of 4 for evacuation
[2024-11-25T04:50:22.790+0000][gc,phases     ] GC(121)   Pre Evacuate Collection Set: 0.0ms
[2024-11-25T04:50:22.790+0000][gc,phases     ] GC(121)   Evacuate Collection Set: 2.9ms
[2024-11-25T04:50:22.790+0000][gc,phases     ] GC(121)   Post Evacuate Collection Set: 0.5ms
[2024-11-25T04:50:22.790+0000][gc,phases     ] GC(121)   Other: 0.2ms
[2024-11-25T04:50:22.790+0000][gc,heap       ] GC(121) Eden regions: 610->0(610)
[2024-11-25T04:50:22.790+0000][gc,heap       ] GC(121) Survivor regions: 4->4(77)
[2024-11-25T04:50:22.790+0000][gc,heap       ] GC(121) Old regions: 19->19
[2024-11-25T04:50:22.790+0000][gc,heap       ] GC(121) Humongous regions: 129->129
[2024-11-25T04:50:22.790+0000][gc,metaspace  ] GC(121) Metaspace: 45938K(49020K)->45938K(49020K) NonClass: 40132K(41728K)->40132K(41728K) Class: 5805K(7292K)->5805K(7292K)
[2024-11-25T04:50:22.790+0000][gc            ] GC(121) Pause Young (Normal) (G1 Evacuation Pause) 759M->149M(1024M) 3.630ms
[2024-11-25T04:50:22.790+0000][gc,cpu        ] GC(121) User=0.01s Sys=0.00s Real=0.00s
[2024-11-25T06:54:57.787+0000][gc,start      ] GC(122) Pause Young (Normal) (G1 Evacuation Pause)
[2024-11-25T06:54:57.787+0000][gc,task       ] GC(122) Using 4 workers of 4 for evacuation
[2024-11-25T06:54:57.791+0000][gc,phases     ] GC(122)   Pre Evacuate Collection Set: 0.0ms
[2024-11-25T06:54:57.791+0000][gc,phases     ] GC(122)   Evacuate Collection Set: 3.5ms
[2024-11-25T06:54:57.791+0000][gc,phases     ] GC(122)   Post Evacuate Collection Set: 0.4ms
[2024-11-25T06:54:57.791+0000][gc,phases     ] GC(122)   Other: 0.2ms
[2024-11-25T06:54:57.791+0000][gc,heap       ] GC(122) Eden regions: 610->0(611)
[2024-11-25T06:54:57.791+0000][gc,heap       ] GC(122) Survivor regions: 4->3(77)
[2024-11-25T06:54:57.791+0000][gc,heap       ] GC(122) Old regions: 19->19
[2024-11-25T06:54:57.791+0000][gc,heap       ] GC(122) Humongous regions: 129->129
[2024-11-25T06:54:57.791+0000][gc,metaspace  ] GC(122) Metaspace: 45950K(49020K)->45950K(49020K) NonClass: 40144K(41728K)->40144K(41728K) Class: 5805K(7292K)->5805K(7292K)
[2024-11-25T06:54:57.791+0000][gc            ] GC(122) Pause Young (Normal) (G1 Evacuation Pause) 759M->149M(1024M) 4.088ms
[2024-11-25T06:54:57.791+0000][gc,cpu        ] GC(122) User=0.01s Sys=0.00s Real=0.00s
[2024-11-25T08:58:22.428+0000][gc,start      ] GC(123) Pause Young (Normal) (G1 Evacuation Pause)
[2024-11-25T08:58:22.428+0000][gc,task       ] GC(123) Using 4 workers of 4 for evacuation
[2024-11-25T08:58:22.433+0000][gc,phases     ] GC(123)   Pre Evacuate Collection Set: 0.0ms
[2024-11-25T08:58:22.433+0000][gc,phases     ] GC(123)   Evacuate Collection Set: 4.4ms
[2024-11-25T08:58:22.433+0000][gc,phases     ] GC(123)   Post Evacuate Collection Set: 0.5ms
[2024-11-25T08:58:22.433+0000][gc,phases     ] GC(123)   Other: 0.2ms
[2024-11-25T08:58:22.433+0000][gc,heap       ] GC(123) Eden regions: 611->0(610)
[2024-11-25T08:58:22.433+0000][gc,heap       ] GC(123) Survivor regions: 3->4(77)
[2024-11-25T08:58:22.433+0000][gc,heap       ] GC(123) Old regions: 19->19
[2024-11-25T08:58:22.433+0000][gc,heap       ] GC(123) Humongous regions: 129->129
[2024-11-25T08:58:22.433+0000][gc,metaspace  ] GC(123) Metaspace: 45952K(49020K)->45952K(49020K) NonClass: 40146K(41728K)->40146K(41728K) Class: 5805K(7292K)->5805K(7292K)
[2024-11-25T08:58:22.433+0000][gc            ] GC(123) Pause Young (Normal) (G1 Evacuation Pause) 760M->149M(1024M) 5.127ms
[2024-11-25T08:58:22.433+0000][gc,cpu        ] GC(123) User=0.01s Sys=0.00s Real=0.00s
[2024-11-25T11:01:12.472+0000][gc,start      ] GC(124) Pause Young (Normal) (G1 Evacuation Pause)
[2024-11-25T11:01:12.472+0000][gc,task       ] GC(124) Using 4 workers of 4 for evacuation
[2024-11-25T11:01:12.474+0000][gc,phases     ] GC(124)   Pre Evacuate Collection Set: 0.0ms
[2024-11-25T11:01:12.474+0000][gc,phases     ] GC(124)   Evacuate Collection Set: 2.3ms
[2024-11-25T11:01:12.474+0000][gc,phases     ] GC(124)   Post Evacuate Collection Set: 0.3ms
[2024-11-25T11:01:12.474+0000][gc,phases     ] GC(124)   Other: 0.2ms
[2024-11-25T11:01:12.474+0000][gc,heap       ] GC(124) Eden regions: 610->0(611)
[2024-11-25T11:01:12.474+0000][gc,heap       ] GC(124) Survivor regions: 4->3(77)
[2024-11-25T11:01:12.474+0000][gc,heap       ] GC(124) Old regions: 19->19
[2024-11-25T11:01:12.474+0000][gc,heap       ] GC(124) Humongous regions: 129->129
[2024-11-25T11:01:12.474+0000][gc,metaspace  ] GC(124) Metaspace: 45963K(49020K)->45963K(49020K) NonClass: 40158K(41728K)->40158K(41728K) Class: 5805K(7292K)->5805K(7292K)
[2024-11-25T11:01:12.474+0000][gc            ] GC(124) Pause Young (Normal) (G1 Evacuation Pause) 759M->149M(1024M) 2.842ms
[2024-11-25T11:01:12.474+0000][gc,cpu        ] GC(124) User=0.00s Sys=0.00s Real=0.00s
[2024-11-25T13:04:12.446+0000][gc,start      ] GC(125) Pause Young (Normal) (G1 Evacuation Pause)
[2024-11-25T13:04:12.446+0000][gc,task       ] GC(125) Using 4 workers of 4 for evacuation
[2024-11-25T13:04:12.450+0000][gc,phases     ] GC(125)   Pre Evacuate Collection Set: 0.0ms
[2024-11-25T13:04:12.450+0000][gc,phases     ] GC(125)   Evacuate Collection Set: 3.5ms
[2024-11-25T13:04:12.450+0000][gc,phases     ] GC(125)   Post Evacuate Collection Set: 0.4ms
[2024-11-25T13:04:12.450+0000][gc,phases     ] GC(125)   Other: 0.4ms
[2024-11-25T13:04:12.450+0000][gc,heap       ] GC(125) Eden regions: 611->0(610)
[2024-11-25T13:04:12.450+0000][gc,heap       ] GC(125) Survivor regions: 3->4(77)
[2024-11-25T13:04:12.450+0000][gc,heap       ] GC(125) Old regions: 19->19
[2024-11-25T13:04:12.450+0000][gc,heap       ] GC(125) Humongous regions: 129->129
[2024-11-25T13:04:12.450+0000][gc,metaspace  ] GC(125) Metaspace: 45968K(49020K)->45968K(49020K) NonClass: 40162K(41728K)->40162K(41728K) Class: 5805K(7292K)->5805K(7292K)
[2024-11-25T13:04:12.450+0000][gc            ] GC(125) Pause Young (Normal) (G1 Evacuation Pause) 760M->149M(1024M) 4.301ms
[2024-11-25T13:04:12.450+0000][gc,cpu        ] GC(125) User=0.01s Sys=0.00s Real=0.00s
[2024-11-25T15:07:22.787+0000][gc,start      ] GC(126) Pause Young (Normal) (G1 Evacuation Pause)
[2024-11-25T15:07:22.787+0000][gc,task       ] GC(126) Using 4 workers of 4 for evacuation
[2024-11-25T15:07:22.791+0000][gc,phases     ] GC(126)   Pre Evacuate Collection Set: 0.0ms
[2024-11-25T15:07:22.791+0000][gc,phases     ] GC(126)   Evacuate Collection Set: 3.8ms
[2024-11-25T15:07:22.791+0000][gc,phases     ] GC(126)   Post Evacuate Collection Set: 0.6ms
[2024-11-25T15:07:22.791+0000][gc,phases     ] GC(126)   Other: 0.2ms
[2024-11-25T15:07:22.791+0000][gc,heap       ] GC(126) Eden regions: 610->0(611)
[2024-11-25T15:07:22.791+0000][gc,heap       ] GC(126) Survivor regions: 4->3(77)
[2024-11-25T15:07:22.791+0000][gc,heap       ] GC(126) Old regions: 19->19
[2024-11-25T15:07:22.791+0000][gc,heap       ] GC(126) Humongous regions: 129->129
[2024-11-25T15:07:22.791+0000][gc,metaspace  ] GC(126) Metaspace: 45978K(49020K)->45978K(49020K) NonClass: 40173K(41728K)->40173K(41728K) Class: 5805K(7292K)->5805K(7292K)
[2024-11-25T15:07:22.791+0000][gc            ] GC(126) Pause Young (Normal) (G1 Evacuation Pause) 759M->149M(1024M) 4.743ms
[2024-11-25T15:07:22.791+0000][gc,cpu        ] GC(126) User=0.01s Sys=0.00s Real=0.00s
[2024-11-25T16:07:13.244+0000][gc,start      ] GC(127) Pause Young (Concurrent Start) (G1 Humongous Allocation)
[2024-11-25T16:07:13.244+0000][gc,task       ] GC(127) Using 4 workers of 4 for evacuation
[2024-11-25T16:07:13.249+0000][gc,phases     ] GC(127)   Pre Evacuate Collection Set: 0.3ms
[2024-11-25T16:07:13.249+0000][gc,phases     ] GC(127)   Evacuate Collection Set: 3.9ms
[2024-11-25T16:07:13.249+0000][gc,phases     ] GC(127)   Post Evacuate Collection Set: 0.8ms
[2024-11-25T16:07:13.249+0000][gc,phases     ] GC(127)   Other: 0.5ms
[2024-11-25T16:07:13.249+0000][gc,heap       ] GC(127) Eden regions: 305->0(610)
[2024-11-25T16:07:13.249+0000][gc,heap       ] GC(127) Survivor regions: 3->4(77)
[2024-11-25T16:07:13.249+0000][gc,heap       ] GC(127) Old regions: 19->19
[2024-11-25T16:07:13.249+0000][gc,heap       ] GC(127) Humongous regions: 287->129
[2024-11-25T16:07:13.249+0000][gc,metaspace  ] GC(127) Metaspace: 45980K(49020K)->45980K(49020K) NonClass: 40174K(41728K)->40174K(41728K) Class: 5805K(7292K)->5805K(7292K)
[2024-11-25T16:07:13.249+0000][gc            ] GC(127) Pause Young (Concurrent Start) (G1 Humongous Allocation) 611M->149M(1024M) 5.441ms
[2024-11-25T16:07:13.249+0000][gc,cpu        ] GC(127) User=0.01s Sys=0.00s Real=0.00s
[2024-11-25T16:07:13.249+0000][gc            ] GC(128) Concurrent Cycle
[2024-11-25T16:07:13.249+0000][gc,marking    ] GC(128) Concurrent Clear Claimed Marks
[2024-11-25T16:07:13.250+0000][gc,marking    ] GC(128) Concurrent Clear Claimed Marks 0.404ms
[2024-11-25T16:07:13.250+0000][gc,marking    ] GC(128) Concurrent Scan Root Regions
[2024-11-25T16:07:13.253+0000][gc,marking    ] GC(128) Concurrent Scan Root Regions 2.836ms
[2024-11-25T16:07:13.253+0000][gc,marking    ] GC(128) Concurrent Mark (884697.449s)
[2024-11-25T16:07:13.253+0000][gc,marking    ] GC(128) Concurrent Mark From Roots
[2024-11-25T16:07:13.253+0000][gc,task       ] GC(128) Using 1 workers of 1 for marking
[2024-11-25T16:07:13.279+0000][gc,marking    ] GC(128) Concurrent Mark From Roots 26.355ms
[2024-11-25T16:07:13.279+0000][gc,marking    ] GC(128) Concurrent Preclean
[2024-11-25T16:07:13.280+0000][gc,marking    ] GC(128) Concurrent Preclean 0.475ms
[2024-11-25T16:07:13.280+0000][gc,marking    ] GC(128) Concurrent Mark (884697.449s, 884697.476s) 26.893ms
[2024-11-25T16:07:13.280+0000][gc,start      ] GC(128) Pause Remark
[2024-11-25T16:07:13.293+0000][gc,stringtable] GC(128) Cleaned string and symbol table, strings: 14021 processed, 390 removed, symbols: 91785 processed, 5 removed
[2024-11-25T16:07:13.294+0000][gc            ] GC(128) Pause Remark 208M->208M(1024M) 13.875ms
[2024-11-25T16:07:13.294+0000][gc,cpu        ] GC(128) User=0.04s Sys=0.00s Real=0.01s
[2024-11-25T16:07:13.294+0000][gc,marking    ] GC(128) Concurrent Rebuild Remembered Sets
[2024-11-25T16:07:13.304+0000][gc,marking    ] GC(128) Concurrent Rebuild Remembered Sets 10.100ms
[2024-11-25T16:07:13.304+0000][gc,start      ] GC(128) Pause Cleanup
[2024-11-25T16:07:13.304+0000][gc            ] GC(128) Pause Cleanup 208M->208M(1024M) 0.100ms
[2024-11-25T16:07:13.304+0000][gc,cpu        ] GC(128) User=0.00s Sys=0.00s Real=0.00s
[2024-11-25T16:07:13.304+0000][gc,marking    ] GC(128) Concurrent Cleanup for Next Mark
[2024-11-25T16:07:13.305+0000][gc,marking    ] GC(128) Concurrent Cleanup for Next Mark 1.069ms
[2024-11-25T16:07:13.305+0000][gc            ] GC(128) Concurrent Cycle 55.974ms
[2024-11-25T18:09:27.520+0000][gc,start      ] GC(129) Pause Young (Normal) (G1 Evacuation Pause)
[2024-11-25T18:09:27.520+0000][gc,task       ] GC(129) Using 4 workers of 4 for evacuation
[2024-11-25T18:09:27.525+0000][gc,phases     ] GC(129)   Pre Evacuate Collection Set: 0.0ms
[2024-11-25T18:09:27.525+0000][gc,phases     ] GC(129)   Evacuate Collection Set: 3.8ms
[2024-11-25T18:09:27.525+0000][gc,phases     ] GC(129)   Post Evacuate Collection Set: 0.9ms
[2024-11-25T18:09:27.525+0000][gc,phases     ] GC(129)   Other: 0.2ms
[2024-11-25T18:09:27.525+0000][gc,heap       ] GC(129) Eden regions: 610->0(610)
[2024-11-25T18:09:27.525+0000][gc,heap       ] GC(129) Survivor regions: 4->4(77)
[2024-11-25T18:09:27.525+0000][gc,heap       ] GC(129) Old regions: 19->19
[2024-11-25T18:09:27.525+0000][gc,heap       ] GC(129) Humongous regions: 273->129
[2024-11-25T18:09:27.525+0000][gc,metaspace  ] GC(129) Metaspace: 45831K(49020K)->45831K(49020K) NonClass: 40070K(41728K)->40070K(41728K) Class: 5761K(7292K)->5761K(7292K)
[2024-11-25T18:09:27.525+0000][gc            ] GC(129) Pause Young (Normal) (G1 Evacuation Pause) 903M->149M(1024M) 4.946ms
[2024-11-25T18:09:27.525+0000][gc,cpu        ] GC(129) User=0.01s Sys=0.00s Real=0.01s
[2024-11-25T20:13:15.110+0000][gc,start      ] GC(130) Pause Young (Normal) (G1 Evacuation Pause)
[2024-11-25T20:13:15.110+0000][gc,task       ] GC(130) Using 4 workers of 4 for evacuation
[2024-11-25T20:13:15.115+0000][gc,phases     ] GC(130)   Pre Evacuate Collection Set: 0.0ms
[2024-11-25T20:13:15.115+0000][gc,phases     ] GC(130)   Evacuate Collection Set: 3.2ms
[2024-11-25T20:13:15.115+0000][gc,phases     ] GC(130)   Post Evacuate Collection Set: 0.8ms
[2024-11-25T20:13:15.115+0000][gc,phases     ] GC(130)   Other: 0.2ms
[2024-11-25T20:13:15.115+0000][gc,heap       ] GC(130) Eden regions: 610->0(610)
[2024-11-25T20:13:15.115+0000][gc,heap       ] GC(130) Survivor regions: 4->4(77)
[2024-11-25T20:13:15.115+0000][gc,heap       ] GC(130) Old regions: 19->19
[2024-11-25T20:13:15.115+0000][gc,heap       ] GC(130) Humongous regions: 129->129
[2024-11-25T20:13:15.115+0000][gc,metaspace  ] GC(130) Metaspace: 45831K(49020K)->45831K(49020K) NonClass: 40070K(41728K)->40070K(41728K) Class: 5761K(7292K)->5761K(7292K)
[2024-11-25T20:13:15.115+0000][gc            ] GC(130) Pause Young (Normal) (G1 Evacuation Pause) 759M->149M(1024M) 4.223ms
[2024-11-25T20:13:15.115+0000][gc,cpu        ] GC(130) User=0.01s Sys=0.00s Real=0.00s
[2024-11-25T22:16:27.787+0000][gc,start      ] GC(131) Pause Young (Normal) (G1 Evacuation Pause)
[2024-11-25T22:16:27.787+0000][gc,task       ] GC(131) Using 4 workers of 4 for evacuation
[2024-11-25T22:16:27.790+0000][gc,phases     ] GC(131)   Pre Evacuate Collection Set: 0.0ms
[2024-11-25T22:16:27.790+0000][gc,phases     ] GC(131)   Evacuate Collection Set: 3.2ms
[2024-11-25T22:16:27.790+0000][gc,phases     ] GC(131)   Post Evacuate Collection Set: 0.4ms
[2024-11-25T22:16:27.790+0000][gc,phases     ] GC(131)   Other: 0.2ms
[2024-11-25T22:16:27.790+0000][gc,heap       ] GC(131) Eden regions: 610->0(610)
[2024-11-25T22:16:27.790+0000][gc,heap       ] GC(131) Survivor regions: 4->4(77)
[2024-11-25T22:16:27.790+0000][gc,heap       ] GC(131) Old regions: 19->19
[2024-11-25T22:16:27.790+0000][gc,heap       ] GC(131) Humongous regions: 129->129
[2024-11-25T22:16:27.790+0000][gc,metaspace  ] GC(131) Metaspace: 45833K(49020K)->45833K(49020K) NonClass: 40072K(41728K)->40072K(41728K) Class: 5761K(7292K)->5761K(7292K)
[2024-11-25T22:16:27.790+0000][gc            ] GC(131) Pause Young (Normal) (G1 Evacuation Pause) 759M->149M(1024M) 3.788ms
[2024-11-25T22:16:27.790+0000][gc,cpu        ] GC(131) User=0.01s Sys=0.00s Real=0.00s
[2024-11-26T00:18:22.787+0000][gc,start      ] GC(132) Pause Young (Normal) (G1 Evacuation Pause)
[2024-11-26T00:18:22.787+0000][gc,task       ] GC(132) Using 4 workers of 4 for evacuation
[2024-11-26T00:18:22.791+0000][gc,phases     ] GC(132)   Pre Evacuate Collection Set: 0.0ms
[2024-11-26T00:18:22.791+0000][gc,phases     ] GC(132)   Evacuate Collection Set: 4.0ms
[2024-11-26T00:18:22.791+0000][gc,phases     ] GC(132)   Post Evacuate Collection Set: 0.5ms
[2024-11-26T00:18:22.791+0000][gc,phases     ] GC(132)   Other: 0.3ms
[2024-11-26T00:18:22.791+0000][gc,heap       ] GC(132) Eden regions: 610->0(610)
[2024-11-26T00:18:22.791+0000][gc,heap       ] GC(132) Survivor regions: 4->4(77)
[2024-11-26T00:18:22.791+0000][gc,heap       ] GC(132) Old regions: 19->19
[2024-11-26T00:18:22.791+0000][gc,heap       ] GC(132) Humongous regions: 129->129
[2024-11-26T00:18:22.791+0000][gc,metaspace  ] GC(132) Metaspace: 45870K(49276K)->45870K(49276K) NonClass: 40108K(41984K)->40108K(41984K) Class: 5761K(7292K)->5761K(7292K)
[2024-11-26T00:18:22.791+0000][gc            ] GC(132) Pause Young (Normal) (G1 Evacuation Pause) 759M->149M(1024M) 4.868ms
[2024-11-26T00:18:22.792+0000][gc,cpu        ] GC(132) User=0.02s Sys=0.00s Real=0.00s
[2024-11-26T02:20:54.594+0000][gc,start      ] GC(133) Pause Young (Normal) (G1 Evacuation Pause)
[2024-11-26T02:20:54.594+0000][gc,task       ] GC(133) Using 4 workers of 4 for evacuation
[2024-11-26T02:20:54.597+0000][gc,phases     ] GC(133)   Pre Evacuate Collection Set: 0.0ms
[2024-11-26T02:20:54.597+0000][gc,phases     ] GC(133)   Evacuate Collection Set: 2.8ms
[2024-11-26T02:20:54.597+0000][gc,phases     ] GC(133)   Post Evacuate Collection Set: 0.4ms
[2024-11-26T02:20:54.597+0000][gc,phases     ] GC(133)   Other: 0.2ms
[2024-11-26T02:20:54.597+0000][gc,heap       ] GC(133) Eden regions: 610->0(611)
[2024-11-26T02:20:54.597+0000][gc,heap       ] GC(133) Survivor regions: 4->3(77)
[2024-11-26T02:20:54.597+0000][gc,heap       ] GC(133) Old regions: 19->19
[2024-11-26T02:20:54.597+0000][gc,heap       ] GC(133) Humongous regions: 129->129
[2024-11-26T02:20:54.597+0000][gc,metaspace  ] GC(133) Metaspace: 46071K(49276K)->46071K(49276K) NonClass: 40309K(41984K)->40309K(41984K) Class: 5761K(7292K)->5761K(7292K)
[2024-11-26T02:20:54.597+0000][gc            ] GC(133) Pause Young (Normal) (G1 Evacuation Pause) 759M->149M(1024M) 3.442ms
[2024-11-26T02:20:54.597+0000][gc,cpu        ] GC(133) User=0.01s Sys=0.00s Real=0.01s
[2024-11-26T04:23:20.588+0000][gc,start      ] GC(134) Pause Young (Normal) (G1 Evacuation Pause)
[2024-11-26T04:23:20.588+0000][gc,task       ] GC(134) Using 4 workers of 4 for evacuation
[2024-11-26T04:23:20.592+0000][gc,phases     ] GC(134)   Pre Evacuate Collection Set: 0.0ms
[2024-11-26T04:23:20.592+0000][gc,phases     ] GC(134)   Evacuate Collection Set: 2.9ms
[2024-11-26T04:23:20.592+0000][gc,phases     ] GC(134)   Post Evacuate Collection Set: 0.8ms
[2024-11-26T04:23:20.592+0000][gc,phases     ] GC(134)   Other: 0.2ms
[2024-11-26T04:23:20.592+0000][gc,heap       ] GC(134) Eden regions: 611->0(611)
[2024-11-26T04:23:20.592+0000][gc,heap       ] GC(134) Survivor regions: 3->3(77)
[2024-11-26T04:23:20.592+0000][gc,heap       ] GC(134) Old regions: 19->19
[2024-11-26T04:23:20.592+0000][gc,heap       ] GC(134) Humongous regions: 129->129
[2024-11-26T04:23:20.592+0000][gc,metaspace  ] GC(134) Metaspace: 46072K(49276K)->46072K(49276K) NonClass: 40310K(41984K)->40310K(41984K) Class: 5761K(7292K)->5761K(7292K)
[2024-11-26T04:23:20.592+0000][gc            ] GC(134) Pause Young (Normal) (G1 Evacuation Pause) 760M->149M(1024M) 4.013ms
[2024-11-26T04:23:20.592+0000][gc,cpu        ] GC(134) User=0.01s Sys=0.00s Real=0.00s
[2024-11-26T06:26:19.079+0000][gc,start      ] GC(135) Pause Young (Normal) (G1 Evacuation Pause)
[2024-11-26T06:26:19.079+0000][gc,task       ] GC(135) Using 4 workers of 4 for evacuation
[2024-11-26T06:26:19.083+0000][gc,phases     ] GC(135)   Pre Evacuate Collection Set: 0.0ms
[2024-11-26T06:26:19.083+0000][gc,phases     ] GC(135)   Evacuate Collection Set: 3.1ms
[2024-11-26T06:26:19.083+0000][gc,phases     ] GC(135)   Post Evacuate Collection Set: 1.0ms
[2024-11-26T06:26:19.083+0000][gc,phases     ] GC(135)   Other: 0.2ms
[2024-11-26T06:26:19.083+0000][gc,heap       ] GC(135) Eden regions: 611->0(610)
[2024-11-26T06:26:19.083+0000][gc,heap       ] GC(135) Survivor regions: 3->4(77)
[2024-11-26T06:26:19.083+0000][gc,heap       ] GC(135) Old regions: 19->19
[2024-11-26T06:26:19.083+0000][gc,heap       ] GC(135) Humongous regions: 129->129
[2024-11-26T06:26:19.083+0000][gc,metaspace  ] GC(135) Metaspace: 46073K(49276K)->46073K(49276K) NonClass: 40311K(41984K)->40311K(41984K) Class: 5761K(7292K)->5761K(7292K)
[2024-11-26T06:26:19.083+0000][gc            ] GC(135) Pause Young (Normal) (G1 Evacuation Pause) 760M->150M(1024M) 4.368ms
[2024-11-26T06:26:19.083+0000][gc,cpu        ] GC(135) User=0.02s Sys=0.00s Real=0.01s
[2024-11-26T08:30:05.588+0000][gc,start      ] GC(136) Pause Young (Normal) (G1 Evacuation Pause)
[2024-11-26T08:30:05.588+0000][gc,task       ] GC(136) Using 4 workers of 4 for evacuation
[2024-11-26T08:30:05.592+0000][gc,phases     ] GC(136)   Pre Evacuate Collection Set: 0.0ms
[2024-11-26T08:30:05.592+0000][gc,phases     ] GC(136)   Evacuate Collection Set: 3.1ms
[2024-11-26T08:30:05.592+0000][gc,phases     ] GC(136)   Post Evacuate Collection Set: 0.5ms
[2024-11-26T08:30:05.592+0000][gc,phases     ] GC(136)   Other: 0.2ms
[2024-11-26T08:30:05.592+0000][gc,heap       ] GC(136) Eden regions: 610->0(610)
[2024-11-26T08:30:05.592+0000][gc,heap       ] GC(136) Survivor regions: 4->4(77)
[2024-11-26T08:30:05.592+0000][gc,heap       ] GC(136) Old regions: 19->19
[2024-11-26T08:30:05.592+0000][gc,heap       ] GC(136) Humongous regions: 129->129
[2024-11-26T08:30:05.592+0000][gc,metaspace  ] GC(136) Metaspace: 46073K(49276K)->46073K(49276K) NonClass: 40311K(41984K)->40311K(41984K) Class: 5761K(7292K)->5761K(7292K)
[2024-11-26T08:30:05.592+0000][gc            ] GC(136) Pause Young (Normal) (G1 Evacuation Pause) 760M->150M(1024M) 3.768ms
[2024-11-26T08:30:05.592+0000][gc,cpu        ] GC(136) User=0.01s Sys=0.00s Real=0.00s
[2024-11-26T10:32:57.787+0000][gc,start      ] GC(137) Pause Young (Normal) (G1 Evacuation Pause)
[2024-11-26T10:32:57.787+0000][gc,task       ] GC(137) Using 4 workers of 4 for evacuation
[2024-11-26T10:32:57.792+0000][gc,phases     ] GC(137)   Pre Evacuate Collection Set: 0.0ms
[2024-11-26T10:32:57.792+0000][gc,phases     ] GC(137)   Evacuate Collection Set: 4.1ms
[2024-11-26T10:32:57.792+0000][gc,phases     ] GC(137)   Post Evacuate Collection Set: 0.6ms
[2024-11-26T10:32:57.792+0000][gc,phases     ] GC(137)   Other: 0.2ms
[2024-11-26T10:32:57.792+0000][gc,heap       ] GC(137) Eden regions: 610->0(610)
[2024-11-26T10:32:57.792+0000][gc,heap       ] GC(137) Survivor regions: 4->4(77)
[2024-11-26T10:32:57.792+0000][gc,heap       ] GC(137) Old regions: 19->19
[2024-11-26T10:32:57.792+0000][gc,heap       ] GC(137) Humongous regions: 178->129
[2024-11-26T10:32:57.792+0000][gc,metaspace  ] GC(137) Metaspace: 46073K(49276K)->46073K(49276K) NonClass: 40311K(41984K)->40311K(41984K) Class: 5761K(7292K)->5761K(7292K)
[2024-11-26T10:32:57.792+0000][gc            ] GC(137) Pause Young (Normal) (G1 Evacuation Pause) 809M->150M(1024M) 5.096ms
[2024-11-26T10:32:57.792+0000][gc,cpu        ] GC(137) User=0.02s Sys=0.00s Real=0.00s
[2024-11-26T12:33:59.528+0000][gc,start      ] GC(138) Pause Young (Normal) (G1 Evacuation Pause)
[2024-11-26T12:33:59.528+0000][gc,task       ] GC(138) Using 4 workers of 4 for evacuation
[2024-11-26T12:33:59.533+0000][gc,phases     ] GC(138)   Pre Evacuate Collection Set: 0.0ms
[2024-11-26T12:33:59.533+0000][gc,phases     ] GC(138)   Evacuate Collection Set: 3.4ms
[2024-11-26T12:33:59.533+0000][gc,phases     ] GC(138)   Post Evacuate Collection Set: 0.7ms
[2024-11-26T12:33:59.533+0000][gc,phases     ] GC(138)   Other: 0.2ms
[2024-11-26T12:33:59.533+0000][gc,heap       ] GC(138) Eden regions: 610->0(610)
[2024-11-26T12:33:59.533+0000][gc,heap       ] GC(138) Survivor regions: 4->4(77)
[2024-11-26T12:33:59.533+0000][gc,heap       ] GC(138) Old regions: 19->19
[2024-11-26T12:33:59.533+0000][gc,heap       ] GC(138) Humongous regions: 129->129
[2024-11-26T12:33:59.533+0000][gc,metaspace  ] GC(138) Metaspace: 46073K(49276K)->46073K(49276K) NonClass: 40311K(41984K)->40311K(41984K) Class: 5761K(7292K)->5761K(7292K)
[2024-11-26T12:33:59.533+0000][gc            ] GC(138) Pause Young (Normal) (G1 Evacuation Pause) 760M->150M(1024M) 4.321ms
[2024-11-26T12:33:59.533+0000][gc,cpu        ] GC(138) User=0.01s Sys=0.00s Real=0.00s
[2024-11-26T14:37:34.376+0000][gc,start      ] GC(139) Pause Young (Normal) (G1 Evacuation Pause)
[2024-11-26T14:37:34.376+0000][gc,task       ] GC(139) Using 4 workers of 4 for evacuation
[2024-11-26T14:37:34.380+0000][gc,phases     ] GC(139)   Pre Evacuate Collection Set: 0.0ms
[2024-11-26T14:37:34.380+0000][gc,phases     ] GC(139)   Evacuate Collection Set: 3.6ms
[2024-11-26T14:37:34.380+0000][gc,phases     ] GC(139)   Post Evacuate Collection Set: 0.5ms
[2024-11-26T14:37:34.380+0000][gc,phases     ] GC(139)   Other: 0.2ms
[2024-11-26T14:37:34.380+0000][gc,heap       ] GC(139) Eden regions: 610->0(610)
[2024-11-26T14:37:34.380+0000][gc,heap       ] GC(139) Survivor regions: 4->4(77)
[2024-11-26T14:37:34.380+0000][gc,heap       ] GC(139) Old regions: 19->19
[2024-11-26T14:37:34.380+0000][gc,heap       ] GC(139) Humongous regions: 129->129
[2024-11-26T14:37:34.380+0000][gc,metaspace  ] GC(139) Metaspace: 46079K(49276K)->46079K(49276K) NonClass: 40317K(41984K)->40317K(41984K) Class: 5761K(7292K)->5761K(7292K)
[2024-11-26T14:37:34.380+0000][gc            ] GC(139) Pause Young (Normal) (G1 Evacuation Pause) 760M->150M(1024M) 4.282ms
[2024-11-26T14:37:34.380+0000][gc,cpu        ] GC(139) User=0.01s Sys=0.00s Real=0.00s
[2024-11-26T16:39:19.412+0000][gc,start      ] GC(140) Pause Young (Normal) (G1 Evacuation Pause)
[2024-11-26T16:39:19.412+0000][gc,task       ] GC(140) Using 4 workers of 4 for evacuation
[2024-11-26T16:39:19.416+0000][gc,phases     ] GC(140)   Pre Evacuate Collection Set: 0.0ms
[2024-11-26T16:39:19.416+0000][gc,phases     ] GC(140)   Evacuate Collection Set: 3.0ms
[2024-11-26T16:39:19.416+0000][gc,phases     ] GC(140)   Post Evacuate Collection Set: 0.8ms
[2024-11-26T16:39:19.416+0000][gc,phases     ] GC(140)   Other: 0.2ms
[2024-11-26T16:39:19.416+0000][gc,heap       ] GC(140) Eden regions: 610->0(610)
[2024-11-26T16:39:19.416+0000][gc,heap       ] GC(140) Survivor regions: 4->4(77)
[2024-11-26T16:39:19.416+0000][gc,heap       ] GC(140) Old regions: 19->19
[2024-11-26T16:39:19.416+0000][gc,heap       ] GC(140) Humongous regions: 129->129
[2024-11-26T16:39:19.416+0000][gc,metaspace  ] GC(140) Metaspace: 46086K(49276K)->46086K(49276K) NonClass: 40324K(41984K)->40324K(41984K) Class: 5761K(7292K)->5761K(7292K)
[2024-11-26T16:39:19.416+0000][gc            ] GC(140) Pause Young (Normal) (G1 Evacuation Pause) 760M->150M(1024M) 4.079ms
[2024-11-26T16:39:19.416+0000][gc,cpu        ] GC(140) User=0.01s Sys=0.00s Real=0.01s
[2024-11-26T18:42:05.875+0000][gc,start      ] GC(141) Pause Young (Normal) (G1 Evacuation Pause)
[2024-11-26T18:42:05.875+0000][gc,task       ] GC(141) Using 4 workers of 4 for evacuation
[2024-11-26T18:42:05.880+0000][gc,phases     ] GC(141)   Pre Evacuate Collection Set: 0.0ms
[2024-11-26T18:42:05.880+0000][gc,phases     ] GC(141)   Evacuate Collection Set: 3.6ms
[2024-11-26T18:42:05.880+0000][gc,phases     ] GC(141)   Post Evacuate Collection Set: 0.9ms
[2024-11-26T18:42:05.880+0000][gc,phases     ] GC(141)   Other: 0.2ms
[2024-11-26T18:42:05.880+0000][gc,heap       ] GC(141) Eden regions: 610->0(610)
[2024-11-26T18:42:05.880+0000][gc,heap       ] GC(141) Survivor regions: 4->4(77)
[2024-11-26T18:42:05.880+0000][gc,heap       ] GC(141) Old regions: 19->19
[2024-11-26T18:42:05.880+0000][gc,heap       ] GC(141) Humongous regions: 129->129
[2024-11-26T18:42:05.880+0000][gc,metaspace  ] GC(141) Metaspace: 46086K(49276K)->46086K(49276K) NonClass: 40324K(41984K)->40324K(41984K) Class: 5761K(7292K)->5761K(7292K)
[2024-11-26T18:42:05.880+0000][gc            ] GC(141) Pause Young (Normal) (G1 Evacuation Pause) 760M->149M(1024M) 4.827ms
[2024-11-26T18:42:05.880+0000][gc,cpu        ] GC(141) User=0.02s Sys=0.00s Real=0.00s
[2024-11-26T20:43:15.029+0000][gc,start      ] GC(142) Pause Young (Normal) (G1 Evacuation Pause)
[2024-11-26T20:43:15.029+0000][gc,task       ] GC(142) Using 4 workers of 4 for evacuation
[2024-11-26T20:43:15.033+0000][gc,phases     ] GC(142)   Pre Evacuate Collection Set: 0.0ms
[2024-11-26T20:43:15.033+0000][gc,phases     ] GC(142)   Evacuate Collection Set: 3.3ms
[2024-11-26T20:43:15.033+0000][gc,phases     ] GC(142)   Post Evacuate Collection Set: 0.4ms
[2024-11-26T20:43:15.033+0000][gc,phases     ] GC(142)   Other: 0.2ms
[2024-11-26T20:43:15.033+0000][gc,heap       ] GC(142) Eden regions: 610->0(610)
[2024-11-26T20:43:15.033+0000][gc,heap       ] GC(142) Survivor regions: 4->4(77)
[2024-11-26T20:43:15.033+0000][gc,heap       ] GC(142) Old regions: 19->19
[2024-11-26T20:43:15.033+0000][gc,heap       ] GC(142) Humongous regions: 129->129
[2024-11-26T20:43:15.033+0000][gc,metaspace  ] GC(142) Metaspace: 46087K(49276K)->46087K(49276K) NonClass: 40325K(41984K)->40325K(41984K) Class: 5761K(7292K)->5761K(7292K)
[2024-11-26T20:43:15.033+0000][gc            ] GC(142) Pause Young (Normal) (G1 Evacuation Pause) 759M->149M(1024M) 3.994ms
[2024-11-26T20:43:15.033+0000][gc,cpu        ] GC(142) User=0.02s Sys=0.00s Real=0.00s
[2024-11-26T22:46:07.189+0000][gc,start      ] GC(143) Pause Young (Normal) (G1 Evacuation Pause)
[2024-11-26T22:46:07.189+0000][gc,task       ] GC(143) Using 4 workers of 4 for evacuation
[2024-11-26T22:46:07.211+0000][gc,mmu        ] GC(143) MMU target violated: 21.0ms (20.0ms/21.0ms)
[2024-11-26T22:46:07.211+0000][gc,phases     ] GC(143)   Pre Evacuate Collection Set: 0.0ms
[2024-11-26T22:46:07.211+0000][gc,phases     ] GC(143)   Evacuate Collection Set: 21.4ms
[2024-11-26T22:46:07.211+0000][gc,phases     ] GC(143)   Post Evacuate Collection Set: 0.4ms
[2024-11-26T22:46:07.211+0000][gc,phases     ] GC(143)   Other: 0.5ms
[2024-11-26T22:46:07.211+0000][gc,heap       ] GC(143) Eden regions: 610->0(610)
[2024-11-26T22:46:07.211+0000][gc,heap       ] GC(143) Survivor regions: 4->4(77)
[2024-11-26T22:46:07.211+0000][gc,heap       ] GC(143) Old regions: 19->19
[2024-11-26T22:46:07.211+0000][gc,heap       ] GC(143) Humongous regions: 129->129
[2024-11-26T22:46:07.211+0000][gc,metaspace  ] GC(143) Metaspace: 46087K(49276K)->46087K(49276K) NonClass: 40325K(41984K)->40325K(41984K) Class: 5761K(7292K)->5761K(7292K)
[2024-11-26T22:46:07.211+0000][gc            ] GC(143) Pause Young (Normal) (G1 Evacuation Pause) 759M->149M(1024M) 22.379ms
[2024-11-26T22:46:07.211+0000][gc,cpu        ] GC(143) User=0.02s Sys=0.00s Real=0.02s
[2024-11-27T00:47:34.292+0000][gc,start      ] GC(144) Pause Young (Normal) (G1 Evacuation Pause)
[2024-11-27T00:47:34.292+0000][gc,task       ] GC(144) Using 4 workers of 4 for evacuation
[2024-11-27T00:47:34.303+0000][gc,phases     ] GC(144)   Pre Evacuate Collection Set: 0.0ms
[2024-11-27T00:47:34.304+0000][gc,phases     ] GC(144)   Evacuate Collection Set: 7.1ms
[2024-11-27T00:47:34.304+0000][gc,phases     ] GC(144)   Post Evacuate Collection Set: 4.4ms
[2024-11-27T00:47:34.304+0000][gc,phases     ] GC(144)   Other: 0.2ms
[2024-11-27T00:47:34.304+0000][gc,heap       ] GC(144) Eden regions: 610->0(610)
[2024-11-27T00:47:34.304+0000][gc,heap       ] GC(144) Survivor regions: 4->4(77)
[2024-11-27T00:47:34.304+0000][gc,heap       ] GC(144) Old regions: 19->19
[2024-11-27T00:47:34.304+0000][gc,heap       ] GC(144) Humongous regions: 129->129
[2024-11-27T00:47:34.304+0000][gc,metaspace  ] GC(144) Metaspace: 46087K(49276K)->46087K(49276K) NonClass: 40325K(41984K)->40325K(41984K) Class: 5761K(7292K)->5761K(7292K)
[2024-11-27T00:47:34.304+0000][gc            ] GC(144) Pause Young (Normal) (G1 Evacuation Pause) 759M->149M(1024M) 11.726ms
[2024-11-27T00:47:34.304+0000][gc,cpu        ] GC(144) User=0.02s Sys=0.00s Real=0.02s
[2024-11-27T02:50:50.292+0000][gc,start      ] GC(145) Pause Young (Normal) (G1 Evacuation Pause)
[2024-11-27T02:50:50.292+0000][gc,task       ] GC(145) Using 4 workers of 4 for evacuation
[2024-11-27T02:50:50.317+0000][gc,mmu        ] GC(145) MMU target violated: 21.0ms (20.0ms/21.0ms)
[2024-11-27T02:50:50.317+0000][gc,phases     ] GC(145)   Pre Evacuate Collection Set: 0.0ms
[2024-11-27T02:50:50.317+0000][gc,phases     ] GC(145)   Evacuate Collection Set: 24.1ms
[2024-11-27T02:50:50.317+0000][gc,phases     ] GC(145)   Post Evacuate Collection Set: 0.3ms
[2024-11-27T02:50:50.317+0000][gc,phases     ] GC(145)   Other: 0.2ms
[2024-11-27T02:50:50.317+0000][gc,heap       ] GC(145) Eden regions: 610->0(610)
[2024-11-27T02:50:50.317+0000][gc,heap       ] GC(145) Survivor regions: 4->4(77)
[2024-11-27T02:50:50.317+0000][gc,heap       ] GC(145) Old regions: 19->19
[2024-11-27T02:50:50.317+0000][gc,heap       ] GC(145) Humongous regions: 129->129
[2024-11-27T02:50:50.317+0000][gc,metaspace  ] GC(145) Metaspace: 46087K(49276K)->46087K(49276K) NonClass: 40325K(41984K)->40325K(41984K) Class: 5761K(7292K)->5761K(7292K)
[2024-11-27T02:50:50.317+0000][gc            ] GC(145) Pause Young (Normal) (G1 Evacuation Pause) 759M->149M(1024M) 24.652ms
[2024-11-27T02:50:50.317+0000][gc,cpu        ] GC(145) User=0.02s Sys=0.00s Real=0.03s
[2024-11-27T03:20:50.813+0000][gc,heap,exit  ] Heap
[2024-11-27T03:20:50.813+0000][gc,heap,exit  ]  garbage-first heap   total 1048576K, used 284255K [0x00000000c0000000, 0x0000000100000000)
[2024-11-27T03:20:50.813+0000][gc,heap,exit  ]   region size 1024K, 133 young (136192K), 4 survivors (4096K)
[2024-11-27T03:20:50.813+0000][gc,heap,exit  ]  Metaspace       used 46914K, capacity 50033K, committed 50300K, reserved 1091584K
[2024-11-27T03:20:50.813+0000][gc,heap,exit  ]   class space    used 5988K, capacity 7444K, committed 7548K, reserved 1048576K
