[2024-12-03T11:57:50.678+0000][gc,heap] Heap region size: 1M
[2024-12-03T11:57:50.703+0000][gc     ] Using G1
[2024-12-03T11:57:50.703+0000][gc,heap,coops] Heap address: 0x00000000c0000000, size: 1024 MB, Compressed Oops mode: 32-bit
[2024-12-03T11:57:50.703+0000][gc,cds       ] Mark closed archive regions in map: [0x00000000fff00000, 0x00000000fff6bff8]
[2024-12-03T11:57:50.703+0000][gc,cds       ] Mark open archive regions in map: [0x00000000ffe00000, 0x00000000ffe47ff8]
[2024-12-03T11:57:52.109+0000][gc,start     ] GC(0) Pause Young (Normal) (G1 Evacuation Pause)
[2024-12-03T11:57:52.116+0000][gc,task      ] GC(0) Using 4 workers of 4 for evacuation
[2024-12-03T11:57:52.129+0000][gc,phases    ] GC(0)   Pre Evacuate Collection Set: 0.0ms
[2024-12-03T11:57:52.129+0000][gc,phases    ] GC(0)   Evacuate Collection Set: 12.7ms
[2024-12-03T11:57:52.129+0000][gc,phases    ] GC(0)   Post Evacuate Collection Set: 0.3ms
[2024-12-03T11:57:52.129+0000][gc,phases    ] GC(0)   Other: 7.3ms
[2024-12-03T11:57:52.129+0000][gc,heap      ] GC(0) Eden regions: 51->0(44)
[2024-12-03T11:57:52.129+0000][gc,heap      ] GC(0) Survivor regions: 0->7(7)
[2024-12-03T11:57:52.129+0000][gc,heap      ] GC(0) Old regions: 2->2
[2024-12-03T11:57:52.129+0000][gc,heap      ] GC(0) Humongous regions: 0->0
[2024-12-03T11:57:52.129+0000][gc,metaspace ] GC(0) Metaspace: 15216K(16000K)->15216K(16000K) NonClass: 13336K(13824K)->13336K(13824K) Class: 1880K(2176K)->1880K(2176K)
[2024-12-03T11:57:52.129+0000][gc           ] GC(0) Pause Young (Normal) (G1 Evacuation Pause) 51M->7M(1024M) 20.347ms
[2024-12-03T11:57:52.129+0000][gc,cpu       ] GC(0) User=0.02s Sys=0.00s Real=0.02s
[2024-12-03T11:57:52.820+0000][gc,start     ] GC(1) Pause Young (Concurrent Start) (Metadata GC Threshold)
[2024-12-03T11:57:52.820+0000][gc,task      ] GC(1) Using 4 workers of 4 for evacuation
[2024-12-03T11:57:52.843+0000][gc,mmu       ] GC(1) MMU target violated: 21.0ms (20.0ms/21.0ms)
[2024-12-03T11:57:52.843+0000][gc,phases    ] GC(1)   Pre Evacuate Collection Set: 0.1ms
[2024-12-03T11:57:52.843+0000][gc,phases    ] GC(1)   Evacuate Collection Set: 18.4ms
[2024-12-03T11:57:52.843+0000][gc,phases    ] GC(1)   Post Evacuate Collection Set: 4.2ms
[2024-12-03T11:57:52.843+0000][gc,phases    ] GC(1)   Other: 0.2ms
[2024-12-03T11:57:52.843+0000][gc,heap      ] GC(1) Eden regions: 23->0(50)
[2024-12-03T11:57:52.843+0000][gc,heap      ] GC(1) Survivor regions: 7->1(7)
[2024-12-03T11:57:52.843+0000][gc,heap      ] GC(1) Old regions: 2->9
[2024-12-03T11:57:52.843+0000][gc,heap      ] GC(1) Humongous regions: 0->0
[2024-12-03T11:57:52.843+0000][gc,metaspace ] GC(1) Metaspace: 20555K(21248K)->20555K(21248K) NonClass: 18026K(18432K)->18026K(18432K) Class: 2528K(2816K)->2528K(2816K)
[2024-12-03T11:57:52.843+0000][gc           ] GC(1) Pause Young (Concurrent Start) (Metadata GC Threshold) 29M->8M(1024M) 22.798ms
[2024-12-03T11:57:52.843+0000][gc,cpu       ] GC(1) User=0.02s Sys=0.00s Real=0.02s
[2024-12-03T11:57:52.843+0000][gc           ] GC(2) Concurrent Cycle
[2024-12-03T11:57:52.843+0000][gc,marking   ] GC(2) Concurrent Clear Claimed Marks
[2024-12-03T11:57:52.843+0000][gc,marking   ] GC(2) Concurrent Clear Claimed Marks 0.027ms
[2024-12-03T11:57:52.843+0000][gc,marking   ] GC(2) Concurrent Scan Root Regions
[2024-12-03T11:57:52.844+0000][gc,marking   ] GC(2) Concurrent Scan Root Regions 0.768ms
[2024-12-03T11:57:52.844+0000][gc,marking   ] GC(2) Concurrent Mark (2.169s)
[2024-12-03T11:57:52.844+0000][gc,marking   ] GC(2) Concurrent Mark From Roots
[2024-12-03T11:57:52.844+0000][gc,task      ] GC(2) Using 1 workers of 1 for marking
[2024-12-03T11:57:52.875+0000][gc,marking   ] GC(2) Concurrent Mark From Roots 30.535ms
[2024-12-03T11:57:52.875+0000][gc,marking   ] GC(2) Concurrent Preclean
[2024-12-03T11:57:52.875+0000][gc,marking   ] GC(2) Concurrent Preclean 0.045ms
[2024-12-03T11:57:52.875+0000][gc,marking   ] GC(2) Concurrent Mark (2.169s, 2.200s) 30.616ms
[2024-12-03T11:57:52.875+0000][gc,start     ] GC(2) Pause Remark
[2024-12-03T11:57:52.887+0000][gc,stringtable] GC(2) Cleaned string and symbol table, strings: 5669 processed, 0 removed, symbols: 51773 processed, 43 removed
[2024-12-03T11:57:52.887+0000][gc            ] GC(2) Pause Remark 9M->9M(1024M) 12.122ms
[2024-12-03T11:57:52.887+0000][gc,cpu        ] GC(2) User=0.02s Sys=0.00s Real=0.01s
[2024-12-03T11:57:52.887+0000][gc,marking    ] GC(2) Concurrent Rebuild Remembered Sets
[2024-12-03T11:57:52.893+0000][gc,marking    ] GC(2) Concurrent Rebuild Remembered Sets 5.664ms
[2024-12-03T11:57:52.893+0000][gc,start      ] GC(2) Pause Cleanup
[2024-12-03T11:57:52.893+0000][gc            ] GC(2) Pause Cleanup 9M->9M(1024M) 0.076ms
[2024-12-03T11:57:52.893+0000][gc,cpu        ] GC(2) User=0.00s Sys=0.00s Real=0.00s
[2024-12-03T11:57:52.893+0000][gc,marking    ] GC(2) Concurrent Cleanup for Next Mark
[2024-12-03T11:57:52.902+0000][gc,marking    ] GC(2) Concurrent Cleanup for Next Mark 8.989ms
[2024-12-03T11:57:52.902+0000][gc            ] GC(2) Concurrent Cycle 58.899ms
[2024-12-03T11:57:53.769+0000][gc,start      ] GC(3) Pause Young (Normal) (G1 Evacuation Pause)
[2024-12-03T11:57:53.769+0000][gc,task       ] GC(3) Using 4 workers of 4 for evacuation
[2024-12-03T11:57:53.791+0000][gc,mmu        ] GC(3) MMU target violated: 21.0ms (20.0ms/21.0ms)
[2024-12-03T11:57:53.791+0000][gc,phases     ] GC(3)   Pre Evacuate Collection Set: 0.0ms
[2024-12-03T11:57:53.791+0000][gc,phases     ] GC(3)   Evacuate Collection Set: 17.5ms
[2024-12-03T11:57:53.791+0000][gc,phases     ] GC(3)   Post Evacuate Collection Set: 4.2ms
[2024-12-03T11:57:53.791+0000][gc,phases     ] GC(3)   Other: 0.1ms
[2024-12-03T11:57:53.791+0000][gc,heap       ] GC(3) Eden regions: 50->0(46)
[2024-12-03T11:57:53.791+0000][gc,heap       ] GC(3) Survivor regions: 1->5(7)
[2024-12-03T11:57:53.791+0000][gc,heap       ] GC(3) Old regions: 9->9
[2024-12-03T11:57:53.791+0000][gc,heap       ] GC(3) Humongous regions: 129->129
[2024-12-03T11:57:53.791+0000][gc,metaspace  ] GC(3) Metaspace: 29249K(30464K)->29249K(30464K) NonClass: 25837K(26624K)->25837K(26624K) Class: 3412K(3840K)->3412K(3840K)
[2024-12-03T11:57:53.791+0000][gc            ] GC(3) Pause Young (Normal) (G1 Evacuation Pause) 187M->141M(1024M) 21.825ms
[2024-12-03T11:57:53.791+0000][gc,cpu        ] GC(3) User=0.01s Sys=0.00s Real=0.02s
[2024-12-03T11:57:54.436+0000][gc,start      ] GC(4) Pause Young (Concurrent Start) (Metadata GC Threshold)
[2024-12-03T11:57:54.436+0000][gc,task       ] GC(4) Using 4 workers of 4 for evacuation
[2024-12-03T11:57:54.487+0000][gc,mmu        ] GC(4) MMU target violated: 21.0ms (20.0ms/21.0ms)
[2024-12-03T11:57:54.487+0000][gc,phases     ] GC(4)   Pre Evacuate Collection Set: 0.1ms
[2024-12-03T11:57:54.487+0000][gc,phases     ] GC(4)   Evacuate Collection Set: 51.0ms
[2024-12-03T11:57:54.487+0000][gc,phases     ] GC(4)   Post Evacuate Collection Set: 0.3ms
[2024-12-03T11:57:54.487+0000][gc,phases     ] GC(4)   Other: 0.2ms
[2024-12-03T11:57:54.487+0000][gc,heap       ] GC(4) Eden regions: 26->0(49)
[2024-12-03T11:57:54.487+0000][gc,heap       ] GC(4) Survivor regions: 5->2(7)
[2024-12-03T11:57:54.487+0000][gc,heap       ] GC(4) Old regions: 9->14
[2024-12-03T11:57:54.487+0000][gc,heap       ] GC(4) Humongous regions: 129->129
[2024-12-03T11:57:54.487+0000][gc,metaspace  ] GC(4) Metaspace: 34490K(35840K)->34490K(35840K) NonClass: 30426K(31104K)->30426K(31104K) Class: 4063K(4736K)->4063K(4736K)
[2024-12-03T11:57:54.487+0000][gc            ] GC(4) Pause Young (Concurrent Start) (Metadata GC Threshold) 166M->142M(1024M) 51.707ms
[2024-12-03T11:57:54.487+0000][gc,cpu        ] GC(4) User=0.07s Sys=0.01s Real=0.05s
[2024-12-03T11:57:54.487+0000][gc            ] GC(5) Concurrent Cycle
[2024-12-03T11:57:54.487+0000][gc,marking    ] GC(5) Concurrent Clear Claimed Marks
[2024-12-03T11:57:54.487+0000][gc,marking    ] GC(5) Concurrent Clear Claimed Marks 0.127ms
[2024-12-03T11:57:54.487+0000][gc,marking    ] GC(5) Concurrent Scan Root Regions
[2024-12-03T11:57:54.489+0000][gc,marking    ] GC(5) Concurrent Scan Root Regions 1.547ms
[2024-12-03T11:57:54.489+0000][gc,marking    ] GC(5) Concurrent Mark (3.814s)
[2024-12-03T11:57:54.489+0000][gc,marking    ] GC(5) Concurrent Mark From Roots
[2024-12-03T11:57:54.489+0000][gc,task       ] GC(5) Using 1 workers of 1 for marking
[2024-12-03T11:57:54.538+0000][gc,marking    ] GC(5) Concurrent Mark From Roots 49.106ms
[2024-12-03T11:57:54.538+0000][gc,marking    ] GC(5) Concurrent Preclean
[2024-12-03T11:57:54.538+0000][gc,marking    ] GC(5) Concurrent Preclean 0.056ms
[2024-12-03T11:57:54.538+0000][gc,marking    ] GC(5) Concurrent Mark (3.814s, 3.863s) 49.198ms
[2024-12-03T11:57:54.559+0000][gc,start      ] GC(5) Pause Remark
[2024-12-03T11:57:54.591+0000][gc,stringtable] GC(5) Cleaned string and symbol table, strings: 10405 processed, 10 removed, symbols: 84170 processed, 15 removed
[2024-12-03T11:57:54.591+0000][gc,mmu        ] GC(5) MMU target violated: 21.0ms (20.0ms/21.0ms)
[2024-12-03T11:57:54.591+0000][gc            ] GC(5) Pause Remark 147M->147M(1024M) 32.209ms
[2024-12-03T11:57:54.591+0000][gc,cpu        ] GC(5) User=0.03s Sys=0.00s Real=0.03s
[2024-12-03T11:57:54.592+0000][gc,marking    ] GC(5) Concurrent Rebuild Remembered Sets
[2024-12-03T11:57:54.618+0000][gc,marking    ] GC(5) Concurrent Rebuild Remembered Sets 25.806ms
[2024-12-03T11:57:54.621+0000][gc,start      ] GC(5) Pause Cleanup
[2024-12-03T11:57:54.621+0000][gc            ] GC(5) Pause Cleanup 149M->149M(1024M) 0.110ms
[2024-12-03T11:57:54.621+0000][gc,cpu        ] GC(5) User=0.00s Sys=0.00s Real=0.00s
[2024-12-03T11:57:54.621+0000][gc,marking    ] GC(5) Concurrent Cleanup for Next Mark
[2024-12-03T11:57:54.665+0000][gc,marking    ] GC(5) Concurrent Cleanup for Next Mark 43.615ms
[2024-12-03T11:57:54.665+0000][gc            ] GC(5) Concurrent Cycle 177.635ms
[2024-12-03T11:58:08.577+0000][gc,start      ] GC(6) Pause Young (Concurrent Start) (G1 Evacuation Pause)
[2024-12-03T11:58:08.577+0000][gc,task       ] GC(6) Using 4 workers of 4 for evacuation
[2024-12-03T11:58:08.625+0000][gc,mmu        ] GC(6) MMU target violated: 21.0ms (20.0ms/21.0ms)
[2024-12-03T11:58:08.625+0000][gc,phases     ] GC(6)   Pre Evacuate Collection Set: 0.2ms
[2024-12-03T11:58:08.625+0000][gc,phases     ] GC(6)   Evacuate Collection Set: 46.8ms
[2024-12-03T11:58:08.625+0000][gc,phases     ] GC(6)   Post Evacuate Collection Set: 0.5ms
[2024-12-03T11:58:08.625+0000][gc,phases     ] GC(6)   Other: 0.2ms
[2024-12-03T11:58:08.625+0000][gc,heap       ] GC(6) Eden regions: 49->0(46)
[2024-12-03T11:58:08.625+0000][gc,heap       ] GC(6) Survivor regions: 2->5(7)
[2024-12-03T11:58:08.625+0000][gc,heap       ] GC(6) Old regions: 14->14
[2024-12-03T11:58:08.625+0000][gc,heap       ] GC(6) Humongous regions: 129->129
[2024-12-03T11:58:08.625+0000][gc,metaspace  ] GC(6) Metaspace: 41794K(44416K)->41794K(44416K) NonClass: 36327K(37632K)->36327K(37632K) Class: 5466K(6784K)->5466K(6784K)
[2024-12-03T11:58:08.625+0000][gc            ] GC(6) Pause Young (Concurrent Start) (G1 Evacuation Pause) 191M->145M(1024M) 47.831ms
[2024-12-03T11:58:08.625+0000][gc,cpu        ] GC(6) User=0.04s Sys=0.00s Real=0.04s
[2024-12-03T11:58:08.626+0000][gc            ] GC(7) Concurrent Cycle
[2024-12-03T11:58:08.626+0000][gc,marking    ] GC(7) Concurrent Clear Claimed Marks
[2024-12-03T11:58:08.626+0000][gc,marking    ] GC(7) Concurrent Clear Claimed Marks 0.230ms
[2024-12-03T11:58:08.626+0000][gc,marking    ] GC(7) Concurrent Scan Root Regions
[2024-12-03T11:58:08.630+0000][gc,marking    ] GC(7) Concurrent Scan Root Regions 4.245ms
[2024-12-03T11:58:08.630+0000][gc,marking    ] GC(7) Concurrent Mark (17.955s)
[2024-12-03T11:58:08.630+0000][gc,marking    ] GC(7) Concurrent Mark From Roots
[2024-12-03T11:58:08.630+0000][gc,task       ] GC(7) Using 1 workers of 1 for marking
[2024-12-03T11:58:08.675+0000][gc,marking    ] GC(7) Concurrent Mark From Roots 44.842ms
[2024-12-03T11:58:08.675+0000][gc,marking    ] GC(7) Concurrent Preclean
[2024-12-03T11:58:08.675+0000][gc,marking    ] GC(7) Concurrent Preclean 0.065ms
[2024-12-03T11:58:08.675+0000][gc,marking    ] GC(7) Concurrent Mark (17.955s, 18.000s) 44.951ms
[2024-12-03T11:58:08.678+0000][gc,start      ] GC(7) Pause Remark
[2024-12-03T11:58:08.694+0000][gc,stringtable] GC(7) Cleaned string and symbol table, strings: 11683 processed, 5 removed, symbols: 91203 processed, 5 removed
[2024-12-03T11:58:08.694+0000][gc            ] GC(7) Pause Remark 146M->146M(1024M) 15.863ms
[2024-12-03T11:58:08.694+0000][gc,cpu        ] GC(7) User=0.01s Sys=0.00s Real=0.01s
[2024-12-03T11:58:08.694+0000][gc,marking    ] GC(7) Concurrent Rebuild Remembered Sets
[2024-12-03T11:58:08.707+0000][gc,marking    ] GC(7) Concurrent Rebuild Remembered Sets 12.857ms
[2024-12-03T11:58:08.707+0000][gc,start      ] GC(7) Pause Cleanup
[2024-12-03T11:58:08.707+0000][gc            ] GC(7) Pause Cleanup 146M->146M(1024M) 0.121ms
[2024-12-03T11:58:08.707+0000][gc,cpu        ] GC(7) User=0.00s Sys=0.00s Real=0.00s
[2024-12-03T11:58:08.707+0000][gc,marking    ] GC(7) Concurrent Cleanup for Next Mark
[2024-12-03T11:58:08.708+0000][gc,marking    ] GC(7) Concurrent Cleanup for Next Mark 1.045ms
[2024-12-03T11:58:08.708+0000][gc            ] GC(7) Concurrent Cycle 82.565ms
[2024-12-03T12:04:16.981+0000][gc,heap,exit  ] Heap
[2024-12-03T12:04:16.981+0000][gc,heap,exit  ]  garbage-first heap   total 1048576K, used 194986K [0x00000000c0000000, 0x0000000100000000)
[2024-12-03T12:04:16.981+0000][gc,heap,exit  ]   region size 1024K, 51 young (52224K), 5 survivors (5120K)
[2024-12-03T12:04:16.981+0000][gc,heap,exit  ]  Metaspace       used 44075K, capacity 46827K, committed 46848K, reserved 1089536K
[2024-12-03T12:04:16.981+0000][gc,heap,exit  ]   class space    used 5782K, capacity 7167K, committed 7168K, reserved 1048576K
