[2024-12-03T11:35:36.414+0000][gc,heap] Heap region size: 1M
[2024-12-03T11:35:36.458+0000][gc     ] Using G1
[2024-12-03T11:35:36.458+0000][gc,heap,coops] Heap address: 0x00000000c0000000, size: 1024 MB, Compressed Oops mode: 32-bit
[2024-12-03T11:35:36.458+0000][gc,cds       ] Mark closed archive regions in map: [0x00000000fff00000, 0x00000000fff6bff8]
[2024-12-03T11:35:36.458+0000][gc,cds       ] Mark open archive regions in map: [0x00000000ffe00000, 0x00000000ffe47ff8]
[2024-12-03T11:35:37.884+0000][gc,start     ] GC(0) Pause Young (Normal) (G1 Evacuation Pause)
[2024-12-03T11:35:37.889+0000][gc,task      ] GC(0) Using 4 workers of 4 for evacuation
[2024-12-03T11:35:37.901+0000][gc,phases    ] GC(0)   Pre Evacuate Collection Set: 0.0ms
[2024-12-03T11:35:37.901+0000][gc,phases    ] GC(0)   Evacuate Collection Set: 11.7ms
[2024-12-03T11:35:37.901+0000][gc,phases    ] GC(0)   Post Evacuate Collection Set: 0.3ms
[2024-12-03T11:35:37.901+0000][gc,phases    ] GC(0)   Other: 4.6ms
[2024-12-03T11:35:37.901+0000][gc,heap      ] GC(0) Eden regions: 51->0(44)
[2024-12-03T11:35:37.901+0000][gc,heap      ] GC(0) Survivor regions: 0->7(7)
[2024-12-03T11:35:37.901+0000][gc,heap      ] GC(0) Old regions: 2->2
[2024-12-03T11:35:37.901+0000][gc,heap      ] GC(0) Humongous regions: 0->0
[2024-12-03T11:35:37.901+0000][gc,metaspace ] GC(0) Metaspace: 15193K(16000K)->15193K(16000K) NonClass: 13312K(13824K)->13312K(13824K) Class: 1880K(2176K)->1880K(2176K)
[2024-12-03T11:35:37.901+0000][gc           ] GC(0) Pause Young (Normal) (G1 Evacuation Pause) 51M->7M(1024M) 16.676ms
[2024-12-03T11:35:37.901+0000][gc,cpu       ] GC(0) User=0.02s Sys=0.00s Real=0.01s
[2024-12-03T11:35:38.614+0000][gc,start     ] GC(1) Pause Young (Concurrent Start) (Metadata GC Threshold)
[2024-12-03T11:35:38.614+0000][gc,task      ] GC(1) Using 4 workers of 4 for evacuation
[2024-12-03T11:35:38.674+0000][gc,mmu       ] GC(1) MMU target violated: 21.0ms (20.0ms/21.0ms)
[2024-12-03T11:35:38.674+0000][gc,phases    ] GC(1)   Pre Evacuate Collection Set: 0.1ms
[2024-12-03T11:35:38.674+0000][gc,phases    ] GC(1)   Evacuate Collection Set: 54.3ms
[2024-12-03T11:35:38.674+0000][gc,phases    ] GC(1)   Post Evacuate Collection Set: 5.7ms
[2024-12-03T11:35:38.674+0000][gc,phases    ] GC(1)   Other: 0.2ms
[2024-12-03T11:35:38.674+0000][gc,heap      ] GC(1) Eden regions: 23->0(49)
[2024-12-03T11:35:38.674+0000][gc,heap      ] GC(1) Survivor regions: 7->2(7)
[2024-12-03T11:35:38.674+0000][gc,heap      ] GC(1) Old regions: 2->9
[2024-12-03T11:35:38.674+0000][gc,heap      ] GC(1) Humongous regions: 0->0
[2024-12-03T11:35:38.674+0000][gc,metaspace ] GC(1) Metaspace: 20623K(21248K)->20623K(21248K) NonClass: 18090K(18432K)->18090K(18432K) Class: 2533K(2816K)->2533K(2816K)
[2024-12-03T11:35:38.674+0000][gc           ] GC(1) Pause Young (Concurrent Start) (Metadata GC Threshold) 29M->8M(1024M) 60.266ms
[2024-12-03T11:35:38.674+0000][gc,cpu       ] GC(1) User=0.05s Sys=0.01s Real=0.06s
[2024-12-03T11:35:38.674+0000][gc           ] GC(2) Concurrent Cycle
[2024-12-03T11:35:38.674+0000][gc,marking   ] GC(2) Concurrent Clear Claimed Marks
[2024-12-03T11:35:38.674+0000][gc,marking   ] GC(2) Concurrent Clear Claimed Marks 0.064ms
[2024-12-03T11:35:38.674+0000][gc,marking   ] GC(2) Concurrent Scan Root Regions
[2024-12-03T11:35:38.675+0000][gc,marking   ] GC(2) Concurrent Scan Root Regions 0.810ms
[2024-12-03T11:35:38.675+0000][gc,marking   ] GC(2) Concurrent Mark (2.264s)
[2024-12-03T11:35:38.675+0000][gc,marking   ] GC(2) Concurrent Mark From Roots
[2024-12-03T11:35:38.675+0000][gc,task      ] GC(2) Using 1 workers of 1 for marking
[2024-12-03T11:35:38.691+0000][gc,marking   ] GC(2) Concurrent Mark From Roots 15.807ms
[2024-12-03T11:35:38.691+0000][gc,marking   ] GC(2) Concurrent Preclean
[2024-12-03T11:35:38.691+0000][gc,marking   ] GC(2) Concurrent Preclean 0.072ms
[2024-12-03T11:35:38.691+0000][gc,marking   ] GC(2) Concurrent Mark (2.264s, 2.280s) 15.913ms
[2024-12-03T11:35:38.695+0000][gc,start     ] GC(2) Pause Remark
[2024-12-03T11:35:38.703+0000][gc,stringtable] GC(2) Cleaned string and symbol table, strings: 5703 processed, 0 removed, symbols: 51846 processed, 44 removed
[2024-12-03T11:35:38.703+0000][gc            ] GC(2) Pause Remark 9M->9M(1024M) 8.241ms
[2024-12-03T11:35:38.703+0000][gc,cpu        ] GC(2) User=0.00s Sys=0.00s Real=0.01s
[2024-12-03T11:35:38.703+0000][gc,marking    ] GC(2) Concurrent Rebuild Remembered Sets
[2024-12-03T11:35:38.707+0000][gc,marking    ] GC(2) Concurrent Rebuild Remembered Sets 3.338ms
[2024-12-03T11:35:38.711+0000][gc,start      ] GC(2) Pause Cleanup
[2024-12-03T11:35:38.712+0000][gc            ] GC(2) Pause Cleanup 9M->9M(1024M) 0.821ms
[2024-12-03T11:35:38.712+0000][gc,cpu        ] GC(2) User=0.00s Sys=0.00s Real=0.00s
[2024-12-03T11:35:38.712+0000][gc,marking    ] GC(2) Concurrent Cleanup for Next Mark
[2024-12-03T11:35:38.727+0000][gc,marking    ] GC(2) Concurrent Cleanup for Next Mark 15.648ms
[2024-12-03T11:35:38.727+0000][gc            ] GC(2) Concurrent Cycle 53.353ms
[2024-12-03T11:35:39.718+0000][gc,start      ] GC(3) Pause Young (Normal) (G1 Evacuation Pause)
[2024-12-03T11:35:39.718+0000][gc,task       ] GC(3) Using 4 workers of 4 for evacuation
[2024-12-03T11:35:39.731+0000][gc,phases     ] GC(3)   Pre Evacuate Collection Set: 0.0ms
[2024-12-03T11:35:39.731+0000][gc,phases     ] GC(3)   Evacuate Collection Set: 12.9ms
[2024-12-03T11:35:39.731+0000][gc,phases     ] GC(3)   Post Evacuate Collection Set: 0.3ms
[2024-12-03T11:35:39.731+0000][gc,phases     ] GC(3)   Other: 0.1ms
[2024-12-03T11:35:39.731+0000][gc,heap       ] GC(3) Eden regions: 49->0(46)
[2024-12-03T11:35:39.731+0000][gc,heap       ] GC(3) Survivor regions: 2->5(7)
[2024-12-03T11:35:39.731+0000][gc,heap       ] GC(3) Old regions: 9->9
[2024-12-03T11:35:39.731+0000][gc,heap       ] GC(3) Humongous regions: 129->129
[2024-12-03T11:35:39.731+0000][gc,metaspace  ] GC(3) Metaspace: 29050K(30208K)->29050K(30208K) NonClass: 25649K(26368K)->25649K(26368K) Class: 3401K(3840K)->3401K(3840K)
[2024-12-03T11:35:39.731+0000][gc            ] GC(3) Pause Young (Normal) (G1 Evacuation Pause) 186M->140M(1024M) 13.344ms
[2024-12-03T11:35:39.731+0000][gc,cpu        ] GC(3) User=0.01s Sys=0.00s Real=0.02s
[2024-12-03T11:35:40.500+0000][gc,start      ] GC(4) Pause Young (Concurrent Start) (Metadata GC Threshold)
[2024-12-03T11:35:40.500+0000][gc,task       ] GC(4) Using 4 workers of 4 for evacuation
[2024-12-03T11:35:40.515+0000][gc,phases     ] GC(4)   Pre Evacuate Collection Set: 0.1ms
[2024-12-03T11:35:40.515+0000][gc,phases     ] GC(4)   Evacuate Collection Set: 12.5ms
[2024-12-03T11:35:40.515+0000][gc,phases     ] GC(4)   Post Evacuate Collection Set: 2.3ms
[2024-12-03T11:35:40.515+0000][gc,phases     ] GC(4)   Other: 0.2ms
[2024-12-03T11:35:40.515+0000][gc,heap       ] GC(4) Eden regions: 27->0(49)
[2024-12-03T11:35:40.515+0000][gc,heap       ] GC(4) Survivor regions: 5->2(7)
[2024-12-03T11:35:40.515+0000][gc,heap       ] GC(4) Old regions: 9->13
[2024-12-03T11:35:40.515+0000][gc,heap       ] GC(4) Humongous regions: 129->129
[2024-12-03T11:35:40.515+0000][gc,metaspace  ] GC(4) Metaspace: 34468K(35840K)->34468K(35840K) NonClass: 30422K(31232K)->30422K(31232K) Class: 4046K(4608K)->4046K(4608K)
[2024-12-03T11:35:40.515+0000][gc            ] GC(4) Pause Young (Concurrent Start) (Metadata GC Threshold) 167M->142M(1024M) 15.170ms
[2024-12-03T11:35:40.515+0000][gc,cpu        ] GC(4) User=0.02s Sys=0.01s Real=0.02s
[2024-12-03T11:35:40.515+0000][gc            ] GC(5) Concurrent Cycle
[2024-12-03T11:35:40.515+0000][gc,marking    ] GC(5) Concurrent Clear Claimed Marks
[2024-12-03T11:35:40.515+0000][gc,marking    ] GC(5) Concurrent Clear Claimed Marks 0.080ms
[2024-12-03T11:35:40.515+0000][gc,marking    ] GC(5) Concurrent Scan Root Regions
[2024-12-03T11:35:40.517+0000][gc,marking    ] GC(5) Concurrent Scan Root Regions 1.410ms
[2024-12-03T11:35:40.517+0000][gc,marking    ] GC(5) Concurrent Mark (4.106s)
[2024-12-03T11:35:40.517+0000][gc,marking    ] GC(5) Concurrent Mark From Roots
[2024-12-03T11:35:40.517+0000][gc,task       ] GC(5) Using 1 workers of 1 for marking
[2024-12-03T11:35:40.539+0000][gc,marking    ] GC(5) Concurrent Mark From Roots 22.289ms
[2024-12-03T11:35:40.539+0000][gc,marking    ] GC(5) Concurrent Preclean
[2024-12-03T11:35:40.539+0000][gc,marking    ] GC(5) Concurrent Preclean 0.061ms
[2024-12-03T11:35:40.539+0000][gc,marking    ] GC(5) Concurrent Mark (4.106s, 4.128s) 22.393ms
[2024-12-03T11:35:40.539+0000][gc,start      ] GC(5) Pause Remark
[2024-12-03T11:35:40.563+0000][gc,stringtable] GC(5) Cleaned string and symbol table, strings: 10317 processed, 10 removed, symbols: 83716 processed, 15 removed
[2024-12-03T11:35:40.565+0000][gc,mmu        ] GC(5) MMU target violated: 21.0ms (20.0ms/21.0ms)
[2024-12-03T11:35:40.565+0000][gc            ] GC(5) Pause Remark 144M->144M(1024M) 25.502ms
[2024-12-03T11:35:40.565+0000][gc,cpu        ] GC(5) User=0.02s Sys=0.00s Real=0.03s
[2024-12-03T11:35:40.565+0000][gc,marking    ] GC(5) Concurrent Rebuild Remembered Sets
[2024-12-03T11:35:40.583+0000][gc,marking    ] GC(5) Concurrent Rebuild Remembered Sets 17.963ms
[2024-12-03T11:35:40.592+0000][gc,start      ] GC(5) Pause Cleanup
[2024-12-03T11:35:40.593+0000][gc            ] GC(5) Pause Cleanup 146M->146M(1024M) 0.164ms
[2024-12-03T11:35:40.593+0000][gc,cpu        ] GC(5) User=0.00s Sys=0.00s Real=0.00s
[2024-12-03T11:35:40.593+0000][gc,marking    ] GC(5) Concurrent Cleanup for Next Mark
[2024-12-03T11:35:40.597+0000][gc,marking    ] GC(5) Concurrent Cleanup for Next Mark 3.975ms
[2024-12-03T11:35:40.597+0000][gc            ] GC(5) Concurrent Cycle 81.319ms
[2024-12-03T11:35:53.983+0000][gc,start      ] GC(6) Pause Young (Normal) (G1 Evacuation Pause)
[2024-12-03T11:35:53.983+0000][gc,task       ] GC(6) Using 4 workers of 4 for evacuation
[2024-12-03T11:35:54.005+0000][gc,mmu        ] GC(6) MMU target violated: 21.0ms (20.0ms/21.0ms)
[2024-12-03T11:35:54.005+0000][gc,phases     ] GC(6)   Pre Evacuate Collection Set: 0.0ms
[2024-12-03T11:35:54.005+0000][gc,phases     ] GC(6)   Evacuate Collection Set: 21.6ms
[2024-12-03T11:35:54.005+0000][gc,phases     ] GC(6)   Post Evacuate Collection Set: 0.5ms
[2024-12-03T11:35:54.005+0000][gc,phases     ] GC(6)   Other: 0.2ms
[2024-12-03T11:35:54.005+0000][gc,heap       ] GC(6) Eden regions: 49->0(46)
[2024-12-03T11:35:54.005+0000][gc,heap       ] GC(6) Survivor regions: 2->5(7)
[2024-12-03T11:35:54.005+0000][gc,heap       ] GC(6) Old regions: 13->13
[2024-12-03T11:35:54.005+0000][gc,heap       ] GC(6) Humongous regions: 129->129
[2024-12-03T11:35:54.005+0000][gc,metaspace  ] GC(6) Metaspace: 41731K(44416K)->41731K(44416K) NonClass: 36245K(37632K)->36245K(37632K) Class: 5486K(6784K)->5486K(6784K)
[2024-12-03T11:35:54.005+0000][gc            ] GC(6) Pause Young (Normal) (G1 Evacuation Pause) 191M->145M(1024M) 22.369ms
[2024-12-03T11:35:54.005+0000][gc,cpu        ] GC(6) User=0.02s Sys=0.00s Real=0.02s
[2024-12-03T11:39:58.794+0000][gc,heap,exit  ] Heap
[2024-12-03T11:39:58.794+0000][gc,heap,exit  ]  garbage-first heap   total 1048576K, used 181292K [0x00000000c0000000, 0x0000000100000000)
[2024-12-03T11:39:58.794+0000][gc,heap,exit  ]   region size 1024K, 38 young (38912K), 5 survivors (5120K)
[2024-12-03T11:39:58.794+0000][gc,heap,exit  ]  Metaspace       used 43953K, capacity 46761K, committed 46976K, reserved 1089536K
[2024-12-03T11:39:58.794+0000][gc,heap,exit  ]   class space    used 5783K, capacity 7169K, committed 7296K, reserved 1048576K
