[2024-09-04T07:25:36.685+0000][gc,heap] Heap region size: 1M
[2024-09-04T07:25:36.690+0000][gc     ] Using G1
[2024-09-04T07:25:36.690+0000][gc,heap,coops] Heap address: 0x00000000c0000000, size: 1024 MB, Compressed Oops mode: 32-bit
[2024-09-04T07:25:36.690+0000][gc,cds       ] Mark closed archive regions in map: [0x00000000fff00000, 0x00000000fff6bff8]
[2024-09-04T07:25:36.690+0000][gc,cds       ] Mark open archive regions in map: [0x00000000ffe00000, 0x00000000ffe47ff8]
[2024-09-04T07:25:37.435+0000][gc,start     ] GC(0) Pause Young (Normal) (G1 Evacuation Pause)
[2024-09-04T07:25:37.435+0000][gc,task      ] GC(0) Using 4 workers of 4 for evacuation
[2024-09-04T07:25:37.441+0000][gc,phases    ] GC(0)   Pre Evacuate Collection Set: 0.0ms
[2024-09-04T07:25:37.441+0000][gc,phases    ] GC(0)   Evacuate Collection Set: 5.3ms
[2024-09-04T07:25:37.441+0000][gc,phases    ] GC(0)   Post Evacuate Collection Set: 0.3ms
[2024-09-04T07:25:37.441+0000][gc,phases    ] GC(0)   Other: 0.3ms
[2024-09-04T07:25:37.441+0000][gc,heap      ] GC(0) Eden regions: 51->0(44)
[2024-09-04T07:25:37.441+0000][gc,heap      ] GC(0) Survivor regions: 0->7(7)
[2024-09-04T07:25:37.441+0000][gc,heap      ] GC(0) Old regions: 2->2
[2024-09-04T07:25:37.441+0000][gc,heap      ] GC(0) Humongous regions: 0->0
[2024-09-04T07:25:37.441+0000][gc,metaspace ] GC(0) Metaspace: 15036K(15616K)->15036K(15616K) NonClass: 13188K(13568K)->13188K(13568K) Class: 1847K(2048K)->1847K(2048K)
[2024-09-04T07:25:37.441+0000][gc           ] GC(0) Pause Young (Normal) (G1 Evacuation Pause) 51M->7M(1024M) 5.972ms
[2024-09-04T07:25:37.441+0000][gc,cpu       ] GC(0) User=0.02s Sys=0.00s Real=0.01s
[2024-09-04T07:25:37.734+0000][gc,start     ] GC(1) Pause Young (Concurrent Start) (Metadata GC Threshold)
[2024-09-04T07:25:37.734+0000][gc,task      ] GC(1) Using 4 workers of 4 for evacuation
[2024-09-04T07:25:37.740+0000][gc,phases    ] GC(1)   Pre Evacuate Collection Set: 0.0ms
[2024-09-04T07:25:37.740+0000][gc,phases    ] GC(1)   Evacuate Collection Set: 5.5ms
[2024-09-04T07:25:37.740+0000][gc,phases    ] GC(1)   Post Evacuate Collection Set: 0.2ms
[2024-09-04T07:25:37.740+0000][gc,phases    ] GC(1)   Other: 0.1ms
[2024-09-04T07:25:37.740+0000][gc,heap      ] GC(1) Eden regions: 24->0(50)
[2024-09-04T07:25:37.740+0000][gc,heap      ] GC(1) Survivor regions: 7->1(7)
[2024-09-04T07:25:37.740+0000][gc,heap      ] GC(1) Old regions: 2->9
[2024-09-04T07:25:37.740+0000][gc,heap      ] GC(1) Humongous regions: 0->0
[2024-09-04T07:25:37.740+0000][gc,metaspace ] GC(1) Metaspace: 20617K(21248K)->20617K(21248K) NonClass: 18089K(18432K)->18089K(18432K) Class: 2528K(2816K)->2528K(2816K)
[2024-09-04T07:25:37.740+0000][gc           ] GC(1) Pause Young (Concurrent Start) (Metadata GC Threshold) 30M->8M(1024M) 5.908ms
[2024-09-04T07:25:37.740+0000][gc,cpu       ] GC(1) User=0.02s Sys=0.00s Real=0.01s
[2024-09-04T07:25:37.740+0000][gc           ] GC(2) Concurrent Cycle
[2024-09-04T07:25:37.740+0000][gc,marking   ] GC(2) Concurrent Clear Claimed Marks
[2024-09-04T07:25:37.740+0000][gc,marking   ] GC(2) Concurrent Clear Claimed Marks 0.015ms
[2024-09-04T07:25:37.740+0000][gc,marking   ] GC(2) Concurrent Scan Root Regions
[2024-09-04T07:25:37.741+0000][gc,marking   ] GC(2) Concurrent Scan Root Regions 0.827ms
[2024-09-04T07:25:37.741+0000][gc,marking   ] GC(2) Concurrent Mark (1.058s)
[2024-09-04T07:25:37.741+0000][gc,marking   ] GC(2) Concurrent Mark From Roots
[2024-09-04T07:25:37.741+0000][gc,task      ] GC(2) Using 1 workers of 1 for marking
[2024-09-04T07:25:37.747+0000][gc,marking   ] GC(2) Concurrent Mark From Roots 6.017ms
[2024-09-04T07:25:37.747+0000][gc,marking   ] GC(2) Concurrent Preclean
[2024-09-04T07:25:37.747+0000][gc,marking   ] GC(2) Concurrent Preclean 0.069ms
[2024-09-04T07:25:37.747+0000][gc,marking   ] GC(2) Concurrent Mark (1.058s, 1.064s) 6.107ms
[2024-09-04T07:25:37.755+0000][gc,start     ] GC(2) Pause Remark
[2024-09-04T07:25:37.757+0000][gc,stringtable] GC(2) Cleaned string and symbol table, strings: 5678 processed, 0 removed, symbols: 51436 processed, 41 removed
[2024-09-04T07:25:37.758+0000][gc            ] GC(2) Pause Remark 8M->8M(1024M) 2.480ms
[2024-09-04T07:25:37.758+0000][gc,cpu        ] GC(2) User=0.01s Sys=0.00s Real=0.01s
[2024-09-04T07:25:37.758+0000][gc,marking    ] GC(2) Concurrent Rebuild Remembered Sets
[2024-09-04T07:25:37.761+0000][gc,marking    ] GC(2) Concurrent Rebuild Remembered Sets 3.287ms
[2024-09-04T07:25:37.761+0000][gc,start      ] GC(2) Pause Cleanup
[2024-09-04T07:25:37.761+0000][gc            ] GC(2) Pause Cleanup 9M->9M(1024M) 0.178ms
[2024-09-04T07:25:37.761+0000][gc,cpu        ] GC(2) User=0.00s Sys=0.00s Real=0.00s
[2024-09-04T07:25:37.761+0000][gc,marking    ] GC(2) Concurrent Cleanup for Next Mark
[2024-09-04T07:25:37.766+0000][gc,marking    ] GC(2) Concurrent Cleanup for Next Mark 4.278ms
[2024-09-04T07:25:37.766+0000][gc            ] GC(2) Concurrent Cycle 25.753ms
[2024-09-04T07:25:38.284+0000][gc,start      ] GC(3) Pause Young (Normal) (G1 Evacuation Pause)
[2024-09-04T07:25:38.284+0000][gc,task       ] GC(3) Using 4 workers of 4 for evacuation
[2024-09-04T07:25:38.288+0000][gc,phases     ] GC(3)   Pre Evacuate Collection Set: 0.0ms
[2024-09-04T07:25:38.288+0000][gc,phases     ] GC(3)   Evacuate Collection Set: 3.4ms
[2024-09-04T07:25:38.288+0000][gc,phases     ] GC(3)   Post Evacuate Collection Set: 0.3ms
[2024-09-04T07:25:38.288+0000][gc,phases     ] GC(3)   Other: 0.1ms
[2024-09-04T07:25:38.288+0000][gc,heap       ] GC(3) Eden regions: 50->0(46)
[2024-09-04T07:25:38.288+0000][gc,heap       ] GC(3) Survivor regions: 1->5(7)
[2024-09-04T07:25:38.288+0000][gc,heap       ] GC(3) Old regions: 9->9
[2024-09-04T07:25:38.288+0000][gc,heap       ] GC(3) Humongous regions: 129->129
[2024-09-04T07:25:38.288+0000][gc,metaspace  ] GC(3) Metaspace: 29154K(30208K)->29154K(30208K) NonClass: 25751K(26368K)->25751K(26368K) Class: 3402K(3840K)->3402K(3840K)
[2024-09-04T07:25:38.288+0000][gc            ] GC(3) Pause Young (Normal) (G1 Evacuation Pause) 187M->140M(1024M) 3.874ms
[2024-09-04T07:25:38.288+0000][gc,cpu        ] GC(3) User=0.02s Sys=0.00s Real=0.00s
[2024-09-04T07:25:38.523+0000][gc,start      ] GC(4) Pause Young (Concurrent Start) (Metadata GC Threshold)
[2024-09-04T07:25:38.523+0000][gc,task       ] GC(4) Using 4 workers of 4 for evacuation
[2024-09-04T07:25:38.529+0000][gc,phases     ] GC(4)   Pre Evacuate Collection Set: 0.1ms
[2024-09-04T07:25:38.529+0000][gc,phases     ] GC(4)   Evacuate Collection Set: 5.3ms
[2024-09-04T07:25:38.529+0000][gc,phases     ] GC(4)   Post Evacuate Collection Set: 0.3ms
[2024-09-04T07:25:38.529+0000][gc,phases     ] GC(4)   Other: 0.1ms
[2024-09-04T07:25:38.529+0000][gc,heap       ] GC(4) Eden regions: 26->0(49)
[2024-09-04T07:25:38.529+0000][gc,heap       ] GC(4) Survivor regions: 5->2(7)
[2024-09-04T07:25:38.529+0000][gc,heap       ] GC(4) Old regions: 9->13
[2024-09-04T07:25:38.529+0000][gc,heap       ] GC(4) Humongous regions: 129->129
[2024-09-04T07:25:38.529+0000][gc,metaspace  ] GC(4) Metaspace: 34331K(35840K)->34331K(35840K) NonClass: 30312K(31232K)->30312K(31232K) Class: 4018K(4608K)->4018K(4608K)
[2024-09-04T07:25:38.529+0000][gc            ] GC(4) Pause Young (Concurrent Start) (Metadata GC Threshold) 166M->142M(1024M) 5.901ms
[2024-09-04T07:25:38.529+0000][gc,cpu        ] GC(4) User=0.02s Sys=0.00s Real=0.01s
[2024-09-04T07:25:38.529+0000][gc            ] GC(5) Concurrent Cycle
[2024-09-04T07:25:38.529+0000][gc,marking    ] GC(5) Concurrent Clear Claimed Marks
[2024-09-04T07:25:38.529+0000][gc,marking    ] GC(5) Concurrent Clear Claimed Marks 0.031ms
[2024-09-04T07:25:38.529+0000][gc,marking    ] GC(5) Concurrent Scan Root Regions
[2024-09-04T07:25:38.530+0000][gc,marking    ] GC(5) Concurrent Scan Root Regions 0.991ms
[2024-09-04T07:25:38.530+0000][gc,marking    ] GC(5) Concurrent Mark (1.848s)
[2024-09-04T07:25:38.530+0000][gc,marking    ] GC(5) Concurrent Mark From Roots
[2024-09-04T07:25:38.530+0000][gc,task       ] GC(5) Using 1 workers of 1 for marking
[2024-09-04T07:25:38.565+0000][gc,marking    ] GC(5) Concurrent Mark From Roots 34.314ms
[2024-09-04T07:25:38.565+0000][gc,marking    ] GC(5) Concurrent Preclean
[2024-09-04T07:25:38.565+0000][gc,marking    ] GC(5) Concurrent Preclean 0.063ms
[2024-09-04T07:25:38.565+0000][gc,marking    ] GC(5) Concurrent Mark (1.848s, 1.882s) 34.412ms
[2024-09-04T07:25:38.567+0000][gc,start      ] GC(5) Pause Remark
[2024-09-04T07:25:38.571+0000][gc,stringtable] GC(5) Cleaned string and symbol table, strings: 10247 processed, 10 removed, symbols: 83252 processed, 15 removed
[2024-09-04T07:25:38.571+0000][gc            ] GC(5) Pause Remark 144M->144M(1024M) 4.452ms
[2024-09-04T07:25:38.571+0000][gc,cpu        ] GC(5) User=0.01s Sys=0.00s Real=0.01s
[2024-09-04T07:25:38.571+0000][gc,marking    ] GC(5) Concurrent Rebuild Remembered Sets
[2024-09-04T07:25:38.599+0000][gc,marking    ] GC(5) Concurrent Rebuild Remembered Sets 28.005ms
[2024-09-04T07:25:38.600+0000][gc,start      ] GC(5) Pause Cleanup
[2024-09-04T07:25:38.600+0000][gc            ] GC(5) Pause Cleanup 146M->146M(1024M) 0.158ms
[2024-09-04T07:25:38.600+0000][gc,cpu        ] GC(5) User=0.00s Sys=0.00s Real=0.00s
[2024-09-04T07:25:38.600+0000][gc,marking    ] GC(5) Concurrent Cleanup for Next Mark
[2024-09-04T07:25:38.610+0000][gc,marking    ] GC(5) Concurrent Cleanup for Next Mark 9.943ms
[2024-09-04T07:25:38.610+0000][gc            ] GC(5) Concurrent Cycle 80.321ms
[2024-09-04T07:25:39.974+0000][gc,start      ] GC(6) Pause Young (Normal) (G1 Evacuation Pause)
[2024-09-04T07:25:39.974+0000][gc,task       ] GC(6) Using 4 workers of 4 for evacuation
[2024-09-04T07:25:39.994+0000][gc,phases     ] GC(6)   Pre Evacuate Collection Set: 0.0ms
[2024-09-04T07:25:39.994+0000][gc,phases     ] GC(6)   Evacuate Collection Set: 19.4ms
[2024-09-04T07:25:39.994+0000][gc,phases     ] GC(6)   Post Evacuate Collection Set: 0.4ms
[2024-09-04T07:25:39.994+0000][gc,phases     ] GC(6)   Other: 0.1ms
[2024-09-04T07:25:39.994+0000][gc,heap       ] GC(6) Eden regions: 49->0(46)
[2024-09-04T07:25:39.994+0000][gc,heap       ] GC(6) Survivor regions: 2->5(7)
[2024-09-04T07:25:39.994+0000][gc,heap       ] GC(6) Old regions: 13->13
[2024-09-04T07:25:39.994+0000][gc,heap       ] GC(6) Humongous regions: 129->129
[2024-09-04T07:25:39.994+0000][gc,metaspace  ] GC(6) Metaspace: 40373K(42880K)->40373K(42880K) NonClass: 35246K(36608K)->35246K(36608K) Class: 5126K(6272K)->5126K(6272K)
[2024-09-04T07:25:39.994+0000][gc            ] GC(6) Pause Young (Normal) (G1 Evacuation Pause) 191M->144M(1024M) 20.044ms
[2024-09-04T07:25:39.994+0000][gc,cpu        ] GC(6) User=0.02s Sys=0.00s Real=0.02s
[2024-09-04T07:32:30.406+0000][gc,start      ] GC(7) Pause Young (Normal) (G1 Evacuation Pause)
[2024-09-04T07:32:30.406+0000][gc,task       ] GC(7) Using 4 workers of 4 for evacuation
[2024-09-04T07:32:30.412+0000][gc,phases     ] GC(7)   Pre Evacuate Collection Set: 0.0ms
[2024-09-04T07:32:30.412+0000][gc,phases     ] GC(7)   Evacuate Collection Set: 5.5ms
[2024-09-04T07:32:30.412+0000][gc,phases     ] GC(7)   Post Evacuate Collection Set: 0.6ms
[2024-09-04T07:32:30.412+0000][gc,phases     ] GC(7)   Other: 0.1ms
[2024-09-04T07:32:30.412+0000][gc,heap       ] GC(7) Eden regions: 46->0(45)
[2024-09-04T07:32:30.412+0000][gc,heap       ] GC(7) Survivor regions: 5->6(7)
[2024-09-04T07:32:30.412+0000][gc,heap       ] GC(7) Old regions: 13->15
[2024-09-04T07:32:30.412+0000][gc,heap       ] GC(7) Humongous regions: 129->129
[2024-09-04T07:32:30.412+0000][gc,metaspace  ] GC(7) Metaspace: 43537K(46336K)->43537K(46336K) NonClass: 37918K(39424K)->37918K(39424K) Class: 5618K(6912K)->5618K(6912K)
[2024-09-04T07:32:30.412+0000][gc            ] GC(7) Pause Young (Normal) (G1 Evacuation Pause) 190M->147M(1024M) 6.312ms
[2024-09-04T07:32:30.412+0000][gc,cpu        ] GC(7) User=0.02s Sys=0.00s Real=0.01s
[2024-09-04T07:41:19.011+0000][gc,start      ] GC(8) Pause Young (Normal) (G1 Evacuation Pause)
[2024-09-04T07:41:19.011+0000][gc,task       ] GC(8) Using 4 workers of 4 for evacuation
[2024-09-04T07:41:19.016+0000][gc,phases     ] GC(8)   Pre Evacuate Collection Set: 0.0ms
[2024-09-04T07:41:19.016+0000][gc,phases     ] GC(8)   Evacuate Collection Set: 4.8ms
[2024-09-04T07:41:19.016+0000][gc,phases     ] GC(8)   Post Evacuate Collection Set: 0.3ms
[2024-09-04T07:41:19.016+0000][gc,phases     ] GC(8)   Other: 0.1ms
[2024-09-04T07:41:19.016+0000][gc,heap       ] GC(8) Eden regions: 45->0(47)
[2024-09-04T07:41:19.016+0000][gc,heap       ] GC(8) Survivor regions: 6->4(7)
[2024-09-04T07:41:19.016+0000][gc,heap       ] GC(8) Old regions: 15->17
[2024-09-04T07:41:19.016+0000][gc,heap       ] GC(8) Humongous regions: 129->129
[2024-09-04T07:41:19.016+0000][gc,metaspace  ] GC(8) Metaspace: 43692K(46720K)->43692K(46720K) NonClass: 38050K(39680K)->38050K(39680K) Class: 5642K(7040K)->5642K(7040K)
[2024-09-04T07:41:19.016+0000][gc            ] GC(8) Pause Young (Normal) (G1 Evacuation Pause) 192M->148M(1024M) 5.365ms
[2024-09-04T07:41:19.016+0000][gc,cpu        ] GC(8) User=0.02s Sys=0.00s Real=0.00s
[2024-09-04T07:51:16.399+0000][gc,start      ] GC(9) Pause Young (Normal) (G1 Evacuation Pause)
[2024-09-04T07:51:16.399+0000][gc,task       ] GC(9) Using 4 workers of 4 for evacuation
[2024-09-04T07:51:16.404+0000][gc,phases     ] GC(9)   Pre Evacuate Collection Set: 0.0ms
[2024-09-04T07:51:16.404+0000][gc,phases     ] GC(9)   Evacuate Collection Set: 3.7ms
[2024-09-04T07:51:16.404+0000][gc,phases     ] GC(9)   Post Evacuate Collection Set: 0.7ms
[2024-09-04T07:51:16.404+0000][gc,phases     ] GC(9)   Other: 0.2ms
[2024-09-04T07:51:16.404+0000][gc,heap       ] GC(9) Eden regions: 47->0(47)
[2024-09-04T07:51:16.404+0000][gc,heap       ] GC(9) Survivor regions: 4->4(7)
[2024-09-04T07:51:16.404+0000][gc,heap       ] GC(9) Old regions: 17->17
[2024-09-04T07:51:16.404+0000][gc,heap       ] GC(9) Humongous regions: 129->129
[2024-09-04T07:51:16.404+0000][gc,metaspace  ] GC(9) Metaspace: 43752K(46720K)->43752K(46720K) NonClass: 38109K(39680K)->38109K(39680K) Class: 5642K(7040K)->5642K(7040K)
[2024-09-04T07:51:16.404+0000][gc            ] GC(9) Pause Young (Normal) (G1 Evacuation Pause) 195M->148M(1024M) 4.623ms
[2024-09-04T07:51:16.404+0000][gc,cpu        ] GC(9) User=0.01s Sys=0.00s Real=0.00s
[2024-09-04T08:01:34.011+0000][gc,start      ] GC(10) Pause Young (Normal) (G1 Evacuation Pause)
[2024-09-04T08:01:34.011+0000][gc,task       ] GC(10) Using 4 workers of 4 for evacuation
[2024-09-04T08:01:34.015+0000][gc,phases     ] GC(10)   Pre Evacuate Collection Set: 0.0ms
[2024-09-04T08:01:34.015+0000][gc,phases     ] GC(10)   Evacuate Collection Set: 4.0ms
[2024-09-04T08:01:34.015+0000][gc,phases     ] GC(10)   Post Evacuate Collection Set: 0.4ms
[2024-09-04T08:01:34.015+0000][gc,phases     ] GC(10)   Other: 0.1ms
[2024-09-04T08:01:34.015+0000][gc,heap       ] GC(10) Eden regions: 47->0(53)
[2024-09-04T08:01:34.015+0000][gc,heap       ] GC(10) Survivor regions: 4->3(7)
[2024-09-04T08:01:34.015+0000][gc,heap       ] GC(10) Old regions: 17->18
[2024-09-04T08:01:34.015+0000][gc,heap       ] GC(10) Humongous regions: 129->129
[2024-09-04T08:01:34.015+0000][gc,metaspace  ] GC(10) Metaspace: 43790K(46720K)->43790K(46720K) NonClass: 38148K(39680K)->38148K(39680K) Class: 5642K(7040K)->5642K(7040K)
[2024-09-04T08:01:34.015+0000][gc            ] GC(10) Pause Young (Normal) (G1 Evacuation Pause) 195M->147M(1024M) 4.566ms
[2024-09-04T08:01:34.015+0000][gc,cpu        ] GC(10) User=0.02s Sys=0.00s Real=0.00s
[2024-09-04T08:13:22.996+0000][gc,start      ] GC(11) Pause Young (Normal) (G1 Evacuation Pause)
[2024-09-04T08:13:22.996+0000][gc,task       ] GC(11) Using 4 workers of 4 for evacuation
[2024-09-04T08:13:22.999+0000][gc,phases     ] GC(11)   Pre Evacuate Collection Set: 0.0ms
[2024-09-04T08:13:22.999+0000][gc,phases     ] GC(11)   Evacuate Collection Set: 2.6ms
[2024-09-04T08:13:22.999+0000][gc,phases     ] GC(11)   Post Evacuate Collection Set: 0.3ms
[2024-09-04T08:13:22.999+0000][gc,phases     ] GC(11)   Other: 0.1ms
[2024-09-04T08:13:22.999+0000][gc,heap       ] GC(11) Eden regions: 53->0(333)
[2024-09-04T08:13:22.999+0000][gc,heap       ] GC(11) Survivor regions: 3->4(7)
[2024-09-04T08:13:22.999+0000][gc,heap       ] GC(11) Old regions: 18->18
[2024-09-04T08:13:22.999+0000][gc,heap       ] GC(11) Humongous regions: 129->129
[2024-09-04T08:13:22.999+0000][gc,metaspace  ] GC(11) Metaspace: 43866K(46720K)->43866K(46720K) NonClass: 38223K(39680K)->38223K(39680K) Class: 5642K(7040K)->5642K(7040K)
[2024-09-04T08:13:22.999+0000][gc            ] GC(11) Pause Young (Normal) (G1 Evacuation Pause) 200M->148M(1024M) 3.125ms
[2024-09-04T08:13:22.999+0000][gc,cpu        ] GC(11) User=0.01s Sys=0.00s Real=0.01s
[2024-09-04T09:26:32.911+0000][gc,start      ] GC(12) Pause Young (Normal) (G1 Evacuation Pause)
[2024-09-04T09:26:32.911+0000][gc,task       ] GC(12) Using 4 workers of 4 for evacuation
[2024-09-04T09:26:32.915+0000][gc,phases     ] GC(12)   Pre Evacuate Collection Set: 0.0ms
[2024-09-04T09:26:32.915+0000][gc,phases     ] GC(12)   Evacuate Collection Set: 3.2ms
[2024-09-04T09:26:32.915+0000][gc,phases     ] GC(12)   Post Evacuate Collection Set: 0.7ms
[2024-09-04T09:26:32.915+0000][gc,phases     ] GC(12)   Other: 0.2ms
[2024-09-04T09:26:32.915+0000][gc,heap       ] GC(12) Eden regions: 333->0(611)
[2024-09-04T09:26:32.915+0000][gc,heap       ] GC(12) Survivor regions: 4->3(43)
[2024-09-04T09:26:32.915+0000][gc,heap       ] GC(12) Old regions: 18->18
[2024-09-04T09:26:32.915+0000][gc,heap       ] GC(12) Humongous regions: 129->129
[2024-09-04T09:26:32.915+0000][gc,metaspace  ] GC(12) Metaspace: 44025K(46976K)->44025K(46976K) NonClass: 38377K(39936K)->38377K(39936K) Class: 5648K(7040K)->5648K(7040K)
[2024-09-04T09:26:32.915+0000][gc            ] GC(12) Pause Young (Normal) (G1 Evacuation Pause) 481M->148M(1024M) 4.172ms
[2024-09-04T09:26:32.915+0000][gc,cpu        ] GC(12) User=0.01s Sys=0.00s Real=0.00s
[2024-09-04T11:42:42.743+0000][gc,start      ] GC(13) Pause Young (Normal) (G1 Evacuation Pause)
[2024-09-04T11:42:42.743+0000][gc,task       ] GC(13) Using 4 workers of 4 for evacuation
[2024-09-04T11:42:42.746+0000][gc,phases     ] GC(13)   Pre Evacuate Collection Set: 0.0ms
[2024-09-04T11:42:42.746+0000][gc,phases     ] GC(13)   Evacuate Collection Set: 2.3ms
[2024-09-04T11:42:42.746+0000][gc,phases     ] GC(13)   Post Evacuate Collection Set: 0.4ms
[2024-09-04T11:42:42.746+0000][gc,phases     ] GC(13)   Other: 0.2ms
[2024-09-04T11:42:42.746+0000][gc,heap       ] GC(13) Eden regions: 611->0(611)
[2024-09-04T11:42:42.746+0000][gc,heap       ] GC(13) Survivor regions: 3->3(77)
[2024-09-04T11:42:42.746+0000][gc,heap       ] GC(13) Old regions: 18->18
[2024-09-04T11:42:42.746+0000][gc,heap       ] GC(13) Humongous regions: 129->129
[2024-09-04T11:42:42.746+0000][gc,metaspace  ] GC(13) Metaspace: 44140K(46976K)->44140K(46976K) NonClass: 38487K(39936K)->38487K(39936K) Class: 5652K(7040K)->5652K(7040K)
[2024-09-04T11:42:42.746+0000][gc            ] GC(13) Pause Young (Normal) (G1 Evacuation Pause) 759M->147M(1024M) 2.923ms
[2024-09-04T11:42:42.746+0000][gc,cpu        ] GC(13) User=0.01s Sys=0.00s Real=0.00s
[2024-09-04T13:59:41.858+0000][gc,start      ] GC(14) Pause Young (Normal) (G1 Evacuation Pause)
[2024-09-04T13:59:41.858+0000][gc,task       ] GC(14) Using 4 workers of 4 for evacuation
[2024-09-04T13:59:41.862+0000][gc,phases     ] GC(14)   Pre Evacuate Collection Set: 0.0ms
[2024-09-04T13:59:41.862+0000][gc,phases     ] GC(14)   Evacuate Collection Set: 3.0ms
[2024-09-04T13:59:41.862+0000][gc,phases     ] GC(14)   Post Evacuate Collection Set: 0.7ms
[2024-09-04T13:59:41.862+0000][gc,phases     ] GC(14)   Other: 0.2ms
[2024-09-04T13:59:41.862+0000][gc,heap       ] GC(14) Eden regions: 611->0(610)
[2024-09-04T13:59:41.862+0000][gc,heap       ] GC(14) Survivor regions: 3->4(77)
[2024-09-04T13:59:41.862+0000][gc,heap       ] GC(14) Old regions: 18->18
[2024-09-04T13:59:41.862+0000][gc,heap       ] GC(14) Humongous regions: 129->129
[2024-09-04T13:59:41.862+0000][gc,metaspace  ] GC(14) Metaspace: 44198K(46976K)->44198K(46976K) NonClass: 38545K(39936K)->38545K(39936K) Class: 5652K(7040K)->5652K(7040K)
[2024-09-04T13:59:41.862+0000][gc            ] GC(14) Pause Young (Normal) (G1 Evacuation Pause) 758M->148M(1024M) 3.987ms
[2024-09-04T13:59:41.862+0000][gc,cpu        ] GC(14) User=0.01s Sys=0.00s Real=0.00s
[2024-09-04T16:16:34.377+0000][gc,start      ] GC(15) Pause Young (Normal) (G1 Evacuation Pause)
[2024-09-04T16:16:34.377+0000][gc,task       ] GC(15) Using 4 workers of 4 for evacuation
[2024-09-04T16:16:34.381+0000][gc,phases     ] GC(15)   Pre Evacuate Collection Set: 0.0ms
[2024-09-04T16:16:34.381+0000][gc,phases     ] GC(15)   Evacuate Collection Set: 2.5ms
[2024-09-04T16:16:34.381+0000][gc,phases     ] GC(15)   Post Evacuate Collection Set: 0.9ms
[2024-09-04T16:16:34.381+0000][gc,phases     ] GC(15)   Other: 0.2ms
[2024-09-04T16:16:34.381+0000][gc,heap       ] GC(15) Eden regions: 610->0(611)
[2024-09-04T16:16:34.381+0000][gc,heap       ] GC(15) Survivor regions: 4->3(77)
[2024-09-04T16:16:34.381+0000][gc,heap       ] GC(15) Old regions: 18->18
[2024-09-04T16:16:34.381+0000][gc,heap       ] GC(15) Humongous regions: 129->129
[2024-09-04T16:16:34.381+0000][gc,metaspace  ] GC(15) Metaspace: 44251K(47232K)->44251K(47232K) NonClass: 38597K(40192K)->38597K(40192K) Class: 5653K(7040K)->5653K(7040K)
[2024-09-04T16:16:34.381+0000][gc            ] GC(15) Pause Young (Normal) (G1 Evacuation Pause) 758M->148M(1024M) 3.591ms
[2024-09-04T16:16:34.381+0000][gc,cpu        ] GC(15) User=0.01s Sys=0.00s Real=0.00s
[2024-09-04T18:31:58.099+0000][gc,start      ] GC(16) Pause Young (Normal) (G1 Evacuation Pause)
[2024-09-04T18:31:58.099+0000][gc,task       ] GC(16) Using 4 workers of 4 for evacuation
[2024-09-04T18:31:58.102+0000][gc,phases     ] GC(16)   Pre Evacuate Collection Set: 0.0ms
[2024-09-04T18:31:58.102+0000][gc,phases     ] GC(16)   Evacuate Collection Set: 3.1ms
[2024-09-04T18:31:58.102+0000][gc,phases     ] GC(16)   Post Evacuate Collection Set: 0.6ms
[2024-09-04T18:31:58.102+0000][gc,phases     ] GC(16)   Other: 0.2ms
[2024-09-04T18:31:58.102+0000][gc,heap       ] GC(16) Eden regions: 611->0(610)
[2024-09-04T18:31:58.102+0000][gc,heap       ] GC(16) Survivor regions: 3->4(77)
[2024-09-04T18:31:58.102+0000][gc,heap       ] GC(16) Old regions: 18->18
[2024-09-04T18:31:58.102+0000][gc,heap       ] GC(16) Humongous regions: 129->129
[2024-09-04T18:31:58.102+0000][gc,metaspace  ] GC(16) Metaspace: 44381K(47232K)->44381K(47232K) NonClass: 38707K(40192K)->38707K(40192K) Class: 5674K(7040K)->5674K(7040K)
[2024-09-04T18:31:58.102+0000][gc            ] GC(16) Pause Young (Normal) (G1 Evacuation Pause) 759M->148M(1024M) 3.977ms
[2024-09-04T18:31:58.103+0000][gc,cpu        ] GC(16) User=0.00s Sys=0.01s Real=0.00s
[2024-09-04T20:43:45.849+0000][gc,start      ] GC(17) Pause Young (Normal) (G1 Evacuation Pause)
[2024-09-04T20:43:45.849+0000][gc,task       ] GC(17) Using 4 workers of 4 for evacuation
[2024-09-04T20:43:45.853+0000][gc,phases     ] GC(17)   Pre Evacuate Collection Set: 0.0ms
[2024-09-04T20:43:45.853+0000][gc,phases     ] GC(17)   Evacuate Collection Set: 2.6ms
[2024-09-04T20:43:45.853+0000][gc,phases     ] GC(17)   Post Evacuate Collection Set: 0.8ms
[2024-09-04T20:43:45.853+0000][gc,phases     ] GC(17)   Other: 0.2ms
[2024-09-04T20:43:45.853+0000][gc,heap       ] GC(17) Eden regions: 610->0(611)
[2024-09-04T20:43:45.853+0000][gc,heap       ] GC(17) Survivor regions: 4->3(77)
[2024-09-04T20:43:45.853+0000][gc,heap       ] GC(17) Old regions: 18->18
[2024-09-04T20:43:45.853+0000][gc,heap       ] GC(17) Humongous regions: 129->129
[2024-09-04T20:43:45.853+0000][gc,metaspace  ] GC(17) Metaspace: 44387K(47232K)->44387K(47232K) NonClass: 38713K(40192K)->38713K(40192K) Class: 5674K(7040K)->5674K(7040K)
[2024-09-04T20:43:45.853+0000][gc            ] GC(17) Pause Young (Normal) (G1 Evacuation Pause) 758M->148M(1024M) 3.626ms
[2024-09-04T20:43:45.853+0000][gc,cpu        ] GC(17) User=0.00s Sys=0.01s Real=0.00s
[2024-09-04T22:49:57.846+0000][gc,start      ] GC(18) Pause Young (Normal) (G1 Evacuation Pause)
[2024-09-04T22:49:57.846+0000][gc,task       ] GC(18) Using 4 workers of 4 for evacuation
[2024-09-04T22:49:57.849+0000][gc,phases     ] GC(18)   Pre Evacuate Collection Set: 0.0ms
[2024-09-04T22:49:57.849+0000][gc,phases     ] GC(18)   Evacuate Collection Set: 2.6ms
[2024-09-04T22:49:57.849+0000][gc,phases     ] GC(18)   Post Evacuate Collection Set: 0.4ms
[2024-09-04T22:49:57.849+0000][gc,phases     ] GC(18)   Other: 0.2ms
[2024-09-04T22:49:57.849+0000][gc,heap       ] GC(18) Eden regions: 611->0(611)
[2024-09-04T22:49:57.849+0000][gc,heap       ] GC(18) Survivor regions: 3->3(77)
[2024-09-04T22:49:57.849+0000][gc,heap       ] GC(18) Old regions: 18->18
[2024-09-04T22:49:57.849+0000][gc,heap       ] GC(18) Humongous regions: 129->129
[2024-09-04T22:49:57.849+0000][gc,metaspace  ] GC(18) Metaspace: 44408K(47488K)->44408K(47488K) NonClass: 38734K(40448K)->38734K(40448K) Class: 5674K(7040K)->5674K(7040K)
[2024-09-04T22:49:57.849+0000][gc            ] GC(18) Pause Young (Normal) (G1 Evacuation Pause) 759M->148M(1024M) 3.292ms
[2024-09-04T22:49:57.849+0000][gc,cpu        ] GC(18) User=0.01s Sys=0.00s Real=0.00s
[2024-09-05T00:56:24.155+0000][gc,start      ] GC(19) Pause Young (Normal) (G1 Evacuation Pause)
[2024-09-05T00:56:24.155+0000][gc,task       ] GC(19) Using 4 workers of 4 for evacuation
[2024-09-05T00:56:24.159+0000][gc,phases     ] GC(19)   Pre Evacuate Collection Set: 0.0ms
[2024-09-05T00:56:24.159+0000][gc,phases     ] GC(19)   Evacuate Collection Set: 3.5ms
[2024-09-05T00:56:24.159+0000][gc,phases     ] GC(19)   Post Evacuate Collection Set: 0.5ms
[2024-09-05T00:56:24.159+0000][gc,phases     ] GC(19)   Other: 0.2ms
[2024-09-05T00:56:24.159+0000][gc,heap       ] GC(19) Eden regions: 611->0(611)
[2024-09-05T00:56:24.159+0000][gc,heap       ] GC(19) Survivor regions: 3->3(77)
[2024-09-05T00:56:24.159+0000][gc,heap       ] GC(19) Old regions: 18->18
[2024-09-05T00:56:24.160+0000][gc,heap       ] GC(19) Humongous regions: 129->129
[2024-09-05T00:56:24.160+0000][gc,metaspace  ] GC(19) Metaspace: 44471K(47488K)->44471K(47488K) NonClass: 38794K(40448K)->38794K(40448K) Class: 5676K(7040K)->5676K(7040K)
[2024-09-05T00:56:24.160+0000][gc            ] GC(19) Pause Young (Normal) (G1 Evacuation Pause) 759M->148M(1024M) 4.258ms
[2024-09-05T00:56:24.160+0000][gc,cpu        ] GC(19) User=0.01s Sys=0.00s Real=0.01s
[2024-09-05T03:08:22.916+0000][gc,start      ] GC(20) Pause Young (Normal) (G1 Evacuation Pause)
[2024-09-05T03:08:22.916+0000][gc,task       ] GC(20) Using 4 workers of 4 for evacuation
[2024-09-05T03:08:22.919+0000][gc,phases     ] GC(20)   Pre Evacuate Collection Set: 0.0ms
[2024-09-05T03:08:22.919+0000][gc,phases     ] GC(20)   Evacuate Collection Set: 2.9ms
[2024-09-05T03:08:22.919+0000][gc,phases     ] GC(20)   Post Evacuate Collection Set: 0.3ms
[2024-09-05T03:08:22.919+0000][gc,phases     ] GC(20)   Other: 0.2ms
[2024-09-05T03:08:22.919+0000][gc,heap       ] GC(20) Eden regions: 611->0(610)
[2024-09-05T03:08:22.919+0000][gc,heap       ] GC(20) Survivor regions: 3->4(77)
[2024-09-05T03:08:22.919+0000][gc,heap       ] GC(20) Old regions: 18->18
[2024-09-05T03:08:22.919+0000][gc,heap       ] GC(20) Humongous regions: 129->129
[2024-09-05T03:08:22.919+0000][gc,metaspace  ] GC(20) Metaspace: 44523K(47488K)->44523K(47488K) NonClass: 38837K(40448K)->38837K(40448K) Class: 5686K(7040K)->5686K(7040K)
[2024-09-05T03:08:22.919+0000][gc            ] GC(20) Pause Young (Normal) (G1 Evacuation Pause) 759M->149M(1024M) 3.512ms
[2024-09-05T03:08:22.919+0000][gc,cpu        ] GC(20) User=0.01s Sys=0.00s Real=0.01s
[2024-09-05T05:20:11.476+0000][gc,start      ] GC(21) Pause Young (Normal) (G1 Evacuation Pause)
[2024-09-05T05:20:11.476+0000][gc,task       ] GC(21) Using 4 workers of 4 for evacuation
[2024-09-05T05:20:11.480+0000][gc,phases     ] GC(21)   Pre Evacuate Collection Set: 0.0ms
[2024-09-05T05:20:11.480+0000][gc,phases     ] GC(21)   Evacuate Collection Set: 2.6ms
[2024-09-05T05:20:11.480+0000][gc,phases     ] GC(21)   Post Evacuate Collection Set: 0.3ms
[2024-09-05T05:20:11.480+0000][gc,phases     ] GC(21)   Other: 0.2ms
[2024-09-05T05:20:11.480+0000][gc,heap       ] GC(21) Eden regions: 610->0(611)
[2024-09-05T05:20:11.480+0000][gc,heap       ] GC(21) Survivor regions: 4->3(77)
[2024-09-05T05:20:11.480+0000][gc,heap       ] GC(21) Old regions: 18->18
[2024-09-05T05:20:11.480+0000][gc,heap       ] GC(21) Humongous regions: 129->129
[2024-09-05T05:20:11.480+0000][gc,metaspace  ] GC(21) Metaspace: 44570K(47488K)->44570K(47488K) NonClass: 38883K(40448K)->38883K(40448K) Class: 5686K(7040K)->5686K(7040K)
[2024-09-05T05:20:11.480+0000][gc            ] GC(21) Pause Young (Normal) (G1 Evacuation Pause) 759M->148M(1024M) 3.211ms
[2024-09-05T05:20:11.480+0000][gc,cpu        ] GC(21) User=0.01s Sys=0.00s Real=0.01s
[2024-09-05T07:31:23.397+0000][gc,start      ] GC(22) Pause Young (Normal) (G1 Evacuation Pause)
[2024-09-05T07:31:23.397+0000][gc,task       ] GC(22) Using 4 workers of 4 for evacuation
[2024-09-05T07:31:23.401+0000][gc,phases     ] GC(22)   Pre Evacuate Collection Set: 0.0ms
[2024-09-05T07:31:23.401+0000][gc,phases     ] GC(22)   Evacuate Collection Set: 3.2ms
[2024-09-05T07:31:23.401+0000][gc,phases     ] GC(22)   Post Evacuate Collection Set: 0.5ms
[2024-09-05T07:31:23.401+0000][gc,phases     ] GC(22)   Other: 0.2ms
[2024-09-05T07:31:23.401+0000][gc,heap       ] GC(22) Eden regions: 611->0(611)
[2024-09-05T07:31:23.401+0000][gc,heap       ] GC(22) Survivor regions: 3->3(77)
[2024-09-05T07:31:23.401+0000][gc,heap       ] GC(22) Old regions: 18->18
[2024-09-05T07:31:23.401+0000][gc,heap       ] GC(22) Humongous regions: 129->129
[2024-09-05T07:31:23.401+0000][gc,metaspace  ] GC(22) Metaspace: 44593K(47488K)->44593K(47488K) NonClass: 38907K(40448K)->38907K(40448K) Class: 5686K(7040K)->5686K(7040K)
[2024-09-05T07:31:23.401+0000][gc            ] GC(22) Pause Young (Normal) (G1 Evacuation Pause) 759M->148M(1024M) 3.920ms
[2024-09-05T07:31:23.401+0000][gc,cpu        ] GC(22) User=0.01s Sys=0.00s Real=0.00s
[2024-09-05T09:43:18.438+0000][gc,start      ] GC(23) Pause Young (Normal) (G1 Evacuation Pause)
[2024-09-05T09:43:18.438+0000][gc,task       ] GC(23) Using 4 workers of 4 for evacuation
[2024-09-05T09:43:18.443+0000][gc,phases     ] GC(23)   Pre Evacuate Collection Set: 0.0ms
[2024-09-05T09:43:18.443+0000][gc,phases     ] GC(23)   Evacuate Collection Set: 3.3ms
[2024-09-05T09:43:18.443+0000][gc,phases     ] GC(23)   Post Evacuate Collection Set: 0.8ms
[2024-09-05T09:43:18.443+0000][gc,phases     ] GC(23)   Other: 0.2ms
[2024-09-05T09:43:18.443+0000][gc,heap       ] GC(23) Eden regions: 611->0(610)
[2024-09-05T09:43:18.443+0000][gc,heap       ] GC(23) Survivor regions: 3->4(77)
[2024-09-05T09:43:18.443+0000][gc,heap       ] GC(23) Old regions: 18->18
[2024-09-05T09:43:18.443+0000][gc,heap       ] GC(23) Humongous regions: 129->129
[2024-09-05T09:43:18.443+0000][gc,metaspace  ] GC(23) Metaspace: 44597K(47488K)->44597K(47488K) NonClass: 38911K(40448K)->38911K(40448K) Class: 5686K(7040K)->5686K(7040K)
[2024-09-05T09:43:18.443+0000][gc            ] GC(23) Pause Young (Normal) (G1 Evacuation Pause) 759M->149M(1024M) 4.540ms
[2024-09-05T09:43:18.443+0000][gc,cpu        ] GC(23) User=0.02s Sys=0.00s Real=0.00s
[2024-09-05T11:55:07.552+0000][gc,start      ] GC(24) Pause Young (Normal) (G1 Evacuation Pause)
[2024-09-05T11:55:07.552+0000][gc,task       ] GC(24) Using 4 workers of 4 for evacuation
[2024-09-05T11:55:07.558+0000][gc,phases     ] GC(24)   Pre Evacuate Collection Set: 0.0ms
[2024-09-05T11:55:07.558+0000][gc,phases     ] GC(24)   Evacuate Collection Set: 4.7ms
[2024-09-05T11:55:07.558+0000][gc,phases     ] GC(24)   Post Evacuate Collection Set: 1.4ms
[2024-09-05T11:55:07.558+0000][gc,phases     ] GC(24)   Other: 0.2ms
[2024-09-05T11:55:07.558+0000][gc,heap       ] GC(24) Eden regions: 610->0(611)
[2024-09-05T11:55:07.558+0000][gc,heap       ] GC(24) Survivor regions: 4->3(77)
[2024-09-05T11:55:07.558+0000][gc,heap       ] GC(24) Old regions: 18->18
[2024-09-05T11:55:07.558+0000][gc,heap       ] GC(24) Humongous regions: 129->129
[2024-09-05T11:55:07.558+0000][gc,metaspace  ] GC(24) Metaspace: 44603K(47488K)->44603K(47488K) NonClass: 38917K(40448K)->38917K(40448K) Class: 5686K(7040K)->5686K(7040K)
[2024-09-05T11:55:07.558+0000][gc            ] GC(24) Pause Young (Normal) (G1 Evacuation Pause) 759M->148M(1024M) 6.265ms
[2024-09-05T11:55:07.558+0000][gc,cpu        ] GC(24) User=0.02s Sys=0.00s Real=0.01s
[2024-09-05T14:07:10.952+0000][gc,start      ] GC(25) Pause Young (Normal) (G1 Evacuation Pause)
[2024-09-05T14:07:10.952+0000][gc,task       ] GC(25) Using 4 workers of 4 for evacuation
[2024-09-05T14:07:10.955+0000][gc,phases     ] GC(25)   Pre Evacuate Collection Set: 0.0ms
[2024-09-05T14:07:10.955+0000][gc,phases     ] GC(25)   Evacuate Collection Set: 2.7ms
[2024-09-05T14:07:10.955+0000][gc,phases     ] GC(25)   Post Evacuate Collection Set: 0.3ms
[2024-09-05T14:07:10.955+0000][gc,phases     ] GC(25)   Other: 0.2ms
[2024-09-05T14:07:10.955+0000][gc,heap       ] GC(25) Eden regions: 611->0(610)
[2024-09-05T14:07:10.955+0000][gc,heap       ] GC(25) Survivor regions: 3->4(77)
[2024-09-05T14:07:10.955+0000][gc,heap       ] GC(25) Old regions: 18->18
[2024-09-05T14:07:10.955+0000][gc,heap       ] GC(25) Humongous regions: 129->129
[2024-09-05T14:07:10.955+0000][gc,metaspace  ] GC(25) Metaspace: 44603K(47488K)->44603K(47488K) NonClass: 38917K(40448K)->38917K(40448K) Class: 5686K(7040K)->5686K(7040K)
[2024-09-05T14:07:10.956+0000][gc            ] GC(25) Pause Young (Normal) (G1 Evacuation Pause) 759M->148M(1024M) 3.322ms
[2024-09-05T14:07:10.956+0000][gc,cpu        ] GC(25) User=0.01s Sys=0.00s Real=0.00s
[2024-09-05T16:19:06.148+0000][gc,start      ] GC(26) Pause Young (Normal) (G1 Evacuation Pause)
[2024-09-05T16:19:06.148+0000][gc,task       ] GC(26) Using 4 workers of 4 for evacuation
[2024-09-05T16:19:06.151+0000][gc,phases     ] GC(26)   Pre Evacuate Collection Set: 0.0ms
[2024-09-05T16:19:06.151+0000][gc,phases     ] GC(26)   Evacuate Collection Set: 2.8ms
[2024-09-05T16:19:06.151+0000][gc,phases     ] GC(26)   Post Evacuate Collection Set: 0.4ms
[2024-09-05T16:19:06.151+0000][gc,phases     ] GC(26)   Other: 0.2ms
[2024-09-05T16:19:06.151+0000][gc,heap       ] GC(26) Eden regions: 610->0(611)
[2024-09-05T16:19:06.151+0000][gc,heap       ] GC(26) Survivor regions: 4->3(77)
[2024-09-05T16:19:06.151+0000][gc,heap       ] GC(26) Old regions: 18->18
[2024-09-05T16:19:06.151+0000][gc,heap       ] GC(26) Humongous regions: 129->129
[2024-09-05T16:19:06.151+0000][gc,metaspace  ] GC(26) Metaspace: 44685K(47488K)->44685K(47488K) NonClass: 38998K(40448K)->38998K(40448K) Class: 5686K(7040K)->5686K(7040K)
[2024-09-05T16:19:06.151+0000][gc            ] GC(26) Pause Young (Normal) (G1 Evacuation Pause) 758M->147M(1024M) 3.404ms
[2024-09-05T16:19:06.151+0000][gc,cpu        ] GC(26) User=0.01s Sys=0.00s Real=0.01s
[2024-09-05T18:30:13.344+0000][gc,start      ] GC(27) Pause Young (Normal) (G1 Evacuation Pause)
[2024-09-05T18:30:13.344+0000][gc,task       ] GC(27) Using 4 workers of 4 for evacuation
[2024-09-05T18:30:13.347+0000][gc,phases     ] GC(27)   Pre Evacuate Collection Set: 0.0ms
[2024-09-05T18:30:13.347+0000][gc,phases     ] GC(27)   Evacuate Collection Set: 2.7ms
[2024-09-05T18:30:13.347+0000][gc,phases     ] GC(27)   Post Evacuate Collection Set: 0.5ms
[2024-09-05T18:30:13.347+0000][gc,phases     ] GC(27)   Other: 0.2ms
[2024-09-05T18:30:13.347+0000][gc,heap       ] GC(27) Eden regions: 611->0(611)
[2024-09-05T18:30:13.347+0000][gc,heap       ] GC(27) Survivor regions: 3->3(77)
[2024-09-05T18:30:13.347+0000][gc,heap       ] GC(27) Old regions: 18->18
[2024-09-05T18:30:13.347+0000][gc,heap       ] GC(27) Humongous regions: 129->129
[2024-09-05T18:30:13.347+0000][gc,metaspace  ] GC(27) Metaspace: 44685K(47488K)->44685K(47488K) NonClass: 38998K(40448K)->38998K(40448K) Class: 5686K(7040K)->5686K(7040K)
[2024-09-05T18:30:13.347+0000][gc            ] GC(27) Pause Young (Normal) (G1 Evacuation Pause) 758M->148M(1024M) 3.383ms
[2024-09-05T18:30:13.347+0000][gc,cpu        ] GC(27) User=0.01s Sys=0.00s Real=0.00s
[2024-09-05T20:42:26.083+0000][gc,start      ] GC(28) Pause Young (Normal) (G1 Evacuation Pause)
[2024-09-05T20:42:26.083+0000][gc,task       ] GC(28) Using 4 workers of 4 for evacuation
[2024-09-05T20:42:26.087+0000][gc,phases     ] GC(28)   Pre Evacuate Collection Set: 0.0ms
[2024-09-05T20:42:26.087+0000][gc,phases     ] GC(28)   Evacuate Collection Set: 3.5ms
[2024-09-05T20:42:26.087+0000][gc,phases     ] GC(28)   Post Evacuate Collection Set: 0.4ms
[2024-09-05T20:42:26.087+0000][gc,phases     ] GC(28)   Other: 0.2ms
[2024-09-05T20:42:26.087+0000][gc,heap       ] GC(28) Eden regions: 611->0(610)
[2024-09-05T20:42:26.087+0000][gc,heap       ] GC(28) Survivor regions: 3->4(77)
[2024-09-05T20:42:26.087+0000][gc,heap       ] GC(28) Old regions: 18->18
[2024-09-05T20:42:26.087+0000][gc,heap       ] GC(28) Humongous regions: 129->129
[2024-09-05T20:42:26.087+0000][gc,metaspace  ] GC(28) Metaspace: 44685K(47488K)->44685K(47488K) NonClass: 38998K(40448K)->38998K(40448K) Class: 5686K(7040K)->5686K(7040K)
[2024-09-05T20:42:26.087+0000][gc            ] GC(28) Pause Young (Normal) (G1 Evacuation Pause) 759M->148M(1024M) 4.197ms
[2024-09-05T20:42:26.087+0000][gc,cpu        ] GC(28) User=0.01s Sys=0.00s Real=0.00s
[2024-09-05T22:54:13.170+0000][gc,start      ] GC(29) Pause Young (Normal) (G1 Evacuation Pause)
[2024-09-05T22:54:13.170+0000][gc,task       ] GC(29) Using 4 workers of 4 for evacuation
[2024-09-05T22:54:13.174+0000][gc,phases     ] GC(29)   Pre Evacuate Collection Set: 0.0ms
[2024-09-05T22:54:13.174+0000][gc,phases     ] GC(29)   Evacuate Collection Set: 3.1ms
[2024-09-05T22:54:13.174+0000][gc,phases     ] GC(29)   Post Evacuate Collection Set: 0.4ms
[2024-09-05T22:54:13.174+0000][gc,phases     ] GC(29)   Other: 0.2ms
[2024-09-05T22:54:13.174+0000][gc,heap       ] GC(29) Eden regions: 610->0(611)
[2024-09-05T22:54:13.174+0000][gc,heap       ] GC(29) Survivor regions: 4->3(77)
[2024-09-05T22:54:13.174+0000][gc,heap       ] GC(29) Old regions: 18->18
[2024-09-05T22:54:13.174+0000][gc,heap       ] GC(29) Humongous regions: 129->129
[2024-09-05T22:54:13.174+0000][gc,metaspace  ] GC(29) Metaspace: 44686K(47488K)->44686K(47488K) NonClass: 38999K(40448K)->38999K(40448K) Class: 5686K(7040K)->5686K(7040K)
[2024-09-05T22:54:13.174+0000][gc            ] GC(29) Pause Young (Normal) (G1 Evacuation Pause) 758M->148M(1024M) 3.826ms
[2024-09-05T22:54:13.174+0000][gc,cpu        ] GC(29) User=0.01s Sys=0.00s Real=0.00s
[2024-09-06T01:06:14.318+0000][gc,start      ] GC(30) Pause Young (Normal) (G1 Evacuation Pause)
[2024-09-06T01:06:14.318+0000][gc,task       ] GC(30) Using 4 workers of 4 for evacuation
[2024-09-06T01:06:14.323+0000][gc,phases     ] GC(30)   Pre Evacuate Collection Set: 0.0ms
[2024-09-06T01:06:14.323+0000][gc,phases     ] GC(30)   Evacuate Collection Set: 3.9ms
[2024-09-06T01:06:14.323+0000][gc,phases     ] GC(30)   Post Evacuate Collection Set: 0.5ms
[2024-09-06T01:06:14.323+0000][gc,phases     ] GC(30)   Other: 0.2ms
[2024-09-06T01:06:14.323+0000][gc,heap       ] GC(30) Eden regions: 611->0(610)
[2024-09-06T01:06:14.323+0000][gc,heap       ] GC(30) Survivor regions: 3->4(77)
[2024-09-06T01:06:14.323+0000][gc,heap       ] GC(30) Old regions: 18->18
[2024-09-06T01:06:14.323+0000][gc,heap       ] GC(30) Humongous regions: 129->129
[2024-09-06T01:06:14.323+0000][gc,metaspace  ] GC(30) Metaspace: 44687K(47488K)->44687K(47488K) NonClass: 39000K(40448K)->39000K(40448K) Class: 5686K(7040K)->5686K(7040K)
[2024-09-06T01:06:14.323+0000][gc            ] GC(30) Pause Young (Normal) (G1 Evacuation Pause) 759M->148M(1024M) 4.560ms
[2024-09-06T01:06:14.323+0000][gc,cpu        ] GC(30) User=0.02s Sys=0.00s Real=0.00s
[2024-09-06T03:18:05.310+0000][gc,start      ] GC(31) Pause Young (Normal) (G1 Evacuation Pause)
[2024-09-06T03:18:05.310+0000][gc,task       ] GC(31) Using 4 workers of 4 for evacuation
[2024-09-06T03:18:05.314+0000][gc,phases     ] GC(31)   Pre Evacuate Collection Set: 0.0ms
[2024-09-06T03:18:05.314+0000][gc,phases     ] GC(31)   Evacuate Collection Set: 3.4ms
[2024-09-06T03:18:05.314+0000][gc,phases     ] GC(31)   Post Evacuate Collection Set: 0.4ms
[2024-09-06T03:18:05.314+0000][gc,phases     ] GC(31)   Other: 0.2ms
[2024-09-06T03:18:05.314+0000][gc,heap       ] GC(31) Eden regions: 610->0(610)
[2024-09-06T03:18:05.314+0000][gc,heap       ] GC(31) Survivor regions: 4->4(77)
[2024-09-06T03:18:05.314+0000][gc,heap       ] GC(31) Old regions: 18->18
[2024-09-06T03:18:05.314+0000][gc,heap       ] GC(31) Humongous regions: 129->129
[2024-09-06T03:18:05.314+0000][gc,metaspace  ] GC(31) Metaspace: 44739K(47744K)->44739K(47744K) NonClass: 39052K(40704K)->39052K(40704K) Class: 5686K(7040K)->5686K(7040K)
[2024-09-06T03:18:05.314+0000][gc            ] GC(31) Pause Young (Normal) (G1 Evacuation Pause) 758M->149M(1024M) 4.046ms
[2024-09-06T03:18:05.314+0000][gc,cpu        ] GC(31) User=0.02s Sys=0.00s Real=0.00s
[2024-09-06T05:29:14.412+0000][gc,start      ] GC(32) Pause Young (Normal) (G1 Evacuation Pause)
[2024-09-06T05:29:14.412+0000][gc,task       ] GC(32) Using 4 workers of 4 for evacuation
[2024-09-06T05:29:14.415+0000][gc,phases     ] GC(32)   Pre Evacuate Collection Set: 0.0ms
[2024-09-06T05:29:14.415+0000][gc,phases     ] GC(32)   Evacuate Collection Set: 2.3ms
[2024-09-06T05:29:14.415+0000][gc,phases     ] GC(32)   Post Evacuate Collection Set: 0.4ms
[2024-09-06T05:29:14.415+0000][gc,phases     ] GC(32)   Other: 0.2ms
[2024-09-06T05:29:14.415+0000][gc,heap       ] GC(32) Eden regions: 610->0(611)
[2024-09-06T05:29:14.415+0000][gc,heap       ] GC(32) Survivor regions: 4->3(77)
[2024-09-06T05:29:14.415+0000][gc,heap       ] GC(32) Old regions: 18->18
[2024-09-06T05:29:14.415+0000][gc,heap       ] GC(32) Humongous regions: 129->129
[2024-09-06T05:29:14.415+0000][gc,metaspace  ] GC(32) Metaspace: 44739K(47744K)->44739K(47744K) NonClass: 39052K(40704K)->39052K(40704K) Class: 5686K(7040K)->5686K(7040K)
[2024-09-06T05:29:14.415+0000][gc            ] GC(32) Pause Young (Normal) (G1 Evacuation Pause) 759M->148M(1024M) 3.006ms
[2024-09-06T05:29:14.415+0000][gc,cpu        ] GC(32) User=0.01s Sys=0.00s Real=0.00s
[2024-09-06T07:41:13.519+0000][gc,start      ] GC(33) Pause Young (Normal) (G1 Evacuation Pause)
[2024-09-06T07:41:13.519+0000][gc,task       ] GC(33) Using 4 workers of 4 for evacuation
[2024-09-06T07:41:13.522+0000][gc,phases     ] GC(33)   Pre Evacuate Collection Set: 0.0ms
[2024-09-06T07:41:13.522+0000][gc,phases     ] GC(33)   Evacuate Collection Set: 2.4ms
[2024-09-06T07:41:13.522+0000][gc,phases     ] GC(33)   Post Evacuate Collection Set: 0.4ms
[2024-09-06T07:41:13.522+0000][gc,phases     ] GC(33)   Other: 0.2ms
[2024-09-06T07:41:13.522+0000][gc,heap       ] GC(33) Eden regions: 611->0(611)
[2024-09-06T07:41:13.522+0000][gc,heap       ] GC(33) Survivor regions: 3->3(77)
[2024-09-06T07:41:13.522+0000][gc,heap       ] GC(33) Old regions: 18->18
[2024-09-06T07:41:13.522+0000][gc,heap       ] GC(33) Humongous regions: 129->129
[2024-09-06T07:41:13.522+0000][gc,metaspace  ] GC(33) Metaspace: 44739K(47744K)->44739K(47744K) NonClass: 39052K(40704K)->39052K(40704K) Class: 5686K(7040K)->5686K(7040K)
[2024-09-06T07:41:13.522+0000][gc            ] GC(33) Pause Young (Normal) (G1 Evacuation Pause) 759M->148M(1024M) 3.012ms
[2024-09-06T07:41:13.522+0000][gc,cpu        ] GC(33) User=0.01s Sys=0.00s Real=0.00s
[2024-09-06T09:53:16.807+0000][gc,start      ] GC(34) Pause Young (Normal) (G1 Evacuation Pause)
[2024-09-06T09:53:16.807+0000][gc,task       ] GC(34) Using 4 workers of 4 for evacuation
[2024-09-06T09:53:16.809+0000][gc,phases     ] GC(34)   Pre Evacuate Collection Set: 0.0ms
[2024-09-06T09:53:16.809+0000][gc,phases     ] GC(34)   Evacuate Collection Set: 1.9ms
[2024-09-06T09:53:16.809+0000][gc,phases     ] GC(34)   Post Evacuate Collection Set: 0.4ms
[2024-09-06T09:53:16.809+0000][gc,phases     ] GC(34)   Other: 0.2ms
[2024-09-06T09:53:16.809+0000][gc,heap       ] GC(34) Eden regions: 611->0(611)
[2024-09-06T09:53:16.809+0000][gc,heap       ] GC(34) Survivor regions: 3->3(77)
[2024-09-06T09:53:16.809+0000][gc,heap       ] GC(34) Old regions: 18->19
[2024-09-06T09:53:16.809+0000][gc,heap       ] GC(34) Humongous regions: 129->129
[2024-09-06T09:53:16.809+0000][gc,metaspace  ] GC(34) Metaspace: 44739K(47744K)->44739K(47744K) NonClass: 39053K(40704K)->39053K(40704K) Class: 5686K(7040K)->5686K(7040K)
[2024-09-06T09:53:16.809+0000][gc            ] GC(34) Pause Young (Normal) (G1 Evacuation Pause) 759M->148M(1024M) 2.529ms
[2024-09-06T09:53:16.809+0000][gc,cpu        ] GC(34) User=0.01s Sys=0.01s Real=0.01s
[2024-09-06T12:05:22.210+0000][gc,start      ] GC(35) Pause Young (Normal) (G1 Evacuation Pause)
[2024-09-06T12:05:22.210+0000][gc,task       ] GC(35) Using 4 workers of 4 for evacuation
[2024-09-06T12:05:22.213+0000][gc,phases     ] GC(35)   Pre Evacuate Collection Set: 0.0ms
[2024-09-06T12:05:22.213+0000][gc,phases     ] GC(35)   Evacuate Collection Set: 2.8ms
[2024-09-06T12:05:22.213+0000][gc,phases     ] GC(35)   Post Evacuate Collection Set: 0.5ms
[2024-09-06T12:05:22.213+0000][gc,phases     ] GC(35)   Other: 0.2ms
[2024-09-06T12:05:22.213+0000][gc,heap       ] GC(35) Eden regions: 611->0(611)
[2024-09-06T12:05:22.213+0000][gc,heap       ] GC(35) Survivor regions: 3->3(77)
[2024-09-06T12:05:22.213+0000][gc,heap       ] GC(35) Old regions: 19->19
[2024-09-06T12:05:22.213+0000][gc,heap       ] GC(35) Humongous regions: 129->129
[2024-09-06T12:05:22.213+0000][gc,metaspace  ] GC(35) Metaspace: 44743K(47744K)->44743K(47744K) NonClass: 39057K(40704K)->39057K(40704K) Class: 5686K(7040K)->5686K(7040K)
[2024-09-06T12:05:22.213+0000][gc            ] GC(35) Pause Young (Normal) (G1 Evacuation Pause) 759M->148M(1024M) 3.550ms
[2024-09-06T12:05:22.213+0000][gc,cpu        ] GC(35) User=0.01s Sys=0.01s Real=0.00s
[2024-09-06T14:21:27.234+0000][gc,start      ] GC(36) Pause Young (Normal) (G1 Evacuation Pause)
[2024-09-06T14:21:27.234+0000][gc,task       ] GC(36) Using 4 workers of 4 for evacuation
[2024-09-06T14:21:27.238+0000][gc,phases     ] GC(36)   Pre Evacuate Collection Set: 0.0ms
[2024-09-06T14:21:27.238+0000][gc,phases     ] GC(36)   Evacuate Collection Set: 2.8ms
[2024-09-06T14:21:27.238+0000][gc,phases     ] GC(36)   Post Evacuate Collection Set: 0.5ms
[2024-09-06T14:21:27.238+0000][gc,phases     ] GC(36)   Other: 0.2ms
[2024-09-06T14:21:27.238+0000][gc,heap       ] GC(36) Eden regions: 611->0(611)
[2024-09-06T14:21:27.238+0000][gc,heap       ] GC(36) Survivor regions: 3->3(77)
[2024-09-06T14:21:27.238+0000][gc,heap       ] GC(36) Old regions: 19->19
[2024-09-06T14:21:27.238+0000][gc,heap       ] GC(36) Humongous regions: 129->129
[2024-09-06T14:21:27.238+0000][gc,metaspace  ] GC(36) Metaspace: 44775K(47744K)->44775K(47744K) NonClass: 39081K(40704K)->39081K(40704K) Class: 5694K(7040K)->5694K(7040K)
[2024-09-06T14:21:27.238+0000][gc            ] GC(36) Pause Young (Normal) (G1 Evacuation Pause) 759M->148M(1024M) 3.527ms
[2024-09-06T14:21:27.238+0000][gc,cpu        ] GC(36) User=0.01s Sys=0.00s Real=0.01s
[2024-09-06T16:33:09.011+0000][gc,start      ] GC(37) Pause Young (Normal) (G1 Evacuation Pause)
[2024-09-06T16:33:09.011+0000][gc,task       ] GC(37) Using 4 workers of 4 for evacuation
[2024-09-06T16:33:09.015+0000][gc,phases     ] GC(37)   Pre Evacuate Collection Set: 0.0ms
[2024-09-06T16:33:09.015+0000][gc,phases     ] GC(37)   Evacuate Collection Set: 3.4ms
[2024-09-06T16:33:09.015+0000][gc,phases     ] GC(37)   Post Evacuate Collection Set: 0.5ms
[2024-09-06T16:33:09.015+0000][gc,phases     ] GC(37)   Other: 0.2ms
[2024-09-06T16:33:09.015+0000][gc,heap       ] GC(37) Eden regions: 611->0(610)
[2024-09-06T16:33:09.015+0000][gc,heap       ] GC(37) Survivor regions: 3->4(77)
[2024-09-06T16:33:09.015+0000][gc,heap       ] GC(37) Old regions: 19->19
[2024-09-06T16:33:09.015+0000][gc,heap       ] GC(37) Humongous regions: 178->129
[2024-09-06T16:33:09.015+0000][gc,metaspace  ] GC(37) Metaspace: 44780K(47744K)->44780K(47744K) NonClass: 39086K(40704K)->39086K(40704K) Class: 5694K(7040K)->5694K(7040K)
[2024-09-06T16:33:09.015+0000][gc            ] GC(37) Pause Young (Normal) (G1 Evacuation Pause) 808M->149M(1024M) 4.082ms
[2024-09-06T16:33:09.015+0000][gc,cpu        ] GC(37) User=0.02s Sys=0.00s Real=0.00s
[2024-09-06T18:45:25.850+0000][gc,start      ] GC(38) Pause Young (Normal) (G1 Evacuation Pause)
[2024-09-06T18:45:25.850+0000][gc,task       ] GC(38) Using 4 workers of 4 for evacuation
[2024-09-06T18:45:25.852+0000][gc,phases     ] GC(38)   Pre Evacuate Collection Set: 0.0ms
[2024-09-06T18:45:25.852+0000][gc,phases     ] GC(38)   Evacuate Collection Set: 2.2ms
[2024-09-06T18:45:25.852+0000][gc,phases     ] GC(38)   Post Evacuate Collection Set: 0.3ms
[2024-09-06T18:45:25.852+0000][gc,phases     ] GC(38)   Other: 0.1ms
[2024-09-06T18:45:25.852+0000][gc,heap       ] GC(38) Eden regions: 610->0(611)
[2024-09-06T18:45:25.852+0000][gc,heap       ] GC(38) Survivor regions: 4->3(77)
[2024-09-06T18:45:25.852+0000][gc,heap       ] GC(38) Old regions: 19->19
[2024-09-06T18:45:25.852+0000][gc,heap       ] GC(38) Humongous regions: 129->129
[2024-09-06T18:45:25.852+0000][gc,metaspace  ] GC(38) Metaspace: 44780K(47744K)->44780K(47744K) NonClass: 39086K(40704K)->39086K(40704K) Class: 5694K(7040K)->5694K(7040K)
[2024-09-06T18:45:25.852+0000][gc            ] GC(38) Pause Young (Normal) (G1 Evacuation Pause) 759M->148M(1024M) 2.726ms
[2024-09-06T18:45:25.852+0000][gc,cpu        ] GC(38) User=0.01s Sys=0.01s Real=0.00s
[2024-09-06T20:57:51.795+0000][gc,start      ] GC(39) Pause Young (Normal) (G1 Evacuation Pause)
[2024-09-06T20:57:51.795+0000][gc,task       ] GC(39) Using 4 workers of 4 for evacuation
[2024-09-06T20:57:51.798+0000][gc,phases     ] GC(39)   Pre Evacuate Collection Set: 0.0ms
[2024-09-06T20:57:51.798+0000][gc,phases     ] GC(39)   Evacuate Collection Set: 3.1ms
[2024-09-06T20:57:51.798+0000][gc,phases     ] GC(39)   Post Evacuate Collection Set: 0.5ms
[2024-09-06T20:57:51.798+0000][gc,phases     ] GC(39)   Other: 0.2ms
[2024-09-06T20:57:51.798+0000][gc,heap       ] GC(39) Eden regions: 611->0(611)
[2024-09-06T20:57:51.798+0000][gc,heap       ] GC(39) Survivor regions: 3->3(77)
[2024-09-06T20:57:51.798+0000][gc,heap       ] GC(39) Old regions: 19->19
[2024-09-06T20:57:51.798+0000][gc,heap       ] GC(39) Humongous regions: 178->129
[2024-09-06T20:57:51.798+0000][gc,metaspace  ] GC(39) Metaspace: 44780K(47744K)->44780K(47744K) NonClass: 39086K(40704K)->39086K(40704K) Class: 5694K(7040K)->5694K(7040K)
[2024-09-06T20:57:51.798+0000][gc            ] GC(39) Pause Young (Normal) (G1 Evacuation Pause) 808M->148M(1024M) 3.873ms
[2024-09-06T20:57:51.798+0000][gc,cpu        ] GC(39) User=0.01s Sys=0.00s Real=0.01s
[2024-09-06T23:10:19.011+0000][gc,start      ] GC(40) Pause Young (Normal) (G1 Evacuation Pause)
[2024-09-06T23:10:19.011+0000][gc,task       ] GC(40) Using 4 workers of 4 for evacuation
[2024-09-06T23:10:19.014+0000][gc,phases     ] GC(40)   Pre Evacuate Collection Set: 0.0ms
[2024-09-06T23:10:19.014+0000][gc,phases     ] GC(40)   Evacuate Collection Set: 2.3ms
[2024-09-06T23:10:19.014+0000][gc,phases     ] GC(40)   Post Evacuate Collection Set: 0.4ms
[2024-09-06T23:10:19.014+0000][gc,phases     ] GC(40)   Other: 0.1ms
[2024-09-06T23:10:19.014+0000][gc,heap       ] GC(40) Eden regions: 611->0(611)
[2024-09-06T23:10:19.014+0000][gc,heap       ] GC(40) Survivor regions: 3->3(77)
[2024-09-06T23:10:19.014+0000][gc,heap       ] GC(40) Old regions: 19->19
[2024-09-06T23:10:19.014+0000][gc,heap       ] GC(40) Humongous regions: 129->129
[2024-09-06T23:10:19.014+0000][gc,metaspace  ] GC(40) Metaspace: 44781K(47744K)->44781K(47744K) NonClass: 39087K(40704K)->39087K(40704K) Class: 5694K(7040K)->5694K(7040K)
[2024-09-06T23:10:19.014+0000][gc            ] GC(40) Pause Young (Normal) (G1 Evacuation Pause) 759M->148M(1024M) 2.887ms
[2024-09-06T23:10:19.014+0000][gc,cpu        ] GC(40) User=0.01s Sys=0.00s Real=0.00s
[2024-09-07T00:03:11.269+0000][gc,start      ] GC(41) Pause Young (Concurrent Start) (G1 Humongous Allocation)
[2024-09-07T00:03:11.269+0000][gc,task       ] GC(41) Using 4 workers of 4 for evacuation
[2024-09-07T00:03:11.274+0000][gc,phases     ] GC(41)   Pre Evacuate Collection Set: 0.2ms
[2024-09-07T00:03:11.274+0000][gc,phases     ] GC(41)   Evacuate Collection Set: 4.2ms
[2024-09-07T00:03:11.274+0000][gc,phases     ] GC(41)   Post Evacuate Collection Set: 0.4ms
[2024-09-07T00:03:11.274+0000][gc,phases     ] GC(41)   Other: 0.2ms
[2024-09-07T00:03:11.274+0000][gc,heap       ] GC(41) Eden regions: 249->0(610)
[2024-09-07T00:03:11.274+0000][gc,heap       ] GC(41) Survivor regions: 3->4(77)
[2024-09-07T00:03:11.274+0000][gc,heap       ] GC(41) Old regions: 19->19
[2024-09-07T00:03:11.274+0000][gc,heap       ] GC(41) Humongous regions: 307->129
[2024-09-07T00:03:11.274+0000][gc,metaspace  ] GC(41) Metaspace: 44835K(47744K)->44835K(47744K) NonClass: 39133K(40704K)->39133K(40704K) Class: 5701K(7040K)->5701K(7040K)
[2024-09-07T00:03:11.274+0000][gc            ] GC(41) Pause Young (Concurrent Start) (G1 Humongous Allocation) 575M->149M(1024M) 5.070ms
[2024-09-07T00:03:11.274+0000][gc,cpu        ] GC(41) User=0.01s Sys=0.00s Real=0.01s
[2024-09-07T00:03:11.274+0000][gc            ] GC(42) Concurrent Cycle
[2024-09-07T00:03:11.274+0000][gc,marking    ] GC(42) Concurrent Clear Claimed Marks
[2024-09-07T00:03:11.274+0000][gc,marking    ] GC(42) Concurrent Clear Claimed Marks 0.080ms
[2024-09-07T00:03:11.274+0000][gc,marking    ] GC(42) Concurrent Scan Root Regions
[2024-09-07T00:03:11.277+0000][gc,marking    ] GC(42) Concurrent Scan Root Regions 2.524ms
[2024-09-07T00:03:11.277+0000][gc,marking    ] GC(42) Concurrent Mark (232654.594s)
[2024-09-07T00:03:11.277+0000][gc,marking    ] GC(42) Concurrent Mark From Roots
[2024-09-07T00:03:11.277+0000][gc,task       ] GC(42) Using 1 workers of 1 for marking
[2024-09-07T00:03:11.302+0000][gc,marking    ] GC(42) Concurrent Mark From Roots 25.400ms
[2024-09-07T00:03:11.302+0000][gc,marking    ] GC(42) Concurrent Preclean
[2024-09-07T00:03:11.302+0000][gc,marking    ] GC(42) Concurrent Preclean 0.336ms
[2024-09-07T00:03:11.302+0000][gc,marking    ] GC(42) Concurrent Mark (232654.594s, 232654.620s) 25.774ms
[2024-09-07T00:03:11.302+0000][gc,start      ] GC(42) Pause Remark
[2024-09-07T00:03:11.312+0000][gc,stringtable] GC(42) Cleaned string and symbol table, strings: 13701 processed, 367 removed, symbols: 91530 processed, 7 removed
[2024-09-07T00:03:11.312+0000][gc            ] GC(42) Pause Remark 199M->199M(1024M) 9.604ms
[2024-09-07T00:03:11.312+0000][gc,cpu        ] GC(42) User=0.04s Sys=0.00s Real=0.01s
[2024-09-07T00:03:11.312+0000][gc,marking    ] GC(42) Concurrent Rebuild Remembered Sets
[2024-09-07T00:03:11.324+0000][gc,marking    ] GC(42) Concurrent Rebuild Remembered Sets 11.391ms
[2024-09-07T00:03:11.324+0000][gc,start      ] GC(42) Pause Cleanup
[2024-09-07T00:03:11.324+0000][gc            ] GC(42) Pause Cleanup 199M->199M(1024M) 0.132ms
[2024-09-07T00:03:11.324+0000][gc,cpu        ] GC(42) User=0.00s Sys=0.00s Real=0.00s
[2024-09-07T00:03:11.324+0000][gc,marking    ] GC(42) Concurrent Cleanup for Next Mark
[2024-09-07T00:03:11.325+0000][gc,marking    ] GC(42) Concurrent Cleanup for Next Mark 1.095ms
[2024-09-07T00:03:11.325+0000][gc            ] GC(42) Concurrent Cycle 51.060ms
[2024-09-07T00:37:57.498+0000][gc,start      ] GC(43) Pause Young (Concurrent Start) (G1 Humongous Allocation)
[2024-09-07T00:37:57.498+0000][gc,task       ] GC(43) Using 4 workers of 4 for evacuation
[2024-09-07T00:37:57.503+0000][gc,phases     ] GC(43)   Pre Evacuate Collection Set: 0.2ms
[2024-09-07T00:37:57.503+0000][gc,phases     ] GC(43)   Evacuate Collection Set: 4.2ms
[2024-09-07T00:37:57.503+0000][gc,phases     ] GC(43)   Post Evacuate Collection Set: 0.5ms
[2024-09-07T00:37:57.503+0000][gc,phases     ] GC(43)   Other: 0.2ms
[2024-09-07T00:37:57.503+0000][gc,heap       ] GC(43) Eden regions: 167->0(610)
[2024-09-07T00:37:57.503+0000][gc,heap       ] GC(43) Survivor regions: 4->4(77)
[2024-09-07T00:37:57.503+0000][gc,heap       ] GC(43) Old regions: 19->19
[2024-09-07T00:37:57.503+0000][gc,heap       ] GC(43) Humongous regions: 339->129
[2024-09-07T00:37:57.503+0000][gc,metaspace  ] GC(43) Metaspace: 44675K(47744K)->44675K(47744K) NonClass: 39024K(40704K)->39024K(40704K) Class: 5650K(7040K)->5650K(7040K)
[2024-09-07T00:37:57.503+0000][gc            ] GC(43) Pause Young (Concurrent Start) (G1 Humongous Allocation) 525M->149M(1024M) 5.213ms
[2024-09-07T00:37:57.503+0000][gc,cpu        ] GC(43) User=0.01s Sys=0.00s Real=0.00s
[2024-09-07T00:37:57.503+0000][gc            ] GC(44) Concurrent Cycle
[2024-09-07T00:37:57.503+0000][gc,marking    ] GC(44) Concurrent Clear Claimed Marks
[2024-09-07T00:37:57.503+0000][gc,marking    ] GC(44) Concurrent Clear Claimed Marks 0.051ms
[2024-09-07T00:37:57.503+0000][gc,marking    ] GC(44) Concurrent Scan Root Regions
[2024-09-07T00:37:57.505+0000][gc,marking    ] GC(44) Concurrent Scan Root Regions 1.962ms
[2024-09-07T00:37:57.505+0000][gc,marking    ] GC(44) Concurrent Mark (234740.823s)
[2024-09-07T00:37:57.505+0000][gc,marking    ] GC(44) Concurrent Mark From Roots
[2024-09-07T00:37:57.505+0000][gc,task       ] GC(44) Using 1 workers of 1 for marking
[2024-09-07T00:37:57.522+0000][gc,marking    ] GC(44) Concurrent Mark From Roots 16.820ms
[2024-09-07T00:37:57.522+0000][gc,marking    ] GC(44) Concurrent Preclean
[2024-09-07T00:37:57.522+0000][gc,marking    ] GC(44) Concurrent Preclean 0.186ms
[2024-09-07T00:37:57.522+0000][gc,marking    ] GC(44) Concurrent Mark (234740.823s, 234740.840s) 17.046ms
[2024-09-07T00:37:57.523+0000][gc,start      ] GC(44) Pause Remark
[2024-09-07T00:37:57.528+0000][gc,stringtable] GC(44) Cleaned string and symbol table, strings: 13344 processed, 0 removed, symbols: 91524 processed, 23 removed
[2024-09-07T00:37:57.528+0000][gc            ] GC(44) Pause Remark 172M->172M(1024M) 5.385ms
[2024-09-07T00:37:57.528+0000][gc,cpu        ] GC(44) User=0.02s Sys=0.00s Real=0.00s
[2024-09-07T00:37:57.528+0000][gc,marking    ] GC(44) Concurrent Rebuild Remembered Sets
[2024-09-07T00:37:57.537+0000][gc,marking    ] GC(44) Concurrent Rebuild Remembered Sets 9.093ms
[2024-09-07T00:37:57.537+0000][gc,start      ] GC(44) Pause Cleanup
[2024-09-07T00:37:57.537+0000][gc            ] GC(44) Pause Cleanup 172M->172M(1024M) 0.114ms
[2024-09-07T00:37:57.537+0000][gc,cpu        ] GC(44) User=0.00s Sys=0.00s Real=0.00s
[2024-09-07T00:37:57.537+0000][gc,marking    ] GC(44) Concurrent Cleanup for Next Mark
[2024-09-07T00:37:57.538+0000][gc,marking    ] GC(44) Concurrent Cleanup for Next Mark 1.088ms
[2024-09-07T00:37:57.539+0000][gc            ] GC(44) Concurrent Cycle 35.164ms
[2024-09-07T02:49:57.589+0000][gc,start      ] GC(45) Pause Young (Normal) (G1 Evacuation Pause)
[2024-09-07T02:49:57.589+0000][gc,task       ] GC(45) Using 4 workers of 4 for evacuation
[2024-09-07T02:49:57.592+0000][gc,phases     ] GC(45)   Pre Evacuate Collection Set: 0.0ms
[2024-09-07T02:49:57.592+0000][gc,phases     ] GC(45)   Evacuate Collection Set: 2.5ms
[2024-09-07T02:49:57.592+0000][gc,phases     ] GC(45)   Post Evacuate Collection Set: 0.4ms
[2024-09-07T02:49:57.592+0000][gc,phases     ] GC(45)   Other: 0.2ms
[2024-09-07T02:49:57.592+0000][gc,heap       ] GC(45) Eden regions: 610->0(611)
[2024-09-07T02:49:57.592+0000][gc,heap       ] GC(45) Survivor regions: 4->3(77)
[2024-09-07T02:49:57.592+0000][gc,heap       ] GC(45) Old regions: 19->19
[2024-09-07T02:49:57.592+0000][gc,heap       ] GC(45) Humongous regions: 273->129
[2024-09-07T02:49:57.592+0000][gc,metaspace  ] GC(45) Metaspace: 44676K(47744K)->44676K(47744K) NonClass: 39026K(40704K)->39026K(40704K) Class: 5650K(7040K)->5650K(7040K)
[2024-09-07T02:49:57.592+0000][gc            ] GC(45) Pause Young (Normal) (G1 Evacuation Pause) 903M->148M(1024M) 3.155ms
[2024-09-07T02:49:57.592+0000][gc,cpu        ] GC(45) User=0.01s Sys=0.00s Real=0.01s
[2024-09-07T05:02:31.067+0000][gc,start      ] GC(46) Pause Young (Normal) (G1 Evacuation Pause)
[2024-09-07T05:02:31.067+0000][gc,task       ] GC(46) Using 4 workers of 4 for evacuation
[2024-09-07T05:02:31.070+0000][gc,phases     ] GC(46)   Pre Evacuate Collection Set: 0.0ms
[2024-09-07T05:02:31.071+0000][gc,phases     ] GC(46)   Evacuate Collection Set: 3.3ms
[2024-09-07T05:02:31.071+0000][gc,phases     ] GC(46)   Post Evacuate Collection Set: 0.4ms
[2024-09-07T05:02:31.071+0000][gc,phases     ] GC(46)   Other: 0.2ms
[2024-09-07T05:02:31.071+0000][gc,heap       ] GC(46) Eden regions: 611->0(610)
[2024-09-07T05:02:31.071+0000][gc,heap       ] GC(46) Survivor regions: 3->4(77)
[2024-09-07T05:02:31.071+0000][gc,heap       ] GC(46) Old regions: 19->19
[2024-09-07T05:02:31.071+0000][gc,heap       ] GC(46) Humongous regions: 129->129
[2024-09-07T05:02:31.071+0000][gc,metaspace  ] GC(46) Metaspace: 44676K(47744K)->44676K(47744K) NonClass: 39026K(40704K)->39026K(40704K) Class: 5650K(7040K)->5650K(7040K)
[2024-09-07T05:02:31.071+0000][gc            ] GC(46) Pause Young (Normal) (G1 Evacuation Pause) 759M->148M(1024M) 4.003ms
[2024-09-07T05:02:31.071+0000][gc,cpu        ] GC(46) User=0.01s Sys=0.00s Real=0.01s
[2024-09-07T07:14:42.243+0000][gc,start      ] GC(47) Pause Young (Normal) (G1 Evacuation Pause)
[2024-09-07T07:14:42.243+0000][gc,task       ] GC(47) Using 4 workers of 4 for evacuation
[2024-09-07T07:14:42.247+0000][gc,phases     ] GC(47)   Pre Evacuate Collection Set: 0.0ms
[2024-09-07T07:14:42.247+0000][gc,phases     ] GC(47)   Evacuate Collection Set: 3.2ms
[2024-09-07T07:14:42.247+0000][gc,phases     ] GC(47)   Post Evacuate Collection Set: 0.5ms
[2024-09-07T07:14:42.247+0000][gc,phases     ] GC(47)   Other: 0.2ms
[2024-09-07T07:14:42.247+0000][gc,heap       ] GC(47) Eden regions: 610->0(611)
[2024-09-07T07:14:42.247+0000][gc,heap       ] GC(47) Survivor regions: 4->3(77)
[2024-09-07T07:14:42.247+0000][gc,heap       ] GC(47) Old regions: 19->19
[2024-09-07T07:14:42.247+0000][gc,heap       ] GC(47) Humongous regions: 129->129
[2024-09-07T07:14:42.247+0000][gc,metaspace  ] GC(47) Metaspace: 44676K(47744K)->44676K(47744K) NonClass: 39026K(40704K)->39026K(40704K) Class: 5650K(7040K)->5650K(7040K)
[2024-09-07T07:14:42.247+0000][gc            ] GC(47) Pause Young (Normal) (G1 Evacuation Pause) 758M->148M(1024M) 3.916ms
[2024-09-07T07:14:42.247+0000][gc,cpu        ] GC(47) User=0.01s Sys=0.00s Real=0.00s
[2024-09-07T09:26:24.835+0000][gc,start      ] GC(48) Pause Young (Normal) (G1 Evacuation Pause)
[2024-09-07T09:26:24.835+0000][gc,task       ] GC(48) Using 4 workers of 4 for evacuation
[2024-09-07T09:26:24.839+0000][gc,phases     ] GC(48)   Pre Evacuate Collection Set: 0.0ms
[2024-09-07T09:26:24.839+0000][gc,phases     ] GC(48)   Evacuate Collection Set: 2.8ms
[2024-09-07T09:26:24.839+0000][gc,phases     ] GC(48)   Post Evacuate Collection Set: 0.5ms
[2024-09-07T09:26:24.839+0000][gc,phases     ] GC(48)   Other: 0.2ms
[2024-09-07T09:26:24.839+0000][gc,heap       ] GC(48) Eden regions: 611->0(611)
[2024-09-07T09:26:24.839+0000][gc,heap       ] GC(48) Survivor regions: 3->3(77)
[2024-09-07T09:26:24.839+0000][gc,heap       ] GC(48) Old regions: 19->19
[2024-09-07T09:26:24.839+0000][gc,heap       ] GC(48) Humongous regions: 129->129
[2024-09-07T09:26:24.839+0000][gc,metaspace  ] GC(48) Metaspace: 44677K(47744K)->44677K(47744K) NonClass: 39026K(40704K)->39026K(40704K) Class: 5651K(7040K)->5651K(7040K)
[2024-09-07T09:26:24.839+0000][gc            ] GC(48) Pause Young (Normal) (G1 Evacuation Pause) 759M->148M(1024M) 3.456ms
[2024-09-07T09:26:24.839+0000][gc,cpu        ] GC(48) User=0.01s Sys=0.00s Real=0.01s
[2024-09-07T11:38:49.061+0000][gc,start      ] GC(49) Pause Young (Normal) (G1 Evacuation Pause)
[2024-09-07T11:38:49.061+0000][gc,task       ] GC(49) Using 4 workers of 4 for evacuation
[2024-09-07T11:38:49.063+0000][gc,phases     ] GC(49)   Pre Evacuate Collection Set: 0.0ms
[2024-09-07T11:38:49.063+0000][gc,phases     ] GC(49)   Evacuate Collection Set: 2.1ms
[2024-09-07T11:38:49.063+0000][gc,phases     ] GC(49)   Post Evacuate Collection Set: 0.4ms
[2024-09-07T11:38:49.063+0000][gc,phases     ] GC(49)   Other: 0.2ms
[2024-09-07T11:38:49.063+0000][gc,heap       ] GC(49) Eden regions: 611->0(611)
[2024-09-07T11:38:49.063+0000][gc,heap       ] GC(49) Survivor regions: 3->3(77)
[2024-09-07T11:38:49.063+0000][gc,heap       ] GC(49) Old regions: 19->19
[2024-09-07T11:38:49.063+0000][gc,heap       ] GC(49) Humongous regions: 129->129
[2024-09-07T11:38:49.063+0000][gc,metaspace  ] GC(49) Metaspace: 44677K(47744K)->44677K(47744K) NonClass: 39026K(40704K)->39026K(40704K) Class: 5651K(7040K)->5651K(7040K)
[2024-09-07T11:38:49.063+0000][gc            ] GC(49) Pause Young (Normal) (G1 Evacuation Pause) 759M->148M(1024M) 2.712ms
[2024-09-07T11:38:49.063+0000][gc,cpu        ] GC(49) User=0.01s Sys=0.00s Real=0.00s
[2024-09-07T13:51:03.647+0000][gc,start      ] GC(50) Pause Young (Normal) (G1 Evacuation Pause)
[2024-09-07T13:51:03.647+0000][gc,task       ] GC(50) Using 4 workers of 4 for evacuation
[2024-09-07T13:51:03.650+0000][gc,phases     ] GC(50)   Pre Evacuate Collection Set: 0.0ms
[2024-09-07T13:51:03.650+0000][gc,phases     ] GC(50)   Evacuate Collection Set: 2.9ms
[2024-09-07T13:51:03.650+0000][gc,phases     ] GC(50)   Post Evacuate Collection Set: 0.3ms
[2024-09-07T13:51:03.650+0000][gc,phases     ] GC(50)   Other: 0.2ms
[2024-09-07T13:51:03.650+0000][gc,heap       ] GC(50) Eden regions: 611->0(611)
[2024-09-07T13:51:03.650+0000][gc,heap       ] GC(50) Survivor regions: 3->3(77)
[2024-09-07T13:51:03.650+0000][gc,heap       ] GC(50) Old regions: 19->19
[2024-09-07T13:51:03.650+0000][gc,heap       ] GC(50) Humongous regions: 129->129
[2024-09-07T13:51:03.650+0000][gc,metaspace  ] GC(50) Metaspace: 44677K(47744K)->44677K(47744K) NonClass: 39026K(40704K)->39026K(40704K) Class: 5651K(7040K)->5651K(7040K)
[2024-09-07T13:51:03.651+0000][gc            ] GC(50) Pause Young (Normal) (G1 Evacuation Pause) 759M->148M(1024M) 3.463ms
[2024-09-07T13:51:03.651+0000][gc,cpu        ] GC(50) User=0.02s Sys=0.00s Real=0.01s
[2024-09-07T16:05:13.369+0000][gc,start      ] GC(51) Pause Young (Normal) (G1 Evacuation Pause)
[2024-09-07T16:05:13.369+0000][gc,task       ] GC(51) Using 4 workers of 4 for evacuation
[2024-09-07T16:05:13.372+0000][gc,phases     ] GC(51)   Pre Evacuate Collection Set: 0.0ms
[2024-09-07T16:05:13.372+0000][gc,phases     ] GC(51)   Evacuate Collection Set: 2.2ms
[2024-09-07T16:05:13.372+0000][gc,phases     ] GC(51)   Post Evacuate Collection Set: 0.4ms
[2024-09-07T16:05:13.372+0000][gc,phases     ] GC(51)   Other: 0.2ms
[2024-09-07T16:05:13.372+0000][gc,heap       ] GC(51) Eden regions: 611->0(611)
[2024-09-07T16:05:13.372+0000][gc,heap       ] GC(51) Survivor regions: 3->3(77)
[2024-09-07T16:05:13.372+0000][gc,heap       ] GC(51) Old regions: 19->19
[2024-09-07T16:05:13.372+0000][gc,heap       ] GC(51) Humongous regions: 178->129
[2024-09-07T16:05:13.372+0000][gc,metaspace  ] GC(51) Metaspace: 44684K(47744K)->44684K(47744K) NonClass: 39032K(40704K)->39032K(40704K) Class: 5651K(7040K)->5651K(7040K)
[2024-09-07T16:05:13.372+0000][gc            ] GC(51) Pause Young (Normal) (G1 Evacuation Pause) 808M->148M(1024M) 2.861ms
[2024-09-07T16:05:13.372+0000][gc,cpu        ] GC(51) User=0.01s Sys=0.01s Real=0.00s
[2024-09-07T18:15:16.987+0000][gc,start      ] GC(52) Pause Young (Normal) (G1 Evacuation Pause)
[2024-09-07T18:15:16.987+0000][gc,task       ] GC(52) Using 4 workers of 4 for evacuation
[2024-09-07T18:15:16.991+0000][gc,phases     ] GC(52)   Pre Evacuate Collection Set: 0.0ms
[2024-09-07T18:15:16.991+0000][gc,phases     ] GC(52)   Evacuate Collection Set: 2.5ms
[2024-09-07T18:15:16.991+0000][gc,phases     ] GC(52)   Post Evacuate Collection Set: 0.5ms
[2024-09-07T18:15:16.991+0000][gc,phases     ] GC(52)   Other: 0.2ms
[2024-09-07T18:15:16.991+0000][gc,heap       ] GC(52) Eden regions: 611->0(611)
[2024-09-07T18:15:16.991+0000][gc,heap       ] GC(52) Survivor regions: 3->3(77)
[2024-09-07T18:15:16.991+0000][gc,heap       ] GC(52) Old regions: 19->19
[2024-09-07T18:15:16.991+0000][gc,heap       ] GC(52) Humongous regions: 129->129
[2024-09-07T18:15:16.991+0000][gc,metaspace  ] GC(52) Metaspace: 44684K(47744K)->44684K(47744K) NonClass: 39032K(40704K)->39032K(40704K) Class: 5651K(7040K)->5651K(7040K)
[2024-09-07T18:15:16.991+0000][gc            ] GC(52) Pause Young (Normal) (G1 Evacuation Pause) 759M->148M(1024M) 3.289ms
[2024-09-07T18:15:16.991+0000][gc,cpu        ] GC(52) User=0.02s Sys=0.00s Real=0.01s
[2024-09-07T20:25:32.829+0000][gc,start      ] GC(53) Pause Young (Normal) (G1 Evacuation Pause)
[2024-09-07T20:25:32.829+0000][gc,task       ] GC(53) Using 4 workers of 4 for evacuation
[2024-09-07T20:25:32.832+0000][gc,phases     ] GC(53)   Pre Evacuate Collection Set: 0.0ms
[2024-09-07T20:25:32.832+0000][gc,phases     ] GC(53)   Evacuate Collection Set: 3.0ms
[2024-09-07T20:25:32.832+0000][gc,phases     ] GC(53)   Post Evacuate Collection Set: 0.4ms
[2024-09-07T20:25:32.833+0000][gc,phases     ] GC(53)   Other: 0.2ms
[2024-09-07T20:25:32.833+0000][gc,heap       ] GC(53) Eden regions: 611->0(611)
[2024-09-07T20:25:32.833+0000][gc,heap       ] GC(53) Survivor regions: 3->3(77)
[2024-09-07T20:25:32.833+0000][gc,heap       ] GC(53) Old regions: 19->19
[2024-09-07T20:25:32.833+0000][gc,heap       ] GC(53) Humongous regions: 129->129
[2024-09-07T20:25:32.833+0000][gc,metaspace  ] GC(53) Metaspace: 44684K(47744K)->44684K(47744K) NonClass: 39032K(40704K)->39032K(40704K) Class: 5651K(7040K)->5651K(7040K)
[2024-09-07T20:25:32.833+0000][gc            ] GC(53) Pause Young (Normal) (G1 Evacuation Pause) 759M->148M(1024M) 3.654ms
[2024-09-07T20:25:32.833+0000][gc,cpu        ] GC(53) User=0.01s Sys=0.00s Real=0.01s
[2024-09-07T22:35:07.416+0000][gc,start      ] GC(54) Pause Young (Normal) (G1 Evacuation Pause)
[2024-09-07T22:35:07.416+0000][gc,task       ] GC(54) Using 4 workers of 4 for evacuation
[2024-09-07T22:35:07.419+0000][gc,phases     ] GC(54)   Pre Evacuate Collection Set: 0.0ms
[2024-09-07T22:35:07.419+0000][gc,phases     ] GC(54)   Evacuate Collection Set: 3.1ms
[2024-09-07T22:35:07.419+0000][gc,phases     ] GC(54)   Post Evacuate Collection Set: 0.4ms
[2024-09-07T22:35:07.419+0000][gc,phases     ] GC(54)   Other: 0.2ms
[2024-09-07T22:35:07.419+0000][gc,heap       ] GC(54) Eden regions: 611->0(611)
[2024-09-07T22:35:07.419+0000][gc,heap       ] GC(54) Survivor regions: 3->3(77)
[2024-09-07T22:35:07.419+0000][gc,heap       ] GC(54) Old regions: 19->19
[2024-09-07T22:35:07.419+0000][gc,heap       ] GC(54) Humongous regions: 129->129
[2024-09-07T22:35:07.419+0000][gc,metaspace  ] GC(54) Metaspace: 44684K(47744K)->44684K(47744K) NonClass: 39032K(40704K)->39032K(40704K) Class: 5651K(7040K)->5651K(7040K)
[2024-09-07T22:35:07.419+0000][gc            ] GC(54) Pause Young (Normal) (G1 Evacuation Pause) 759M->148M(1024M) 3.721ms
[2024-09-07T22:35:07.419+0000][gc,cpu        ] GC(54) User=0.01s Sys=0.00s Real=0.01s
[2024-09-08T00:45:13.792+0000][gc,start      ] GC(55) Pause Young (Normal) (G1 Evacuation Pause)
[2024-09-08T00:45:13.792+0000][gc,task       ] GC(55) Using 4 workers of 4 for evacuation
[2024-09-08T00:45:13.795+0000][gc,phases     ] GC(55)   Pre Evacuate Collection Set: 0.0ms
[2024-09-08T00:45:13.795+0000][gc,phases     ] GC(55)   Evacuate Collection Set: 2.9ms
[2024-09-08T00:45:13.795+0000][gc,phases     ] GC(55)   Post Evacuate Collection Set: 0.3ms
[2024-09-08T00:45:13.795+0000][gc,phases     ] GC(55)   Other: 0.1ms
[2024-09-08T00:45:13.795+0000][gc,heap       ] GC(55) Eden regions: 611->0(610)
[2024-09-08T00:45:13.795+0000][gc,heap       ] GC(55) Survivor regions: 3->4(77)
[2024-09-08T00:45:13.795+0000][gc,heap       ] GC(55) Old regions: 19->19
[2024-09-08T00:45:13.795+0000][gc,heap       ] GC(55) Humongous regions: 129->129
[2024-09-08T00:45:13.795+0000][gc,metaspace  ] GC(55) Metaspace: 44684K(47744K)->44684K(47744K) NonClass: 39032K(40704K)->39032K(40704K) Class: 5651K(7040K)->5651K(7040K)
[2024-09-08T00:45:13.795+0000][gc            ] GC(55) Pause Young (Normal) (G1 Evacuation Pause) 759M->149M(1024M) 3.432ms
[2024-09-08T00:45:13.795+0000][gc,cpu        ] GC(55) User=0.02s Sys=0.00s Real=0.00s
[2024-09-08T02:55:07.805+0000][gc,start      ] GC(56) Pause Young (Normal) (G1 Evacuation Pause)
[2024-09-08T02:55:07.805+0000][gc,task       ] GC(56) Using 4 workers of 4 for evacuation
[2024-09-08T02:55:07.808+0000][gc,phases     ] GC(56)   Pre Evacuate Collection Set: 0.0ms
[2024-09-08T02:55:07.808+0000][gc,phases     ] GC(56)   Evacuate Collection Set: 2.6ms
[2024-09-08T02:55:07.808+0000][gc,phases     ] GC(56)   Post Evacuate Collection Set: 0.4ms
[2024-09-08T02:55:07.808+0000][gc,phases     ] GC(56)   Other: 0.2ms
[2024-09-08T02:55:07.808+0000][gc,heap       ] GC(56) Eden regions: 610->0(610)
[2024-09-08T02:55:07.808+0000][gc,heap       ] GC(56) Survivor regions: 4->4(77)
[2024-09-08T02:55:07.808+0000][gc,heap       ] GC(56) Old regions: 19->19
[2024-09-08T02:55:07.808+0000][gc,heap       ] GC(56) Humongous regions: 129->129
[2024-09-08T02:55:07.808+0000][gc,metaspace  ] GC(56) Metaspace: 44685K(47744K)->44685K(47744K) NonClass: 39034K(40704K)->39034K(40704K) Class: 5651K(7040K)->5651K(7040K)
[2024-09-08T02:55:07.808+0000][gc            ] GC(56) Pause Young (Normal) (G1 Evacuation Pause) 759M->149M(1024M) 3.232ms
[2024-09-08T02:55:07.808+0000][gc,cpu        ] GC(56) User=0.01s Sys=0.00s Real=0.00s
[2024-09-08T05:04:57.537+0000][gc,start      ] GC(57) Pause Young (Normal) (G1 Evacuation Pause)
[2024-09-08T05:04:57.537+0000][gc,task       ] GC(57) Using 4 workers of 4 for evacuation
[2024-09-08T05:04:57.542+0000][gc,phases     ] GC(57)   Pre Evacuate Collection Set: 0.0ms
[2024-09-08T05:04:57.542+0000][gc,phases     ] GC(57)   Evacuate Collection Set: 4.5ms
[2024-09-08T05:04:57.542+0000][gc,phases     ] GC(57)   Post Evacuate Collection Set: 0.5ms
[2024-09-08T05:04:57.542+0000][gc,phases     ] GC(57)   Other: 0.3ms
[2024-09-08T05:04:57.542+0000][gc,heap       ] GC(57) Eden regions: 610->0(610)
[2024-09-08T05:04:57.542+0000][gc,heap       ] GC(57) Survivor regions: 4->4(77)
[2024-09-08T05:04:57.542+0000][gc,heap       ] GC(57) Old regions: 19->19
[2024-09-08T05:04:57.542+0000][gc,heap       ] GC(57) Humongous regions: 129->129
[2024-09-08T05:04:57.542+0000][gc,metaspace  ] GC(57) Metaspace: 44685K(47744K)->44685K(47744K) NonClass: 39034K(40704K)->39034K(40704K) Class: 5651K(7040K)->5651K(7040K)
[2024-09-08T05:04:57.543+0000][gc            ] GC(57) Pause Young (Normal) (G1 Evacuation Pause) 759M->149M(1024M) 5.299ms
[2024-09-08T05:04:57.543+0000][gc,cpu        ] GC(57) User=0.01s Sys=0.00s Real=0.00s
[2024-09-08T07:14:56.337+0000][gc,start      ] GC(58) Pause Young (Normal) (G1 Evacuation Pause)
[2024-09-08T07:14:56.337+0000][gc,task       ] GC(58) Using 4 workers of 4 for evacuation
[2024-09-08T07:14:56.340+0000][gc,phases     ] GC(58)   Pre Evacuate Collection Set: 0.0ms
[2024-09-08T07:14:56.340+0000][gc,phases     ] GC(58)   Evacuate Collection Set: 2.5ms
[2024-09-08T07:14:56.340+0000][gc,phases     ] GC(58)   Post Evacuate Collection Set: 0.3ms
[2024-09-08T07:14:56.340+0000][gc,phases     ] GC(58)   Other: 0.1ms
[2024-09-08T07:14:56.340+0000][gc,heap       ] GC(58) Eden regions: 610->0(610)
[2024-09-08T07:14:56.340+0000][gc,heap       ] GC(58) Survivor regions: 4->4(77)
[2024-09-08T07:14:56.340+0000][gc,heap       ] GC(58) Old regions: 19->19
[2024-09-08T07:14:56.340+0000][gc,heap       ] GC(58) Humongous regions: 178->129
[2024-09-08T07:14:56.340+0000][gc,metaspace  ] GC(58) Metaspace: 44685K(47744K)->44685K(47744K) NonClass: 39034K(40704K)->39034K(40704K) Class: 5651K(7040K)->5651K(7040K)
[2024-09-08T07:14:56.340+0000][gc            ] GC(58) Pause Young (Normal) (G1 Evacuation Pause) 808M->149M(1024M) 3.000ms
[2024-09-08T07:14:56.340+0000][gc,cpu        ] GC(58) User=0.01s Sys=0.00s Real=0.01s
[2024-09-08T09:24:54.091+0000][gc,start      ] GC(59) Pause Young (Normal) (G1 Evacuation Pause)
[2024-09-08T09:24:54.091+0000][gc,task       ] GC(59) Using 4 workers of 4 for evacuation
[2024-09-08T09:24:54.094+0000][gc,phases     ] GC(59)   Pre Evacuate Collection Set: 0.0ms
[2024-09-08T09:24:54.094+0000][gc,phases     ] GC(59)   Evacuate Collection Set: 3.0ms
[2024-09-08T09:24:54.094+0000][gc,phases     ] GC(59)   Post Evacuate Collection Set: 0.3ms
[2024-09-08T09:24:54.094+0000][gc,phases     ] GC(59)   Other: 0.2ms
[2024-09-08T09:24:54.094+0000][gc,heap       ] GC(59) Eden regions: 610->0(610)
[2024-09-08T09:24:54.094+0000][gc,heap       ] GC(59) Survivor regions: 4->4(77)
[2024-09-08T09:24:54.094+0000][gc,heap       ] GC(59) Old regions: 19->19
[2024-09-08T09:24:54.094+0000][gc,heap       ] GC(59) Humongous regions: 129->129
[2024-09-08T09:24:54.094+0000][gc,metaspace  ] GC(59) Metaspace: 44685K(47744K)->44685K(47744K) NonClass: 39034K(40704K)->39034K(40704K) Class: 5651K(7040K)->5651K(7040K)
[2024-09-08T09:24:54.094+0000][gc            ] GC(59) Pause Young (Normal) (G1 Evacuation Pause) 759M->149M(1024M) 3.525ms
[2024-09-08T09:24:54.094+0000][gc,cpu        ] GC(59) User=0.01s Sys=0.00s Real=0.00s
[2024-09-08T11:35:20.274+0000][gc,start      ] GC(60) Pause Young (Normal) (G1 Evacuation Pause)
[2024-09-08T11:35:20.274+0000][gc,task       ] GC(60) Using 4 workers of 4 for evacuation
[2024-09-08T11:35:20.277+0000][gc,phases     ] GC(60)   Pre Evacuate Collection Set: 0.0ms
[2024-09-08T11:35:20.277+0000][gc,phases     ] GC(60)   Evacuate Collection Set: 2.5ms
[2024-09-08T11:35:20.277+0000][gc,phases     ] GC(60)   Post Evacuate Collection Set: 0.4ms
[2024-09-08T11:35:20.278+0000][gc,phases     ] GC(60)   Other: 0.2ms
[2024-09-08T11:35:20.278+0000][gc,heap       ] GC(60) Eden regions: 610->0(611)
[2024-09-08T11:35:20.278+0000][gc,heap       ] GC(60) Survivor regions: 4->3(77)
[2024-09-08T11:35:20.278+0000][gc,heap       ] GC(60) Old regions: 19->19
[2024-09-08T11:35:20.278+0000][gc,heap       ] GC(60) Humongous regions: 129->129
[2024-09-08T11:35:20.278+0000][gc,metaspace  ] GC(60) Metaspace: 44703K(47744K)->44703K(47744K) NonClass: 39051K(40704K)->39051K(40704K) Class: 5651K(7040K)->5651K(7040K)
[2024-09-08T11:35:20.278+0000][gc            ] GC(60) Pause Young (Normal) (G1 Evacuation Pause) 759M->148M(1024M) 3.130ms
[2024-09-08T11:35:20.278+0000][gc,cpu        ] GC(60) User=0.01s Sys=0.00s Real=0.01s
[2024-09-08T13:45:38.421+0000][gc,start      ] GC(61) Pause Young (Normal) (G1 Evacuation Pause)
[2024-09-08T13:45:38.421+0000][gc,task       ] GC(61) Using 4 workers of 4 for evacuation
[2024-09-08T13:45:38.425+0000][gc,phases     ] GC(61)   Pre Evacuate Collection Set: 0.0ms
[2024-09-08T13:45:38.425+0000][gc,phases     ] GC(61)   Evacuate Collection Set: 3.1ms
[2024-09-08T13:45:38.425+0000][gc,phases     ] GC(61)   Post Evacuate Collection Set: 0.4ms
[2024-09-08T13:45:38.425+0000][gc,phases     ] GC(61)   Other: 0.2ms
[2024-09-08T13:45:38.425+0000][gc,heap       ] GC(61) Eden regions: 611->0(611)
[2024-09-08T13:45:38.425+0000][gc,heap       ] GC(61) Survivor regions: 3->3(77)
[2024-09-08T13:45:38.425+0000][gc,heap       ] GC(61) Old regions: 19->19
[2024-09-08T13:45:38.425+0000][gc,heap       ] GC(61) Humongous regions: 129->129
[2024-09-08T13:45:38.425+0000][gc,metaspace  ] GC(61) Metaspace: 44703K(47744K)->44703K(47744K) NonClass: 39052K(40704K)->39052K(40704K) Class: 5651K(7040K)->5651K(7040K)
[2024-09-08T13:45:38.425+0000][gc            ] GC(61) Pause Young (Normal) (G1 Evacuation Pause) 759M->148M(1024M) 3.825ms
[2024-09-08T13:45:38.425+0000][gc,cpu        ] GC(61) User=0.00s Sys=0.00s Real=0.00s
[2024-09-08T15:55:44.145+0000][gc,start      ] GC(62) Pause Young (Normal) (G1 Evacuation Pause)
[2024-09-08T15:55:44.145+0000][gc,task       ] GC(62) Using 4 workers of 4 for evacuation
[2024-09-08T15:55:44.148+0000][gc,phases     ] GC(62)   Pre Evacuate Collection Set: 0.0ms
[2024-09-08T15:55:44.148+0000][gc,phases     ] GC(62)   Evacuate Collection Set: 2.8ms
[2024-09-08T15:55:44.148+0000][gc,phases     ] GC(62)   Post Evacuate Collection Set: 0.3ms
[2024-09-08T15:55:44.148+0000][gc,phases     ] GC(62)   Other: 0.1ms
[2024-09-08T15:55:44.148+0000][gc,heap       ] GC(62) Eden regions: 611->0(611)
[2024-09-08T15:55:44.148+0000][gc,heap       ] GC(62) Survivor regions: 3->3(77)
[2024-09-08T15:55:44.148+0000][gc,heap       ] GC(62) Old regions: 19->19
[2024-09-08T15:55:44.148+0000][gc,heap       ] GC(62) Humongous regions: 129->129
[2024-09-08T15:55:44.148+0000][gc,metaspace  ] GC(62) Metaspace: 44711K(47744K)->44711K(47744K) NonClass: 39059K(40704K)->39059K(40704K) Class: 5651K(7040K)->5651K(7040K)
[2024-09-08T15:55:44.148+0000][gc            ] GC(62) Pause Young (Normal) (G1 Evacuation Pause) 759M->148M(1024M) 3.349ms
[2024-09-08T15:55:44.148+0000][gc,cpu        ] GC(62) User=0.01s Sys=0.00s Real=0.00s
[2024-09-08T18:05:50.291+0000][gc,start      ] GC(63) Pause Young (Normal) (G1 Evacuation Pause)
[2024-09-08T18:05:50.291+0000][gc,task       ] GC(63) Using 4 workers of 4 for evacuation
[2024-09-08T18:05:50.294+0000][gc,phases     ] GC(63)   Pre Evacuate Collection Set: 0.0ms
[2024-09-08T18:05:50.294+0000][gc,phases     ] GC(63)   Evacuate Collection Set: 2.5ms
[2024-09-08T18:05:50.294+0000][gc,phases     ] GC(63)   Post Evacuate Collection Set: 0.4ms
[2024-09-08T18:05:50.294+0000][gc,phases     ] GC(63)   Other: 0.2ms
[2024-09-08T18:05:50.294+0000][gc,heap       ] GC(63) Eden regions: 611->0(611)
[2024-09-08T18:05:50.294+0000][gc,heap       ] GC(63) Survivor regions: 3->3(77)
[2024-09-08T18:05:50.294+0000][gc,heap       ] GC(63) Old regions: 19->19
[2024-09-08T18:05:50.294+0000][gc,heap       ] GC(63) Humongous regions: 129->129
[2024-09-08T18:05:50.294+0000][gc,metaspace  ] GC(63) Metaspace: 44711K(47744K)->44711K(47744K) NonClass: 39059K(40704K)->39059K(40704K) Class: 5651K(7040K)->5651K(7040K)
[2024-09-08T18:05:50.294+0000][gc            ] GC(63) Pause Young (Normal) (G1 Evacuation Pause) 759M->148M(1024M) 3.137ms
[2024-09-08T18:05:50.294+0000][gc,cpu        ] GC(63) User=0.01s Sys=0.00s Real=0.00s
[2024-09-08T20:16:58.762+0000][gc,start      ] GC(64) Pause Young (Normal) (G1 Evacuation Pause)
[2024-09-08T20:16:58.762+0000][gc,task       ] GC(64) Using 4 workers of 4 for evacuation
[2024-09-08T20:16:58.766+0000][gc,phases     ] GC(64)   Pre Evacuate Collection Set: 0.0ms
[2024-09-08T20:16:58.766+0000][gc,phases     ] GC(64)   Evacuate Collection Set: 3.4ms
[2024-09-08T20:16:58.766+0000][gc,phases     ] GC(64)   Post Evacuate Collection Set: 0.5ms
[2024-09-08T20:16:58.766+0000][gc,phases     ] GC(64)   Other: 0.2ms
[2024-09-08T20:16:58.766+0000][gc,heap       ] GC(64) Eden regions: 611->0(611)
[2024-09-08T20:16:58.766+0000][gc,heap       ] GC(64) Survivor regions: 3->3(77)
[2024-09-08T20:16:58.766+0000][gc,heap       ] GC(64) Old regions: 19->19
[2024-09-08T20:16:58.766+0000][gc,heap       ] GC(64) Humongous regions: 129->129
[2024-09-08T20:16:58.766+0000][gc,metaspace  ] GC(64) Metaspace: 44733K(47744K)->44733K(47744K) NonClass: 39082K(40704K)->39082K(40704K) Class: 5651K(7040K)->5651K(7040K)
[2024-09-08T20:16:58.766+0000][gc            ] GC(64) Pause Young (Normal) (G1 Evacuation Pause) 759M->148M(1024M) 4.136ms
[2024-09-08T20:16:58.766+0000][gc,cpu        ] GC(64) User=0.01s Sys=0.00s Real=0.00s
[2024-09-08T22:27:28.639+0000][gc,start      ] GC(65) Pause Young (Normal) (G1 Evacuation Pause)
[2024-09-08T22:27:28.640+0000][gc,task       ] GC(65) Using 4 workers of 4 for evacuation
[2024-09-08T22:27:28.642+0000][gc,phases     ] GC(65)   Pre Evacuate Collection Set: 0.0ms
[2024-09-08T22:27:28.642+0000][gc,phases     ] GC(65)   Evacuate Collection Set: 1.8ms
[2024-09-08T22:27:28.642+0000][gc,phases     ] GC(65)   Post Evacuate Collection Set: 0.3ms
[2024-09-08T22:27:28.642+0000][gc,phases     ] GC(65)   Other: 0.2ms
[2024-09-08T22:27:28.642+0000][gc,heap       ] GC(65) Eden regions: 611->0(611)
[2024-09-08T22:27:28.642+0000][gc,heap       ] GC(65) Survivor regions: 3->3(77)
[2024-09-08T22:27:28.642+0000][gc,heap       ] GC(65) Old regions: 19->19
[2024-09-08T22:27:28.642+0000][gc,heap       ] GC(65) Humongous regions: 129->129
[2024-09-08T22:27:28.642+0000][gc,metaspace  ] GC(65) Metaspace: 44737K(47744K)->44737K(47744K) NonClass: 39086K(40704K)->39086K(40704K) Class: 5651K(7040K)->5651K(7040K)
[2024-09-08T22:27:28.642+0000][gc            ] GC(65) Pause Young (Normal) (G1 Evacuation Pause) 759M->148M(1024M) 2.385ms
[2024-09-08T22:27:28.642+0000][gc,cpu        ] GC(65) User=0.01s Sys=0.00s Real=0.00s
[2024-09-09T00:36:05.890+0000][gc,start      ] GC(66) Pause Young (Normal) (G1 Evacuation Pause)
[2024-09-09T00:36:05.890+0000][gc,task       ] GC(66) Using 4 workers of 4 for evacuation
[2024-09-09T00:36:05.893+0000][gc,phases     ] GC(66)   Pre Evacuate Collection Set: 0.0ms
[2024-09-09T00:36:05.893+0000][gc,phases     ] GC(66)   Evacuate Collection Set: 2.6ms
[2024-09-09T00:36:05.893+0000][gc,phases     ] GC(66)   Post Evacuate Collection Set: 0.5ms
[2024-09-09T00:36:05.894+0000][gc,phases     ] GC(66)   Other: 0.2ms
[2024-09-09T00:36:05.894+0000][gc,heap       ] GC(66) Eden regions: 611->0(611)
[2024-09-09T00:36:05.894+0000][gc,heap       ] GC(66) Survivor regions: 3->3(77)
[2024-09-09T00:36:05.894+0000][gc,heap       ] GC(66) Old regions: 19->19
[2024-09-09T00:36:05.894+0000][gc,heap       ] GC(66) Humongous regions: 178->178
[2024-09-09T00:36:05.894+0000][gc,metaspace  ] GC(66) Metaspace: 44737K(47744K)->44737K(47744K) NonClass: 39086K(40704K)->39086K(40704K) Class: 5651K(7040K)->5651K(7040K)
[2024-09-09T00:36:05.894+0000][gc            ] GC(66) Pause Young (Normal) (G1 Evacuation Pause) 808M->197M(1024M) 3.296ms
[2024-09-09T00:36:05.894+0000][gc,cpu        ] GC(66) User=0.01s Sys=0.00s Real=0.00s
[2024-09-09T02:43:57.617+0000][gc,start      ] GC(67) Pause Young (Normal) (G1 Evacuation Pause)
[2024-09-09T02:43:57.617+0000][gc,task       ] GC(67) Using 4 workers of 4 for evacuation
[2024-09-09T02:43:57.619+0000][gc,phases     ] GC(67)   Pre Evacuate Collection Set: 0.0ms
[2024-09-09T02:43:57.619+0000][gc,phases     ] GC(67)   Evacuate Collection Set: 2.1ms
[2024-09-09T02:43:57.619+0000][gc,phases     ] GC(67)   Post Evacuate Collection Set: 0.4ms
[2024-09-09T02:43:57.619+0000][gc,phases     ] GC(67)   Other: 0.2ms
[2024-09-09T02:43:57.619+0000][gc,heap       ] GC(67) Eden regions: 611->0(611)
[2024-09-09T02:43:57.619+0000][gc,heap       ] GC(67) Survivor regions: 3->3(77)
[2024-09-09T02:43:57.619+0000][gc,heap       ] GC(67) Old regions: 19->19
[2024-09-09T02:43:57.619+0000][gc,heap       ] GC(67) Humongous regions: 178->129
[2024-09-09T02:43:57.619+0000][gc,metaspace  ] GC(67) Metaspace: 44738K(47744K)->44738K(47744K) NonClass: 39087K(40704K)->39087K(40704K) Class: 5651K(7040K)->5651K(7040K)
[2024-09-09T02:43:57.619+0000][gc            ] GC(67) Pause Young (Normal) (G1 Evacuation Pause) 808M->148M(1024M) 2.728ms
[2024-09-09T02:43:57.619+0000][gc,cpu        ] GC(67) User=0.01s Sys=0.00s Real=0.01s
[2024-09-09T04:51:49.011+0000][gc,start      ] GC(68) Pause Young (Normal) (G1 Evacuation Pause)
[2024-09-09T04:51:49.011+0000][gc,task       ] GC(68) Using 4 workers of 4 for evacuation
[2024-09-09T04:51:49.014+0000][gc,phases     ] GC(68)   Pre Evacuate Collection Set: 0.0ms
[2024-09-09T04:51:49.014+0000][gc,phases     ] GC(68)   Evacuate Collection Set: 2.4ms
[2024-09-09T04:51:49.014+0000][gc,phases     ] GC(68)   Post Evacuate Collection Set: 0.4ms
[2024-09-09T04:51:49.014+0000][gc,phases     ] GC(68)   Other: 0.2ms
[2024-09-09T04:51:49.014+0000][gc,heap       ] GC(68) Eden regions: 611->0(611)
[2024-09-09T04:51:49.014+0000][gc,heap       ] GC(68) Survivor regions: 3->3(77)
[2024-09-09T04:51:49.014+0000][gc,heap       ] GC(68) Old regions: 19->19
[2024-09-09T04:51:49.014+0000][gc,heap       ] GC(68) Humongous regions: 129->129
[2024-09-09T04:51:49.014+0000][gc,metaspace  ] GC(68) Metaspace: 44740K(47744K)->44740K(47744K) NonClass: 39089K(40704K)->39089K(40704K) Class: 5651K(7040K)->5651K(7040K)
[2024-09-09T04:51:49.014+0000][gc            ] GC(68) Pause Young (Normal) (G1 Evacuation Pause) 759M->148M(1024M) 3.114ms
[2024-09-09T04:51:49.014+0000][gc,cpu        ] GC(68) User=0.01s Sys=0.00s Real=0.00s
[2024-09-09T06:59:53.297+0000][gc,start      ] GC(69) Pause Young (Normal) (G1 Evacuation Pause)
[2024-09-09T06:59:53.297+0000][gc,task       ] GC(69) Using 4 workers of 4 for evacuation
[2024-09-09T06:59:53.300+0000][gc,phases     ] GC(69)   Pre Evacuate Collection Set: 0.0ms
[2024-09-09T06:59:53.300+0000][gc,phases     ] GC(69)   Evacuate Collection Set: 1.9ms
[2024-09-09T06:59:53.300+0000][gc,phases     ] GC(69)   Post Evacuate Collection Set: 0.4ms
[2024-09-09T06:59:53.300+0000][gc,phases     ] GC(69)   Other: 0.2ms
[2024-09-09T06:59:53.300+0000][gc,heap       ] GC(69) Eden regions: 611->0(611)
[2024-09-09T06:59:53.300+0000][gc,heap       ] GC(69) Survivor regions: 3->3(77)
[2024-09-09T06:59:53.300+0000][gc,heap       ] GC(69) Old regions: 19->19
[2024-09-09T06:59:53.300+0000][gc,heap       ] GC(69) Humongous regions: 129->129
[2024-09-09T06:59:53.300+0000][gc,metaspace  ] GC(69) Metaspace: 44740K(47744K)->44740K(47744K) NonClass: 39089K(40704K)->39089K(40704K) Class: 5651K(7040K)->5651K(7040K)
[2024-09-09T06:59:53.300+0000][gc            ] GC(69) Pause Young (Normal) (G1 Evacuation Pause) 759M->148M(1024M) 2.522ms
[2024-09-09T06:59:53.300+0000][gc,cpu        ] GC(69) User=0.00s Sys=0.00s Real=0.00s
[2024-09-09T09:07:44.911+0000][gc,start      ] GC(70) Pause Young (Normal) (G1 Evacuation Pause)
[2024-09-09T09:07:44.911+0000][gc,task       ] GC(70) Using 4 workers of 4 for evacuation
[2024-09-09T09:07:44.916+0000][gc,phases     ] GC(70)   Pre Evacuate Collection Set: 0.0ms
[2024-09-09T09:07:44.916+0000][gc,phases     ] GC(70)   Evacuate Collection Set: 3.8ms
[2024-09-09T09:07:44.916+0000][gc,phases     ] GC(70)   Post Evacuate Collection Set: 0.4ms
[2024-09-09T09:07:44.916+0000][gc,phases     ] GC(70)   Other: 0.2ms
[2024-09-09T09:07:44.916+0000][gc,heap       ] GC(70) Eden regions: 611->0(611)
[2024-09-09T09:07:44.916+0000][gc,heap       ] GC(70) Survivor regions: 3->3(77)
[2024-09-09T09:07:44.916+0000][gc,heap       ] GC(70) Old regions: 19->19
[2024-09-09T09:07:44.916+0000][gc,heap       ] GC(70) Humongous regions: 129->129
[2024-09-09T09:07:44.916+0000][gc,metaspace  ] GC(70) Metaspace: 44740K(47744K)->44740K(47744K) NonClass: 39089K(40704K)->39089K(40704K) Class: 5651K(7040K)->5651K(7040K)
[2024-09-09T09:07:44.916+0000][gc            ] GC(70) Pause Young (Normal) (G1 Evacuation Pause) 759M->148M(1024M) 4.434ms
[2024-09-09T09:07:44.916+0000][gc,cpu        ] GC(70) User=0.01s Sys=0.00s Real=0.00s
[2024-09-09T11:15:38.421+0000][gc,start      ] GC(71) Pause Young (Normal) (G1 Evacuation Pause)
[2024-09-09T11:15:38.421+0000][gc,task       ] GC(71) Using 4 workers of 4 for evacuation
[2024-09-09T11:15:38.424+0000][gc,phases     ] GC(71)   Pre Evacuate Collection Set: 0.0ms
[2024-09-09T11:15:38.424+0000][gc,phases     ] GC(71)   Evacuate Collection Set: 1.9ms
[2024-09-09T11:15:38.424+0000][gc,phases     ] GC(71)   Post Evacuate Collection Set: 0.4ms
[2024-09-09T11:15:38.424+0000][gc,phases     ] GC(71)   Other: 0.2ms
[2024-09-09T11:15:38.424+0000][gc,heap       ] GC(71) Eden regions: 611->0(611)
[2024-09-09T11:15:38.424+0000][gc,heap       ] GC(71) Survivor regions: 3->3(77)
[2024-09-09T11:15:38.424+0000][gc,heap       ] GC(71) Old regions: 19->19
[2024-09-09T11:15:38.424+0000][gc,heap       ] GC(71) Humongous regions: 129->129
[2024-09-09T11:15:38.424+0000][gc,metaspace  ] GC(71) Metaspace: 44740K(47744K)->44740K(47744K) NonClass: 39089K(40704K)->39089K(40704K) Class: 5651K(7040K)->5651K(7040K)
[2024-09-09T11:15:38.424+0000][gc            ] GC(71) Pause Young (Normal) (G1 Evacuation Pause) 759M->148M(1024M) 2.520ms
[2024-09-09T11:15:38.424+0000][gc,cpu        ] GC(71) User=0.01s Sys=0.01s Real=0.00s
[2024-09-09T13:23:40.346+0000][gc,start      ] GC(72) Pause Young (Normal) (G1 Evacuation Pause)
[2024-09-09T13:23:40.346+0000][gc,task       ] GC(72) Using 4 workers of 4 for evacuation
[2024-09-09T13:23:40.350+0000][gc,phases     ] GC(72)   Pre Evacuate Collection Set: 0.0ms
[2024-09-09T13:23:40.350+0000][gc,phases     ] GC(72)   Evacuate Collection Set: 3.3ms
[2024-09-09T13:23:40.350+0000][gc,phases     ] GC(72)   Post Evacuate Collection Set: 0.5ms
[2024-09-09T13:23:40.350+0000][gc,phases     ] GC(72)   Other: 0.2ms
[2024-09-09T13:23:40.350+0000][gc,heap       ] GC(72) Eden regions: 611->0(611)
[2024-09-09T13:23:40.350+0000][gc,heap       ] GC(72) Survivor regions: 3->3(77)
[2024-09-09T13:23:40.350+0000][gc,heap       ] GC(72) Old regions: 19->19
[2024-09-09T13:23:40.350+0000][gc,heap       ] GC(72) Humongous regions: 129->129
[2024-09-09T13:23:40.350+0000][gc,metaspace  ] GC(72) Metaspace: 44740K(47744K)->44740K(47744K) NonClass: 39089K(40704K)->39089K(40704K) Class: 5651K(7040K)->5651K(7040K)
[2024-09-09T13:23:40.350+0000][gc            ] GC(72) Pause Young (Normal) (G1 Evacuation Pause) 759M->148M(1024M) 4.058ms
[2024-09-09T13:23:40.350+0000][gc,cpu        ] GC(72) User=0.02s Sys=0.00s Real=0.01s
[2024-09-09T15:30:46.446+0000][gc,start      ] GC(73) Pause Young (Normal) (G1 Evacuation Pause)
[2024-09-09T15:30:46.446+0000][gc,task       ] GC(73) Using 4 workers of 4 for evacuation
[2024-09-09T15:30:46.449+0000][gc,phases     ] GC(73)   Pre Evacuate Collection Set: 0.0ms
[2024-09-09T15:30:46.449+0000][gc,phases     ] GC(73)   Evacuate Collection Set: 3.1ms
[2024-09-09T15:30:46.449+0000][gc,phases     ] GC(73)   Post Evacuate Collection Set: 0.4ms
[2024-09-09T15:30:46.449+0000][gc,phases     ] GC(73)   Other: 0.2ms
[2024-09-09T15:30:46.449+0000][gc,heap       ] GC(73) Eden regions: 611->0(610)
[2024-09-09T15:30:46.449+0000][gc,heap       ] GC(73) Survivor regions: 3->4(77)
[2024-09-09T15:30:46.449+0000][gc,heap       ] GC(73) Old regions: 19->19
[2024-09-09T15:30:46.449+0000][gc,heap       ] GC(73) Humongous regions: 129->129
[2024-09-09T15:30:46.449+0000][gc,metaspace  ] GC(73) Metaspace: 44740K(47744K)->44740K(47744K) NonClass: 39089K(40704K)->39089K(40704K) Class: 5651K(7040K)->5651K(7040K)
[2024-09-09T15:30:46.449+0000][gc            ] GC(73) Pause Young (Normal) (G1 Evacuation Pause) 759M->149M(1024M) 3.730ms
[2024-09-09T15:30:46.449+0000][gc,cpu        ] GC(73) User=0.01s Sys=0.00s Real=0.01s
[2024-09-09T17:38:24.011+0000][gc,start      ] GC(74) Pause Young (Normal) (G1 Evacuation Pause)
[2024-09-09T17:38:24.011+0000][gc,task       ] GC(74) Using 4 workers of 4 for evacuation
[2024-09-09T17:38:24.015+0000][gc,phases     ] GC(74)   Pre Evacuate Collection Set: 0.0ms
[2024-09-09T17:38:24.015+0000][gc,phases     ] GC(74)   Evacuate Collection Set: 3.6ms
[2024-09-09T17:38:24.015+0000][gc,phases     ] GC(74)   Post Evacuate Collection Set: 0.6ms
[2024-09-09T17:38:24.015+0000][gc,phases     ] GC(74)   Other: 0.2ms
[2024-09-09T17:38:24.015+0000][gc,heap       ] GC(74) Eden regions: 610->0(611)
[2024-09-09T17:38:24.015+0000][gc,heap       ] GC(74) Survivor regions: 4->3(77)
[2024-09-09T17:38:24.015+0000][gc,heap       ] GC(74) Old regions: 19->19
[2024-09-09T17:38:24.015+0000][gc,heap       ] GC(74) Humongous regions: 178->129
[2024-09-09T17:38:24.015+0000][gc,metaspace  ] GC(74) Metaspace: 44740K(47744K)->44740K(47744K) NonClass: 39089K(40704K)->39089K(40704K) Class: 5651K(7040K)->5651K(7040K)
[2024-09-09T17:38:24.015+0000][gc            ] GC(74) Pause Young (Normal) (G1 Evacuation Pause) 808M->148M(1024M) 4.466ms
[2024-09-09T17:38:24.015+0000][gc,cpu        ] GC(74) User=0.02s Sys=0.00s Real=0.00s
[2024-09-09T19:46:24.933+0000][gc,start      ] GC(75) Pause Young (Normal) (G1 Evacuation Pause)
[2024-09-09T19:46:24.933+0000][gc,task       ] GC(75) Using 4 workers of 4 for evacuation
[2024-09-09T19:46:24.937+0000][gc,phases     ] GC(75)   Pre Evacuate Collection Set: 0.0ms
[2024-09-09T19:46:24.937+0000][gc,phases     ] GC(75)   Evacuate Collection Set: 3.4ms
[2024-09-09T19:46:24.937+0000][gc,phases     ] GC(75)   Post Evacuate Collection Set: 0.3ms
[2024-09-09T19:46:24.937+0000][gc,phases     ] GC(75)   Other: 0.2ms
[2024-09-09T19:46:24.937+0000][gc,heap       ] GC(75) Eden regions: 611->0(610)
[2024-09-09T19:46:24.937+0000][gc,heap       ] GC(75) Survivor regions: 3->4(77)
[2024-09-09T19:46:24.937+0000][gc,heap       ] GC(75) Old regions: 19->19
[2024-09-09T19:46:24.937+0000][gc,heap       ] GC(75) Humongous regions: 129->129
[2024-09-09T19:46:24.937+0000][gc,metaspace  ] GC(75) Metaspace: 44741K(47744K)->44741K(47744K) NonClass: 39090K(40704K)->39090K(40704K) Class: 5651K(7040K)->5651K(7040K)
[2024-09-09T19:46:24.937+0000][gc            ] GC(75) Pause Young (Normal) (G1 Evacuation Pause) 759M->149M(1024M) 3.961ms
[2024-09-09T19:46:24.937+0000][gc,cpu        ] GC(75) User=0.01s Sys=0.00s Real=0.00s
[2024-09-09T21:54:11.856+0000][gc,start      ] GC(76) Pause Young (Normal) (G1 Evacuation Pause)
[2024-09-09T21:54:11.856+0000][gc,task       ] GC(76) Using 4 workers of 4 for evacuation
[2024-09-09T21:54:11.860+0000][gc,phases     ] GC(76)   Pre Evacuate Collection Set: 0.0ms
[2024-09-09T21:54:11.860+0000][gc,phases     ] GC(76)   Evacuate Collection Set: 3.1ms
[2024-09-09T21:54:11.860+0000][gc,phases     ] GC(76)   Post Evacuate Collection Set: 0.8ms
[2024-09-09T21:54:11.860+0000][gc,phases     ] GC(76)   Other: 0.2ms
[2024-09-09T21:54:11.860+0000][gc,heap       ] GC(76) Eden regions: 610->0(611)
[2024-09-09T21:54:11.860+0000][gc,heap       ] GC(76) Survivor regions: 4->3(77)
[2024-09-09T21:54:11.860+0000][gc,heap       ] GC(76) Old regions: 19->19
[2024-09-09T21:54:11.860+0000][gc,heap       ] GC(76) Humongous regions: 129->129
[2024-09-09T21:54:11.860+0000][gc,metaspace  ] GC(76) Metaspace: 44741K(47744K)->44741K(47744K) NonClass: 39090K(40704K)->39090K(40704K) Class: 5651K(7040K)->5651K(7040K)
[2024-09-09T21:54:11.860+0000][gc            ] GC(76) Pause Young (Normal) (G1 Evacuation Pause) 759M->148M(1024M) 4.134ms
[2024-09-09T21:54:11.860+0000][gc,cpu        ] GC(76) User=0.01s Sys=0.00s Real=0.01s
[2024-09-10T00:02:00.855+0000][gc,start      ] GC(77) Pause Young (Normal) (G1 Evacuation Pause)
[2024-09-10T00:02:00.855+0000][gc,task       ] GC(77) Using 4 workers of 4 for evacuation
[2024-09-10T00:02:00.858+0000][gc,phases     ] GC(77)   Pre Evacuate Collection Set: 0.0ms
[2024-09-10T00:02:00.858+0000][gc,phases     ] GC(77)   Evacuate Collection Set: 2.6ms
[2024-09-10T00:02:00.858+0000][gc,phases     ] GC(77)   Post Evacuate Collection Set: 0.4ms
[2024-09-10T00:02:00.858+0000][gc,phases     ] GC(77)   Other: 0.2ms
[2024-09-10T00:02:00.858+0000][gc,heap       ] GC(77) Eden regions: 611->0(611)
[2024-09-10T00:02:00.858+0000][gc,heap       ] GC(77) Survivor regions: 3->3(77)
[2024-09-10T00:02:00.858+0000][gc,heap       ] GC(77) Old regions: 19->19
[2024-09-10T00:02:00.858+0000][gc,heap       ] GC(77) Humongous regions: 129->129
[2024-09-10T00:02:00.858+0000][gc,metaspace  ] GC(77) Metaspace: 44745K(47744K)->44745K(47744K) NonClass: 39094K(40704K)->39094K(40704K) Class: 5651K(7040K)->5651K(7040K)
[2024-09-10T00:02:00.858+0000][gc            ] GC(77) Pause Young (Normal) (G1 Evacuation Pause) 759M->148M(1024M) 3.219ms
[2024-09-10T00:02:00.858+0000][gc,cpu        ] GC(77) User=0.01s Sys=0.00s Real=0.01s
[2024-09-10T02:10:01.982+0000][gc,start      ] GC(78) Pause Young (Normal) (G1 Evacuation Pause)
[2024-09-10T02:10:01.982+0000][gc,task       ] GC(78) Using 4 workers of 4 for evacuation
[2024-09-10T02:10:01.984+0000][gc,phases     ] GC(78)   Pre Evacuate Collection Set: 0.0ms
[2024-09-10T02:10:01.984+0000][gc,phases     ] GC(78)   Evacuate Collection Set: 2.2ms
[2024-09-10T02:10:01.984+0000][gc,phases     ] GC(78)   Post Evacuate Collection Set: 0.3ms
[2024-09-10T02:10:01.984+0000][gc,phases     ] GC(78)   Other: 0.2ms
[2024-09-10T02:10:01.984+0000][gc,heap       ] GC(78) Eden regions: 611->0(611)
[2024-09-10T02:10:01.984+0000][gc,heap       ] GC(78) Survivor regions: 3->3(77)
[2024-09-10T02:10:01.984+0000][gc,heap       ] GC(78) Old regions: 19->19
[2024-09-10T02:10:01.984+0000][gc,heap       ] GC(78) Humongous regions: 129->129
[2024-09-10T02:10:01.984+0000][gc,metaspace  ] GC(78) Metaspace: 44745K(47744K)->44745K(47744K) NonClass: 39094K(40704K)->39094K(40704K) Class: 5651K(7040K)->5651K(7040K)
[2024-09-10T02:10:01.984+0000][gc            ] GC(78) Pause Young (Normal) (G1 Evacuation Pause) 759M->148M(1024M) 2.755ms
[2024-09-10T02:10:01.984+0000][gc,cpu        ] GC(78) User=0.00s Sys=0.01s Real=0.00s
[2024-09-10T04:17:57.828+0000][gc,start      ] GC(79) Pause Young (Normal) (G1 Evacuation Pause)
[2024-09-10T04:17:57.828+0000][gc,task       ] GC(79) Using 4 workers of 4 for evacuation
[2024-09-10T04:17:57.831+0000][gc,phases     ] GC(79)   Pre Evacuate Collection Set: 0.0ms
[2024-09-10T04:17:57.831+0000][gc,phases     ] GC(79)   Evacuate Collection Set: 2.2ms
[2024-09-10T04:17:57.831+0000][gc,phases     ] GC(79)   Post Evacuate Collection Set: 0.3ms
[2024-09-10T04:17:57.831+0000][gc,phases     ] GC(79)   Other: 0.2ms
[2024-09-10T04:17:57.831+0000][gc,heap       ] GC(79) Eden regions: 611->0(611)
[2024-09-10T04:17:57.831+0000][gc,heap       ] GC(79) Survivor regions: 3->3(77)
[2024-09-10T04:17:57.831+0000][gc,heap       ] GC(79) Old regions: 19->19
[2024-09-10T04:17:57.831+0000][gc,heap       ] GC(79) Humongous regions: 129->129
[2024-09-10T04:17:57.831+0000][gc,metaspace  ] GC(79) Metaspace: 44745K(47744K)->44745K(47744K) NonClass: 39094K(40704K)->39094K(40704K) Class: 5651K(7040K)->5651K(7040K)
[2024-09-10T04:17:57.831+0000][gc            ] GC(79) Pause Young (Normal) (G1 Evacuation Pause) 759M->149M(1024M) 2.771ms
[2024-09-10T04:17:57.831+0000][gc,cpu        ] GC(79) User=0.00s Sys=0.00s Real=0.01s
[2024-09-10T06:25:46.224+0000][gc,start      ] GC(80) Pause Young (Normal) (G1 Evacuation Pause)
[2024-09-10T06:25:46.224+0000][gc,task       ] GC(80) Using 4 workers of 4 for evacuation
[2024-09-10T06:25:46.227+0000][gc,phases     ] GC(80)   Pre Evacuate Collection Set: 0.0ms
[2024-09-10T06:25:46.227+0000][gc,phases     ] GC(80)   Evacuate Collection Set: 2.6ms
[2024-09-10T06:25:46.227+0000][gc,phases     ] GC(80)   Post Evacuate Collection Set: 0.5ms
[2024-09-10T06:25:46.227+0000][gc,phases     ] GC(80)   Other: 0.2ms
[2024-09-10T06:25:46.227+0000][gc,heap       ] GC(80) Eden regions: 611->0(611)
[2024-09-10T06:25:46.227+0000][gc,heap       ] GC(80) Survivor regions: 3->3(77)
[2024-09-10T06:25:46.227+0000][gc,heap       ] GC(80) Old regions: 19->19
[2024-09-10T06:25:46.227+0000][gc,heap       ] GC(80) Humongous regions: 129->129
[2024-09-10T06:25:46.227+0000][gc,metaspace  ] GC(80) Metaspace: 44745K(47744K)->44745K(47744K) NonClass: 39094K(40704K)->39094K(40704K) Class: 5651K(7040K)->5651K(7040K)
[2024-09-10T06:25:46.227+0000][gc            ] GC(80) Pause Young (Normal) (G1 Evacuation Pause) 760M->148M(1024M) 3.312ms
[2024-09-10T06:25:46.227+0000][gc,cpu        ] GC(80) User=0.01s Sys=0.00s Real=0.00s
[2024-09-10T08:33:07.805+0000][gc,start      ] GC(81) Pause Young (Normal) (G1 Evacuation Pause)
[2024-09-10T08:33:07.805+0000][gc,task       ] GC(81) Using 4 workers of 4 for evacuation
[2024-09-10T08:33:07.808+0000][gc,phases     ] GC(81)   Pre Evacuate Collection Set: 0.0ms
[2024-09-10T08:33:07.808+0000][gc,phases     ] GC(81)   Evacuate Collection Set: 2.5ms
[2024-09-10T08:33:07.808+0000][gc,phases     ] GC(81)   Post Evacuate Collection Set: 0.4ms
[2024-09-10T08:33:07.808+0000][gc,phases     ] GC(81)   Other: 0.2ms
[2024-09-10T08:33:07.808+0000][gc,heap       ] GC(81) Eden regions: 611->0(611)
[2024-09-10T08:33:07.808+0000][gc,heap       ] GC(81) Survivor regions: 3->3(77)
[2024-09-10T08:33:07.808+0000][gc,heap       ] GC(81) Old regions: 19->19
[2024-09-10T08:33:07.808+0000][gc,heap       ] GC(81) Humongous regions: 129->129
[2024-09-10T08:33:07.808+0000][gc,metaspace  ] GC(81) Metaspace: 44745K(47744K)->44745K(47744K) NonClass: 39094K(40704K)->39094K(40704K) Class: 5651K(7040K)->5651K(7040K)
[2024-09-10T08:33:07.808+0000][gc            ] GC(81) Pause Young (Normal) (G1 Evacuation Pause) 759M->148M(1024M) 3.181ms
[2024-09-10T08:33:07.808+0000][gc,cpu        ] GC(81) User=0.01s Sys=0.00s Real=0.00s
[2024-09-10T10:41:09.337+0000][gc,start      ] GC(82) Pause Young (Normal) (G1 Evacuation Pause)
[2024-09-10T10:41:09.337+0000][gc,task       ] GC(82) Using 4 workers of 4 for evacuation
[2024-09-10T10:41:09.341+0000][gc,phases     ] GC(82)   Pre Evacuate Collection Set: 0.0ms
[2024-09-10T10:41:09.341+0000][gc,phases     ] GC(82)   Evacuate Collection Set: 3.1ms
[2024-09-10T10:41:09.341+0000][gc,phases     ] GC(82)   Post Evacuate Collection Set: 0.4ms
[2024-09-10T10:41:09.341+0000][gc,phases     ] GC(82)   Other: 0.2ms
[2024-09-10T10:41:09.341+0000][gc,heap       ] GC(82) Eden regions: 611->0(610)
[2024-09-10T10:41:09.341+0000][gc,heap       ] GC(82) Survivor regions: 3->4(77)
[2024-09-10T10:41:09.341+0000][gc,heap       ] GC(82) Old regions: 19->19
[2024-09-10T10:41:09.341+0000][gc,heap       ] GC(82) Humongous regions: 129->129
[2024-09-10T10:41:09.341+0000][gc,metaspace  ] GC(82) Metaspace: 44745K(47744K)->44745K(47744K) NonClass: 39094K(40704K)->39094K(40704K) Class: 5651K(7040K)->5651K(7040K)
[2024-09-10T10:41:09.341+0000][gc            ] GC(82) Pause Young (Normal) (G1 Evacuation Pause) 759M->149M(1024M) 3.689ms
[2024-09-10T10:41:09.341+0000][gc,cpu        ] GC(82) User=0.01s Sys=0.00s Real=0.00s
[2024-09-10T12:48:53.455+0000][gc,start      ] GC(83) Pause Young (Normal) (G1 Evacuation Pause)
[2024-09-10T12:48:53.455+0000][gc,task       ] GC(83) Using 4 workers of 4 for evacuation
[2024-09-10T12:48:53.458+0000][gc,phases     ] GC(83)   Pre Evacuate Collection Set: 0.0ms
[2024-09-10T12:48:53.458+0000][gc,phases     ] GC(83)   Evacuate Collection Set: 2.5ms
[2024-09-10T12:48:53.458+0000][gc,phases     ] GC(83)   Post Evacuate Collection Set: 0.4ms
[2024-09-10T12:48:53.458+0000][gc,phases     ] GC(83)   Other: 0.1ms
[2024-09-10T12:48:53.458+0000][gc,heap       ] GC(83) Eden regions: 610->0(611)
[2024-09-10T12:48:53.458+0000][gc,heap       ] GC(83) Survivor regions: 4->3(77)
[2024-09-10T12:48:53.458+0000][gc,heap       ] GC(83) Old regions: 19->19
[2024-09-10T12:48:53.458+0000][gc,heap       ] GC(83) Humongous regions: 178->129
[2024-09-10T12:48:53.458+0000][gc,metaspace  ] GC(83) Metaspace: 44748K(47744K)->44748K(47744K) NonClass: 39097K(40704K)->39097K(40704K) Class: 5651K(7040K)->5651K(7040K)
[2024-09-10T12:48:53.458+0000][gc            ] GC(83) Pause Young (Normal) (G1 Evacuation Pause) 808M->148M(1024M) 3.127ms
[2024-09-10T12:48:53.458+0000][gc,cpu        ] GC(83) User=0.01s Sys=0.00s Real=0.01s
[2024-09-10T14:56:38.297+0000][gc,start      ] GC(84) Pause Young (Normal) (G1 Evacuation Pause)
[2024-09-10T14:56:38.297+0000][gc,task       ] GC(84) Using 4 workers of 4 for evacuation
[2024-09-10T14:56:38.301+0000][gc,phases     ] GC(84)   Pre Evacuate Collection Set: 0.0ms
[2024-09-10T14:56:38.301+0000][gc,phases     ] GC(84)   Evacuate Collection Set: 2.6ms
[2024-09-10T14:56:38.301+0000][gc,phases     ] GC(84)   Post Evacuate Collection Set: 0.4ms
[2024-09-10T14:56:38.301+0000][gc,phases     ] GC(84)   Other: 0.2ms
[2024-09-10T14:56:38.301+0000][gc,heap       ] GC(84) Eden regions: 611->0(610)
[2024-09-10T14:56:38.301+0000][gc,heap       ] GC(84) Survivor regions: 3->4(77)
[2024-09-10T14:56:38.301+0000][gc,heap       ] GC(84) Old regions: 19->19
[2024-09-10T14:56:38.301+0000][gc,heap       ] GC(84) Humongous regions: 129->129
[2024-09-10T14:56:38.301+0000][gc,metaspace  ] GC(84) Metaspace: 44748K(47744K)->44748K(47744K) NonClass: 39097K(40704K)->39097K(40704K) Class: 5651K(7040K)->5651K(7040K)
[2024-09-10T14:56:38.301+0000][gc            ] GC(84) Pause Young (Normal) (G1 Evacuation Pause) 759M->149M(1024M) 3.310ms
[2024-09-10T14:56:38.301+0000][gc,cpu        ] GC(84) User=0.01s Sys=0.01s Real=0.00s
[2024-09-10T17:04:07.805+0000][gc,start      ] GC(85) Pause Young (Normal) (G1 Evacuation Pause)
[2024-09-10T17:04:07.805+0000][gc,task       ] GC(85) Using 4 workers of 4 for evacuation
[2024-09-10T17:04:07.807+0000][gc,phases     ] GC(85)   Pre Evacuate Collection Set: 0.0ms
[2024-09-10T17:04:07.807+0000][gc,phases     ] GC(85)   Evacuate Collection Set: 2.2ms
[2024-09-10T17:04:07.807+0000][gc,phases     ] GC(85)   Post Evacuate Collection Set: 0.4ms
[2024-09-10T17:04:07.807+0000][gc,phases     ] GC(85)   Other: 0.2ms
[2024-09-10T17:04:07.807+0000][gc,heap       ] GC(85) Eden regions: 610->0(611)
[2024-09-10T17:04:07.807+0000][gc,heap       ] GC(85) Survivor regions: 4->3(77)
[2024-09-10T17:04:07.807+0000][gc,heap       ] GC(85) Old regions: 19->19
[2024-09-10T17:04:07.808+0000][gc,heap       ] GC(85) Humongous regions: 290->129
[2024-09-10T17:04:07.808+0000][gc,metaspace  ] GC(85) Metaspace: 44759K(47744K)->44759K(47744K) NonClass: 39108K(40704K)->39108K(40704K) Class: 5651K(7040K)->5651K(7040K)
[2024-09-10T17:04:07.808+0000][gc            ] GC(85) Pause Young (Normal) (G1 Evacuation Pause) 920M->148M(1024M) 2.805ms
[2024-09-10T17:04:07.808+0000][gc,cpu        ] GC(85) User=0.01s Sys=0.00s Real=0.00s
[2024-09-10T19:12:09.652+0000][gc,start      ] GC(86) Pause Young (Normal) (G1 Evacuation Pause)
[2024-09-10T19:12:09.652+0000][gc,task       ] GC(86) Using 4 workers of 4 for evacuation
[2024-09-10T19:12:09.656+0000][gc,phases     ] GC(86)   Pre Evacuate Collection Set: 0.0ms
[2024-09-10T19:12:09.656+0000][gc,phases     ] GC(86)   Evacuate Collection Set: 3.0ms
[2024-09-10T19:12:09.656+0000][gc,phases     ] GC(86)   Post Evacuate Collection Set: 0.8ms
[2024-09-10T19:12:09.656+0000][gc,phases     ] GC(86)   Other: 0.2ms
[2024-09-10T19:12:09.656+0000][gc,heap       ] GC(86) Eden regions: 611->0(611)
[2024-09-10T19:12:09.656+0000][gc,heap       ] GC(86) Survivor regions: 3->3(77)
[2024-09-10T19:12:09.656+0000][gc,heap       ] GC(86) Old regions: 19->19
[2024-09-10T19:12:09.656+0000][gc,heap       ] GC(86) Humongous regions: 129->129
[2024-09-10T19:12:09.656+0000][gc,metaspace  ] GC(86) Metaspace: 44760K(47744K)->44760K(47744K) NonClass: 39109K(40704K)->39109K(40704K) Class: 5651K(7040K)->5651K(7040K)
[2024-09-10T19:12:09.656+0000][gc            ] GC(86) Pause Young (Normal) (G1 Evacuation Pause) 759M->149M(1024M) 4.104ms
[2024-09-10T19:12:09.656+0000][gc,cpu        ] GC(86) User=0.02s Sys=0.00s Real=0.00s
[2024-09-10T21:19:57.115+0000][gc,start      ] GC(87) Pause Young (Normal) (G1 Evacuation Pause)
[2024-09-10T21:19:57.115+0000][gc,task       ] GC(87) Using 4 workers of 4 for evacuation
[2024-09-10T21:19:57.118+0000][gc,phases     ] GC(87)   Pre Evacuate Collection Set: 0.0ms
[2024-09-10T21:19:57.118+0000][gc,phases     ] GC(87)   Evacuate Collection Set: 2.8ms
[2024-09-10T21:19:57.118+0000][gc,phases     ] GC(87)   Post Evacuate Collection Set: 0.4ms
[2024-09-10T21:19:57.118+0000][gc,phases     ] GC(87)   Other: 0.2ms
[2024-09-10T21:19:57.118+0000][gc,heap       ] GC(87) Eden regions: 611->0(611)
[2024-09-10T21:19:57.118+0000][gc,heap       ] GC(87) Survivor regions: 3->3(77)
[2024-09-10T21:19:57.118+0000][gc,heap       ] GC(87) Old regions: 19->19
[2024-09-10T21:19:57.118+0000][gc,heap       ] GC(87) Humongous regions: 129->129
[2024-09-10T21:19:57.118+0000][gc,metaspace  ] GC(87) Metaspace: 44760K(47744K)->44760K(47744K) NonClass: 39109K(40704K)->39109K(40704K) Class: 5651K(7040K)->5651K(7040K)
[2024-09-10T21:19:57.118+0000][gc            ] GC(87) Pause Young (Normal) (G1 Evacuation Pause) 760M->148M(1024M) 3.481ms
[2024-09-10T21:19:57.118+0000][gc,cpu        ] GC(87) User=0.00s Sys=0.00s Real=0.01s
[2024-09-10T23:27:06.377+0000][gc,start      ] GC(88) Pause Young (Normal) (G1 Evacuation Pause)
[2024-09-10T23:27:06.377+0000][gc,task       ] GC(88) Using 4 workers of 4 for evacuation
[2024-09-10T23:27:06.380+0000][gc,phases     ] GC(88)   Pre Evacuate Collection Set: 0.0ms
[2024-09-10T23:27:06.380+0000][gc,phases     ] GC(88)   Evacuate Collection Set: 2.3ms
[2024-09-10T23:27:06.380+0000][gc,phases     ] GC(88)   Post Evacuate Collection Set: 0.4ms
[2024-09-10T23:27:06.380+0000][gc,phases     ] GC(88)   Other: 0.2ms
[2024-09-10T23:27:06.380+0000][gc,heap       ] GC(88) Eden regions: 611->0(611)
[2024-09-10T23:27:06.380+0000][gc,heap       ] GC(88) Survivor regions: 3->3(77)
[2024-09-10T23:27:06.380+0000][gc,heap       ] GC(88) Old regions: 19->19
[2024-09-10T23:27:06.380+0000][gc,heap       ] GC(88) Humongous regions: 129->129
[2024-09-10T23:27:06.380+0000][gc,metaspace  ] GC(88) Metaspace: 44760K(47744K)->44760K(47744K) NonClass: 39109K(40704K)->39109K(40704K) Class: 5651K(7040K)->5651K(7040K)
[2024-09-10T23:27:06.380+0000][gc            ] GC(88) Pause Young (Normal) (G1 Evacuation Pause) 759M->148M(1024M) 2.901ms
[2024-09-10T23:27:06.380+0000][gc,cpu        ] GC(88) User=0.01s Sys=0.00s Real=0.00s
[2024-09-11T01:35:01.352+0000][gc,start      ] GC(89) Pause Young (Normal) (G1 Evacuation Pause)
[2024-09-11T01:35:01.352+0000][gc,task       ] GC(89) Using 4 workers of 4 for evacuation
[2024-09-11T01:35:01.355+0000][gc,phases     ] GC(89)   Pre Evacuate Collection Set: 0.0ms
[2024-09-11T01:35:01.355+0000][gc,phases     ] GC(89)   Evacuate Collection Set: 2.4ms
[2024-09-11T01:35:01.355+0000][gc,phases     ] GC(89)   Post Evacuate Collection Set: 0.3ms
[2024-09-11T01:35:01.355+0000][gc,phases     ] GC(89)   Other: 0.2ms
[2024-09-11T01:35:01.355+0000][gc,heap       ] GC(89) Eden regions: 611->0(610)
[2024-09-11T01:35:01.355+0000][gc,heap       ] GC(89) Survivor regions: 3->4(77)
[2024-09-11T01:35:01.355+0000][gc,heap       ] GC(89) Old regions: 19->19
[2024-09-11T01:35:01.355+0000][gc,heap       ] GC(89) Humongous regions: 129->129
[2024-09-11T01:35:01.355+0000][gc,metaspace  ] GC(89) Metaspace: 44760K(47744K)->44760K(47744K) NonClass: 39109K(40704K)->39109K(40704K) Class: 5651K(7040K)->5651K(7040K)
[2024-09-11T01:35:01.355+0000][gc            ] GC(89) Pause Young (Normal) (G1 Evacuation Pause) 759M->149M(1024M) 2.903ms
[2024-09-11T01:35:01.355+0000][gc,cpu        ] GC(89) User=0.01s Sys=0.00s Real=0.00s
[2024-09-11T03:42:47.154+0000][gc,start      ] GC(90) Pause Young (Normal) (G1 Evacuation Pause)
[2024-09-11T03:42:47.154+0000][gc,task       ] GC(90) Using 4 workers of 4 for evacuation
[2024-09-11T03:42:47.157+0000][gc,phases     ] GC(90)   Pre Evacuate Collection Set: 0.0ms
[2024-09-11T03:42:47.157+0000][gc,phases     ] GC(90)   Evacuate Collection Set: 2.8ms
[2024-09-11T03:42:47.157+0000][gc,phases     ] GC(90)   Post Evacuate Collection Set: 0.4ms
[2024-09-11T03:42:47.157+0000][gc,phases     ] GC(90)   Other: 0.2ms
[2024-09-11T03:42:47.157+0000][gc,heap       ] GC(90) Eden regions: 610->0(611)
[2024-09-11T03:42:47.157+0000][gc,heap       ] GC(90) Survivor regions: 4->3(77)
[2024-09-11T03:42:47.158+0000][gc,heap       ] GC(90) Old regions: 19->19
[2024-09-11T03:42:47.158+0000][gc,heap       ] GC(90) Humongous regions: 129->129
[2024-09-11T03:42:47.158+0000][gc,metaspace  ] GC(90) Metaspace: 44760K(47744K)->44760K(47744K) NonClass: 39109K(40704K)->39109K(40704K) Class: 5651K(7040K)->5651K(7040K)
[2024-09-11T03:42:47.158+0000][gc            ] GC(90) Pause Young (Normal) (G1 Evacuation Pause) 759M->148M(1024M) 3.372ms
[2024-09-11T03:42:47.158+0000][gc,cpu        ] GC(90) User=0.01s Sys=0.00s Real=0.01s
[2024-09-11T05:50:29.255+0000][gc,start      ] GC(91) Pause Young (Normal) (G1 Evacuation Pause)
[2024-09-11T05:50:29.255+0000][gc,task       ] GC(91) Using 4 workers of 4 for evacuation
[2024-09-11T05:50:29.258+0000][gc,phases     ] GC(91)   Pre Evacuate Collection Set: 0.0ms
[2024-09-11T05:50:29.258+0000][gc,phases     ] GC(91)   Evacuate Collection Set: 2.9ms
[2024-09-11T05:50:29.258+0000][gc,phases     ] GC(91)   Post Evacuate Collection Set: 0.4ms
[2024-09-11T05:50:29.258+0000][gc,phases     ] GC(91)   Other: 0.2ms
[2024-09-11T05:50:29.258+0000][gc,heap       ] GC(91) Eden regions: 611->0(610)
[2024-09-11T05:50:29.258+0000][gc,heap       ] GC(91) Survivor regions: 3->4(77)
[2024-09-11T05:50:29.258+0000][gc,heap       ] GC(91) Old regions: 19->19
[2024-09-11T05:50:29.258+0000][gc,heap       ] GC(91) Humongous regions: 129->129
[2024-09-11T05:50:29.258+0000][gc,metaspace  ] GC(91) Metaspace: 44760K(47744K)->44760K(47744K) NonClass: 39109K(40704K)->39109K(40704K) Class: 5651K(7040K)->5651K(7040K)
[2024-09-11T05:50:29.258+0000][gc            ] GC(91) Pause Young (Normal) (G1 Evacuation Pause) 759M->149M(1024M) 3.595ms
[2024-09-11T05:50:29.258+0000][gc,cpu        ] GC(91) User=0.01s Sys=0.00s Real=0.01s
[2024-09-11T07:58:01.217+0000][gc,start      ] GC(92) Pause Young (Normal) (G1 Evacuation Pause)
[2024-09-11T07:58:01.217+0000][gc,task       ] GC(92) Using 4 workers of 4 for evacuation
[2024-09-11T07:58:01.221+0000][gc,phases     ] GC(92)   Pre Evacuate Collection Set: 0.0ms
[2024-09-11T07:58:01.221+0000][gc,phases     ] GC(92)   Evacuate Collection Set: 3.3ms
[2024-09-11T07:58:01.221+0000][gc,phases     ] GC(92)   Post Evacuate Collection Set: 0.4ms
[2024-09-11T07:58:01.221+0000][gc,phases     ] GC(92)   Other: 0.2ms
[2024-09-11T07:58:01.221+0000][gc,heap       ] GC(92) Eden regions: 610->0(611)
[2024-09-11T07:58:01.221+0000][gc,heap       ] GC(92) Survivor regions: 4->3(77)
[2024-09-11T07:58:01.221+0000][gc,heap       ] GC(92) Old regions: 19->19
[2024-09-11T07:58:01.221+0000][gc,heap       ] GC(92) Humongous regions: 129->129
[2024-09-11T07:58:01.221+0000][gc,metaspace  ] GC(92) Metaspace: 44762K(47744K)->44762K(47744K) NonClass: 39111K(40704K)->39111K(40704K) Class: 5651K(7040K)->5651K(7040K)
[2024-09-11T07:58:01.221+0000][gc            ] GC(92) Pause Young (Normal) (G1 Evacuation Pause) 759M->148M(1024M) 3.916ms
[2024-09-11T07:58:01.221+0000][gc,cpu        ] GC(92) User=0.01s Sys=0.00s Real=0.01s
[2024-09-11T10:05:59.011+0000][gc,start      ] GC(93) Pause Young (Normal) (G1 Evacuation Pause)
[2024-09-11T10:05:59.011+0000][gc,task       ] GC(93) Using 4 workers of 4 for evacuation
[2024-09-11T10:05:59.014+0000][gc,phases     ] GC(93)   Pre Evacuate Collection Set: 0.0ms
[2024-09-11T10:05:59.014+0000][gc,phases     ] GC(93)   Evacuate Collection Set: 2.5ms
[2024-09-11T10:05:59.014+0000][gc,phases     ] GC(93)   Post Evacuate Collection Set: 0.4ms
[2024-09-11T10:05:59.014+0000][gc,phases     ] GC(93)   Other: 0.2ms
[2024-09-11T10:05:59.014+0000][gc,heap       ] GC(93) Eden regions: 611->0(611)
[2024-09-11T10:05:59.014+0000][gc,heap       ] GC(93) Survivor regions: 3->3(77)
[2024-09-11T10:05:59.014+0000][gc,heap       ] GC(93) Old regions: 19->19
[2024-09-11T10:05:59.014+0000][gc,heap       ] GC(93) Humongous regions: 129->129
[2024-09-11T10:05:59.014+0000][gc,metaspace  ] GC(93) Metaspace: 44762K(47744K)->44762K(47744K) NonClass: 39111K(40704K)->39111K(40704K) Class: 5651K(7040K)->5651K(7040K)
[2024-09-11T10:05:59.014+0000][gc            ] GC(93) Pause Young (Normal) (G1 Evacuation Pause) 759M->149M(1024M) 3.152ms
[2024-09-11T10:05:59.014+0000][gc,cpu        ] GC(93) User=0.01s Sys=0.00s Real=0.00s
[2024-09-11T12:13:54.011+0000][gc,start      ] GC(94) Pause Young (Normal) (G1 Evacuation Pause)
[2024-09-11T12:13:54.011+0000][gc,task       ] GC(94) Using 4 workers of 4 for evacuation
[2024-09-11T12:13:54.014+0000][gc,phases     ] GC(94)   Pre Evacuate Collection Set: 0.0ms
[2024-09-11T12:13:54.014+0000][gc,phases     ] GC(94)   Evacuate Collection Set: 2.3ms
[2024-09-11T12:13:54.014+0000][gc,phases     ] GC(94)   Post Evacuate Collection Set: 0.4ms
[2024-09-11T12:13:54.014+0000][gc,phases     ] GC(94)   Other: 0.3ms
[2024-09-11T12:13:54.014+0000][gc,heap       ] GC(94) Eden regions: 611->0(611)
[2024-09-11T12:13:54.014+0000][gc,heap       ] GC(94) Survivor regions: 3->3(77)
[2024-09-11T12:13:54.014+0000][gc,heap       ] GC(94) Old regions: 19->19
[2024-09-11T12:13:54.014+0000][gc,heap       ] GC(94) Humongous regions: 178->129
[2024-09-11T12:13:54.014+0000][gc,metaspace  ] GC(94) Metaspace: 44762K(47744K)->44762K(47744K) NonClass: 39111K(40704K)->39111K(40704K) Class: 5651K(7040K)->5651K(7040K)
[2024-09-11T12:13:54.014+0000][gc            ] GC(94) Pause Young (Normal) (G1 Evacuation Pause) 809M->148M(1024M) 3.052ms
[2024-09-11T12:13:54.014+0000][gc,cpu        ] GC(94) User=0.00s Sys=0.01s Real=0.00s
[2024-09-11T14:21:36.975+0000][gc,start      ] GC(95) Pause Young (Normal) (G1 Evacuation Pause)
[2024-09-11T14:21:36.975+0000][gc,task       ] GC(95) Using 4 workers of 4 for evacuation
[2024-09-11T14:21:36.979+0000][gc,phases     ] GC(95)   Pre Evacuate Collection Set: 0.0ms
[2024-09-11T14:21:36.979+0000][gc,phases     ] GC(95)   Evacuate Collection Set: 3.8ms
[2024-09-11T14:21:36.979+0000][gc,phases     ] GC(95)   Post Evacuate Collection Set: 0.4ms
[2024-09-11T14:21:36.979+0000][gc,phases     ] GC(95)   Other: 0.2ms
[2024-09-11T14:21:36.979+0000][gc,heap       ] GC(95) Eden regions: 611->0(611)
[2024-09-11T14:21:36.979+0000][gc,heap       ] GC(95) Survivor regions: 3->3(77)
[2024-09-11T14:21:36.979+0000][gc,heap       ] GC(95) Old regions: 19->19
[2024-09-11T14:21:36.979+0000][gc,heap       ] GC(95) Humongous regions: 129->129
[2024-09-11T14:21:36.979+0000][gc,metaspace  ] GC(95) Metaspace: 44762K(47744K)->44762K(47744K) NonClass: 39111K(40704K)->39111K(40704K) Class: 5651K(7040K)->5651K(7040K)
[2024-09-11T14:21:36.979+0000][gc            ] GC(95) Pause Young (Normal) (G1 Evacuation Pause) 759M->148M(1024M) 4.451ms
[2024-09-11T14:21:36.979+0000][gc,cpu        ] GC(95) User=0.01s Sys=0.00s Real=0.01s
[2024-09-11T16:28:47.792+0000][gc,start      ] GC(96) Pause Young (Normal) (G1 Evacuation Pause)
[2024-09-11T16:28:47.792+0000][gc,task       ] GC(96) Using 4 workers of 4 for evacuation
[2024-09-11T16:28:47.795+0000][gc,phases     ] GC(96)   Pre Evacuate Collection Set: 0.0ms
[2024-09-11T16:28:47.795+0000][gc,phases     ] GC(96)   Evacuate Collection Set: 2.7ms
[2024-09-11T16:28:47.795+0000][gc,phases     ] GC(96)   Post Evacuate Collection Set: 0.4ms
[2024-09-11T16:28:47.795+0000][gc,phases     ] GC(96)   Other: 0.2ms
[2024-09-11T16:28:47.795+0000][gc,heap       ] GC(96) Eden regions: 611->0(610)
[2024-09-11T16:28:47.795+0000][gc,heap       ] GC(96) Survivor regions: 3->4(77)
[2024-09-11T16:28:47.795+0000][gc,heap       ] GC(96) Old regions: 19->19
[2024-09-11T16:28:47.795+0000][gc,heap       ] GC(96) Humongous regions: 129->129
[2024-09-11T16:28:47.795+0000][gc,metaspace  ] GC(96) Metaspace: 44763K(47744K)->44763K(47744K) NonClass: 39112K(40704K)->39112K(40704K) Class: 5651K(7040K)->5651K(7040K)
[2024-09-11T16:28:47.795+0000][gc            ] GC(96) Pause Young (Normal) (G1 Evacuation Pause) 759M->149M(1024M) 3.323ms
[2024-09-11T16:28:47.795+0000][gc,cpu        ] GC(96) User=0.01s Sys=0.00s Real=0.00s
[2024-09-11T18:36:24.011+0000][gc,start      ] GC(97) Pause Young (Normal) (G1 Evacuation Pause)
[2024-09-11T18:36:24.011+0000][gc,task       ] GC(97) Using 4 workers of 4 for evacuation
[2024-09-11T18:36:24.014+0000][gc,phases     ] GC(97)   Pre Evacuate Collection Set: 0.0ms
[2024-09-11T18:36:24.014+0000][gc,phases     ] GC(97)   Evacuate Collection Set: 2.7ms
[2024-09-11T18:36:24.014+0000][gc,phases     ] GC(97)   Post Evacuate Collection Set: 0.5ms
[2024-09-11T18:36:24.014+0000][gc,phases     ] GC(97)   Other: 0.2ms
[2024-09-11T18:36:24.014+0000][gc,heap       ] GC(97) Eden regions: 610->0(611)
[2024-09-11T18:36:24.014+0000][gc,heap       ] GC(97) Survivor regions: 4->3(77)
[2024-09-11T18:36:24.014+0000][gc,heap       ] GC(97) Old regions: 19->19
[2024-09-11T18:36:24.014+0000][gc,heap       ] GC(97) Humongous regions: 129->129
[2024-09-11T18:36:24.014+0000][gc,metaspace  ] GC(97) Metaspace: 44767K(47744K)->44767K(47744K) NonClass: 39115K(40704K)->39115K(40704K) Class: 5651K(7040K)->5651K(7040K)
[2024-09-11T18:36:24.014+0000][gc            ] GC(97) Pause Young (Normal) (G1 Evacuation Pause) 759M->148M(1024M) 3.494ms
[2024-09-11T18:36:24.014+0000][gc,cpu        ] GC(97) User=0.01s Sys=0.00s Real=0.00s
[2024-09-11T20:44:07.346+0000][gc,start      ] GC(98) Pause Young (Normal) (G1 Evacuation Pause)
[2024-09-11T20:44:07.346+0000][gc,task       ] GC(98) Using 4 workers of 4 for evacuation
[2024-09-11T20:44:07.349+0000][gc,phases     ] GC(98)   Pre Evacuate Collection Set: 0.0ms
[2024-09-11T20:44:07.349+0000][gc,phases     ] GC(98)   Evacuate Collection Set: 2.3ms
[2024-09-11T20:44:07.349+0000][gc,phases     ] GC(98)   Post Evacuate Collection Set: 0.4ms
[2024-09-11T20:44:07.349+0000][gc,phases     ] GC(98)   Other: 0.2ms
[2024-09-11T20:44:07.349+0000][gc,heap       ] GC(98) Eden regions: 611->0(610)
[2024-09-11T20:44:07.349+0000][gc,heap       ] GC(98) Survivor regions: 3->4(77)
[2024-09-11T20:44:07.349+0000][gc,heap       ] GC(98) Old regions: 19->19
[2024-09-11T20:44:07.349+0000][gc,heap       ] GC(98) Humongous regions: 129->129
[2024-09-11T20:44:07.349+0000][gc,metaspace  ] GC(98) Metaspace: 44767K(47744K)->44767K(47744K) NonClass: 39115K(40704K)->39115K(40704K) Class: 5651K(7040K)->5651K(7040K)
[2024-09-11T20:44:07.349+0000][gc            ] GC(98) Pause Young (Normal) (G1 Evacuation Pause) 759M->149M(1024M) 2.890ms
[2024-09-11T20:44:07.349+0000][gc,cpu        ] GC(98) User=0.01s Sys=0.01s Real=0.00s
[2024-09-11T22:51:51.011+0000][gc,start      ] GC(99) Pause Young (Normal) (G1 Evacuation Pause)
[2024-09-11T22:51:51.011+0000][gc,task       ] GC(99) Using 4 workers of 4 for evacuation
[2024-09-11T22:51:51.014+0000][gc,phases     ] GC(99)   Pre Evacuate Collection Set: 0.0ms
[2024-09-11T22:51:51.014+0000][gc,phases     ] GC(99)   Evacuate Collection Set: 2.4ms
[2024-09-11T22:51:51.014+0000][gc,phases     ] GC(99)   Post Evacuate Collection Set: 0.4ms
[2024-09-11T22:51:51.014+0000][gc,phases     ] GC(99)   Other: 0.2ms
[2024-09-11T22:51:51.014+0000][gc,heap       ] GC(99) Eden regions: 610->0(611)
[2024-09-11T22:51:51.014+0000][gc,heap       ] GC(99) Survivor regions: 4->3(77)
[2024-09-11T22:51:51.014+0000][gc,heap       ] GC(99) Old regions: 19->19
[2024-09-11T22:51:51.014+0000][gc,heap       ] GC(99) Humongous regions: 129->129
[2024-09-11T22:51:51.014+0000][gc,metaspace  ] GC(99) Metaspace: 44767K(47744K)->44767K(47744K) NonClass: 39115K(40704K)->39115K(40704K) Class: 5651K(7040K)->5651K(7040K)
[2024-09-11T22:51:51.014+0000][gc            ] GC(99) Pause Young (Normal) (G1 Evacuation Pause) 759M->148M(1024M) 3.097ms
[2024-09-11T22:51:51.015+0000][gc,cpu        ] GC(99) User=0.01s Sys=0.00s Real=0.00s
[2024-09-12T00:59:44.011+0000][gc,start      ] GC(100) Pause Young (Normal) (G1 Evacuation Pause)
[2024-09-12T00:59:44.011+0000][gc,task       ] GC(100) Using 4 workers of 4 for evacuation
[2024-09-12T00:59:44.014+0000][gc,phases     ] GC(100)   Pre Evacuate Collection Set: 0.0ms
[2024-09-12T00:59:44.014+0000][gc,phases     ] GC(100)   Evacuate Collection Set: 2.4ms
[2024-09-12T00:59:44.014+0000][gc,phases     ] GC(100)   Post Evacuate Collection Set: 0.3ms
[2024-09-12T00:59:44.014+0000][gc,phases     ] GC(100)   Other: 0.2ms
[2024-09-12T00:59:44.014+0000][gc,heap       ] GC(100) Eden regions: 611->0(611)
[2024-09-12T00:59:44.014+0000][gc,heap       ] GC(100) Survivor regions: 3->3(77)
[2024-09-12T00:59:44.014+0000][gc,heap       ] GC(100) Old regions: 19->19
[2024-09-12T00:59:44.014+0000][gc,heap       ] GC(100) Humongous regions: 129->129
[2024-09-12T00:59:44.014+0000][gc,metaspace  ] GC(100) Metaspace: 44767K(47744K)->44767K(47744K) NonClass: 39115K(40704K)->39115K(40704K) Class: 5651K(7040K)->5651K(7040K)
[2024-09-12T00:59:44.014+0000][gc            ] GC(100) Pause Young (Normal) (G1 Evacuation Pause) 759M->149M(1024M) 2.987ms
[2024-09-12T00:59:44.014+0000][gc,cpu        ] GC(100) User=0.01s Sys=0.00s Real=0.00s
[2024-09-12T03:07:49.314+0000][gc,start      ] GC(101) Pause Young (Normal) (G1 Evacuation Pause)
[2024-09-12T03:07:49.314+0000][gc,task       ] GC(101) Using 4 workers of 4 for evacuation
[2024-09-12T03:07:49.317+0000][gc,phases     ] GC(101)   Pre Evacuate Collection Set: 0.0ms
[2024-09-12T03:07:49.317+0000][gc,phases     ] GC(101)   Evacuate Collection Set: 2.8ms
[2024-09-12T03:07:49.317+0000][gc,phases     ] GC(101)   Post Evacuate Collection Set: 0.4ms
[2024-09-12T03:07:49.317+0000][gc,phases     ] GC(101)   Other: 0.2ms
[2024-09-12T03:07:49.317+0000][gc,heap       ] GC(101) Eden regions: 611->0(611)
[2024-09-12T03:07:49.317+0000][gc,heap       ] GC(101) Survivor regions: 3->3(77)
[2024-09-12T03:07:49.317+0000][gc,heap       ] GC(101) Old regions: 19->19
[2024-09-12T03:07:49.317+0000][gc,heap       ] GC(101) Humongous regions: 129->129
[2024-09-12T03:07:49.317+0000][gc,metaspace  ] GC(101) Metaspace: 44767K(47744K)->44767K(47744K) NonClass: 39115K(40704K)->39115K(40704K) Class: 5651K(7040K)->5651K(7040K)
[2024-09-12T03:07:49.317+0000][gc            ] GC(101) Pause Young (Normal) (G1 Evacuation Pause) 760M->148M(1024M) 3.379ms
[2024-09-12T03:07:49.317+0000][gc,cpu        ] GC(101) User=0.00s Sys=0.00s Real=0.01s
[2024-09-12T05:15:49.764+0000][gc,start      ] GC(102) Pause Young (Normal) (G1 Evacuation Pause)
[2024-09-12T05:15:49.764+0000][gc,task       ] GC(102) Using 4 workers of 4 for evacuation
[2024-09-12T05:15:49.767+0000][gc,phases     ] GC(102)   Pre Evacuate Collection Set: 0.0ms
[2024-09-12T05:15:49.767+0000][gc,phases     ] GC(102)   Evacuate Collection Set: 2.9ms
[2024-09-12T05:15:49.767+0000][gc,phases     ] GC(102)   Post Evacuate Collection Set: 0.4ms
[2024-09-12T05:15:49.767+0000][gc,phases     ] GC(102)   Other: 0.2ms
[2024-09-12T05:15:49.767+0000][gc,heap       ] GC(102) Eden regions: 611->0(611)
[2024-09-12T05:15:49.767+0000][gc,heap       ] GC(102) Survivor regions: 3->3(77)
[2024-09-12T05:15:49.767+0000][gc,heap       ] GC(102) Old regions: 19->19
[2024-09-12T05:15:49.767+0000][gc,heap       ] GC(102) Humongous regions: 129->129
[2024-09-12T05:15:49.767+0000][gc,metaspace  ] GC(102) Metaspace: 44767K(47744K)->44767K(47744K) NonClass: 39115K(40704K)->39115K(40704K) Class: 5651K(7040K)->5651K(7040K)
[2024-09-12T05:15:49.767+0000][gc            ] GC(102) Pause Young (Normal) (G1 Evacuation Pause) 759M->149M(1024M) 3.511ms
[2024-09-12T05:15:49.767+0000][gc,cpu        ] GC(102) User=0.02s Sys=0.00s Real=0.00s
[2024-09-12T07:23:48.009+0000][gc,start      ] GC(103) Pause Young (Normal) (G1 Evacuation Pause)
[2024-09-12T07:23:48.009+0000][gc,task       ] GC(103) Using 4 workers of 4 for evacuation
[2024-09-12T07:23:48.012+0000][gc,phases     ] GC(103)   Pre Evacuate Collection Set: 0.0ms
[2024-09-12T07:23:48.012+0000][gc,phases     ] GC(103)   Evacuate Collection Set: 2.0ms
[2024-09-12T07:23:48.012+0000][gc,phases     ] GC(103)   Post Evacuate Collection Set: 0.3ms
[2024-09-12T07:23:48.012+0000][gc,phases     ] GC(103)   Other: 0.7ms
[2024-09-12T07:23:48.012+0000][gc,heap       ] GC(103) Eden regions: 611->0(611)
[2024-09-12T07:23:48.012+0000][gc,heap       ] GC(103) Survivor regions: 3->3(77)
[2024-09-12T07:23:48.012+0000][gc,heap       ] GC(103) Old regions: 19->19
[2024-09-12T07:23:48.012+0000][gc,heap       ] GC(103) Humongous regions: 178->129
[2024-09-12T07:23:48.012+0000][gc,metaspace  ] GC(103) Metaspace: 44767K(47744K)->44767K(47744K) NonClass: 39115K(40704K)->39115K(40704K) Class: 5651K(7040K)->5651K(7040K)
[2024-09-12T07:23:48.012+0000][gc            ] GC(103) Pause Young (Normal) (G1 Evacuation Pause) 809M->148M(1024M) 3.104ms
[2024-09-12T07:23:48.012+0000][gc,cpu        ] GC(103) User=0.01s Sys=0.01s Real=0.01s
[2024-09-12T09:31:06.761+0000][gc,start      ] GC(104) Pause Young (Normal) (G1 Evacuation Pause)
[2024-09-12T09:31:06.761+0000][gc,task       ] GC(104) Using 4 workers of 4 for evacuation
[2024-09-12T09:31:06.765+0000][gc,phases     ] GC(104)   Pre Evacuate Collection Set: 0.0ms
[2024-09-12T09:31:06.765+0000][gc,phases     ] GC(104)   Evacuate Collection Set: 3.5ms
[2024-09-12T09:31:06.765+0000][gc,phases     ] GC(104)   Post Evacuate Collection Set: 0.4ms
[2024-09-12T09:31:06.765+0000][gc,phases     ] GC(104)   Other: 0.2ms
[2024-09-12T09:31:06.765+0000][gc,heap       ] GC(104) Eden regions: 611->0(611)
[2024-09-12T09:31:06.765+0000][gc,heap       ] GC(104) Survivor regions: 3->3(77)
[2024-09-12T09:31:06.765+0000][gc,heap       ] GC(104) Old regions: 19->19
[2024-09-12T09:31:06.765+0000][gc,heap       ] GC(104) Humongous regions: 129->129
[2024-09-12T09:31:06.765+0000][gc,metaspace  ] GC(104) Metaspace: 44767K(47744K)->44767K(47744K) NonClass: 39115K(40704K)->39115K(40704K) Class: 5651K(7040K)->5651K(7040K)
[2024-09-12T09:31:06.765+0000][gc            ] GC(104) Pause Young (Normal) (G1 Evacuation Pause) 759M->148M(1024M) 4.095ms
[2024-09-12T09:31:06.765+0000][gc,cpu        ] GC(104) User=0.02s Sys=0.00s Real=0.00s
[2024-09-12T11:38:57.932+0000][gc,start      ] GC(105) Pause Young (Normal) (G1 Evacuation Pause)
[2024-09-12T11:38:57.932+0000][gc,task       ] GC(105) Using 4 workers of 4 for evacuation
[2024-09-12T11:38:57.935+0000][gc,phases     ] GC(105)   Pre Evacuate Collection Set: 0.0ms
[2024-09-12T11:38:57.935+0000][gc,phases     ] GC(105)   Evacuate Collection Set: 3.1ms
[2024-09-12T11:38:57.935+0000][gc,phases     ] GC(105)   Post Evacuate Collection Set: 0.3ms
[2024-09-12T11:38:57.935+0000][gc,phases     ] GC(105)   Other: 0.2ms
[2024-09-12T11:38:57.935+0000][gc,heap       ] GC(105) Eden regions: 611->0(610)
[2024-09-12T11:38:57.935+0000][gc,heap       ] GC(105) Survivor regions: 3->4(77)
[2024-09-12T11:38:57.935+0000][gc,heap       ] GC(105) Old regions: 19->19
[2024-09-12T11:38:57.935+0000][gc,heap       ] GC(105) Humongous regions: 129->129
[2024-09-12T11:38:57.935+0000][gc,metaspace  ] GC(105) Metaspace: 44788K(48000K)->44788K(48000K) NonClass: 39137K(40960K)->39137K(40960K) Class: 5651K(7040K)->5651K(7040K)
[2024-09-12T11:38:57.935+0000][gc            ] GC(105) Pause Young (Normal) (G1 Evacuation Pause) 759M->149M(1024M) 3.723ms
[2024-09-12T11:38:57.935+0000][gc,cpu        ] GC(105) User=0.01s Sys=0.00s Real=0.00s
[2024-09-12T13:46:37.199+0000][gc,start      ] GC(106) Pause Young (Normal) (G1 Evacuation Pause)
[2024-09-12T13:46:37.199+0000][gc,task       ] GC(106) Using 4 workers of 4 for evacuation
[2024-09-12T13:46:37.202+0000][gc,phases     ] GC(106)   Pre Evacuate Collection Set: 0.0ms
[2024-09-12T13:46:37.202+0000][gc,phases     ] GC(106)   Evacuate Collection Set: 2.2ms
[2024-09-12T13:46:37.202+0000][gc,phases     ] GC(106)   Post Evacuate Collection Set: 0.4ms
[2024-09-12T13:46:37.202+0000][gc,phases     ] GC(106)   Other: 0.2ms
[2024-09-12T13:46:37.202+0000][gc,heap       ] GC(106) Eden regions: 610->0(611)
[2024-09-12T13:46:37.202+0000][gc,heap       ] GC(106) Survivor regions: 4->3(77)
[2024-09-12T13:46:37.202+0000][gc,heap       ] GC(106) Old regions: 19->19
[2024-09-12T13:46:37.202+0000][gc,heap       ] GC(106) Humongous regions: 129->129
[2024-09-12T13:46:37.202+0000][gc,metaspace  ] GC(106) Metaspace: 44788K(48000K)->44788K(48000K) NonClass: 39137K(40960K)->39137K(40960K) Class: 5651K(7040K)->5651K(7040K)
[2024-09-12T13:46:37.202+0000][gc            ] GC(106) Pause Young (Normal) (G1 Evacuation Pause) 759M->148M(1024M) 2.820ms
[2024-09-12T13:46:37.202+0000][gc,cpu        ] GC(106) User=0.01s Sys=0.01s Real=0.00s
[2024-09-12T15:54:27.744+0000][gc,start      ] GC(107) Pause Young (Normal) (G1 Evacuation Pause)
[2024-09-12T15:54:27.744+0000][gc,task       ] GC(107) Using 4 workers of 4 for evacuation
[2024-09-12T15:54:27.748+0000][gc,phases     ] GC(107)   Pre Evacuate Collection Set: 0.0ms
[2024-09-12T15:54:27.748+0000][gc,phases     ] GC(107)   Evacuate Collection Set: 3.2ms
[2024-09-12T15:54:27.748+0000][gc,phases     ] GC(107)   Post Evacuate Collection Set: 0.4ms
[2024-09-12T15:54:27.748+0000][gc,phases     ] GC(107)   Other: 0.2ms
[2024-09-12T15:54:27.748+0000][gc,heap       ] GC(107) Eden regions: 611->0(610)
[2024-09-12T15:54:27.748+0000][gc,heap       ] GC(107) Survivor regions: 3->4(77)
[2024-09-12T15:54:27.748+0000][gc,heap       ] GC(107) Old regions: 19->19
[2024-09-12T15:54:27.748+0000][gc,heap       ] GC(107) Humongous regions: 129->129
[2024-09-12T15:54:27.748+0000][gc,metaspace  ] GC(107) Metaspace: 44788K(48000K)->44788K(48000K) NonClass: 39137K(40960K)->39137K(40960K) Class: 5651K(7040K)->5651K(7040K)
[2024-09-12T15:54:27.748+0000][gc            ] GC(107) Pause Young (Normal) (G1 Evacuation Pause) 759M->149M(1024M) 3.977ms
[2024-09-12T15:54:27.748+0000][gc,cpu        ] GC(107) User=0.02s Sys=0.00s Real=0.00s
[2024-09-12T18:02:07.805+0000][gc,start      ] GC(108) Pause Young (Normal) (G1 Evacuation Pause)
[2024-09-12T18:02:07.805+0000][gc,task       ] GC(108) Using 4 workers of 4 for evacuation
[2024-09-12T18:02:07.808+0000][gc,phases     ] GC(108)   Pre Evacuate Collection Set: 0.0ms
[2024-09-12T18:02:07.808+0000][gc,phases     ] GC(108)   Evacuate Collection Set: 2.4ms
[2024-09-12T18:02:07.808+0000][gc,phases     ] GC(108)   Post Evacuate Collection Set: 0.4ms
[2024-09-12T18:02:07.808+0000][gc,phases     ] GC(108)   Other: 0.2ms
[2024-09-12T18:02:07.808+0000][gc,heap       ] GC(108) Eden regions: 610->0(611)
[2024-09-12T18:02:07.808+0000][gc,heap       ] GC(108) Survivor regions: 4->3(77)
[2024-09-12T18:02:07.808+0000][gc,heap       ] GC(108) Old regions: 19->19
[2024-09-12T18:02:07.808+0000][gc,heap       ] GC(108) Humongous regions: 129->129
[2024-09-12T18:02:07.808+0000][gc,metaspace  ] GC(108) Metaspace: 44788K(48000K)->44788K(48000K) NonClass: 39137K(40960K)->39137K(40960K) Class: 5651K(7040K)->5651K(7040K)
[2024-09-12T18:02:07.808+0000][gc            ] GC(108) Pause Young (Normal) (G1 Evacuation Pause) 759M->148M(1024M) 3.058ms
[2024-09-12T18:02:07.808+0000][gc,cpu        ] GC(108) User=0.01s Sys=0.00s Real=0.00s
[2024-09-12T20:10:08.439+0000][gc,start      ] GC(109) Pause Young (Normal) (G1 Evacuation Pause)
[2024-09-12T20:10:08.439+0000][gc,task       ] GC(109) Using 4 workers of 4 for evacuation
[2024-09-12T20:10:08.443+0000][gc,phases     ] GC(109)   Pre Evacuate Collection Set: 0.0ms
[2024-09-12T20:10:08.443+0000][gc,phases     ] GC(109)   Evacuate Collection Set: 3.8ms
[2024-09-12T20:10:08.443+0000][gc,phases     ] GC(109)   Post Evacuate Collection Set: 0.5ms
[2024-09-12T20:10:08.443+0000][gc,phases     ] GC(109)   Other: 0.2ms
[2024-09-12T20:10:08.443+0000][gc,heap       ] GC(109) Eden regions: 611->0(610)
[2024-09-12T20:10:08.443+0000][gc,heap       ] GC(109) Survivor regions: 3->4(77)
[2024-09-12T20:10:08.443+0000][gc,heap       ] GC(109) Old regions: 19->19
[2024-09-12T20:10:08.443+0000][gc,heap       ] GC(109) Humongous regions: 129->129
[2024-09-12T20:10:08.443+0000][gc,metaspace  ] GC(109) Metaspace: 44788K(48000K)->44788K(48000K) NonClass: 39137K(40960K)->39137K(40960K) Class: 5651K(7040K)->5651K(7040K)
[2024-09-12T20:10:08.443+0000][gc            ] GC(109) Pause Young (Normal) (G1 Evacuation Pause) 759M->149M(1024M) 4.604ms
[2024-09-12T20:10:08.443+0000][gc,cpu        ] GC(109) User=0.02s Sys=0.00s Real=0.00s
[2024-09-12T22:17:51.723+0000][gc,start      ] GC(110) Pause Young (Normal) (G1 Evacuation Pause)
[2024-09-12T22:17:51.723+0000][gc,task       ] GC(110) Using 4 workers of 4 for evacuation
[2024-09-12T22:17:51.726+0000][gc,phases     ] GC(110)   Pre Evacuate Collection Set: 0.0ms
[2024-09-12T22:17:51.726+0000][gc,phases     ] GC(110)   Evacuate Collection Set: 2.3ms
[2024-09-12T22:17:51.726+0000][gc,phases     ] GC(110)   Post Evacuate Collection Set: 0.4ms
[2024-09-12T22:17:51.726+0000][gc,phases     ] GC(110)   Other: 0.2ms
[2024-09-12T22:17:51.726+0000][gc,heap       ] GC(110) Eden regions: 610->0(611)
[2024-09-12T22:17:51.726+0000][gc,heap       ] GC(110) Survivor regions: 4->3(77)
[2024-09-12T22:17:51.726+0000][gc,heap       ] GC(110) Old regions: 19->19
[2024-09-12T22:17:51.726+0000][gc,heap       ] GC(110) Humongous regions: 129->129
[2024-09-12T22:17:51.726+0000][gc,metaspace  ] GC(110) Metaspace: 44789K(48000K)->44789K(48000K) NonClass: 39138K(40960K)->39138K(40960K) Class: 5651K(7040K)->5651K(7040K)
[2024-09-12T22:17:51.726+0000][gc            ] GC(110) Pause Young (Normal) (G1 Evacuation Pause) 759M->148M(1024M) 2.905ms
[2024-09-12T22:17:51.726+0000][gc,cpu        ] GC(110) User=0.01s Sys=0.00s Real=0.00s
[2024-09-13T00:25:43.434+0000][gc,start      ] GC(111) Pause Young (Normal) (G1 Evacuation Pause)
[2024-09-13T00:25:43.434+0000][gc,task       ] GC(111) Using 4 workers of 4 for evacuation
[2024-09-13T00:25:43.437+0000][gc,phases     ] GC(111)   Pre Evacuate Collection Set: 0.0ms
[2024-09-13T00:25:43.437+0000][gc,phases     ] GC(111)   Evacuate Collection Set: 3.1ms
[2024-09-13T00:25:43.437+0000][gc,phases     ] GC(111)   Post Evacuate Collection Set: 0.4ms
[2024-09-13T00:25:43.437+0000][gc,phases     ] GC(111)   Other: 0.2ms
[2024-09-13T00:25:43.437+0000][gc,heap       ] GC(111) Eden regions: 611->0(611)
[2024-09-13T00:25:43.437+0000][gc,heap       ] GC(111) Survivor regions: 3->3(77)
[2024-09-13T00:25:43.437+0000][gc,heap       ] GC(111) Old regions: 19->19
[2024-09-13T00:25:43.437+0000][gc,heap       ] GC(111) Humongous regions: 129->129
[2024-09-13T00:25:43.437+0000][gc,metaspace  ] GC(111) Metaspace: 44789K(48000K)->44789K(48000K) NonClass: 39138K(40960K)->39138K(40960K) Class: 5651K(7040K)->5651K(7040K)
[2024-09-13T00:25:43.437+0000][gc            ] GC(111) Pause Young (Normal) (G1 Evacuation Pause) 759M->149M(1024M) 3.806ms
[2024-09-13T00:25:43.437+0000][gc,cpu        ] GC(111) User=0.00s Sys=0.01s Real=0.01s
[2024-09-13T02:32:59.381+0000][gc,start      ] GC(112) Pause Young (Normal) (G1 Evacuation Pause)
[2024-09-13T02:32:59.381+0000][gc,task       ] GC(112) Using 4 workers of 4 for evacuation
[2024-09-13T02:32:59.385+0000][gc,phases     ] GC(112)   Pre Evacuate Collection Set: 0.0ms
[2024-09-13T02:32:59.385+0000][gc,phases     ] GC(112)   Evacuate Collection Set: 3.0ms
[2024-09-13T02:32:59.385+0000][gc,phases     ] GC(112)   Post Evacuate Collection Set: 0.5ms
[2024-09-13T02:32:59.385+0000][gc,phases     ] GC(112)   Other: 0.2ms
[2024-09-13T02:32:59.385+0000][gc,heap       ] GC(112) Eden regions: 611->0(610)
[2024-09-13T02:32:59.385+0000][gc,heap       ] GC(112) Survivor regions: 3->4(77)
[2024-09-13T02:32:59.385+0000][gc,heap       ] GC(112) Old regions: 19->19
[2024-09-13T02:32:59.385+0000][gc,heap       ] GC(112) Humongous regions: 129->129
[2024-09-13T02:32:59.385+0000][gc,metaspace  ] GC(112) Metaspace: 44789K(48000K)->44789K(48000K) NonClass: 39138K(40960K)->39138K(40960K) Class: 5651K(7040K)->5651K(7040K)
[2024-09-13T02:32:59.385+0000][gc            ] GC(112) Pause Young (Normal) (G1 Evacuation Pause) 760M->149M(1024M) 3.730ms
[2024-09-13T02:32:59.385+0000][gc,cpu        ] GC(112) User=0.01s Sys=0.00s Real=0.00s
[2024-09-13T04:40:38.241+0000][gc,start      ] GC(113) Pause Young (Normal) (G1 Evacuation Pause)
[2024-09-13T04:40:38.241+0000][gc,task       ] GC(113) Using 4 workers of 4 for evacuation
[2024-09-13T04:40:38.243+0000][gc,phases     ] GC(113)   Pre Evacuate Collection Set: 0.0ms
[2024-09-13T04:40:38.243+0000][gc,phases     ] GC(113)   Evacuate Collection Set: 2.0ms
[2024-09-13T04:40:38.243+0000][gc,phases     ] GC(113)   Post Evacuate Collection Set: 0.4ms
[2024-09-13T04:40:38.243+0000][gc,phases     ] GC(113)   Other: 0.2ms
[2024-09-13T04:40:38.243+0000][gc,heap       ] GC(113) Eden regions: 610->0(611)
[2024-09-13T04:40:38.243+0000][gc,heap       ] GC(113) Survivor regions: 4->3(77)
[2024-09-13T04:40:38.243+0000][gc,heap       ] GC(113) Old regions: 19->19
[2024-09-13T04:40:38.243+0000][gc,heap       ] GC(113) Humongous regions: 227->129
[2024-09-13T04:40:38.243+0000][gc,metaspace  ] GC(113) Metaspace: 44789K(48000K)->44789K(48000K) NonClass: 39138K(40960K)->39138K(40960K) Class: 5651K(7040K)->5651K(7040K)
[2024-09-13T04:40:38.243+0000][gc            ] GC(113) Pause Young (Normal) (G1 Evacuation Pause) 857M->148M(1024M) 2.537ms
[2024-09-13T04:40:38.243+0000][gc,cpu        ] GC(113) User=0.01s Sys=0.00s Real=0.00s
[2024-09-13T06:48:24.011+0000][gc,start      ] GC(114) Pause Young (Normal) (G1 Evacuation Pause)
[2024-09-13T06:48:24.011+0000][gc,task       ] GC(114) Using 4 workers of 4 for evacuation
[2024-09-13T06:48:24.015+0000][gc,phases     ] GC(114)   Pre Evacuate Collection Set: 0.0ms
[2024-09-13T06:48:24.015+0000][gc,phases     ] GC(114)   Evacuate Collection Set: 3.2ms
[2024-09-13T06:48:24.015+0000][gc,phases     ] GC(114)   Post Evacuate Collection Set: 0.5ms
[2024-09-13T06:48:24.015+0000][gc,phases     ] GC(114)   Other: 0.2ms
[2024-09-13T06:48:24.015+0000][gc,heap       ] GC(114) Eden regions: 611->0(610)
[2024-09-13T06:48:24.015+0000][gc,heap       ] GC(114) Survivor regions: 3->4(77)
[2024-09-13T06:48:24.015+0000][gc,heap       ] GC(114) Old regions: 19->19
[2024-09-13T06:48:24.015+0000][gc,heap       ] GC(114) Humongous regions: 290->129
[2024-09-13T06:48:24.015+0000][gc,metaspace  ] GC(114) Metaspace: 44828K(48000K)->44828K(48000K) NonClass: 39177K(40960K)->39177K(40960K) Class: 5651K(7040K)->5651K(7040K)
[2024-09-13T06:48:24.015+0000][gc            ] GC(114) Pause Young (Normal) (G1 Evacuation Pause) 920M->149M(1024M) 3.968ms
[2024-09-13T06:48:24.015+0000][gc,cpu        ] GC(114) User=0.01s Sys=0.00s Real=0.00s
[2024-09-13T08:55:56.732+0000][gc,start      ] GC(115) Pause Young (Normal) (G1 Evacuation Pause)
[2024-09-13T08:55:56.732+0000][gc,task       ] GC(115) Using 4 workers of 4 for evacuation
[2024-09-13T08:55:56.734+0000][gc,phases     ] GC(115)   Pre Evacuate Collection Set: 0.0ms
[2024-09-13T08:55:56.734+0000][gc,phases     ] GC(115)   Evacuate Collection Set: 1.8ms
[2024-09-13T08:55:56.734+0000][gc,phases     ] GC(115)   Post Evacuate Collection Set: 0.3ms
[2024-09-13T08:55:56.734+0000][gc,phases     ] GC(115)   Other: 0.2ms
[2024-09-13T08:55:56.734+0000][gc,heap       ] GC(115) Eden regions: 610->0(611)
[2024-09-13T08:55:56.734+0000][gc,heap       ] GC(115) Survivor regions: 4->3(77)
[2024-09-13T08:55:56.734+0000][gc,heap       ] GC(115) Old regions: 19->19
[2024-09-13T08:55:56.734+0000][gc,heap       ] GC(115) Humongous regions: 129->129
[2024-09-13T08:55:56.734+0000][gc,metaspace  ] GC(115) Metaspace: 44829K(48000K)->44829K(48000K) NonClass: 39178K(40960K)->39178K(40960K) Class: 5651K(7040K)->5651K(7040K)
[2024-09-13T08:55:56.734+0000][gc            ] GC(115) Pause Young (Normal) (G1 Evacuation Pause) 759M->148M(1024M) 2.415ms
[2024-09-13T08:55:56.734+0000][gc,cpu        ] GC(115) User=0.01s Sys=0.00s Real=0.00s
[2024-09-13T11:03:42.274+0000][gc,start      ] GC(116) Pause Young (Normal) (G1 Evacuation Pause)
[2024-09-13T11:03:42.274+0000][gc,task       ] GC(116) Using 4 workers of 4 for evacuation
[2024-09-13T11:03:42.278+0000][gc,phases     ] GC(116)   Pre Evacuate Collection Set: 0.0ms
[2024-09-13T11:03:42.278+0000][gc,phases     ] GC(116)   Evacuate Collection Set: 3.2ms
[2024-09-13T11:03:42.278+0000][gc,phases     ] GC(116)   Post Evacuate Collection Set: 0.4ms
[2024-09-13T11:03:42.278+0000][gc,phases     ] GC(116)   Other: 0.2ms
[2024-09-13T11:03:42.278+0000][gc,heap       ] GC(116) Eden regions: 611->0(611)
[2024-09-13T11:03:42.278+0000][gc,heap       ] GC(116) Survivor regions: 3->3(77)
[2024-09-13T11:03:42.278+0000][gc,heap       ] GC(116) Old regions: 19->19
[2024-09-13T11:03:42.278+0000][gc,heap       ] GC(116) Humongous regions: 129->129
[2024-09-13T11:03:42.278+0000][gc,metaspace  ] GC(116) Metaspace: 44838K(48000K)->44838K(48000K) NonClass: 39187K(40960K)->39187K(40960K) Class: 5651K(7040K)->5651K(7040K)
[2024-09-13T11:03:42.278+0000][gc            ] GC(116) Pause Young (Normal) (G1 Evacuation Pause) 759M->149M(1024M) 3.855ms
[2024-09-13T11:03:42.278+0000][gc,cpu        ] GC(116) User=0.01s Sys=0.00s Real=0.01s
[2024-09-13T13:11:32.295+0000][gc,start      ] GC(117) Pause Young (Normal) (G1 Evacuation Pause)
[2024-09-13T13:11:32.295+0000][gc,task       ] GC(117) Using 4 workers of 4 for evacuation
[2024-09-13T13:11:32.298+0000][gc,phases     ] GC(117)   Pre Evacuate Collection Set: 0.0ms
[2024-09-13T13:11:32.298+0000][gc,phases     ] GC(117)   Evacuate Collection Set: 2.5ms
[2024-09-13T13:11:32.298+0000][gc,phases     ] GC(117)   Post Evacuate Collection Set: 0.4ms
[2024-09-13T13:11:32.298+0000][gc,phases     ] GC(117)   Other: 0.2ms
[2024-09-13T13:11:32.298+0000][gc,heap       ] GC(117) Eden regions: 611->0(611)
[2024-09-13T13:11:32.298+0000][gc,heap       ] GC(117) Survivor regions: 3->3(77)
[2024-09-13T13:11:32.298+0000][gc,heap       ] GC(117) Old regions: 19->19
[2024-09-13T13:11:32.298+0000][gc,heap       ] GC(117) Humongous regions: 129->129
[2024-09-13T13:11:32.298+0000][gc,metaspace  ] GC(117) Metaspace: 44838K(48000K)->44838K(48000K) NonClass: 39187K(40960K)->39187K(40960K) Class: 5651K(7040K)->5651K(7040K)
[2024-09-13T13:11:32.298+0000][gc            ] GC(117) Pause Young (Normal) (G1 Evacuation Pause) 760M->148M(1024M) 3.181ms
[2024-09-13T13:11:32.298+0000][gc,cpu        ] GC(117) User=0.01s Sys=0.00s Real=0.01s
[2024-09-13T15:19:19.265+0000][gc,start      ] GC(118) Pause Young (Normal) (G1 Evacuation Pause)
[2024-09-13T15:19:19.265+0000][gc,task       ] GC(118) Using 4 workers of 4 for evacuation
[2024-09-13T15:19:19.269+0000][gc,phases     ] GC(118)   Pre Evacuate Collection Set: 0.0ms
[2024-09-13T15:19:19.269+0000][gc,phases     ] GC(118)   Evacuate Collection Set: 2.8ms
[2024-09-13T15:19:19.269+0000][gc,phases     ] GC(118)   Post Evacuate Collection Set: 0.4ms
[2024-09-13T15:19:19.269+0000][gc,phases     ] GC(118)   Other: 0.2ms
[2024-09-13T15:19:19.269+0000][gc,heap       ] GC(118) Eden regions: 611->0(611)
[2024-09-13T15:19:19.269+0000][gc,heap       ] GC(118) Survivor regions: 3->3(77)
[2024-09-13T15:19:19.269+0000][gc,heap       ] GC(118) Old regions: 19->19
[2024-09-13T15:19:19.269+0000][gc,heap       ] GC(118) Humongous regions: 129->129
[2024-09-13T15:19:19.269+0000][gc,metaspace  ] GC(118) Metaspace: 44838K(48000K)->44838K(48000K) NonClass: 39187K(40960K)->39187K(40960K) Class: 5651K(7040K)->5651K(7040K)
[2024-09-13T15:19:19.269+0000][gc            ] GC(118) Pause Young (Normal) (G1 Evacuation Pause) 759M->149M(1024M) 3.421ms
[2024-09-13T15:19:19.269+0000][gc,cpu        ] GC(118) User=0.01s Sys=0.00s Real=0.00s
[2024-09-13T17:26:37.731+0000][gc,start      ] GC(119) Pause Young (Normal) (G1 Evacuation Pause)
[2024-09-13T17:26:37.731+0000][gc,task       ] GC(119) Using 4 workers of 4 for evacuation
[2024-09-13T17:26:37.734+0000][gc,phases     ] GC(119)   Pre Evacuate Collection Set: 0.0ms
[2024-09-13T17:26:37.734+0000][gc,phases     ] GC(119)   Evacuate Collection Set: 2.8ms
[2024-09-13T17:26:37.734+0000][gc,phases     ] GC(119)   Post Evacuate Collection Set: 0.4ms
[2024-09-13T17:26:37.734+0000][gc,phases     ] GC(119)   Other: 0.2ms
[2024-09-13T17:26:37.734+0000][gc,heap       ] GC(119) Eden regions: 611->0(610)
[2024-09-13T17:26:37.734+0000][gc,heap       ] GC(119) Survivor regions: 3->4(77)
[2024-09-13T17:26:37.734+0000][gc,heap       ] GC(119) Old regions: 19->19
[2024-09-13T17:26:37.734+0000][gc,heap       ] GC(119) Humongous regions: 129->129
[2024-09-13T17:26:37.734+0000][gc,metaspace  ] GC(119) Metaspace: 44839K(48000K)->44839K(48000K) NonClass: 39188K(40960K)->39188K(40960K) Class: 5651K(7040K)->5651K(7040K)
[2024-09-13T17:26:37.734+0000][gc            ] GC(119) Pause Young (Normal) (G1 Evacuation Pause) 760M->149M(1024M) 3.376ms
[2024-09-13T17:26:37.734+0000][gc,cpu        ] GC(119) User=0.01s Sys=0.00s Real=0.00s
[2024-09-13T19:34:02.446+0000][gc,start      ] GC(120) Pause Young (Normal) (G1 Evacuation Pause)
[2024-09-13T19:34:02.446+0000][gc,task       ] GC(120) Using 4 workers of 4 for evacuation
[2024-09-13T19:34:02.450+0000][gc,phases     ] GC(120)   Pre Evacuate Collection Set: 0.0ms
[2024-09-13T19:34:02.450+0000][gc,phases     ] GC(120)   Evacuate Collection Set: 2.9ms
[2024-09-13T19:34:02.450+0000][gc,phases     ] GC(120)   Post Evacuate Collection Set: 0.8ms
[2024-09-13T19:34:02.450+0000][gc,phases     ] GC(120)   Other: 0.2ms
[2024-09-13T19:34:02.450+0000][gc,heap       ] GC(120) Eden regions: 610->0(611)
[2024-09-13T19:34:02.450+0000][gc,heap       ] GC(120) Survivor regions: 4->3(77)
[2024-09-13T19:34:02.450+0000][gc,heap       ] GC(120) Old regions: 19->19
[2024-09-13T19:34:02.450+0000][gc,heap       ] GC(120) Humongous regions: 129->129
[2024-09-13T19:34:02.450+0000][gc,metaspace  ] GC(120) Metaspace: 44840K(48000K)->44840K(48000K) NonClass: 39189K(40960K)->39189K(40960K) Class: 5651K(7040K)->5651K(7040K)
[2024-09-13T19:34:02.450+0000][gc            ] GC(120) Pause Young (Normal) (G1 Evacuation Pause) 759M->148M(1024M) 4.011ms
[2024-09-13T19:34:02.450+0000][gc,cpu        ] GC(120) User=0.00s Sys=0.01s Real=0.01s
[2024-09-13T21:41:56.436+0000][gc,start      ] GC(121) Pause Young (Normal) (G1 Evacuation Pause)
[2024-09-13T21:41:56.436+0000][gc,task       ] GC(121) Using 4 workers of 4 for evacuation
[2024-09-13T21:41:56.439+0000][gc,phases     ] GC(121)   Pre Evacuate Collection Set: 0.0ms
[2024-09-13T21:41:56.439+0000][gc,phases     ] GC(121)   Evacuate Collection Set: 2.6ms
[2024-09-13T21:41:56.439+0000][gc,phases     ] GC(121)   Post Evacuate Collection Set: 0.3ms
[2024-09-13T21:41:56.439+0000][gc,phases     ] GC(121)   Other: 0.2ms
[2024-09-13T21:41:56.439+0000][gc,heap       ] GC(121) Eden regions: 611->0(610)
[2024-09-13T21:41:56.439+0000][gc,heap       ] GC(121) Survivor regions: 3->4(77)
[2024-09-13T21:41:56.439+0000][gc,heap       ] GC(121) Old regions: 19->19
[2024-09-13T21:41:56.439+0000][gc,heap       ] GC(121) Humongous regions: 129->129
[2024-09-13T21:41:56.439+0000][gc,metaspace  ] GC(121) Metaspace: 44840K(48000K)->44840K(48000K) NonClass: 39189K(40960K)->39189K(40960K) Class: 5651K(7040K)->5651K(7040K)
[2024-09-13T21:41:56.439+0000][gc            ] GC(121) Pause Young (Normal) (G1 Evacuation Pause) 759M->149M(1024M) 3.118ms
[2024-09-13T21:41:56.439+0000][gc,cpu        ] GC(121) User=0.01s Sys=0.00s Real=0.01s
[2024-09-13T23:49:40.919+0000][gc,start      ] GC(122) Pause Young (Normal) (G1 Evacuation Pause)
[2024-09-13T23:49:40.919+0000][gc,task       ] GC(122) Using 4 workers of 4 for evacuation
[2024-09-13T23:49:40.922+0000][gc,phases     ] GC(122)   Pre Evacuate Collection Set: 0.0ms
[2024-09-13T23:49:40.922+0000][gc,phases     ] GC(122)   Evacuate Collection Set: 2.2ms
[2024-09-13T23:49:40.922+0000][gc,phases     ] GC(122)   Post Evacuate Collection Set: 0.5ms
[2024-09-13T23:49:40.922+0000][gc,phases     ] GC(122)   Other: 0.2ms
[2024-09-13T23:49:40.922+0000][gc,heap       ] GC(122) Eden regions: 610->0(611)
[2024-09-13T23:49:40.922+0000][gc,heap       ] GC(122) Survivor regions: 4->3(77)
[2024-09-13T23:49:40.922+0000][gc,heap       ] GC(122) Old regions: 19->19
[2024-09-13T23:49:40.922+0000][gc,heap       ] GC(122) Humongous regions: 178->129
[2024-09-13T23:49:40.922+0000][gc,metaspace  ] GC(122) Metaspace: 44840K(48000K)->44840K(48000K) NonClass: 39189K(40960K)->39189K(40960K) Class: 5651K(7040K)->5651K(7040K)
[2024-09-13T23:49:40.922+0000][gc            ] GC(122) Pause Young (Normal) (G1 Evacuation Pause) 808M->148M(1024M) 3.008ms
[2024-09-13T23:49:40.922+0000][gc,cpu        ] GC(122) User=0.01s Sys=0.00s Real=0.00s
[2024-09-14T01:57:38.226+0000][gc,start      ] GC(123) Pause Young (Normal) (G1 Evacuation Pause)
[2024-09-14T01:57:38.226+0000][gc,task       ] GC(123) Using 4 workers of 4 for evacuation
[2024-09-14T01:57:38.230+0000][gc,phases     ] GC(123)   Pre Evacuate Collection Set: 0.0ms
[2024-09-14T01:57:38.230+0000][gc,phases     ] GC(123)   Evacuate Collection Set: 3.8ms
[2024-09-14T01:57:38.230+0000][gc,phases     ] GC(123)   Post Evacuate Collection Set: 0.3ms
[2024-09-14T01:57:38.230+0000][gc,phases     ] GC(123)   Other: 0.2ms
[2024-09-14T01:57:38.230+0000][gc,heap       ] GC(123) Eden regions: 611->0(611)
[2024-09-14T01:57:38.230+0000][gc,heap       ] GC(123) Survivor regions: 3->3(77)
[2024-09-14T01:57:38.230+0000][gc,heap       ] GC(123) Old regions: 19->19
[2024-09-14T01:57:38.230+0000][gc,heap       ] GC(123) Humongous regions: 129->129
[2024-09-14T01:57:38.230+0000][gc,metaspace  ] GC(123) Metaspace: 44840K(48000K)->44840K(48000K) NonClass: 39189K(40960K)->39189K(40960K) Class: 5651K(7040K)->5651K(7040K)
[2024-09-14T01:57:38.230+0000][gc            ] GC(123) Pause Young (Normal) (G1 Evacuation Pause) 759M->149M(1024M) 4.369ms
[2024-09-14T01:57:38.230+0000][gc,cpu        ] GC(123) User=0.01s Sys=0.00s Real=0.01s
[2024-09-14T04:05:27.571+0000][gc,start      ] GC(124) Pause Young (Normal) (G1 Evacuation Pause)
[2024-09-14T04:05:27.571+0000][gc,task       ] GC(124) Using 4 workers of 4 for evacuation
[2024-09-14T04:05:27.573+0000][gc,phases     ] GC(124)   Pre Evacuate Collection Set: 0.0ms
[2024-09-14T04:05:27.573+0000][gc,phases     ] GC(124)   Evacuate Collection Set: 2.1ms
[2024-09-14T04:05:27.573+0000][gc,phases     ] GC(124)   Post Evacuate Collection Set: 0.4ms
[2024-09-14T04:05:27.573+0000][gc,phases     ] GC(124)   Other: 0.2ms
[2024-09-14T04:05:27.573+0000][gc,heap       ] GC(124) Eden regions: 611->0(611)
[2024-09-14T04:05:27.573+0000][gc,heap       ] GC(124) Survivor regions: 3->3(77)
[2024-09-14T04:05:27.573+0000][gc,heap       ] GC(124) Old regions: 19->19
[2024-09-14T04:05:27.573+0000][gc,heap       ] GC(124) Humongous regions: 129->129
[2024-09-14T04:05:27.573+0000][gc,metaspace  ] GC(124) Metaspace: 44840K(48000K)->44840K(48000K) NonClass: 39189K(40960K)->39189K(40960K) Class: 5651K(7040K)->5651K(7040K)
[2024-09-14T04:05:27.573+0000][gc            ] GC(124) Pause Young (Normal) (G1 Evacuation Pause) 760M->148M(1024M) 2.675ms
[2024-09-14T04:05:27.573+0000][gc,cpu        ] GC(124) User=0.01s Sys=0.00s Real=0.00s
[2024-09-14T06:13:12.795+0000][gc,start      ] GC(125) Pause Young (Normal) (G1 Evacuation Pause)
[2024-09-14T06:13:12.795+0000][gc,task       ] GC(125) Using 4 workers of 4 for evacuation
[2024-09-14T06:13:12.798+0000][gc,phases     ] GC(125)   Pre Evacuate Collection Set: 0.0ms
[2024-09-14T06:13:12.798+0000][gc,phases     ] GC(125)   Evacuate Collection Set: 2.7ms
[2024-09-14T06:13:12.798+0000][gc,phases     ] GC(125)   Post Evacuate Collection Set: 0.4ms
[2024-09-14T06:13:12.798+0000][gc,phases     ] GC(125)   Other: 0.2ms
[2024-09-14T06:13:12.798+0000][gc,heap       ] GC(125) Eden regions: 611->0(611)
[2024-09-14T06:13:12.798+0000][gc,heap       ] GC(125) Survivor regions: 3->3(77)
[2024-09-14T06:13:12.798+0000][gc,heap       ] GC(125) Old regions: 19->19
[2024-09-14T06:13:12.798+0000][gc,heap       ] GC(125) Humongous regions: 143->129
[2024-09-14T06:13:12.798+0000][gc,metaspace  ] GC(125) Metaspace: 44840K(48000K)->44840K(48000K) NonClass: 39189K(40960K)->39189K(40960K) Class: 5651K(7040K)->5651K(7040K)
[2024-09-14T06:13:12.798+0000][gc            ] GC(125) Pause Young (Normal) (G1 Evacuation Pause) 773M->149M(1024M) 3.402ms
[2024-09-14T06:13:12.798+0000][gc,cpu        ] GC(125) User=0.01s Sys=0.00s Real=0.01s
[2024-09-14T08:21:04.011+0000][gc,start      ] GC(126) Pause Young (Normal) (G1 Evacuation Pause)
[2024-09-14T08:21:04.011+0000][gc,task       ] GC(126) Using 4 workers of 4 for evacuation
[2024-09-14T08:21:04.015+0000][gc,phases     ] GC(126)   Pre Evacuate Collection Set: 0.0ms
[2024-09-14T08:21:04.015+0000][gc,phases     ] GC(126)   Evacuate Collection Set: 3.4ms
[2024-09-14T08:21:04.015+0000][gc,phases     ] GC(126)   Post Evacuate Collection Set: 0.5ms
[2024-09-14T08:21:04.015+0000][gc,phases     ] GC(126)   Other: 0.2ms
[2024-09-14T08:21:04.015+0000][gc,heap       ] GC(126) Eden regions: 611->0(611)
[2024-09-14T08:21:04.015+0000][gc,heap       ] GC(126) Survivor regions: 3->3(77)
[2024-09-14T08:21:04.015+0000][gc,heap       ] GC(126) Old regions: 19->19
[2024-09-14T08:21:04.015+0000][gc,heap       ] GC(126) Humongous regions: 129->129
[2024-09-14T08:21:04.015+0000][gc,metaspace  ] GC(126) Metaspace: 44840K(48000K)->44840K(48000K) NonClass: 39189K(40960K)->39189K(40960K) Class: 5651K(7040K)->5651K(7040K)
[2024-09-14T08:21:04.015+0000][gc            ] GC(126) Pause Young (Normal) (G1 Evacuation Pause) 760M->148M(1024M) 4.100ms
[2024-09-14T08:21:04.015+0000][gc,cpu        ] GC(126) User=0.01s Sys=0.00s Real=0.00s
[2024-09-14T10:28:24.011+0000][gc,start      ] GC(127) Pause Young (Normal) (G1 Evacuation Pause)
[2024-09-14T10:28:24.011+0000][gc,task       ] GC(127) Using 4 workers of 4 for evacuation
[2024-09-14T10:28:24.013+0000][gc,phases     ] GC(127)   Pre Evacuate Collection Set: 0.0ms
[2024-09-14T10:28:24.013+0000][gc,phases     ] GC(127)   Evacuate Collection Set: 2.0ms
[2024-09-14T10:28:24.013+0000][gc,phases     ] GC(127)   Post Evacuate Collection Set: 0.3ms
[2024-09-14T10:28:24.013+0000][gc,phases     ] GC(127)   Other: 0.2ms
[2024-09-14T10:28:24.013+0000][gc,heap       ] GC(127) Eden regions: 611->0(611)
[2024-09-14T10:28:24.013+0000][gc,heap       ] GC(127) Survivor regions: 3->3(77)
[2024-09-14T10:28:24.013+0000][gc,heap       ] GC(127) Old regions: 19->19
[2024-09-14T10:28:24.013+0000][gc,heap       ] GC(127) Humongous regions: 129->129
[2024-09-14T10:28:24.013+0000][gc,metaspace  ] GC(127) Metaspace: 44840K(48000K)->44840K(48000K) NonClass: 39189K(40960K)->39189K(40960K) Class: 5651K(7040K)->5651K(7040K)
[2024-09-14T10:28:24.013+0000][gc            ] GC(127) Pause Young (Normal) (G1 Evacuation Pause) 759M->148M(1024M) 2.550ms
[2024-09-14T10:28:24.013+0000][gc,cpu        ] GC(127) User=0.01s Sys=0.01s Real=0.00s
[2024-09-14T12:36:20.551+0000][gc,start      ] GC(128) Pause Young (Normal) (G1 Evacuation Pause)
[2024-09-14T12:36:20.551+0000][gc,task       ] GC(128) Using 4 workers of 4 for evacuation
[2024-09-14T12:36:20.554+0000][gc,phases     ] GC(128)   Pre Evacuate Collection Set: 0.0ms
[2024-09-14T12:36:20.554+0000][gc,phases     ] GC(128)   Evacuate Collection Set: 2.5ms
[2024-09-14T12:36:20.554+0000][gc,phases     ] GC(128)   Post Evacuate Collection Set: 0.4ms
[2024-09-14T12:36:20.554+0000][gc,phases     ] GC(128)   Other: 0.2ms
[2024-09-14T12:36:20.554+0000][gc,heap       ] GC(128) Eden regions: 611->0(610)
[2024-09-14T12:36:20.554+0000][gc,heap       ] GC(128) Survivor regions: 3->4(77)
[2024-09-14T12:36:20.554+0000][gc,heap       ] GC(128) Old regions: 19->19
[2024-09-14T12:36:20.554+0000][gc,heap       ] GC(128) Humongous regions: 129->129
[2024-09-14T12:36:20.554+0000][gc,metaspace  ] GC(128) Metaspace: 44840K(48000K)->44840K(48000K) NonClass: 39189K(40960K)->39189K(40960K) Class: 5651K(7040K)->5651K(7040K)
[2024-09-14T12:36:20.554+0000][gc            ] GC(128) Pause Young (Normal) (G1 Evacuation Pause) 759M->149M(1024M) 3.134ms
[2024-09-14T12:36:20.554+0000][gc,cpu        ] GC(128) User=0.01s Sys=0.00s Real=0.00s
[2024-09-14T14:43:54.011+0000][gc,start      ] GC(129) Pause Young (Normal) (G1 Evacuation Pause)
[2024-09-14T14:43:54.011+0000][gc,task       ] GC(129) Using 4 workers of 4 for evacuation
[2024-09-14T14:43:54.014+0000][gc,phases     ] GC(129)   Pre Evacuate Collection Set: 0.0ms
[2024-09-14T14:43:54.014+0000][gc,phases     ] GC(129)   Evacuate Collection Set: 3.0ms
[2024-09-14T14:43:54.014+0000][gc,phases     ] GC(129)   Post Evacuate Collection Set: 0.4ms
[2024-09-14T14:43:54.014+0000][gc,phases     ] GC(129)   Other: 0.2ms
[2024-09-14T14:43:54.014+0000][gc,heap       ] GC(129) Eden regions: 610->0(611)
[2024-09-14T14:43:54.014+0000][gc,heap       ] GC(129) Survivor regions: 4->3(77)
[2024-09-14T14:43:54.014+0000][gc,heap       ] GC(129) Old regions: 19->19
[2024-09-14T14:43:54.014+0000][gc,heap       ] GC(129) Humongous regions: 129->129
[2024-09-14T14:43:54.014+0000][gc,metaspace  ] GC(129) Metaspace: 44842K(48000K)->44842K(48000K) NonClass: 39191K(40960K)->39191K(40960K) Class: 5651K(7040K)->5651K(7040K)
[2024-09-14T14:43:54.014+0000][gc            ] GC(129) Pause Young (Normal) (G1 Evacuation Pause) 759M->148M(1024M) 3.698ms
[2024-09-14T14:43:54.015+0000][gc,cpu        ] GC(129) User=0.02s Sys=0.00s Real=0.00s
[2024-09-14T16:51:59.011+0000][gc,start      ] GC(130) Pause Young (Normal) (G1 Evacuation Pause)
[2024-09-14T16:51:59.011+0000][gc,task       ] GC(130) Using 4 workers of 4 for evacuation
[2024-09-14T16:51:59.014+0000][gc,phases     ] GC(130)   Pre Evacuate Collection Set: 0.0ms
[2024-09-14T16:51:59.014+0000][gc,phases     ] GC(130)   Evacuate Collection Set: 2.6ms
[2024-09-14T16:51:59.014+0000][gc,phases     ] GC(130)   Post Evacuate Collection Set: 0.4ms
[2024-09-14T16:51:59.014+0000][gc,phases     ] GC(130)   Other: 0.2ms
[2024-09-14T16:51:59.014+0000][gc,heap       ] GC(130) Eden regions: 611->0(610)
[2024-09-14T16:51:59.014+0000][gc,heap       ] GC(130) Survivor regions: 3->4(77)
[2024-09-14T16:51:59.014+0000][gc,heap       ] GC(130) Old regions: 19->19
[2024-09-14T16:51:59.014+0000][gc,heap       ] GC(130) Humongous regions: 129->129
[2024-09-14T16:51:59.014+0000][gc,metaspace  ] GC(130) Metaspace: 44842K(48000K)->44842K(48000K) NonClass: 39191K(40960K)->39191K(40960K) Class: 5651K(7040K)->5651K(7040K)
[2024-09-14T16:51:59.014+0000][gc            ] GC(130) Pause Young (Normal) (G1 Evacuation Pause) 759M->149M(1024M) 3.256ms
[2024-09-14T16:51:59.014+0000][gc,cpu        ] GC(130) User=0.01s Sys=0.00s Real=0.00s
[2024-09-14T18:59:34.059+0000][gc,start      ] GC(131) Pause Young (Normal) (G1 Evacuation Pause)
[2024-09-14T18:59:34.059+0000][gc,task       ] GC(131) Using 4 workers of 4 for evacuation
[2024-09-14T18:59:34.063+0000][gc,phases     ] GC(131)   Pre Evacuate Collection Set: 0.0ms
[2024-09-14T18:59:34.063+0000][gc,phases     ] GC(131)   Evacuate Collection Set: 2.7ms
[2024-09-14T18:59:34.063+0000][gc,phases     ] GC(131)   Post Evacuate Collection Set: 0.4ms
[2024-09-14T18:59:34.063+0000][gc,phases     ] GC(131)   Other: 0.2ms
[2024-09-14T18:59:34.063+0000][gc,heap       ] GC(131) Eden regions: 610->0(611)
[2024-09-14T18:59:34.063+0000][gc,heap       ] GC(131) Survivor regions: 4->3(77)
[2024-09-14T18:59:34.063+0000][gc,heap       ] GC(131) Old regions: 19->19
[2024-09-14T18:59:34.063+0000][gc,heap       ] GC(131) Humongous regions: 178->129
[2024-09-14T18:59:34.063+0000][gc,metaspace  ] GC(131) Metaspace: 44842K(48000K)->44842K(48000K) NonClass: 39191K(40960K)->39191K(40960K) Class: 5651K(7040K)->5651K(7040K)
[2024-09-14T18:59:34.063+0000][gc            ] GC(131) Pause Young (Normal) (G1 Evacuation Pause) 808M->148M(1024M) 3.393ms
[2024-09-14T18:59:34.063+0000][gc,cpu        ] GC(131) User=0.01s Sys=0.00s Real=0.00s
[2024-09-14T21:07:26.044+0000][gc,start      ] GC(132) Pause Young (Normal) (G1 Evacuation Pause)
[2024-09-14T21:07:26.044+0000][gc,task       ] GC(132) Using 4 workers of 4 for evacuation
[2024-09-14T21:07:26.048+0000][gc,phases     ] GC(132)   Pre Evacuate Collection Set: 0.0ms
[2024-09-14T21:07:26.048+0000][gc,phases     ] GC(132)   Evacuate Collection Set: 3.7ms
[2024-09-14T21:07:26.048+0000][gc,phases     ] GC(132)   Post Evacuate Collection Set: 0.5ms
[2024-09-14T21:07:26.048+0000][gc,phases     ] GC(132)   Other: 0.2ms
[2024-09-14T21:07:26.048+0000][gc,heap       ] GC(132) Eden regions: 611->0(611)
[2024-09-14T21:07:26.048+0000][gc,heap       ] GC(132) Survivor regions: 3->3(77)
[2024-09-14T21:07:26.048+0000][gc,heap       ] GC(132) Old regions: 19->19
[2024-09-14T21:07:26.048+0000][gc,heap       ] GC(132) Humongous regions: 129->129
[2024-09-14T21:07:26.048+0000][gc,metaspace  ] GC(132) Metaspace: 44842K(48000K)->44842K(48000K) NonClass: 39191K(40960K)->39191K(40960K) Class: 5651K(7040K)->5651K(7040K)
[2024-09-14T21:07:26.049+0000][gc            ] GC(132) Pause Young (Normal) (G1 Evacuation Pause) 759M->149M(1024M) 4.390ms
[2024-09-14T21:07:26.049+0000][gc,cpu        ] GC(132) User=0.01s Sys=0.00s Real=0.00s
[2024-09-14T23:15:13.562+0000][gc,start      ] GC(133) Pause Young (Normal) (G1 Evacuation Pause)
[2024-09-14T23:15:13.562+0000][gc,task       ] GC(133) Using 4 workers of 4 for evacuation
[2024-09-14T23:15:13.565+0000][gc,phases     ] GC(133)   Pre Evacuate Collection Set: 0.0ms
[2024-09-14T23:15:13.565+0000][gc,phases     ] GC(133)   Evacuate Collection Set: 2.3ms
[2024-09-14T23:15:13.565+0000][gc,phases     ] GC(133)   Post Evacuate Collection Set: 0.4ms
[2024-09-14T23:15:13.565+0000][gc,phases     ] GC(133)   Other: 0.2ms
[2024-09-14T23:15:13.565+0000][gc,heap       ] GC(133) Eden regions: 611->0(611)
[2024-09-14T23:15:13.565+0000][gc,heap       ] GC(133) Survivor regions: 3->3(77)
[2024-09-14T23:15:13.565+0000][gc,heap       ] GC(133) Old regions: 19->19
[2024-09-14T23:15:13.565+0000][gc,heap       ] GC(133) Humongous regions: 129->129
[2024-09-14T23:15:13.565+0000][gc,metaspace  ] GC(133) Metaspace: 44842K(48000K)->44842K(48000K) NonClass: 39191K(40960K)->39191K(40960K) Class: 5651K(7040K)->5651K(7040K)
[2024-09-14T23:15:13.565+0000][gc            ] GC(133) Pause Young (Normal) (G1 Evacuation Pause) 760M->148M(1024M) 2.922ms
[2024-09-14T23:15:13.565+0000][gc,cpu        ] GC(133) User=0.00s Sys=0.00s Real=0.00s
[2024-09-15T01:23:07.802+0000][gc,start      ] GC(134) Pause Young (Normal) (G1 Evacuation Pause)
[2024-09-15T01:23:07.802+0000][gc,task       ] GC(134) Using 4 workers of 4 for evacuation
[2024-09-15T01:23:07.805+0000][gc,phases     ] GC(134)   Pre Evacuate Collection Set: 0.0ms
[2024-09-15T01:23:07.805+0000][gc,phases     ] GC(134)   Evacuate Collection Set: 2.7ms
[2024-09-15T01:23:07.805+0000][gc,phases     ] GC(134)   Post Evacuate Collection Set: 0.4ms
[2024-09-15T01:23:07.805+0000][gc,phases     ] GC(134)   Other: 0.2ms
[2024-09-15T01:23:07.805+0000][gc,heap       ] GC(134) Eden regions: 611->0(611)
[2024-09-15T01:23:07.805+0000][gc,heap       ] GC(134) Survivor regions: 3->3(77)
[2024-09-15T01:23:07.805+0000][gc,heap       ] GC(134) Old regions: 19->19
[2024-09-15T01:23:07.805+0000][gc,heap       ] GC(134) Humongous regions: 129->129
[2024-09-15T01:23:07.805+0000][gc,metaspace  ] GC(134) Metaspace: 44843K(48000K)->44843K(48000K) NonClass: 39192K(40960K)->39192K(40960K) Class: 5651K(7040K)->5651K(7040K)
[2024-09-15T01:23:07.806+0000][gc            ] GC(134) Pause Young (Normal) (G1 Evacuation Pause) 759M->149M(1024M) 3.355ms
[2024-09-15T01:23:07.806+0000][gc,cpu        ] GC(134) User=0.01s Sys=0.00s Real=0.00s
[2024-09-15T03:30:29.438+0000][gc,start      ] GC(135) Pause Young (Normal) (G1 Evacuation Pause)
[2024-09-15T03:30:29.438+0000][gc,task       ] GC(135) Using 4 workers of 4 for evacuation
[2024-09-15T03:30:29.442+0000][gc,phases     ] GC(135)   Pre Evacuate Collection Set: 0.0ms
[2024-09-15T03:30:29.442+0000][gc,phases     ] GC(135)   Evacuate Collection Set: 3.5ms
[2024-09-15T03:30:29.442+0000][gc,phases     ] GC(135)   Post Evacuate Collection Set: 0.4ms
[2024-09-15T03:30:29.442+0000][gc,phases     ] GC(135)   Other: 0.2ms
[2024-09-15T03:30:29.442+0000][gc,heap       ] GC(135) Eden regions: 611->0(610)
[2024-09-15T03:30:29.442+0000][gc,heap       ] GC(135) Survivor regions: 3->4(77)
[2024-09-15T03:30:29.442+0000][gc,heap       ] GC(135) Old regions: 19->19
[2024-09-15T03:30:29.442+0000][gc,heap       ] GC(135) Humongous regions: 129->129
[2024-09-15T03:30:29.442+0000][gc,metaspace  ] GC(135) Metaspace: 44843K(48000K)->44843K(48000K) NonClass: 39192K(40960K)->39192K(40960K) Class: 5651K(7040K)->5651K(7040K)
[2024-09-15T03:30:29.442+0000][gc            ] GC(135) Pause Young (Normal) (G1 Evacuation Pause) 760M->149M(1024M) 4.177ms
[2024-09-15T03:30:29.442+0000][gc,cpu        ] GC(135) User=0.02s Sys=0.00s Real=0.00s
[2024-09-15T05:38:05.636+0000][gc,start      ] GC(136) Pause Young (Normal) (G1 Evacuation Pause)
[2024-09-15T05:38:05.637+0000][gc,task       ] GC(136) Using 4 workers of 4 for evacuation
[2024-09-15T05:38:05.640+0000][gc,phases     ] GC(136)   Pre Evacuate Collection Set: 0.0ms
[2024-09-15T05:38:05.640+0000][gc,phases     ] GC(136)   Evacuate Collection Set: 2.8ms
[2024-09-15T05:38:05.640+0000][gc,phases     ] GC(136)   Post Evacuate Collection Set: 0.3ms
[2024-09-15T05:38:05.640+0000][gc,phases     ] GC(136)   Other: 0.2ms
[2024-09-15T05:38:05.640+0000][gc,heap       ] GC(136) Eden regions: 610->0(611)
[2024-09-15T05:38:05.640+0000][gc,heap       ] GC(136) Survivor regions: 4->3(77)
[2024-09-15T05:38:05.640+0000][gc,heap       ] GC(136) Old regions: 19->19
[2024-09-15T05:38:05.640+0000][gc,heap       ] GC(136) Humongous regions: 129->129
[2024-09-15T05:38:05.640+0000][gc,metaspace  ] GC(136) Metaspace: 44843K(48000K)->44843K(48000K) NonClass: 39192K(40960K)->39192K(40960K) Class: 5651K(7040K)->5651K(7040K)
[2024-09-15T05:38:05.640+0000][gc            ] GC(136) Pause Young (Normal) (G1 Evacuation Pause) 759M->148M(1024M) 3.358ms
[2024-09-15T05:38:05.640+0000][gc,cpu        ] GC(136) User=0.01s Sys=0.00s Real=0.01s
[2024-09-15T07:45:49.011+0000][gc,start      ] GC(137) Pause Young (Normal) (G1 Evacuation Pause)
[2024-09-15T07:45:49.011+0000][gc,task       ] GC(137) Using 4 workers of 4 for evacuation
[2024-09-15T07:45:49.014+0000][gc,phases     ] GC(137)   Pre Evacuate Collection Set: 0.0ms
[2024-09-15T07:45:49.014+0000][gc,phases     ] GC(137)   Evacuate Collection Set: 2.8ms
[2024-09-15T07:45:49.014+0000][gc,phases     ] GC(137)   Post Evacuate Collection Set: 0.4ms
[2024-09-15T07:45:49.014+0000][gc,phases     ] GC(137)   Other: 0.2ms
[2024-09-15T07:45:49.014+0000][gc,heap       ] GC(137) Eden regions: 611->0(611)
[2024-09-15T07:45:49.014+0000][gc,heap       ] GC(137) Survivor regions: 3->3(77)
[2024-09-15T07:45:49.014+0000][gc,heap       ] GC(137) Old regions: 19->19
[2024-09-15T07:45:49.014+0000][gc,heap       ] GC(137) Humongous regions: 129->129
[2024-09-15T07:45:49.014+0000][gc,metaspace  ] GC(137) Metaspace: 44843K(48000K)->44843K(48000K) NonClass: 39192K(40960K)->39192K(40960K) Class: 5651K(7040K)->5651K(7040K)
[2024-09-15T07:45:49.014+0000][gc            ] GC(137) Pause Young (Normal) (G1 Evacuation Pause) 759M->149M(1024M) 3.451ms
[2024-09-15T07:45:49.014+0000][gc,cpu        ] GC(137) User=0.02s Sys=0.00s Real=0.00s
[2024-09-15T09:53:32.865+0000][gc,start      ] GC(138) Pause Young (Normal) (G1 Evacuation Pause)
[2024-09-15T09:53:32.865+0000][gc,task       ] GC(138) Using 4 workers of 4 for evacuation
[2024-09-15T09:53:32.869+0000][gc,phases     ] GC(138)   Pre Evacuate Collection Set: 0.0ms
[2024-09-15T09:53:32.869+0000][gc,phases     ] GC(138)   Evacuate Collection Set: 3.3ms
[2024-09-15T09:53:32.869+0000][gc,phases     ] GC(138)   Post Evacuate Collection Set: 0.5ms
[2024-09-15T09:53:32.869+0000][gc,phases     ] GC(138)   Other: 0.2ms
[2024-09-15T09:53:32.869+0000][gc,heap       ] GC(138) Eden regions: 611->0(611)
[2024-09-15T09:53:32.869+0000][gc,heap       ] GC(138) Survivor regions: 3->3(77)
[2024-09-15T09:53:32.869+0000][gc,heap       ] GC(138) Old regions: 19->19
[2024-09-15T09:53:32.869+0000][gc,heap       ] GC(138) Humongous regions: 129->129
[2024-09-15T09:53:32.869+0000][gc,metaspace  ] GC(138) Metaspace: 44843K(48000K)->44843K(48000K) NonClass: 39192K(40960K)->39192K(40960K) Class: 5651K(7040K)->5651K(7040K)
[2024-09-15T09:53:32.869+0000][gc            ] GC(138) Pause Young (Normal) (G1 Evacuation Pause) 760M->148M(1024M) 4.062ms
[2024-09-15T09:53:32.869+0000][gc,cpu        ] GC(138) User=0.00s Sys=0.01s Real=0.01s
[2024-09-15T12:01:28.540+0000][gc,start      ] GC(139) Pause Young (Normal) (G1 Evacuation Pause)
[2024-09-15T12:01:28.540+0000][gc,task       ] GC(139) Using 4 workers of 4 for evacuation
[2024-09-15T12:01:28.543+0000][gc,phases     ] GC(139)   Pre Evacuate Collection Set: 0.0ms
[2024-09-15T12:01:28.543+0000][gc,phases     ] GC(139)   Evacuate Collection Set: 2.5ms
[2024-09-15T12:01:28.543+0000][gc,phases     ] GC(139)   Post Evacuate Collection Set: 0.4ms
[2024-09-15T12:01:28.543+0000][gc,phases     ] GC(139)   Other: 0.2ms
[2024-09-15T12:01:28.543+0000][gc,heap       ] GC(139) Eden regions: 611->0(611)
[2024-09-15T12:01:28.543+0000][gc,heap       ] GC(139) Survivor regions: 3->3(77)
[2024-09-15T12:01:28.543+0000][gc,heap       ] GC(139) Old regions: 19->19
[2024-09-15T12:01:28.543+0000][gc,heap       ] GC(139) Humongous regions: 178->129
[2024-09-15T12:01:28.543+0000][gc,metaspace  ] GC(139) Metaspace: 44843K(48000K)->44843K(48000K) NonClass: 39192K(40960K)->39192K(40960K) Class: 5651K(7040K)->5651K(7040K)
[2024-09-15T12:01:28.543+0000][gc            ] GC(139) Pause Young (Normal) (G1 Evacuation Pause) 808M->149M(1024M) 3.171ms
[2024-09-15T12:01:28.543+0000][gc,cpu        ] GC(139) User=0.01s Sys=0.00s Real=0.00s
[2024-09-15T14:09:37.861+0000][gc,start      ] GC(140) Pause Young (Normal) (G1 Evacuation Pause)
[2024-09-15T14:09:37.861+0000][gc,task       ] GC(140) Using 4 workers of 4 for evacuation
[2024-09-15T14:09:37.864+0000][gc,phases     ] GC(140)   Pre Evacuate Collection Set: 0.0ms
[2024-09-15T14:09:37.864+0000][gc,phases     ] GC(140)   Evacuate Collection Set: 2.1ms
[2024-09-15T14:09:37.864+0000][gc,phases     ] GC(140)   Post Evacuate Collection Set: 0.3ms
[2024-09-15T14:09:37.864+0000][gc,phases     ] GC(140)   Other: 0.1ms
[2024-09-15T14:09:37.864+0000][gc,heap       ] GC(140) Eden regions: 611->0(611)
[2024-09-15T14:09:37.864+0000][gc,heap       ] GC(140) Survivor regions: 3->3(77)
[2024-09-15T14:09:37.864+0000][gc,heap       ] GC(140) Old regions: 19->19
[2024-09-15T14:09:37.864+0000][gc,heap       ] GC(140) Humongous regions: 129->129
[2024-09-15T14:09:37.864+0000][gc,metaspace  ] GC(140) Metaspace: 44843K(48000K)->44843K(48000K) NonClass: 39192K(40960K)->39192K(40960K) Class: 5651K(7040K)->5651K(7040K)
[2024-09-15T14:09:37.864+0000][gc            ] GC(140) Pause Young (Normal) (G1 Evacuation Pause) 760M->148M(1024M) 2.646ms
[2024-09-15T14:09:37.864+0000][gc,cpu        ] GC(140) User=0.01s Sys=0.00s Real=0.00s
[2024-09-15T16:17:29.011+0000][gc,start      ] GC(141) Pause Young (Normal) (G1 Evacuation Pause)
[2024-09-15T16:17:29.011+0000][gc,task       ] GC(141) Using 4 workers of 4 for evacuation
[2024-09-15T16:17:29.014+0000][gc,phases     ] GC(141)   Pre Evacuate Collection Set: 0.0ms
[2024-09-15T16:17:29.014+0000][gc,phases     ] GC(141)   Evacuate Collection Set: 3.0ms
[2024-09-15T16:17:29.014+0000][gc,phases     ] GC(141)   Post Evacuate Collection Set: 0.4ms
[2024-09-15T16:17:29.014+0000][gc,phases     ] GC(141)   Other: 0.2ms
[2024-09-15T16:17:29.014+0000][gc,heap       ] GC(141) Eden regions: 611->0(611)
[2024-09-15T16:17:29.014+0000][gc,heap       ] GC(141) Survivor regions: 3->3(77)
[2024-09-15T16:17:29.014+0000][gc,heap       ] GC(141) Old regions: 19->19
[2024-09-15T16:17:29.014+0000][gc,heap       ] GC(141) Humongous regions: 129->129
[2024-09-15T16:17:29.014+0000][gc,metaspace  ] GC(141) Metaspace: 44843K(48000K)->44843K(48000K) NonClass: 39192K(40960K)->39192K(40960K) Class: 5651K(7040K)->5651K(7040K)
[2024-09-15T16:17:29.014+0000][gc            ] GC(141) Pause Young (Normal) (G1 Evacuation Pause) 759M->149M(1024M) 3.645ms
[2024-09-15T16:17:29.014+0000][gc,cpu        ] GC(141) User=0.01s Sys=0.00s Real=0.00s
[2024-09-15T18:25:18.178+0000][gc,start      ] GC(142) Pause Young (Normal) (G1 Evacuation Pause)
[2024-09-15T18:25:18.178+0000][gc,task       ] GC(142) Using 4 workers of 4 for evacuation
[2024-09-15T18:25:18.181+0000][gc,phases     ] GC(142)   Pre Evacuate Collection Set: 0.0ms
[2024-09-15T18:25:18.181+0000][gc,phases     ] GC(142)   Evacuate Collection Set: 2.1ms
[2024-09-15T18:25:18.181+0000][gc,phases     ] GC(142)   Post Evacuate Collection Set: 0.4ms
[2024-09-15T18:25:18.181+0000][gc,phases     ] GC(142)   Other: 0.2ms
[2024-09-15T18:25:18.181+0000][gc,heap       ] GC(142) Eden regions: 611->0(611)
[2024-09-15T18:25:18.181+0000][gc,heap       ] GC(142) Survivor regions: 3->3(77)
[2024-09-15T18:25:18.181+0000][gc,heap       ] GC(142) Old regions: 19->19
[2024-09-15T18:25:18.181+0000][gc,heap       ] GC(142) Humongous regions: 129->129
[2024-09-15T18:25:18.181+0000][gc,metaspace  ] GC(142) Metaspace: 44843K(48000K)->44843K(48000K) NonClass: 39192K(40960K)->39192K(40960K) Class: 5651K(7040K)->5651K(7040K)
[2024-09-15T18:25:18.181+0000][gc            ] GC(142) Pause Young (Normal) (G1 Evacuation Pause) 760M->148M(1024M) 2.757ms
[2024-09-15T18:25:18.181+0000][gc,cpu        ] GC(142) User=0.01s Sys=0.00s Real=0.00s
[2024-09-15T20:32:21.225+0000][gc,start      ] GC(143) Pause Young (Normal) (G1 Evacuation Pause)
[2024-09-15T20:32:21.225+0000][gc,task       ] GC(143) Using 4 workers of 4 for evacuation
[2024-09-15T20:32:21.228+0000][gc,phases     ] GC(143)   Pre Evacuate Collection Set: 0.0ms
[2024-09-15T20:32:21.228+0000][gc,phases     ] GC(143)   Evacuate Collection Set: 2.4ms
[2024-09-15T20:32:21.228+0000][gc,phases     ] GC(143)   Post Evacuate Collection Set: 0.4ms
[2024-09-15T20:32:21.228+0000][gc,phases     ] GC(143)   Other: 0.2ms
[2024-09-15T20:32:21.228+0000][gc,heap       ] GC(143) Eden regions: 611->0(611)
[2024-09-15T20:32:21.228+0000][gc,heap       ] GC(143) Survivor regions: 3->3(77)
[2024-09-15T20:32:21.228+0000][gc,heap       ] GC(143) Old regions: 19->19
[2024-09-15T20:32:21.228+0000][gc,heap       ] GC(143) Humongous regions: 129->129
[2024-09-15T20:32:21.228+0000][gc,metaspace  ] GC(143) Metaspace: 44843K(48000K)->44843K(48000K) NonClass: 39192K(40960K)->39192K(40960K) Class: 5651K(7040K)->5651K(7040K)
[2024-09-15T20:32:21.228+0000][gc            ] GC(143) Pause Young (Normal) (G1 Evacuation Pause) 759M->149M(1024M) 3.004ms
[2024-09-15T20:32:21.228+0000][gc,cpu        ] GC(143) User=0.01s Sys=0.01s Real=0.00s
[2024-09-15T22:40:22.573+0000][gc,start      ] GC(144) Pause Young (Normal) (G1 Evacuation Pause)
[2024-09-15T22:40:22.573+0000][gc,task       ] GC(144) Using 4 workers of 4 for evacuation
[2024-09-15T22:40:22.577+0000][gc,phases     ] GC(144)   Pre Evacuate Collection Set: 0.0ms
[2024-09-15T22:40:22.577+0000][gc,phases     ] GC(144)   Evacuate Collection Set: 3.5ms
[2024-09-15T22:40:22.577+0000][gc,phases     ] GC(144)   Post Evacuate Collection Set: 0.5ms
[2024-09-15T22:40:22.577+0000][gc,phases     ] GC(144)   Other: 0.2ms
[2024-09-15T22:40:22.577+0000][gc,heap       ] GC(144) Eden regions: 611->0(610)
[2024-09-15T22:40:22.577+0000][gc,heap       ] GC(144) Survivor regions: 3->4(77)
[2024-09-15T22:40:22.577+0000][gc,heap       ] GC(144) Old regions: 19->19
[2024-09-15T22:40:22.577+0000][gc,heap       ] GC(144) Humongous regions: 129->129
[2024-09-15T22:40:22.577+0000][gc,metaspace  ] GC(144) Metaspace: 44843K(48000K)->44843K(48000K) NonClass: 39192K(40960K)->39192K(40960K) Class: 5651K(7040K)->5651K(7040K)
[2024-09-15T22:40:22.577+0000][gc            ] GC(144) Pause Young (Normal) (G1 Evacuation Pause) 760M->149M(1024M) 4.264ms
[2024-09-15T22:40:22.577+0000][gc,cpu        ] GC(144) User=0.01s Sys=0.00s Real=0.00s
[2024-09-16T00:48:02.137+0000][gc,start      ] GC(145) Pause Young (Normal) (G1 Evacuation Pause)
[2024-09-16T00:48:02.137+0000][gc,task       ] GC(145) Using 4 workers of 4 for evacuation
[2024-09-16T00:48:02.140+0000][gc,phases     ] GC(145)   Pre Evacuate Collection Set: 0.0ms
[2024-09-16T00:48:02.140+0000][gc,phases     ] GC(145)   Evacuate Collection Set: 2.3ms
[2024-09-16T00:48:02.140+0000][gc,phases     ] GC(145)   Post Evacuate Collection Set: 0.4ms
[2024-09-16T00:48:02.140+0000][gc,phases     ] GC(145)   Other: 0.2ms
[2024-09-16T00:48:02.140+0000][gc,heap       ] GC(145) Eden regions: 610->0(611)
[2024-09-16T00:48:02.140+0000][gc,heap       ] GC(145) Survivor regions: 4->3(77)
[2024-09-16T00:48:02.140+0000][gc,heap       ] GC(145) Old regions: 19->19
[2024-09-16T00:48:02.140+0000][gc,heap       ] GC(145) Humongous regions: 129->129
[2024-09-16T00:48:02.140+0000][gc,metaspace  ] GC(145) Metaspace: 44843K(48000K)->44843K(48000K) NonClass: 39192K(40960K)->39192K(40960K) Class: 5651K(7040K)->5651K(7040K)
[2024-09-16T00:48:02.140+0000][gc            ] GC(145) Pause Young (Normal) (G1 Evacuation Pause) 759M->148M(1024M) 2.992ms
[2024-09-16T00:48:02.140+0000][gc,cpu        ] GC(145) User=0.01s Sys=0.00s Real=0.01s
[2024-09-16T02:55:49.204+0000][gc,start      ] GC(146) Pause Young (Normal) (G1 Evacuation Pause)
[2024-09-16T02:55:49.204+0000][gc,task       ] GC(146) Using 4 workers of 4 for evacuation
[2024-09-16T02:55:49.208+0000][gc,phases     ] GC(146)   Pre Evacuate Collection Set: 0.0ms
[2024-09-16T02:55:49.208+0000][gc,phases     ] GC(146)   Evacuate Collection Set: 3.3ms
[2024-09-16T02:55:49.208+0000][gc,phases     ] GC(146)   Post Evacuate Collection Set: 0.4ms
[2024-09-16T02:55:49.208+0000][gc,phases     ] GC(146)   Other: 0.2ms
[2024-09-16T02:55:49.208+0000][gc,heap       ] GC(146) Eden regions: 611->0(610)
[2024-09-16T02:55:49.208+0000][gc,heap       ] GC(146) Survivor regions: 3->4(77)
[2024-09-16T02:55:49.208+0000][gc,heap       ] GC(146) Old regions: 19->19
[2024-09-16T02:55:49.208+0000][gc,heap       ] GC(146) Humongous regions: 129->129
[2024-09-16T02:55:49.208+0000][gc,metaspace  ] GC(146) Metaspace: 44843K(48000K)->44843K(48000K) NonClass: 39192K(40960K)->39192K(40960K) Class: 5651K(7040K)->5651K(7040K)
[2024-09-16T02:55:49.208+0000][gc            ] GC(146) Pause Young (Normal) (G1 Evacuation Pause) 759M->149M(1024M) 4.029ms
[2024-09-16T02:55:49.208+0000][gc,cpu        ] GC(146) User=0.01s Sys=0.00s Real=0.00s
[2024-09-16T05:03:09.011+0000][gc,start      ] GC(147) Pause Young (Normal) (G1 Evacuation Pause)
[2024-09-16T05:03:09.011+0000][gc,task       ] GC(147) Using 4 workers of 4 for evacuation
[2024-09-16T05:03:09.014+0000][gc,phases     ] GC(147)   Pre Evacuate Collection Set: 0.0ms
[2024-09-16T05:03:09.014+0000][gc,phases     ] GC(147)   Evacuate Collection Set: 2.4ms
[2024-09-16T05:03:09.014+0000][gc,phases     ] GC(147)   Post Evacuate Collection Set: 0.4ms
[2024-09-16T05:03:09.014+0000][gc,phases     ] GC(147)   Other: 0.2ms
[2024-09-16T05:03:09.014+0000][gc,heap       ] GC(147) Eden regions: 610->0(611)
[2024-09-16T05:03:09.014+0000][gc,heap       ] GC(147) Survivor regions: 4->3(77)
[2024-09-16T05:03:09.014+0000][gc,heap       ] GC(147) Old regions: 19->19
[2024-09-16T05:03:09.014+0000][gc,heap       ] GC(147) Humongous regions: 129->129
[2024-09-16T05:03:09.014+0000][gc,metaspace  ] GC(147) Metaspace: 44843K(48000K)->44843K(48000K) NonClass: 39192K(40960K)->39192K(40960K) Class: 5651K(7040K)->5651K(7040K)
[2024-09-16T05:03:09.014+0000][gc            ] GC(147) Pause Young (Normal) (G1 Evacuation Pause) 759M->148M(1024M) 3.055ms
[2024-09-16T05:03:09.014+0000][gc,cpu        ] GC(147) User=0.01s Sys=0.00s Real=0.00s
[2024-09-16T07:10:49.011+0000][gc,start      ] GC(148) Pause Young (Normal) (G1 Evacuation Pause)
[2024-09-16T07:10:49.011+0000][gc,task       ] GC(148) Using 4 workers of 4 for evacuation
[2024-09-16T07:10:49.015+0000][gc,phases     ] GC(148)   Pre Evacuate Collection Set: 0.0ms
[2024-09-16T07:10:49.015+0000][gc,phases     ] GC(148)   Evacuate Collection Set: 3.3ms
[2024-09-16T07:10:49.015+0000][gc,phases     ] GC(148)   Post Evacuate Collection Set: 0.3ms
[2024-09-16T07:10:49.015+0000][gc,phases     ] GC(148)   Other: 0.2ms
[2024-09-16T07:10:49.015+0000][gc,heap       ] GC(148) Eden regions: 611->0(610)
[2024-09-16T07:10:49.015+0000][gc,heap       ] GC(148) Survivor regions: 3->4(77)
[2024-09-16T07:10:49.015+0000][gc,heap       ] GC(148) Old regions: 19->19
[2024-09-16T07:10:49.015+0000][gc,heap       ] GC(148) Humongous regions: 178->129
[2024-09-16T07:10:49.015+0000][gc,metaspace  ] GC(148) Metaspace: 44843K(48000K)->44843K(48000K) NonClass: 39192K(40960K)->39192K(40960K) Class: 5651K(7040K)->5651K(7040K)
[2024-09-16T07:10:49.015+0000][gc            ] GC(148) Pause Young (Normal) (G1 Evacuation Pause) 808M->149M(1024M) 3.870ms
[2024-09-16T07:10:49.015+0000][gc,cpu        ] GC(148) User=0.01s Sys=0.00s Real=0.00s
[2024-09-16T09:17:07.805+0000][gc,start      ] GC(149) Pause Young (Normal) (G1 Evacuation Pause)
[2024-09-16T09:17:07.805+0000][gc,task       ] GC(149) Using 4 workers of 4 for evacuation
[2024-09-16T09:17:07.808+0000][gc,phases     ] GC(149)   Pre Evacuate Collection Set: 0.0ms
[2024-09-16T09:17:07.808+0000][gc,phases     ] GC(149)   Evacuate Collection Set: 2.3ms
[2024-09-16T09:17:07.808+0000][gc,phases     ] GC(149)   Post Evacuate Collection Set: 0.5ms
[2024-09-16T09:17:07.808+0000][gc,phases     ] GC(149)   Other: 0.2ms
[2024-09-16T09:17:07.808+0000][gc,heap       ] GC(149) Eden regions: 610->0(611)
[2024-09-16T09:17:07.808+0000][gc,heap       ] GC(149) Survivor regions: 4->3(77)
[2024-09-16T09:17:07.808+0000][gc,heap       ] GC(149) Old regions: 19->19
[2024-09-16T09:17:07.808+0000][gc,heap       ] GC(149) Humongous regions: 129->129
[2024-09-16T09:17:07.808+0000][gc,metaspace  ] GC(149) Metaspace: 44949K(48000K)->44949K(48000K) NonClass: 39272K(40960K)->39272K(40960K) Class: 5676K(7040K)->5676K(7040K)
[2024-09-16T09:17:07.808+0000][gc            ] GC(149) Pause Young (Normal) (G1 Evacuation Pause) 759M->148M(1024M) 3.026ms
[2024-09-16T09:17:07.808+0000][gc,cpu        ] GC(149) User=0.01s Sys=0.00s Real=0.00s
[2024-09-16T11:24:07.805+0000][gc,start      ] GC(150) Pause Young (Normal) (G1 Evacuation Pause)
[2024-09-16T11:24:07.805+0000][gc,task       ] GC(150) Using 4 workers of 4 for evacuation
[2024-09-16T11:24:07.808+0000][gc,phases     ] GC(150)   Pre Evacuate Collection Set: 0.1ms
[2024-09-16T11:24:07.808+0000][gc,phases     ] GC(150)   Evacuate Collection Set: 2.4ms
[2024-09-16T11:24:07.808+0000][gc,phases     ] GC(150)   Post Evacuate Collection Set: 0.4ms
[2024-09-16T11:24:07.808+0000][gc,phases     ] GC(150)   Other: 0.3ms
[2024-09-16T11:24:07.808+0000][gc,heap       ] GC(150) Eden regions: 611->0(611)
[2024-09-16T11:24:07.808+0000][gc,heap       ] GC(150) Survivor regions: 3->3(77)
[2024-09-16T11:24:07.808+0000][gc,heap       ] GC(150) Old regions: 19->19
[2024-09-16T11:24:07.808+0000][gc,heap       ] GC(150) Humongous regions: 129->129
[2024-09-16T11:24:07.808+0000][gc,metaspace  ] GC(150) Metaspace: 44949K(48000K)->44949K(48000K) NonClass: 39272K(40960K)->39272K(40960K) Class: 5676K(7040K)->5676K(7040K)
[2024-09-16T11:24:07.808+0000][gc            ] GC(150) Pause Young (Normal) (G1 Evacuation Pause) 759M->149M(1024M) 3.265ms
[2024-09-16T11:24:07.808+0000][gc,cpu        ] GC(150) User=0.01s Sys=0.00s Real=0.00s
[2024-09-16T13:30:44.944+0000][gc,start      ] GC(151) Pause Young (Normal) (G1 Evacuation Pause)
[2024-09-16T13:30:44.944+0000][gc,task       ] GC(151) Using 4 workers of 4 for evacuation
[2024-09-16T13:30:44.948+0000][gc,phases     ] GC(151)   Pre Evacuate Collection Set: 0.0ms
[2024-09-16T13:30:44.948+0000][gc,phases     ] GC(151)   Evacuate Collection Set: 3.7ms
[2024-09-16T13:30:44.948+0000][gc,phases     ] GC(151)   Post Evacuate Collection Set: 0.4ms
[2024-09-16T13:30:44.948+0000][gc,phases     ] GC(151)   Other: 0.2ms
[2024-09-16T13:30:44.948+0000][gc,heap       ] GC(151) Eden regions: 611->0(610)
[2024-09-16T13:30:44.948+0000][gc,heap       ] GC(151) Survivor regions: 3->4(77)
[2024-09-16T13:30:44.948+0000][gc,heap       ] GC(151) Old regions: 19->19
[2024-09-16T13:30:44.948+0000][gc,heap       ] GC(151) Humongous regions: 129->129
[2024-09-16T13:30:44.948+0000][gc,metaspace  ] GC(151) Metaspace: 44949K(48000K)->44949K(48000K) NonClass: 39272K(40960K)->39272K(40960K) Class: 5676K(7040K)->5676K(7040K)
[2024-09-16T13:30:44.948+0000][gc            ] GC(151) Pause Young (Normal) (G1 Evacuation Pause) 760M->149M(1024M) 4.310ms
[2024-09-16T13:30:44.948+0000][gc,cpu        ] GC(151) User=0.01s Sys=0.00s Real=0.00s
[2024-09-16T15:37:15.640+0000][gc,start      ] GC(152) Pause Young (Normal) (G1 Evacuation Pause)
[2024-09-16T15:37:15.640+0000][gc,task       ] GC(152) Using 4 workers of 4 for evacuation
[2024-09-16T15:37:15.642+0000][gc,phases     ] GC(152)   Pre Evacuate Collection Set: 0.0ms
[2024-09-16T15:37:15.642+0000][gc,phases     ] GC(152)   Evacuate Collection Set: 1.8ms
[2024-09-16T15:37:15.642+0000][gc,phases     ] GC(152)   Post Evacuate Collection Set: 0.4ms
[2024-09-16T15:37:15.642+0000][gc,phases     ] GC(152)   Other: 0.2ms
[2024-09-16T15:37:15.642+0000][gc,heap       ] GC(152) Eden regions: 610->0(611)
[2024-09-16T15:37:15.642+0000][gc,heap       ] GC(152) Survivor regions: 4->3(77)
[2024-09-16T15:37:15.642+0000][gc,heap       ] GC(152) Old regions: 19->19
[2024-09-16T15:37:15.642+0000][gc,heap       ] GC(152) Humongous regions: 291->129
[2024-09-16T15:37:15.642+0000][gc,metaspace  ] GC(152) Metaspace: 44954K(48000K)->44954K(48000K) NonClass: 39278K(40960K)->39278K(40960K) Class: 5676K(7040K)->5676K(7040K)
[2024-09-16T15:37:15.642+0000][gc            ] GC(152) Pause Young (Normal) (G1 Evacuation Pause) 921M->148M(1024M) 2.382ms
[2024-09-16T15:37:15.642+0000][gc,cpu        ] GC(152) User=0.00s Sys=0.00s Real=0.00s
[2024-09-16T17:44:23.076+0000][gc,start      ] GC(153) Pause Young (Normal) (G1 Evacuation Pause)
[2024-09-16T17:44:23.076+0000][gc,task       ] GC(153) Using 4 workers of 4 for evacuation
[2024-09-16T17:44:23.079+0000][gc,phases     ] GC(153)   Pre Evacuate Collection Set: 0.0ms
[2024-09-16T17:44:23.079+0000][gc,phases     ] GC(153)   Evacuate Collection Set: 2.4ms
[2024-09-16T17:44:23.079+0000][gc,phases     ] GC(153)   Post Evacuate Collection Set: 0.5ms
[2024-09-16T17:44:23.079+0000][gc,phases     ] GC(153)   Other: 0.2ms
[2024-09-16T17:44:23.079+0000][gc,heap       ] GC(153) Eden regions: 611->0(611)
[2024-09-16T17:44:23.079+0000][gc,heap       ] GC(153) Survivor regions: 3->3(77)
[2024-09-16T17:44:23.079+0000][gc,heap       ] GC(153) Old regions: 19->19
[2024-09-16T17:44:23.079+0000][gc,heap       ] GC(153) Humongous regions: 129->129
[2024-09-16T17:44:23.079+0000][gc,metaspace  ] GC(153) Metaspace: 44954K(48000K)->44954K(48000K) NonClass: 39278K(40960K)->39278K(40960K) Class: 5676K(7040K)->5676K(7040K)
[2024-09-16T17:44:23.079+0000][gc            ] GC(153) Pause Young (Normal) (G1 Evacuation Pause) 759M->149M(1024M) 3.198ms
[2024-09-16T17:44:23.079+0000][gc,cpu        ] GC(153) User=0.01s Sys=0.00s Real=0.01s
[2024-09-16T19:51:22.420+0000][gc,start      ] GC(154) Pause Young (Normal) (G1 Evacuation Pause)
[2024-09-16T19:51:22.420+0000][gc,task       ] GC(154) Using 4 workers of 4 for evacuation
[2024-09-16T19:51:22.424+0000][gc,phases     ] GC(154)   Pre Evacuate Collection Set: 0.0ms
[2024-09-16T19:51:22.424+0000][gc,phases     ] GC(154)   Evacuate Collection Set: 3.1ms
[2024-09-16T19:51:22.424+0000][gc,phases     ] GC(154)   Post Evacuate Collection Set: 0.5ms
[2024-09-16T19:51:22.424+0000][gc,phases     ] GC(154)   Other: 0.2ms
[2024-09-16T19:51:22.424+0000][gc,heap       ] GC(154) Eden regions: 611->0(610)
[2024-09-16T19:51:22.424+0000][gc,heap       ] GC(154) Survivor regions: 3->4(77)
[2024-09-16T19:51:22.424+0000][gc,heap       ] GC(154) Old regions: 19->19
[2024-09-16T19:51:22.424+0000][gc,heap       ] GC(154) Humongous regions: 129->129
[2024-09-16T19:51:22.424+0000][gc,metaspace  ] GC(154) Metaspace: 44954K(48000K)->44954K(48000K) NonClass: 39278K(40960K)->39278K(40960K) Class: 5676K(7040K)->5676K(7040K)
[2024-09-16T19:51:22.424+0000][gc            ] GC(154) Pause Young (Normal) (G1 Evacuation Pause) 760M->149M(1024M) 3.815ms
[2024-09-16T19:51:22.424+0000][gc,cpu        ] GC(154) User=0.01s Sys=0.00s Real=0.00s
[2024-09-16T21:58:07.206+0000][gc,start      ] GC(155) Pause Young (Normal) (G1 Evacuation Pause)
[2024-09-16T21:58:07.206+0000][gc,task       ] GC(155) Using 4 workers of 4 for evacuation
[2024-09-16T21:58:07.209+0000][gc,phases     ] GC(155)   Pre Evacuate Collection Set: 0.0ms
[2024-09-16T21:58:07.209+0000][gc,phases     ] GC(155)   Evacuate Collection Set: 2.3ms
[2024-09-16T21:58:07.209+0000][gc,phases     ] GC(155)   Post Evacuate Collection Set: 0.7ms
[2024-09-16T21:58:07.209+0000][gc,phases     ] GC(155)   Other: 0.2ms
[2024-09-16T21:58:07.209+0000][gc,heap       ] GC(155) Eden regions: 610->0(611)
[2024-09-16T21:58:07.209+0000][gc,heap       ] GC(155) Survivor regions: 4->3(77)
[2024-09-16T21:58:07.209+0000][gc,heap       ] GC(155) Old regions: 19->19
[2024-09-16T21:58:07.209+0000][gc,heap       ] GC(155) Humongous regions: 129->129
[2024-09-16T21:58:07.209+0000][gc,metaspace  ] GC(155) Metaspace: 44954K(48000K)->44954K(48000K) NonClass: 39278K(40960K)->39278K(40960K) Class: 5676K(7040K)->5676K(7040K)
[2024-09-16T21:58:07.209+0000][gc            ] GC(155) Pause Young (Normal) (G1 Evacuation Pause) 759M->148M(1024M) 3.300ms
[2024-09-16T21:58:07.209+0000][gc,cpu        ] GC(155) User=0.01s Sys=0.01s Real=0.00s
[2024-09-17T00:04:54.596+0000][gc,start      ] GC(156) Pause Young (Normal) (G1 Evacuation Pause)
[2024-09-17T00:04:54.596+0000][gc,task       ] GC(156) Using 4 workers of 4 for evacuation
[2024-09-17T00:04:54.599+0000][gc,phases     ] GC(156)   Pre Evacuate Collection Set: 0.0ms
[2024-09-17T00:04:54.599+0000][gc,phases     ] GC(156)   Evacuate Collection Set: 2.7ms
[2024-09-17T00:04:54.599+0000][gc,phases     ] GC(156)   Post Evacuate Collection Set: 0.4ms
[2024-09-17T00:04:54.599+0000][gc,phases     ] GC(156)   Other: 0.2ms
[2024-09-17T00:04:54.599+0000][gc,heap       ] GC(156) Eden regions: 611->0(611)
[2024-09-17T00:04:54.599+0000][gc,heap       ] GC(156) Survivor regions: 3->3(77)
[2024-09-17T00:04:54.599+0000][gc,heap       ] GC(156) Old regions: 19->19
[2024-09-17T00:04:54.599+0000][gc,heap       ] GC(156) Humongous regions: 129->129
[2024-09-17T00:04:54.599+0000][gc,metaspace  ] GC(156) Metaspace: 45195K(48128K)->45195K(48128K) NonClass: 39458K(40960K)->39458K(40960K) Class: 5736K(7168K)->5736K(7168K)
[2024-09-17T00:04:54.599+0000][gc            ] GC(156) Pause Young (Normal) (G1 Evacuation Pause) 759M->149M(1024M) 3.352ms
[2024-09-17T00:04:54.599+0000][gc,cpu        ] GC(156) User=0.01s Sys=0.00s Real=0.01s
[2024-09-17T02:12:14.877+0000][gc,start      ] GC(157) Pause Young (Normal) (G1 Evacuation Pause)
[2024-09-17T02:12:14.877+0000][gc,task       ] GC(157) Using 4 workers of 4 for evacuation
[2024-09-17T02:12:14.886+0000][gc,phases     ] GC(157)   Pre Evacuate Collection Set: 0.0ms
[2024-09-17T02:12:14.886+0000][gc,phases     ] GC(157)   Evacuate Collection Set: 5.4ms
[2024-09-17T02:12:14.886+0000][gc,phases     ] GC(157)   Post Evacuate Collection Set: 3.0ms
[2024-09-17T02:12:14.886+0000][gc,phases     ] GC(157)   Other: 0.2ms
[2024-09-17T02:12:14.886+0000][gc,heap       ] GC(157) Eden regions: 611->0(610)
[2024-09-17T02:12:14.886+0000][gc,heap       ] GC(157) Survivor regions: 3->4(77)
[2024-09-17T02:12:14.886+0000][gc,heap       ] GC(157) Old regions: 19->19
[2024-09-17T02:12:14.886+0000][gc,heap       ] GC(157) Humongous regions: 178->129
[2024-09-17T02:12:14.886+0000][gc,metaspace  ] GC(157) Metaspace: 45195K(48128K)->45195K(48128K) NonClass: 39458K(40960K)->39458K(40960K) Class: 5736K(7168K)->5736K(7168K)
[2024-09-17T02:12:14.886+0000][gc            ] GC(157) Pause Young (Normal) (G1 Evacuation Pause) 809M->149M(1024M) 8.707ms
[2024-09-17T02:12:14.886+0000][gc,cpu        ] GC(157) User=0.02s Sys=0.00s Real=0.01s
[2024-09-17T04:19:14.080+0000][gc,start      ] GC(158) Pause Young (Normal) (G1 Evacuation Pause)
[2024-09-17T04:19:14.080+0000][gc,task       ] GC(158) Using 4 workers of 4 for evacuation
[2024-09-17T04:19:14.082+0000][gc,phases     ] GC(158)   Pre Evacuate Collection Set: 0.0ms
[2024-09-17T04:19:14.082+0000][gc,phases     ] GC(158)   Evacuate Collection Set: 2.2ms
[2024-09-17T04:19:14.082+0000][gc,phases     ] GC(158)   Post Evacuate Collection Set: 0.4ms
[2024-09-17T04:19:14.082+0000][gc,phases     ] GC(158)   Other: 0.2ms
[2024-09-17T04:19:14.082+0000][gc,heap       ] GC(158) Eden regions: 610->0(611)
[2024-09-17T04:19:14.082+0000][gc,heap       ] GC(158) Survivor regions: 4->3(77)
[2024-09-17T04:19:14.082+0000][gc,heap       ] GC(158) Old regions: 19->19
[2024-09-17T04:19:14.082+0000][gc,heap       ] GC(158) Humongous regions: 129->129
[2024-09-17T04:19:14.082+0000][gc,metaspace  ] GC(158) Metaspace: 45195K(48128K)->45195K(48128K) NonClass: 39458K(40960K)->39458K(40960K) Class: 5736K(7168K)->5736K(7168K)
[2024-09-17T04:19:14.082+0000][gc            ] GC(158) Pause Young (Normal) (G1 Evacuation Pause) 759M->148M(1024M) 2.823ms
[2024-09-17T04:19:14.082+0000][gc,cpu        ] GC(158) User=0.01s Sys=0.00s Real=0.00s
[2024-09-17T06:27:24.494+0000][gc,start      ] GC(159) Pause Young (Normal) (G1 Evacuation Pause)
[2024-09-17T06:27:24.494+0000][gc,task       ] GC(159) Using 4 workers of 4 for evacuation
[2024-09-17T06:27:24.497+0000][gc,phases     ] GC(159)   Pre Evacuate Collection Set: 0.0ms
[2024-09-17T06:27:24.497+0000][gc,phases     ] GC(159)   Evacuate Collection Set: 2.2ms
[2024-09-17T06:27:24.497+0000][gc,phases     ] GC(159)   Post Evacuate Collection Set: 0.4ms
[2024-09-17T06:27:24.497+0000][gc,phases     ] GC(159)   Other: 0.2ms
[2024-09-17T06:27:24.497+0000][gc,heap       ] GC(159) Eden regions: 611->0(611)
[2024-09-17T06:27:24.497+0000][gc,heap       ] GC(159) Survivor regions: 3->3(77)
[2024-09-17T06:27:24.497+0000][gc,heap       ] GC(159) Old regions: 19->19
[2024-09-17T06:27:24.497+0000][gc,heap       ] GC(159) Humongous regions: 129->129
[2024-09-17T06:27:24.497+0000][gc,metaspace  ] GC(159) Metaspace: 45197K(48128K)->45197K(48128K) NonClass: 39460K(40960K)->39460K(40960K) Class: 5736K(7168K)->5736K(7168K)
[2024-09-17T06:27:24.497+0000][gc            ] GC(159) Pause Young (Normal) (G1 Evacuation Pause) 759M->148M(1024M) 2.892ms
[2024-09-17T06:27:24.497+0000][gc,cpu        ] GC(159) User=0.01s Sys=0.01s Real=0.01s
[2024-09-17T08:34:27.641+0000][gc,start      ] GC(160) Pause Young (Normal) (G1 Evacuation Pause)
[2024-09-17T08:34:27.641+0000][gc,task       ] GC(160) Using 4 workers of 4 for evacuation
[2024-09-17T08:34:27.644+0000][gc,phases     ] GC(160)   Pre Evacuate Collection Set: 0.0ms
[2024-09-17T08:34:27.644+0000][gc,phases     ] GC(160)   Evacuate Collection Set: 2.9ms
[2024-09-17T08:34:27.644+0000][gc,phases     ] GC(160)   Post Evacuate Collection Set: 0.5ms
[2024-09-17T08:34:27.644+0000][gc,phases     ] GC(160)   Other: 0.2ms
[2024-09-17T08:34:27.644+0000][gc,heap       ] GC(160) Eden regions: 611->0(611)
[2024-09-17T08:34:27.644+0000][gc,heap       ] GC(160) Survivor regions: 3->3(77)
[2024-09-17T08:34:27.644+0000][gc,heap       ] GC(160) Old regions: 19->19
[2024-09-17T08:34:27.644+0000][gc,heap       ] GC(160) Humongous regions: 129->129
[2024-09-17T08:34:27.644+0000][gc,metaspace  ] GC(160) Metaspace: 45197K(48128K)->45197K(48128K) NonClass: 39460K(40960K)->39460K(40960K) Class: 5736K(7168K)->5736K(7168K)
[2024-09-17T08:34:27.644+0000][gc            ] GC(160) Pause Young (Normal) (G1 Evacuation Pause) 759M->149M(1024M) 3.578ms
[2024-09-17T08:34:27.644+0000][gc,cpu        ] GC(160) User=0.01s Sys=0.00s Real=0.00s
[2024-09-17T10:41:52.744+0000][gc,start      ] GC(161) Pause Young (Normal) (G1 Evacuation Pause)
[2024-09-17T10:41:52.744+0000][gc,task       ] GC(161) Using 4 workers of 4 for evacuation
[2024-09-17T10:41:52.748+0000][gc,phases     ] GC(161)   Pre Evacuate Collection Set: 0.0ms
[2024-09-17T10:41:52.748+0000][gc,phases     ] GC(161)   Evacuate Collection Set: 3.3ms
[2024-09-17T10:41:52.748+0000][gc,phases     ] GC(161)   Post Evacuate Collection Set: 0.4ms
[2024-09-17T10:41:52.748+0000][gc,phases     ] GC(161)   Other: 0.2ms
[2024-09-17T10:41:52.748+0000][gc,heap       ] GC(161) Eden regions: 611->0(610)
[2024-09-17T10:41:52.748+0000][gc,heap       ] GC(161) Survivor regions: 3->4(77)
[2024-09-17T10:41:52.748+0000][gc,heap       ] GC(161) Old regions: 19->19
[2024-09-17T10:41:52.748+0000][gc,heap       ] GC(161) Humongous regions: 129->129
[2024-09-17T10:41:52.748+0000][gc,metaspace  ] GC(161) Metaspace: 45197K(48128K)->45197K(48128K) NonClass: 39460K(40960K)->39460K(40960K) Class: 5736K(7168K)->5736K(7168K)
[2024-09-17T10:41:52.748+0000][gc            ] GC(161) Pause Young (Normal) (G1 Evacuation Pause) 760M->149M(1024M) 3.991ms
[2024-09-17T10:41:52.748+0000][gc,cpu        ] GC(161) User=0.01s Sys=0.00s Real=0.00s
[2024-09-17T12:48:58.012+0000][gc,start      ] GC(162) Pause Young (Normal) (G1 Evacuation Pause)
[2024-09-17T12:48:58.012+0000][gc,task       ] GC(162) Using 4 workers of 4 for evacuation
[2024-09-17T12:48:58.016+0000][gc,phases     ] GC(162)   Pre Evacuate Collection Set: 0.0ms
[2024-09-17T12:48:58.016+0000][gc,phases     ] GC(162)   Evacuate Collection Set: 3.3ms
[2024-09-17T12:48:58.016+0000][gc,phases     ] GC(162)   Post Evacuate Collection Set: 0.4ms
[2024-09-17T12:48:58.016+0000][gc,phases     ] GC(162)   Other: 0.2ms
[2024-09-17T12:48:58.016+0000][gc,heap       ] GC(162) Eden regions: 610->0(611)
[2024-09-17T12:48:58.016+0000][gc,heap       ] GC(162) Survivor regions: 4->3(77)
[2024-09-17T12:48:58.016+0000][gc,heap       ] GC(162) Old regions: 19->19
[2024-09-17T12:48:58.016+0000][gc,heap       ] GC(162) Humongous regions: 129->129
[2024-09-17T12:48:58.016+0000][gc,metaspace  ] GC(162) Metaspace: 45197K(48128K)->45197K(48128K) NonClass: 39460K(40960K)->39460K(40960K) Class: 5736K(7168K)->5736K(7168K)
[2024-09-17T12:48:58.016+0000][gc            ] GC(162) Pause Young (Normal) (G1 Evacuation Pause) 759M->148M(1024M) 4.025ms
[2024-09-17T12:48:58.016+0000][gc,cpu        ] GC(162) User=0.01s Sys=0.00s Real=0.00s
[2024-09-17T14:56:20.007+0000][gc,start      ] GC(163) Pause Young (Normal) (G1 Evacuation Pause)
[2024-09-17T14:56:20.007+0000][gc,task       ] GC(163) Using 4 workers of 4 for evacuation
[2024-09-17T14:56:20.011+0000][gc,phases     ] GC(163)   Pre Evacuate Collection Set: 0.0ms
[2024-09-17T14:56:20.011+0000][gc,phases     ] GC(163)   Evacuate Collection Set: 3.4ms
[2024-09-17T14:56:20.011+0000][gc,phases     ] GC(163)   Post Evacuate Collection Set: 0.8ms
[2024-09-17T14:56:20.011+0000][gc,phases     ] GC(163)   Other: 0.2ms
[2024-09-17T14:56:20.011+0000][gc,heap       ] GC(163) Eden regions: 611->0(610)
[2024-09-17T14:56:20.011+0000][gc,heap       ] GC(163) Survivor regions: 3->4(77)
[2024-09-17T14:56:20.011+0000][gc,heap       ] GC(163) Old regions: 19->19
[2024-09-17T14:56:20.011+0000][gc,heap       ] GC(163) Humongous regions: 129->129
[2024-09-17T14:56:20.011+0000][gc,metaspace  ] GC(163) Metaspace: 45197K(48128K)->45197K(48128K) NonClass: 39460K(40960K)->39460K(40960K) Class: 5736K(7168K)->5736K(7168K)
[2024-09-17T14:56:20.011+0000][gc            ] GC(163) Pause Young (Normal) (G1 Evacuation Pause) 759M->149M(1024M) 4.402ms
[2024-09-17T14:56:20.011+0000][gc,cpu        ] GC(163) User=0.01s Sys=0.00s Real=0.01s
[2024-09-17T17:03:39.011+0000][gc,start      ] GC(164) Pause Young (Normal) (G1 Evacuation Pause)
[2024-09-17T17:03:39.011+0000][gc,task       ] GC(164) Using 4 workers of 4 for evacuation
[2024-09-17T17:03:39.016+0000][gc,phases     ] GC(164)   Pre Evacuate Collection Set: 0.0ms
[2024-09-17T17:03:39.016+0000][gc,phases     ] GC(164)   Evacuate Collection Set: 3.9ms
[2024-09-17T17:03:39.016+0000][gc,phases     ] GC(164)   Post Evacuate Collection Set: 0.9ms
[2024-09-17T17:03:39.016+0000][gc,phases     ] GC(164)   Other: 0.2ms
[2024-09-17T17:03:39.016+0000][gc,heap       ] GC(164) Eden regions: 610->0(610)
[2024-09-17T17:03:39.016+0000][gc,heap       ] GC(164) Survivor regions: 4->4(77)
[2024-09-17T17:03:39.016+0000][gc,heap       ] GC(164) Old regions: 19->19
[2024-09-17T17:03:39.016+0000][gc,heap       ] GC(164) Humongous regions: 129->129
[2024-09-17T17:03:39.016+0000][gc,metaspace  ] GC(164) Metaspace: 45197K(48128K)->45197K(48128K) NonClass: 39460K(40960K)->39460K(40960K) Class: 5736K(7168K)->5736K(7168K)
[2024-09-17T17:03:39.016+0000][gc            ] GC(164) Pause Young (Normal) (G1 Evacuation Pause) 759M->149M(1024M) 5.018ms
[2024-09-17T17:03:39.016+0000][gc,cpu        ] GC(164) User=0.02s Sys=0.00s Real=0.00s
[2024-09-17T19:10:51.687+0000][gc,start      ] GC(165) Pause Young (Normal) (G1 Evacuation Pause)
[2024-09-17T19:10:51.687+0000][gc,task       ] GC(165) Using 4 workers of 4 for evacuation
[2024-09-17T19:10:51.690+0000][gc,phases     ] GC(165)   Pre Evacuate Collection Set: 0.0ms
[2024-09-17T19:10:51.690+0000][gc,phases     ] GC(165)   Evacuate Collection Set: 2.4ms
[2024-09-17T19:10:51.690+0000][gc,phases     ] GC(165)   Post Evacuate Collection Set: 0.5ms
[2024-09-17T19:10:51.690+0000][gc,phases     ] GC(165)   Other: 0.2ms
[2024-09-17T19:10:51.690+0000][gc,heap       ] GC(165) Eden regions: 610->0(611)
[2024-09-17T19:10:51.690+0000][gc,heap       ] GC(165) Survivor regions: 4->3(77)
[2024-09-17T19:10:51.690+0000][gc,heap       ] GC(165) Old regions: 19->19
[2024-09-17T19:10:51.690+0000][gc,heap       ] GC(165) Humongous regions: 129->129
[2024-09-17T19:10:51.690+0000][gc,metaspace  ] GC(165) Metaspace: 45197K(48128K)->45197K(48128K) NonClass: 39460K(40960K)->39460K(40960K) Class: 5736K(7168K)->5736K(7168K)
[2024-09-17T19:10:51.690+0000][gc            ] GC(165) Pause Young (Normal) (G1 Evacuation Pause) 759M->148M(1024M) 3.126ms
[2024-09-17T19:10:51.690+0000][gc,cpu        ] GC(165) User=0.01s Sys=0.00s Real=0.01s
[2024-09-17T21:18:09.157+0000][gc,start      ] GC(166) Pause Young (Normal) (G1 Evacuation Pause)
[2024-09-17T21:18:09.157+0000][gc,task       ] GC(166) Using 4 workers of 4 for evacuation
[2024-09-17T21:18:09.162+0000][gc,phases     ] GC(166)   Pre Evacuate Collection Set: 0.0ms
[2024-09-17T21:18:09.162+0000][gc,phases     ] GC(166)   Evacuate Collection Set: 3.8ms
[2024-09-17T21:18:09.162+0000][gc,phases     ] GC(166)   Post Evacuate Collection Set: 0.5ms
[2024-09-17T21:18:09.162+0000][gc,phases     ] GC(166)   Other: 0.2ms
[2024-09-17T21:18:09.162+0000][gc,heap       ] GC(166) Eden regions: 611->0(611)
[2024-09-17T21:18:09.162+0000][gc,heap       ] GC(166) Survivor regions: 3->3(77)
[2024-09-17T21:18:09.162+0000][gc,heap       ] GC(166) Old regions: 19->19
[2024-09-17T21:18:09.162+0000][gc,heap       ] GC(166) Humongous regions: 129->129
[2024-09-17T21:18:09.162+0000][gc,metaspace  ] GC(166) Metaspace: 45197K(48128K)->45197K(48128K) NonClass: 39460K(40960K)->39460K(40960K) Class: 5736K(7168K)->5736K(7168K)
[2024-09-17T21:18:09.162+0000][gc            ] GC(166) Pause Young (Normal) (G1 Evacuation Pause) 759M->149M(1024M) 4.494ms
[2024-09-17T21:18:09.162+0000][gc,cpu        ] GC(166) User=0.01s Sys=0.00s Real=0.00s
[2024-09-17T23:25:42.997+0000][gc,start      ] GC(167) Pause Young (Normal) (G1 Evacuation Pause)
[2024-09-17T23:25:42.997+0000][gc,task       ] GC(167) Using 4 workers of 4 for evacuation
[2024-09-17T23:25:43.001+0000][gc,phases     ] GC(167)   Pre Evacuate Collection Set: 0.0ms
[2024-09-17T23:25:43.001+0000][gc,phases     ] GC(167)   Evacuate Collection Set: 3.4ms
[2024-09-17T23:25:43.001+0000][gc,phases     ] GC(167)   Post Evacuate Collection Set: 0.4ms
[2024-09-17T23:25:43.001+0000][gc,phases     ] GC(167)   Other: 0.2ms
[2024-09-17T23:25:43.001+0000][gc,heap       ] GC(167) Eden regions: 611->0(610)
[2024-09-17T23:25:43.001+0000][gc,heap       ] GC(167) Survivor regions: 3->4(77)
[2024-09-17T23:25:43.001+0000][gc,heap       ] GC(167) Old regions: 19->19
[2024-09-17T23:25:43.001+0000][gc,heap       ] GC(167) Humongous regions: 129->129
[2024-09-17T23:25:43.001+0000][gc,metaspace  ] GC(167) Metaspace: 45197K(48128K)->45197K(48128K) NonClass: 39461K(40960K)->39461K(40960K) Class: 5736K(7168K)->5736K(7168K)
[2024-09-17T23:25:43.001+0000][gc            ] GC(167) Pause Young (Normal) (G1 Evacuation Pause) 760M->149M(1024M) 4.129ms
[2024-09-17T23:25:43.001+0000][gc,cpu        ] GC(167) User=0.02s Sys=0.00s Real=0.00s
[2024-09-18T01:32:09.307+0000][gc,start      ] GC(168) Pause Young (Normal) (G1 Evacuation Pause)
[2024-09-18T01:32:09.307+0000][gc,task       ] GC(168) Using 4 workers of 4 for evacuation
[2024-09-18T01:32:09.310+0000][gc,phases     ] GC(168)   Pre Evacuate Collection Set: 0.0ms
[2024-09-18T01:32:09.310+0000][gc,phases     ] GC(168)   Evacuate Collection Set: 2.2ms
[2024-09-18T01:32:09.310+0000][gc,phases     ] GC(168)   Post Evacuate Collection Set: 0.4ms
[2024-09-18T01:32:09.310+0000][gc,phases     ] GC(168)   Other: 0.2ms
[2024-09-18T01:32:09.310+0000][gc,heap       ] GC(168) Eden regions: 610->0(611)
[2024-09-18T01:32:09.310+0000][gc,heap       ] GC(168) Survivor regions: 4->3(77)
[2024-09-18T01:32:09.310+0000][gc,heap       ] GC(168) Old regions: 19->19
[2024-09-18T01:32:09.310+0000][gc,heap       ] GC(168) Humongous regions: 129->129
[2024-09-18T01:32:09.310+0000][gc,metaspace  ] GC(168) Metaspace: 45197K(48128K)->45197K(48128K) NonClass: 39461K(40960K)->39461K(40960K) Class: 5736K(7168K)->5736K(7168K)
[2024-09-18T01:32:09.310+0000][gc            ] GC(168) Pause Young (Normal) (G1 Evacuation Pause) 759M->148M(1024M) 2.791ms
[2024-09-18T01:32:09.310+0000][gc,cpu        ] GC(168) User=0.01s Sys=0.00s Real=0.01s
[2024-09-18T03:39:35.949+0000][gc,start      ] GC(169) Pause Young (Normal) (G1 Evacuation Pause)
[2024-09-18T03:39:35.949+0000][gc,task       ] GC(169) Using 4 workers of 4 for evacuation
[2024-09-18T03:39:35.953+0000][gc,phases     ] GC(169)   Pre Evacuate Collection Set: 0.0ms
[2024-09-18T03:39:35.953+0000][gc,phases     ] GC(169)   Evacuate Collection Set: 2.8ms
[2024-09-18T03:39:35.953+0000][gc,phases     ] GC(169)   Post Evacuate Collection Set: 0.5ms
[2024-09-18T03:39:35.953+0000][gc,phases     ] GC(169)   Other: 0.2ms
[2024-09-18T03:39:35.953+0000][gc,heap       ] GC(169) Eden regions: 611->0(611)
[2024-09-18T03:39:35.953+0000][gc,heap       ] GC(169) Survivor regions: 3->3(77)
[2024-09-18T03:39:35.953+0000][gc,heap       ] GC(169) Old regions: 19->19
[2024-09-18T03:39:35.953+0000][gc,heap       ] GC(169) Humongous regions: 129->129
[2024-09-18T03:39:35.953+0000][gc,metaspace  ] GC(169) Metaspace: 45197K(48128K)->45197K(48128K) NonClass: 39461K(40960K)->39461K(40960K) Class: 5736K(7168K)->5736K(7168K)
[2024-09-18T03:39:35.953+0000][gc            ] GC(169) Pause Young (Normal) (G1 Evacuation Pause) 759M->149M(1024M) 3.519ms
[2024-09-18T03:39:35.953+0000][gc,cpu        ] GC(169) User=0.01s Sys=0.00s Real=0.00s
[2024-09-18T05:46:45.020+0000][gc,start      ] GC(170) Pause Young (Normal) (G1 Evacuation Pause)
[2024-09-18T05:46:45.020+0000][gc,task       ] GC(170) Using 4 workers of 4 for evacuation
[2024-09-18T05:46:45.024+0000][gc,phases     ] GC(170)   Pre Evacuate Collection Set: 0.0ms
[2024-09-18T05:46:45.024+0000][gc,phases     ] GC(170)   Evacuate Collection Set: 3.4ms
[2024-09-18T05:46:45.024+0000][gc,phases     ] GC(170)   Post Evacuate Collection Set: 0.4ms
[2024-09-18T05:46:45.024+0000][gc,phases     ] GC(170)   Other: 0.2ms
[2024-09-18T05:46:45.024+0000][gc,heap       ] GC(170) Eden regions: 611->0(610)
[2024-09-18T05:46:45.024+0000][gc,heap       ] GC(170) Survivor regions: 3->4(77)
[2024-09-18T05:46:45.024+0000][gc,heap       ] GC(170) Old regions: 19->19
[2024-09-18T05:46:45.024+0000][gc,heap       ] GC(170) Humongous regions: 129->129
[2024-09-18T05:46:45.024+0000][gc,metaspace  ] GC(170) Metaspace: 45197K(48128K)->45197K(48128K) NonClass: 39461K(40960K)->39461K(40960K) Class: 5736K(7168K)->5736K(7168K)
[2024-09-18T05:46:45.024+0000][gc            ] GC(170) Pause Young (Normal) (G1 Evacuation Pause) 760M->149M(1024M) 4.048ms
[2024-09-18T05:46:45.024+0000][gc,cpu        ] GC(170) User=0.02s Sys=0.00s Real=0.00s
[2024-09-18T07:53:19.668+0000][gc,start      ] GC(171) Pause Young (Normal) (G1 Evacuation Pause)
[2024-09-18T07:53:19.668+0000][gc,task       ] GC(171) Using 4 workers of 4 for evacuation
[2024-09-18T07:53:19.671+0000][gc,phases     ] GC(171)   Pre Evacuate Collection Set: 0.0ms
[2024-09-18T07:53:19.671+0000][gc,phases     ] GC(171)   Evacuate Collection Set: 2.7ms
[2024-09-18T07:53:19.671+0000][gc,phases     ] GC(171)   Post Evacuate Collection Set: 0.6ms
[2024-09-18T07:53:19.671+0000][gc,phases     ] GC(171)   Other: 0.2ms
[2024-09-18T07:53:19.671+0000][gc,heap       ] GC(171) Eden regions: 610->0(611)
[2024-09-18T07:53:19.671+0000][gc,heap       ] GC(171) Survivor regions: 4->3(77)
[2024-09-18T07:53:19.671+0000][gc,heap       ] GC(171) Old regions: 19->19
[2024-09-18T07:53:19.671+0000][gc,heap       ] GC(171) Humongous regions: 290->129
[2024-09-18T07:53:19.671+0000][gc,metaspace  ] GC(171) Metaspace: 45247K(48128K)->45247K(48128K) NonClass: 39510K(40960K)->39510K(40960K) Class: 5736K(7168K)->5736K(7168K)
[2024-09-18T07:53:19.671+0000][gc            ] GC(171) Pause Young (Normal) (G1 Evacuation Pause) 920M->148M(1024M) 3.656ms
[2024-09-18T07:53:19.671+0000][gc,cpu        ] GC(171) User=0.02s Sys=0.00s Real=0.01s
[2024-09-18T10:00:25.316+0000][gc,start      ] GC(172) Pause Young (Normal) (G1 Evacuation Pause)
[2024-09-18T10:00:25.316+0000][gc,task       ] GC(172) Using 4 workers of 4 for evacuation
[2024-09-18T10:00:25.319+0000][gc,phases     ] GC(172)   Pre Evacuate Collection Set: 0.0ms
[2024-09-18T10:00:25.319+0000][gc,phases     ] GC(172)   Evacuate Collection Set: 2.8ms
[2024-09-18T10:00:25.319+0000][gc,phases     ] GC(172)   Post Evacuate Collection Set: 0.4ms
[2024-09-18T10:00:25.319+0000][gc,phases     ] GC(172)   Other: 0.2ms
[2024-09-18T10:00:25.319+0000][gc,heap       ] GC(172) Eden regions: 611->0(611)
[2024-09-18T10:00:25.319+0000][gc,heap       ] GC(172) Survivor regions: 3->3(77)
[2024-09-18T10:00:25.319+0000][gc,heap       ] GC(172) Old regions: 19->19
[2024-09-18T10:00:25.319+0000][gc,heap       ] GC(172) Humongous regions: 178->129
[2024-09-18T10:00:25.319+0000][gc,metaspace  ] GC(172) Metaspace: 45247K(48128K)->45247K(48128K) NonClass: 39510K(40960K)->39510K(40960K) Class: 5736K(7168K)->5736K(7168K)
[2024-09-18T10:00:25.319+0000][gc            ] GC(172) Pause Young (Normal) (G1 Evacuation Pause) 808M->149M(1024M) 3.436ms
[2024-09-18T10:00:25.319+0000][gc,cpu        ] GC(172) User=0.01s Sys=0.00s Real=0.01s
[2024-09-18T12:07:37.586+0000][gc,start      ] GC(173) Pause Young (Normal) (G1 Evacuation Pause)
[2024-09-18T12:07:37.586+0000][gc,task       ] GC(173) Using 4 workers of 4 for evacuation
[2024-09-18T12:07:37.590+0000][gc,phases     ] GC(173)   Pre Evacuate Collection Set: 0.0ms
[2024-09-18T12:07:37.590+0000][gc,phases     ] GC(173)   Evacuate Collection Set: 3.3ms
[2024-09-18T12:07:37.590+0000][gc,phases     ] GC(173)   Post Evacuate Collection Set: 0.4ms
[2024-09-18T12:07:37.590+0000][gc,phases     ] GC(173)   Other: 0.2ms
[2024-09-18T12:07:37.590+0000][gc,heap       ] GC(173) Eden regions: 611->0(610)
[2024-09-18T12:07:37.590+0000][gc,heap       ] GC(173) Survivor regions: 3->4(77)
[2024-09-18T12:07:37.590+0000][gc,heap       ] GC(173) Old regions: 19->19
[2024-09-18T12:07:37.590+0000][gc,heap       ] GC(173) Humongous regions: 129->129
[2024-09-18T12:07:37.590+0000][gc,metaspace  ] GC(173) Metaspace: 45247K(48128K)->45247K(48128K) NonClass: 39510K(40960K)->39510K(40960K) Class: 5736K(7168K)->5736K(7168K)
[2024-09-18T12:07:37.590+0000][gc            ] GC(173) Pause Young (Normal) (G1 Evacuation Pause) 760M->149M(1024M) 3.870ms
[2024-09-18T12:07:37.590+0000][gc,cpu        ] GC(173) User=0.01s Sys=0.00s Real=0.01s
[2024-09-18T14:14:46.572+0000][gc,start      ] GC(174) Pause Young (Normal) (G1 Evacuation Pause)
[2024-09-18T14:14:46.572+0000][gc,task       ] GC(174) Using 4 workers of 4 for evacuation
[2024-09-18T14:14:46.575+0000][gc,phases     ] GC(174)   Pre Evacuate Collection Set: 0.0ms
[2024-09-18T14:14:46.575+0000][gc,phases     ] GC(174)   Evacuate Collection Set: 1.9ms
[2024-09-18T14:14:46.575+0000][gc,phases     ] GC(174)   Post Evacuate Collection Set: 0.4ms
[2024-09-18T14:14:46.575+0000][gc,phases     ] GC(174)   Other: 0.2ms
[2024-09-18T14:14:46.575+0000][gc,heap       ] GC(174) Eden regions: 610->0(611)
[2024-09-18T14:14:46.575+0000][gc,heap       ] GC(174) Survivor regions: 4->3(77)
[2024-09-18T14:14:46.575+0000][gc,heap       ] GC(174) Old regions: 19->19
[2024-09-18T14:14:46.575+0000][gc,heap       ] GC(174) Humongous regions: 129->129
[2024-09-18T14:14:46.575+0000][gc,metaspace  ] GC(174) Metaspace: 45247K(48128K)->45247K(48128K) NonClass: 39510K(40960K)->39510K(40960K) Class: 5736K(7168K)->5736K(7168K)
[2024-09-18T14:14:46.575+0000][gc            ] GC(174) Pause Young (Normal) (G1 Evacuation Pause) 759M->148M(1024M) 2.533ms
[2024-09-18T14:14:46.575+0000][gc,cpu        ] GC(174) User=0.01s Sys=0.00s Real=0.00s
[2024-09-18T16:21:57.578+0000][gc,start      ] GC(175) Pause Young (Normal) (G1 Evacuation Pause)
[2024-09-18T16:21:57.578+0000][gc,task       ] GC(175) Using 4 workers of 4 for evacuation
[2024-09-18T16:21:57.581+0000][gc,phases     ] GC(175)   Pre Evacuate Collection Set: 0.0ms
[2024-09-18T16:21:57.581+0000][gc,phases     ] GC(175)   Evacuate Collection Set: 2.2ms
[2024-09-18T16:21:57.581+0000][gc,phases     ] GC(175)   Post Evacuate Collection Set: 0.3ms
[2024-09-18T16:21:57.581+0000][gc,phases     ] GC(175)   Other: 0.2ms
[2024-09-18T16:21:57.581+0000][gc,heap       ] GC(175) Eden regions: 611->0(611)
[2024-09-18T16:21:57.581+0000][gc,heap       ] GC(175) Survivor regions: 3->3(77)
[2024-09-18T16:21:57.581+0000][gc,heap       ] GC(175) Old regions: 19->19
[2024-09-18T16:21:57.581+0000][gc,heap       ] GC(175) Humongous regions: 129->129
[2024-09-18T16:21:57.581+0000][gc,metaspace  ] GC(175) Metaspace: 45247K(48128K)->45247K(48128K) NonClass: 39510K(40960K)->39510K(40960K) Class: 5736K(7168K)->5736K(7168K)
[2024-09-18T16:21:57.581+0000][gc            ] GC(175) Pause Young (Normal) (G1 Evacuation Pause) 759M->149M(1024M) 2.731ms
[2024-09-18T16:21:57.581+0000][gc,cpu        ] GC(175) User=0.01s Sys=0.00s Real=0.00s
[2024-09-18T18:28:39.011+0000][gc,start      ] GC(176) Pause Young (Normal) (G1 Evacuation Pause)
[2024-09-18T18:28:39.011+0000][gc,task       ] GC(176) Using 4 workers of 4 for evacuation
[2024-09-18T18:28:39.014+0000][gc,phases     ] GC(176)   Pre Evacuate Collection Set: 0.0ms
[2024-09-18T18:28:39.014+0000][gc,phases     ] GC(176)   Evacuate Collection Set: 2.8ms
[2024-09-18T18:28:39.014+0000][gc,phases     ] GC(176)   Post Evacuate Collection Set: 0.5ms
[2024-09-18T18:28:39.014+0000][gc,phases     ] GC(176)   Other: 0.2ms
[2024-09-18T18:28:39.014+0000][gc,heap       ] GC(176) Eden regions: 611->0(611)
[2024-09-18T18:28:39.014+0000][gc,heap       ] GC(176) Survivor regions: 3->3(77)
[2024-09-18T18:28:39.014+0000][gc,heap       ] GC(176) Old regions: 19->19
[2024-09-18T18:28:39.014+0000][gc,heap       ] GC(176) Humongous regions: 129->129
[2024-09-18T18:28:39.014+0000][gc,metaspace  ] GC(176) Metaspace: 45247K(48128K)->45247K(48128K) NonClass: 39510K(40960K)->39510K(40960K) Class: 5736K(7168K)->5736K(7168K)
[2024-09-18T18:28:39.014+0000][gc            ] GC(176) Pause Young (Normal) (G1 Evacuation Pause) 760M->149M(1024M) 3.644ms
[2024-09-18T18:28:39.014+0000][gc,cpu        ] GC(176) User=0.01s Sys=0.00s Real=0.00s
[2024-09-18T20:36:02.275+0000][gc,start      ] GC(177) Pause Young (Normal) (G1 Evacuation Pause)
[2024-09-18T20:36:02.275+0000][gc,task       ] GC(177) Using 4 workers of 4 for evacuation
[2024-09-18T20:36:02.278+0000][gc,phases     ] GC(177)   Pre Evacuate Collection Set: 0.0ms
[2024-09-18T20:36:02.278+0000][gc,phases     ] GC(177)   Evacuate Collection Set: 2.3ms
[2024-09-18T20:36:02.278+0000][gc,phases     ] GC(177)   Post Evacuate Collection Set: 0.4ms
[2024-09-18T20:36:02.278+0000][gc,phases     ] GC(177)   Other: 0.2ms
[2024-09-18T20:36:02.278+0000][gc,heap       ] GC(177) Eden regions: 611->0(611)
[2024-09-18T20:36:02.278+0000][gc,heap       ] GC(177) Survivor regions: 3->3(77)
[2024-09-18T20:36:02.278+0000][gc,heap       ] GC(177) Old regions: 19->19
[2024-09-18T20:36:02.278+0000][gc,heap       ] GC(177) Humongous regions: 129->129
[2024-09-18T20:36:02.278+0000][gc,metaspace  ] GC(177) Metaspace: 45247K(48128K)->45247K(48128K) NonClass: 39510K(40960K)->39510K(40960K) Class: 5736K(7168K)->5736K(7168K)
[2024-09-18T20:36:02.278+0000][gc            ] GC(177) Pause Young (Normal) (G1 Evacuation Pause) 760M->148M(1024M) 2.944ms
[2024-09-18T20:36:02.278+0000][gc,cpu        ] GC(177) User=0.01s Sys=0.00s Real=0.01s
[2024-09-18T22:43:27.486+0000][gc,start      ] GC(178) Pause Young (Normal) (G1 Evacuation Pause)
[2024-09-18T22:43:27.487+0000][gc,task       ] GC(178) Using 4 workers of 4 for evacuation
[2024-09-18T22:43:27.491+0000][gc,phases     ] GC(178)   Pre Evacuate Collection Set: 0.0ms
[2024-09-18T22:43:27.491+0000][gc,phases     ] GC(178)   Evacuate Collection Set: 3.6ms
[2024-09-18T22:43:27.491+0000][gc,phases     ] GC(178)   Post Evacuate Collection Set: 0.5ms
[2024-09-18T22:43:27.491+0000][gc,phases     ] GC(178)   Other: 0.2ms
[2024-09-18T22:43:27.491+0000][gc,heap       ] GC(178) Eden regions: 611->0(611)
[2024-09-18T22:43:27.491+0000][gc,heap       ] GC(178) Survivor regions: 3->3(77)
[2024-09-18T22:43:27.491+0000][gc,heap       ] GC(178) Old regions: 19->19
[2024-09-18T22:43:27.491+0000][gc,heap       ] GC(178) Humongous regions: 129->129
[2024-09-18T22:43:27.491+0000][gc,metaspace  ] GC(178) Metaspace: 45247K(48128K)->45247K(48128K) NonClass: 39510K(40960K)->39510K(40960K) Class: 5736K(7168K)->5736K(7168K)
[2024-09-18T22:43:27.491+0000][gc            ] GC(178) Pause Young (Normal) (G1 Evacuation Pause) 759M->149M(1024M) 4.381ms
[2024-09-18T22:43:27.491+0000][gc,cpu        ] GC(178) User=0.01s Sys=0.00s Real=0.01s
[2024-09-19T00:50:45.187+0000][gc,start      ] GC(179) Pause Young (Normal) (G1 Evacuation Pause)
[2024-09-19T00:50:45.187+0000][gc,task       ] GC(179) Using 4 workers of 4 for evacuation
[2024-09-19T00:50:45.190+0000][gc,phases     ] GC(179)   Pre Evacuate Collection Set: 0.0ms
[2024-09-19T00:50:45.190+0000][gc,phases     ] GC(179)   Evacuate Collection Set: 2.4ms
[2024-09-19T00:50:45.190+0000][gc,phases     ] GC(179)   Post Evacuate Collection Set: 0.4ms
[2024-09-19T00:50:45.190+0000][gc,phases     ] GC(179)   Other: 0.2ms
[2024-09-19T00:50:45.190+0000][gc,heap       ] GC(179) Eden regions: 611->0(611)
[2024-09-19T00:50:45.190+0000][gc,heap       ] GC(179) Survivor regions: 3->3(77)
[2024-09-19T00:50:45.190+0000][gc,heap       ] GC(179) Old regions: 19->19
[2024-09-19T00:50:45.190+0000][gc,heap       ] GC(179) Humongous regions: 129->129
[2024-09-19T00:50:45.190+0000][gc,metaspace  ] GC(179) Metaspace: 45247K(48128K)->45247K(48128K) NonClass: 39510K(40960K)->39510K(40960K) Class: 5736K(7168K)->5736K(7168K)
[2024-09-19T00:50:45.190+0000][gc            ] GC(179) Pause Young (Normal) (G1 Evacuation Pause) 760M->149M(1024M) 2.957ms
[2024-09-19T00:50:45.190+0000][gc,cpu        ] GC(179) User=0.01s Sys=0.00s Real=0.01s
[2024-09-19T02:58:05.483+0000][gc,start      ] GC(180) Pause Young (Normal) (G1 Evacuation Pause)
[2024-09-19T02:58:05.483+0000][gc,task       ] GC(180) Using 4 workers of 4 for evacuation
[2024-09-19T02:58:05.486+0000][gc,phases     ] GC(180)   Pre Evacuate Collection Set: 0.0ms
[2024-09-19T02:58:05.486+0000][gc,phases     ] GC(180)   Evacuate Collection Set: 2.1ms
[2024-09-19T02:58:05.486+0000][gc,phases     ] GC(180)   Post Evacuate Collection Set: 0.4ms
[2024-09-19T02:58:05.486+0000][gc,phases     ] GC(180)   Other: 0.2ms
[2024-09-19T02:58:05.486+0000][gc,heap       ] GC(180) Eden regions: 611->0(611)
[2024-09-19T02:58:05.486+0000][gc,heap       ] GC(180) Survivor regions: 3->3(77)
[2024-09-19T02:58:05.486+0000][gc,heap       ] GC(180) Old regions: 19->19
[2024-09-19T02:58:05.486+0000][gc,heap       ] GC(180) Humongous regions: 129->129
[2024-09-19T02:58:05.486+0000][gc,metaspace  ] GC(180) Metaspace: 45247K(48128K)->45247K(48128K) NonClass: 39510K(40960K)->39510K(40960K) Class: 5736K(7168K)->5736K(7168K)
[2024-09-19T02:58:05.486+0000][gc            ] GC(180) Pause Young (Normal) (G1 Evacuation Pause) 760M->148M(1024M) 2.713ms
[2024-09-19T02:58:05.486+0000][gc,cpu        ] GC(180) User=0.01s Sys=0.00s Real=0.00s
[2024-09-19T05:05:29.011+0000][gc,start      ] GC(181) Pause Young (Normal) (G1 Evacuation Pause)
[2024-09-19T05:05:29.011+0000][gc,task       ] GC(181) Using 4 workers of 4 for evacuation
[2024-09-19T05:05:29.015+0000][gc,phases     ] GC(181)   Pre Evacuate Collection Set: 0.0ms
[2024-09-19T05:05:29.015+0000][gc,phases     ] GC(181)   Evacuate Collection Set: 3.2ms
[2024-09-19T05:05:29.015+0000][gc,phases     ] GC(181)   Post Evacuate Collection Set: 0.4ms
[2024-09-19T05:05:29.015+0000][gc,phases     ] GC(181)   Other: 0.2ms
[2024-09-19T05:05:29.015+0000][gc,heap       ] GC(181) Eden regions: 611->0(611)
[2024-09-19T05:05:29.015+0000][gc,heap       ] GC(181) Survivor regions: 3->3(77)
[2024-09-19T05:05:29.015+0000][gc,heap       ] GC(181) Old regions: 19->19
[2024-09-19T05:05:29.015+0000][gc,heap       ] GC(181) Humongous regions: 129->129
[2024-09-19T05:05:29.015+0000][gc,metaspace  ] GC(181) Metaspace: 45247K(48128K)->45247K(48128K) NonClass: 39510K(40960K)->39510K(40960K) Class: 5736K(7168K)->5736K(7168K)
[2024-09-19T05:05:29.015+0000][gc            ] GC(181) Pause Young (Normal) (G1 Evacuation Pause) 759M->149M(1024M) 3.944ms
[2024-09-19T05:05:29.015+0000][gc,cpu        ] GC(181) User=0.02s Sys=0.00s Real=0.00s
[2024-09-19T07:12:39.001+0000][gc,start      ] GC(182) Pause Young (Normal) (G1 Evacuation Pause)
[2024-09-19T07:12:39.001+0000][gc,task       ] GC(182) Using 4 workers of 4 for evacuation
[2024-09-19T07:12:39.005+0000][gc,phases     ] GC(182)   Pre Evacuate Collection Set: 0.0ms
[2024-09-19T07:12:39.005+0000][gc,phases     ] GC(182)   Evacuate Collection Set: 3.0ms
[2024-09-19T07:12:39.005+0000][gc,phases     ] GC(182)   Post Evacuate Collection Set: 0.4ms
[2024-09-19T07:12:39.005+0000][gc,phases     ] GC(182)   Other: 0.6ms
[2024-09-19T07:12:39.005+0000][gc,heap       ] GC(182) Eden regions: 611->0(610)
[2024-09-19T07:12:39.005+0000][gc,heap       ] GC(182) Survivor regions: 3->4(77)
[2024-09-19T07:12:39.005+0000][gc,heap       ] GC(182) Old regions: 19->19
[2024-09-19T07:12:39.005+0000][gc,heap       ] GC(182) Humongous regions: 129->129
[2024-09-19T07:12:39.005+0000][gc,metaspace  ] GC(182) Metaspace: 45247K(48128K)->45247K(48128K) NonClass: 39510K(40960K)->39510K(40960K) Class: 5736K(7168K)->5736K(7168K)
[2024-09-19T07:12:39.005+0000][gc            ] GC(182) Pause Young (Normal) (G1 Evacuation Pause) 760M->149M(1024M) 4.061ms
[2024-09-19T07:12:39.005+0000][gc,cpu        ] GC(182) User=0.00s Sys=0.01s Real=0.00s
[2024-09-19T09:19:44.011+0000][gc,start      ] GC(183) Pause Young (Normal) (G1 Evacuation Pause)
[2024-09-19T09:19:44.011+0000][gc,task       ] GC(183) Using 4 workers of 4 for evacuation
[2024-09-19T09:19:44.014+0000][gc,phases     ] GC(183)   Pre Evacuate Collection Set: 0.0ms
[2024-09-19T09:19:44.014+0000][gc,phases     ] GC(183)   Evacuate Collection Set: 2.7ms
[2024-09-19T09:19:44.014+0000][gc,phases     ] GC(183)   Post Evacuate Collection Set: 0.6ms
[2024-09-19T09:19:44.014+0000][gc,phases     ] GC(183)   Other: 0.3ms
[2024-09-19T09:19:44.014+0000][gc,heap       ] GC(183) Eden regions: 610->0(611)
[2024-09-19T09:19:44.014+0000][gc,heap       ] GC(183) Survivor regions: 4->3(77)
[2024-09-19T09:19:44.014+0000][gc,heap       ] GC(183) Old regions: 19->19
[2024-09-19T09:19:44.014+0000][gc,heap       ] GC(183) Humongous regions: 129->129
[2024-09-19T09:19:44.014+0000][gc,metaspace  ] GC(183) Metaspace: 45247K(48128K)->45247K(48128K) NonClass: 39510K(40960K)->39510K(40960K) Class: 5736K(7168K)->5736K(7168K)
[2024-09-19T09:19:44.014+0000][gc            ] GC(183) Pause Young (Normal) (G1 Evacuation Pause) 759M->148M(1024M) 3.659ms
[2024-09-19T09:19:44.014+0000][gc,cpu        ] GC(183) User=0.01s Sys=0.00s Real=0.00s
[2024-09-19T11:26:37.603+0000][gc,start      ] GC(184) Pause Young (Normal) (G1 Evacuation Pause)
[2024-09-19T11:26:37.604+0000][gc,task       ] GC(184) Using 4 workers of 4 for evacuation
[2024-09-19T11:26:37.607+0000][gc,phases     ] GC(184)   Pre Evacuate Collection Set: 0.0ms
[2024-09-19T11:26:37.607+0000][gc,phases     ] GC(184)   Evacuate Collection Set: 2.4ms
[2024-09-19T11:26:37.607+0000][gc,phases     ] GC(184)   Post Evacuate Collection Set: 0.5ms
[2024-09-19T11:26:37.607+0000][gc,phases     ] GC(184)   Other: 0.2ms
[2024-09-19T11:26:37.607+0000][gc,heap       ] GC(184) Eden regions: 611->0(611)
[2024-09-19T11:26:37.607+0000][gc,heap       ] GC(184) Survivor regions: 3->3(77)
[2024-09-19T11:26:37.607+0000][gc,heap       ] GC(184) Old regions: 19->19
[2024-09-19T11:26:37.607+0000][gc,heap       ] GC(184) Humongous regions: 129->129
[2024-09-19T11:26:37.607+0000][gc,metaspace  ] GC(184) Metaspace: 45247K(48128K)->45247K(48128K) NonClass: 39510K(40960K)->39510K(40960K) Class: 5736K(7168K)->5736K(7168K)
[2024-09-19T11:26:37.607+0000][gc            ] GC(184) Pause Young (Normal) (G1 Evacuation Pause) 759M->148M(1024M) 3.319ms
[2024-09-19T11:26:37.607+0000][gc,cpu        ] GC(184) User=0.01s Sys=0.00s Real=0.00s
[2024-09-19T13:33:54.011+0000][gc,start      ] GC(185) Pause Young (Normal) (G1 Evacuation Pause)
[2024-09-19T13:33:54.011+0000][gc,task       ] GC(185) Using 4 workers of 4 for evacuation
[2024-09-19T13:33:54.014+0000][gc,phases     ] GC(185)   Pre Evacuate Collection Set: 0.0ms
[2024-09-19T13:33:54.014+0000][gc,phases     ] GC(185)   Evacuate Collection Set: 2.7ms
[2024-09-19T13:33:54.014+0000][gc,phases     ] GC(185)   Post Evacuate Collection Set: 0.4ms
[2024-09-19T13:33:54.014+0000][gc,phases     ] GC(185)   Other: 0.2ms
[2024-09-19T13:33:54.014+0000][gc,heap       ] GC(185) Eden regions: 611->0(611)
[2024-09-19T13:33:54.014+0000][gc,heap       ] GC(185) Survivor regions: 3->3(77)
[2024-09-19T13:33:54.014+0000][gc,heap       ] GC(185) Old regions: 19->19
[2024-09-19T13:33:54.014+0000][gc,heap       ] GC(185) Humongous regions: 178->129
[2024-09-19T13:33:54.014+0000][gc,metaspace  ] GC(185) Metaspace: 45247K(48128K)->45247K(48128K) NonClass: 39510K(40960K)->39510K(40960K) Class: 5736K(7168K)->5736K(7168K)
[2024-09-19T13:33:54.014+0000][gc            ] GC(185) Pause Young (Normal) (G1 Evacuation Pause) 808M->149M(1024M) 3.259ms
[2024-09-19T13:33:54.014+0000][gc,cpu        ] GC(185) User=0.01s Sys=0.00s Real=0.00s
[2024-09-19T15:41:13.997+0000][gc,start      ] GC(186) Pause Young (Normal) (G1 Evacuation Pause)
[2024-09-19T15:41:13.997+0000][gc,task       ] GC(186) Using 4 workers of 4 for evacuation
[2024-09-19T15:41:14.001+0000][gc,phases     ] GC(186)   Pre Evacuate Collection Set: 0.0ms
[2024-09-19T15:41:14.001+0000][gc,phases     ] GC(186)   Evacuate Collection Set: 3.7ms
[2024-09-19T15:41:14.001+0000][gc,phases     ] GC(186)   Post Evacuate Collection Set: 0.4ms
[2024-09-19T15:41:14.002+0000][gc,phases     ] GC(186)   Other: 0.2ms
[2024-09-19T15:41:14.002+0000][gc,heap       ] GC(186) Eden regions: 611->0(610)
[2024-09-19T15:41:14.002+0000][gc,heap       ] GC(186) Survivor regions: 3->4(77)
[2024-09-19T15:41:14.002+0000][gc,heap       ] GC(186) Old regions: 19->19
[2024-09-19T15:41:14.002+0000][gc,heap       ] GC(186) Humongous regions: 129->129
[2024-09-19T15:41:14.002+0000][gc,metaspace  ] GC(186) Metaspace: 45247K(48128K)->45247K(48128K) NonClass: 39510K(40960K)->39510K(40960K) Class: 5736K(7168K)->5736K(7168K)
[2024-09-19T15:41:14.002+0000][gc            ] GC(186) Pause Young (Normal) (G1 Evacuation Pause) 760M->149M(1024M) 4.365ms
[2024-09-19T15:41:14.002+0000][gc,cpu        ] GC(186) User=0.01s Sys=0.01s Real=0.00s
[2024-09-19T17:48:22.763+0000][gc,start      ] GC(187) Pause Young (Normal) (G1 Evacuation Pause)
[2024-09-19T17:48:22.764+0000][gc,task       ] GC(187) Using 4 workers of 4 for evacuation
[2024-09-19T17:48:22.767+0000][gc,phases     ] GC(187)   Pre Evacuate Collection Set: 0.0ms
[2024-09-19T17:48:22.767+0000][gc,phases     ] GC(187)   Evacuate Collection Set: 2.7ms
[2024-09-19T17:48:22.767+0000][gc,phases     ] GC(187)   Post Evacuate Collection Set: 0.5ms
[2024-09-19T17:48:22.767+0000][gc,phases     ] GC(187)   Other: 0.2ms
[2024-09-19T17:48:22.767+0000][gc,heap       ] GC(187) Eden regions: 610->0(611)
[2024-09-19T17:48:22.767+0000][gc,heap       ] GC(187) Survivor regions: 4->3(77)
[2024-09-19T17:48:22.767+0000][gc,heap       ] GC(187) Old regions: 19->19
[2024-09-19T17:48:22.767+0000][gc,heap       ] GC(187) Humongous regions: 129->129
[2024-09-19T17:48:22.767+0000][gc,metaspace  ] GC(187) Metaspace: 45247K(48128K)->45247K(48128K) NonClass: 39510K(40960K)->39510K(40960K) Class: 5736K(7168K)->5736K(7168K)
[2024-09-19T17:48:22.767+0000][gc            ] GC(187) Pause Young (Normal) (G1 Evacuation Pause) 759M->149M(1024M) 3.382ms
[2024-09-19T17:48:22.767+0000][gc,cpu        ] GC(187) User=0.01s Sys=0.00s Real=0.00s
[2024-09-19T19:55:49.011+0000][gc,start      ] GC(188) Pause Young (Normal) (G1 Evacuation Pause)
[2024-09-19T19:55:49.011+0000][gc,task       ] GC(188) Using 4 workers of 4 for evacuation
[2024-09-19T19:55:49.013+0000][gc,phases     ] GC(188)   Pre Evacuate Collection Set: 0.0ms
[2024-09-19T19:55:49.013+0000][gc,phases     ] GC(188)   Evacuate Collection Set: 2.3ms
[2024-09-19T19:55:49.014+0000][gc,phases     ] GC(188)   Post Evacuate Collection Set: 0.3ms
[2024-09-19T19:55:49.014+0000][gc,phases     ] GC(188)   Other: 0.2ms
[2024-09-19T19:55:49.014+0000][gc,heap       ] GC(188) Eden regions: 611->0(611)
[2024-09-19T19:55:49.014+0000][gc,heap       ] GC(188) Survivor regions: 3->3(77)
[2024-09-19T19:55:49.014+0000][gc,heap       ] GC(188) Old regions: 19->19
[2024-09-19T19:55:49.014+0000][gc,heap       ] GC(188) Humongous regions: 129->129
[2024-09-19T19:55:49.014+0000][gc,metaspace  ] GC(188) Metaspace: 45247K(48128K)->45247K(48128K) NonClass: 39510K(40960K)->39510K(40960K) Class: 5736K(7168K)->5736K(7168K)
[2024-09-19T19:55:49.014+0000][gc            ] GC(188) Pause Young (Normal) (G1 Evacuation Pause) 760M->149M(1024M) 2.915ms
[2024-09-19T19:55:49.014+0000][gc,cpu        ] GC(188) User=0.01s Sys=0.01s Real=0.00s
[2024-09-19T22:03:08.946+0000][gc,start      ] GC(189) Pause Young (Normal) (G1 Evacuation Pause)
[2024-09-19T22:03:08.946+0000][gc,task       ] GC(189) Using 4 workers of 4 for evacuation
[2024-09-19T22:03:08.949+0000][gc,phases     ] GC(189)   Pre Evacuate Collection Set: 0.0ms
[2024-09-19T22:03:08.949+0000][gc,phases     ] GC(189)   Evacuate Collection Set: 2.8ms
[2024-09-19T22:03:08.949+0000][gc,phases     ] GC(189)   Post Evacuate Collection Set: 0.4ms
[2024-09-19T22:03:08.949+0000][gc,phases     ] GC(189)   Other: 0.2ms
[2024-09-19T22:03:08.949+0000][gc,heap       ] GC(189) Eden regions: 611->0(610)
[2024-09-19T22:03:08.949+0000][gc,heap       ] GC(189) Survivor regions: 3->4(77)
[2024-09-19T22:03:08.949+0000][gc,heap       ] GC(189) Old regions: 19->19
[2024-09-19T22:03:08.949+0000][gc,heap       ] GC(189) Humongous regions: 129->129
[2024-09-19T22:03:08.949+0000][gc,metaspace  ] GC(189) Metaspace: 45247K(48128K)->45247K(48128K) NonClass: 39510K(40960K)->39510K(40960K) Class: 5736K(7168K)->5736K(7168K)
[2024-09-19T22:03:08.949+0000][gc            ] GC(189) Pause Young (Normal) (G1 Evacuation Pause) 760M->149M(1024M) 3.448ms
[2024-09-19T22:03:08.949+0000][gc,cpu        ] GC(189) User=0.01s Sys=0.00s Real=0.01s
[2024-09-20T00:10:15.841+0000][gc,start      ] GC(190) Pause Young (Normal) (G1 Evacuation Pause)
[2024-09-20T00:10:15.841+0000][gc,task       ] GC(190) Using 4 workers of 4 for evacuation
[2024-09-20T00:10:15.844+0000][gc,phases     ] GC(190)   Pre Evacuate Collection Set: 0.0ms
[2024-09-20T00:10:15.844+0000][gc,phases     ] GC(190)   Evacuate Collection Set: 3.2ms
[2024-09-20T00:10:15.844+0000][gc,phases     ] GC(190)   Post Evacuate Collection Set: 0.4ms
[2024-09-20T00:10:15.844+0000][gc,phases     ] GC(190)   Other: 0.2ms
[2024-09-20T00:10:15.844+0000][gc,heap       ] GC(190) Eden regions: 610->0(611)
[2024-09-20T00:10:15.844+0000][gc,heap       ] GC(190) Survivor regions: 4->3(77)
[2024-09-20T00:10:15.844+0000][gc,heap       ] GC(190) Old regions: 19->19
[2024-09-20T00:10:15.844+0000][gc,heap       ] GC(190) Humongous regions: 129->129
[2024-09-20T00:10:15.844+0000][gc,metaspace  ] GC(190) Metaspace: 45247K(48128K)->45247K(48128K) NonClass: 39510K(40960K)->39510K(40960K) Class: 5736K(7168K)->5736K(7168K)
[2024-09-20T00:10:15.844+0000][gc            ] GC(190) Pause Young (Normal) (G1 Evacuation Pause) 759M->148M(1024M) 3.816ms
[2024-09-20T00:10:15.844+0000][gc,cpu        ] GC(190) User=0.01s Sys=0.00s Real=0.00s
[2024-09-20T02:17:44.411+0000][gc,start      ] GC(191) Pause Young (Normal) (G1 Evacuation Pause)
[2024-09-20T02:17:44.411+0000][gc,task       ] GC(191) Using 4 workers of 4 for evacuation
[2024-09-20T02:17:44.414+0000][gc,phases     ] GC(191)   Pre Evacuate Collection Set: 0.0ms
[2024-09-20T02:17:44.414+0000][gc,phases     ] GC(191)   Evacuate Collection Set: 2.7ms
[2024-09-20T02:17:44.414+0000][gc,phases     ] GC(191)   Post Evacuate Collection Set: 0.4ms
[2024-09-20T02:17:44.414+0000][gc,phases     ] GC(191)   Other: 0.2ms
[2024-09-20T02:17:44.414+0000][gc,heap       ] GC(191) Eden regions: 611->0(611)
[2024-09-20T02:17:44.414+0000][gc,heap       ] GC(191) Survivor regions: 3->3(77)
[2024-09-20T02:17:44.414+0000][gc,heap       ] GC(191) Old regions: 19->19
[2024-09-20T02:17:44.414+0000][gc,heap       ] GC(191) Humongous regions: 129->129
[2024-09-20T02:17:44.414+0000][gc,metaspace  ] GC(191) Metaspace: 45247K(48128K)->45247K(48128K) NonClass: 39510K(40960K)->39510K(40960K) Class: 5736K(7168K)->5736K(7168K)
[2024-09-20T02:17:44.414+0000][gc            ] GC(191) Pause Young (Normal) (G1 Evacuation Pause) 759M->149M(1024M) 3.283ms
[2024-09-20T02:17:44.414+0000][gc,cpu        ] GC(191) User=0.01s Sys=0.00s Real=0.00s
[2024-09-20T04:25:07.776+0000][gc,start      ] GC(192) Pause Young (Normal) (G1 Evacuation Pause)
[2024-09-20T04:25:07.777+0000][gc,task       ] GC(192) Using 4 workers of 4 for evacuation
[2024-09-20T04:25:07.779+0000][gc,phases     ] GC(192)   Pre Evacuate Collection Set: 0.0ms
[2024-09-20T04:25:07.779+0000][gc,phases     ] GC(192)   Evacuate Collection Set: 2.2ms
[2024-09-20T04:25:07.779+0000][gc,phases     ] GC(192)   Post Evacuate Collection Set: 0.4ms
[2024-09-20T04:25:07.779+0000][gc,phases     ] GC(192)   Other: 0.2ms
[2024-09-20T04:25:07.779+0000][gc,heap       ] GC(192) Eden regions: 611->0(611)
[2024-09-20T04:25:07.779+0000][gc,heap       ] GC(192) Survivor regions: 3->3(77)
[2024-09-20T04:25:07.779+0000][gc,heap       ] GC(192) Old regions: 19->19
[2024-09-20T04:25:07.779+0000][gc,heap       ] GC(192) Humongous regions: 129->129
[2024-09-20T04:25:07.779+0000][gc,metaspace  ] GC(192) Metaspace: 45247K(48128K)->45247K(48128K) NonClass: 39510K(40960K)->39510K(40960K) Class: 5736K(7168K)->5736K(7168K)
[2024-09-20T04:25:07.779+0000][gc            ] GC(192) Pause Young (Normal) (G1 Evacuation Pause) 760M->148M(1024M) 2.859ms
[2024-09-20T04:25:07.779+0000][gc,cpu        ] GC(192) User=0.01s Sys=0.00s Real=0.01s
[2024-09-20T06:31:49.466+0000][gc,start      ] GC(193) Pause Young (Normal) (G1 Evacuation Pause)
[2024-09-20T06:31:49.466+0000][gc,task       ] GC(193) Using 4 workers of 4 for evacuation
[2024-09-20T06:31:49.470+0000][gc,phases     ] GC(193)   Pre Evacuate Collection Set: 0.0ms
[2024-09-20T06:31:49.470+0000][gc,phases     ] GC(193)   Evacuate Collection Set: 3.2ms
[2024-09-20T06:31:49.470+0000][gc,phases     ] GC(193)   Post Evacuate Collection Set: 0.5ms
[2024-09-20T06:31:49.470+0000][gc,phases     ] GC(193)   Other: 0.2ms
[2024-09-20T06:31:49.470+0000][gc,heap       ] GC(193) Eden regions: 611->0(611)
[2024-09-20T06:31:49.470+0000][gc,heap       ] GC(193) Survivor regions: 3->3(77)
[2024-09-20T06:31:49.470+0000][gc,heap       ] GC(193) Old regions: 19->19
[2024-09-20T06:31:49.470+0000][gc,heap       ] GC(193) Humongous regions: 129->129
[2024-09-20T06:31:49.470+0000][gc,metaspace  ] GC(193) Metaspace: 45247K(48128K)->45247K(48128K) NonClass: 39510K(40960K)->39510K(40960K) Class: 5736K(7168K)->5736K(7168K)
[2024-09-20T06:31:49.470+0000][gc            ] GC(193) Pause Young (Normal) (G1 Evacuation Pause) 759M->148M(1024M) 4.103ms
[2024-09-20T06:31:49.470+0000][gc,cpu        ] GC(193) User=0.01s Sys=0.00s Real=0.01s
[2024-09-20T08:39:11.103+0000][gc,start      ] GC(194) Pause Young (Normal) (G1 Evacuation Pause)
[2024-09-20T08:39:11.103+0000][gc,task       ] GC(194) Using 4 workers of 4 for evacuation
[2024-09-20T08:39:11.106+0000][gc,phases     ] GC(194)   Pre Evacuate Collection Set: 0.0ms
[2024-09-20T08:39:11.106+0000][gc,phases     ] GC(194)   Evacuate Collection Set: 2.7ms
[2024-09-20T08:39:11.106+0000][gc,phases     ] GC(194)   Post Evacuate Collection Set: 0.4ms
[2024-09-20T08:39:11.106+0000][gc,phases     ] GC(194)   Other: 0.2ms
[2024-09-20T08:39:11.106+0000][gc,heap       ] GC(194) Eden regions: 611->0(611)
[2024-09-20T08:39:11.106+0000][gc,heap       ] GC(194) Survivor regions: 3->3(77)
[2024-09-20T08:39:11.106+0000][gc,heap       ] GC(194) Old regions: 19->19
[2024-09-20T08:39:11.106+0000][gc,heap       ] GC(194) Humongous regions: 178->129
[2024-09-20T08:39:11.106+0000][gc,metaspace  ] GC(194) Metaspace: 45249K(48128K)->45249K(48128K) NonClass: 39513K(40960K)->39513K(40960K) Class: 5736K(7168K)->5736K(7168K)
[2024-09-20T08:39:11.106+0000][gc            ] GC(194) Pause Young (Normal) (G1 Evacuation Pause) 808M->149M(1024M) 3.278ms
[2024-09-20T08:39:11.106+0000][gc,cpu        ] GC(194) User=0.01s Sys=0.00s Real=0.00s
[2024-09-20T10:46:42.836+0000][gc,start      ] GC(195) Pause Young (Normal) (G1 Evacuation Pause)
[2024-09-20T10:46:42.836+0000][gc,task       ] GC(195) Using 4 workers of 4 for evacuation
[2024-09-20T10:46:42.840+0000][gc,phases     ] GC(195)   Pre Evacuate Collection Set: 0.0ms
[2024-09-20T10:46:42.840+0000][gc,phases     ] GC(195)   Evacuate Collection Set: 3.1ms
[2024-09-20T10:46:42.840+0000][gc,phases     ] GC(195)   Post Evacuate Collection Set: 0.4ms
[2024-09-20T10:46:42.840+0000][gc,phases     ] GC(195)   Other: 0.2ms
[2024-09-20T10:46:42.840+0000][gc,heap       ] GC(195) Eden regions: 611->0(610)
[2024-09-20T10:46:42.840+0000][gc,heap       ] GC(195) Survivor regions: 3->4(77)
[2024-09-20T10:46:42.840+0000][gc,heap       ] GC(195) Old regions: 19->19
[2024-09-20T10:46:42.840+0000][gc,heap       ] GC(195) Humongous regions: 129->129
[2024-09-20T10:46:42.840+0000][gc,metaspace  ] GC(195) Metaspace: 45249K(48128K)->45249K(48128K) NonClass: 39513K(40960K)->39513K(40960K) Class: 5736K(7168K)->5736K(7168K)
[2024-09-20T10:46:42.840+0000][gc            ] GC(195) Pause Young (Normal) (G1 Evacuation Pause) 760M->149M(1024M) 3.709ms
[2024-09-20T10:46:42.840+0000][gc,cpu        ] GC(195) User=0.01s Sys=0.00s Real=0.01s
[2024-09-20T12:53:53.670+0000][gc,start      ] GC(196) Pause Young (Normal) (G1 Evacuation Pause)
[2024-09-20T12:53:53.670+0000][gc,task       ] GC(196) Using 4 workers of 4 for evacuation
[2024-09-20T12:53:53.673+0000][gc,phases     ] GC(196)   Pre Evacuate Collection Set: 0.0ms
[2024-09-20T12:53:53.673+0000][gc,phases     ] GC(196)   Evacuate Collection Set: 2.2ms
[2024-09-20T12:53:53.673+0000][gc,phases     ] GC(196)   Post Evacuate Collection Set: 0.4ms
[2024-09-20T12:53:53.673+0000][gc,phases     ] GC(196)   Other: 0.2ms
[2024-09-20T12:53:53.673+0000][gc,heap       ] GC(196) Eden regions: 610->0(611)
[2024-09-20T12:53:53.673+0000][gc,heap       ] GC(196) Survivor regions: 4->3(77)
[2024-09-20T12:53:53.673+0000][gc,heap       ] GC(196) Old regions: 19->19
[2024-09-20T12:53:53.673+0000][gc,heap       ] GC(196) Humongous regions: 129->129
[2024-09-20T12:53:53.673+0000][gc,metaspace  ] GC(196) Metaspace: 45249K(48128K)->45249K(48128K) NonClass: 39513K(40960K)->39513K(40960K) Class: 5736K(7168K)->5736K(7168K)
[2024-09-20T12:53:53.673+0000][gc            ] GC(196) Pause Young (Normal) (G1 Evacuation Pause) 759M->149M(1024M) 2.917ms
[2024-09-20T12:53:53.673+0000][gc,cpu        ] GC(196) User=0.00s Sys=0.01s Real=0.00s
[2024-09-20T15:01:14.485+0000][gc,start      ] GC(197) Pause Young (Normal) (G1 Evacuation Pause)
[2024-09-20T15:01:14.485+0000][gc,task       ] GC(197) Using 4 workers of 4 for evacuation
[2024-09-20T15:01:14.490+0000][gc,phases     ] GC(197)   Pre Evacuate Collection Set: 0.0ms
[2024-09-20T15:01:14.490+0000][gc,phases     ] GC(197)   Evacuate Collection Set: 4.1ms
[2024-09-20T15:01:14.490+0000][gc,phases     ] GC(197)   Post Evacuate Collection Set: 0.4ms
[2024-09-20T15:01:14.490+0000][gc,phases     ] GC(197)   Other: 0.2ms
[2024-09-20T15:01:14.490+0000][gc,heap       ] GC(197) Eden regions: 611->0(611)
[2024-09-20T15:01:14.490+0000][gc,heap       ] GC(197) Survivor regions: 3->3(77)
[2024-09-20T15:01:14.490+0000][gc,heap       ] GC(197) Old regions: 19->19
[2024-09-20T15:01:14.490+0000][gc,heap       ] GC(197) Humongous regions: 129->129
[2024-09-20T15:01:14.490+0000][gc,metaspace  ] GC(197) Metaspace: 45249K(48128K)->45249K(48128K) NonClass: 39513K(40960K)->39513K(40960K) Class: 5736K(7168K)->5736K(7168K)
[2024-09-20T15:01:14.490+0000][gc            ] GC(197) Pause Young (Normal) (G1 Evacuation Pause) 760M->149M(1024M) 4.783ms
[2024-09-20T15:01:14.490+0000][gc,cpu        ] GC(197) User=0.01s Sys=0.00s Real=0.01s
[2024-09-20T17:08:39.011+0000][gc,start      ] GC(198) Pause Young (Normal) (G1 Evacuation Pause)
[2024-09-20T17:08:39.011+0000][gc,task       ] GC(198) Using 4 workers of 4 for evacuation
[2024-09-20T17:08:39.014+0000][gc,phases     ] GC(198)   Pre Evacuate Collection Set: 0.0ms
[2024-09-20T17:08:39.014+0000][gc,phases     ] GC(198)   Evacuate Collection Set: 2.8ms
[2024-09-20T17:08:39.014+0000][gc,phases     ] GC(198)   Post Evacuate Collection Set: 0.5ms
[2024-09-20T17:08:39.014+0000][gc,phases     ] GC(198)   Other: 0.2ms
[2024-09-20T17:08:39.014+0000][gc,heap       ] GC(198) Eden regions: 611->0(610)
[2024-09-20T17:08:39.014+0000][gc,heap       ] GC(198) Survivor regions: 3->4(77)
[2024-09-20T17:08:39.014+0000][gc,heap       ] GC(198) Old regions: 19->19
[2024-09-20T17:08:39.014+0000][gc,heap       ] GC(198) Humongous regions: 129->129
[2024-09-20T17:08:39.014+0000][gc,metaspace  ] GC(198) Metaspace: 45249K(48128K)->45249K(48128K) NonClass: 39513K(40960K)->39513K(40960K) Class: 5736K(7168K)->5736K(7168K)
[2024-09-20T17:08:39.014+0000][gc            ] GC(198) Pause Young (Normal) (G1 Evacuation Pause) 760M->149M(1024M) 3.546ms
[2024-09-20T17:08:39.014+0000][gc,cpu        ] GC(198) User=0.01s Sys=0.00s Real=0.00s
[2024-09-20T19:15:53.333+0000][gc,start      ] GC(199) Pause Young (Normal) (G1 Evacuation Pause)
[2024-09-20T19:15:53.333+0000][gc,task       ] GC(199) Using 4 workers of 4 for evacuation
[2024-09-20T19:15:53.336+0000][gc,phases     ] GC(199)   Pre Evacuate Collection Set: 0.0ms
[2024-09-20T19:15:53.336+0000][gc,phases     ] GC(199)   Evacuate Collection Set: 2.0ms
[2024-09-20T19:15:53.336+0000][gc,phases     ] GC(199)   Post Evacuate Collection Set: 0.3ms
[2024-09-20T19:15:53.336+0000][gc,phases     ] GC(199)   Other: 0.2ms
[2024-09-20T19:15:53.336+0000][gc,heap       ] GC(199) Eden regions: 610->0(611)
[2024-09-20T19:15:53.336+0000][gc,heap       ] GC(199) Survivor regions: 4->3(77)
[2024-09-20T19:15:53.336+0000][gc,heap       ] GC(199) Old regions: 19->19
[2024-09-20T19:15:53.336+0000][gc,heap       ] GC(199) Humongous regions: 129->129
[2024-09-20T19:15:53.336+0000][gc,metaspace  ] GC(199) Metaspace: 45249K(48128K)->45249K(48128K) NonClass: 39513K(40960K)->39513K(40960K) Class: 5736K(7168K)->5736K(7168K)
[2024-09-20T19:15:53.336+0000][gc            ] GC(199) Pause Young (Normal) (G1 Evacuation Pause) 759M->149M(1024M) 2.591ms
[2024-09-20T19:15:53.336+0000][gc,cpu        ] GC(199) User=0.00s Sys=0.00s Real=0.00s
[2024-09-20T21:23:13.201+0000][gc,start      ] GC(200) Pause Young (Normal) (G1 Evacuation Pause)
[2024-09-20T21:23:13.201+0000][gc,task       ] GC(200) Using 4 workers of 4 for evacuation
[2024-09-20T21:23:13.205+0000][gc,phases     ] GC(200)   Pre Evacuate Collection Set: 0.0ms
[2024-09-20T21:23:13.205+0000][gc,phases     ] GC(200)   Evacuate Collection Set: 3.3ms
[2024-09-20T21:23:13.205+0000][gc,phases     ] GC(200)   Post Evacuate Collection Set: 0.4ms
[2024-09-20T21:23:13.205+0000][gc,phases     ] GC(200)   Other: 0.2ms
[2024-09-20T21:23:13.205+0000][gc,heap       ] GC(200) Eden regions: 611->0(611)
[2024-09-20T21:23:13.205+0000][gc,heap       ] GC(200) Survivor regions: 3->3(77)
[2024-09-20T21:23:13.205+0000][gc,heap       ] GC(200) Old regions: 19->19
[2024-09-20T21:23:13.205+0000][gc,heap       ] GC(200) Humongous regions: 129->129
[2024-09-20T21:23:13.205+0000][gc,metaspace  ] GC(200) Metaspace: 45249K(48128K)->45249K(48128K) NonClass: 39513K(40960K)->39513K(40960K) Class: 5736K(7168K)->5736K(7168K)
[2024-09-20T21:23:13.205+0000][gc            ] GC(200) Pause Young (Normal) (G1 Evacuation Pause) 760M->149M(1024M) 3.968ms
[2024-09-20T21:23:13.205+0000][gc,cpu        ] GC(200) User=0.01s Sys=0.00s Real=0.00s
[2024-09-20T23:29:43.365+0000][gc,start      ] GC(201) Pause Young (Normal) (G1 Evacuation Pause)
[2024-09-20T23:29:43.365+0000][gc,task       ] GC(201) Using 4 workers of 4 for evacuation
[2024-09-20T23:29:43.367+0000][gc,phases     ] GC(201)   Pre Evacuate Collection Set: 0.0ms
[2024-09-20T23:29:43.368+0000][gc,phases     ] GC(201)   Evacuate Collection Set: 2.4ms
[2024-09-20T23:29:43.368+0000][gc,phases     ] GC(201)   Post Evacuate Collection Set: 0.4ms
[2024-09-20T23:29:43.368+0000][gc,phases     ] GC(201)   Other: 0.2ms
[2024-09-20T23:29:43.368+0000][gc,heap       ] GC(201) Eden regions: 611->0(610)
[2024-09-20T23:29:43.368+0000][gc,heap       ] GC(201) Survivor regions: 3->4(77)
[2024-09-20T23:29:43.368+0000][gc,heap       ] GC(201) Old regions: 19->19
[2024-09-20T23:29:43.368+0000][gc,heap       ] GC(201) Humongous regions: 290->129
[2024-09-20T23:29:43.368+0000][gc,metaspace  ] GC(201) Metaspace: 45252K(48128K)->45252K(48128K) NonClass: 39516K(40960K)->39516K(40960K) Class: 5736K(7168K)->5736K(7168K)
[2024-09-20T23:29:43.368+0000][gc            ] GC(201) Pause Young (Normal) (G1 Evacuation Pause) 921M->149M(1024M) 3.027ms
[2024-09-20T23:29:43.368+0000][gc,cpu        ] GC(201) User=0.01s Sys=0.00s Real=0.00s
[2024-09-21T01:36:34.416+0000][gc,start      ] GC(202) Pause Young (Normal) (G1 Evacuation Pause)
[2024-09-21T01:36:34.416+0000][gc,task       ] GC(202) Using 4 workers of 4 for evacuation
[2024-09-21T01:36:34.418+0000][gc,phases     ] GC(202)   Pre Evacuate Collection Set: 0.0ms
[2024-09-21T01:36:34.418+0000][gc,phases     ] GC(202)   Evacuate Collection Set: 2.1ms
[2024-09-21T01:36:34.418+0000][gc,phases     ] GC(202)   Post Evacuate Collection Set: 0.5ms
[2024-09-21T01:36:34.418+0000][gc,phases     ] GC(202)   Other: 0.2ms
[2024-09-21T01:36:34.418+0000][gc,heap       ] GC(202) Eden regions: 610->0(611)
[2024-09-21T01:36:34.418+0000][gc,heap       ] GC(202) Survivor regions: 4->3(77)
[2024-09-21T01:36:34.418+0000][gc,heap       ] GC(202) Old regions: 19->19
[2024-09-21T01:36:34.418+0000][gc,heap       ] GC(202) Humongous regions: 129->129
[2024-09-21T01:36:34.418+0000][gc,metaspace  ] GC(202) Metaspace: 45252K(48128K)->45252K(48128K) NonClass: 39516K(40960K)->39516K(40960K) Class: 5736K(7168K)->5736K(7168K)
[2024-09-21T01:36:34.418+0000][gc            ] GC(202) Pause Young (Normal) (G1 Evacuation Pause) 759M->148M(1024M) 2.764ms
[2024-09-21T01:36:34.418+0000][gc,cpu        ] GC(202) User=0.01s Sys=0.00s Real=0.01s
[2024-09-21T03:44:07.805+0000][gc,start      ] GC(203) Pause Young (Normal) (G1 Evacuation Pause)
[2024-09-21T03:44:07.805+0000][gc,task       ] GC(203) Using 4 workers of 4 for evacuation
[2024-09-21T03:44:07.808+0000][gc,phases     ] GC(203)   Pre Evacuate Collection Set: 0.0ms
[2024-09-21T03:44:07.808+0000][gc,phases     ] GC(203)   Evacuate Collection Set: 2.2ms
[2024-09-21T03:44:07.808+0000][gc,phases     ] GC(203)   Post Evacuate Collection Set: 0.5ms
[2024-09-21T03:44:07.808+0000][gc,phases     ] GC(203)   Other: 0.2ms
[2024-09-21T03:44:07.808+0000][gc,heap       ] GC(203) Eden regions: 611->0(611)
[2024-09-21T03:44:07.808+0000][gc,heap       ] GC(203) Survivor regions: 3->3(77)
[2024-09-21T03:44:07.808+0000][gc,heap       ] GC(203) Old regions: 19->19
[2024-09-21T03:44:07.808+0000][gc,heap       ] GC(203) Humongous regions: 178->129
[2024-09-21T03:44:07.808+0000][gc,metaspace  ] GC(203) Metaspace: 45252K(48128K)->45252K(48128K) NonClass: 39516K(40960K)->39516K(40960K) Class: 5736K(7168K)->5736K(7168K)
[2024-09-21T03:44:07.808+0000][gc            ] GC(203) Pause Young (Normal) (G1 Evacuation Pause) 808M->149M(1024M) 3.021ms
[2024-09-21T03:44:07.808+0000][gc,cpu        ] GC(203) User=0.01s Sys=0.00s Real=0.00s
[2024-09-21T05:51:39.011+0000][gc,start      ] GC(204) Pause Young (Normal) (G1 Evacuation Pause)
[2024-09-21T05:51:39.011+0000][gc,task       ] GC(204) Using 4 workers of 4 for evacuation
[2024-09-21T05:51:39.015+0000][gc,phases     ] GC(204)   Pre Evacuate Collection Set: 0.0ms
[2024-09-21T05:51:39.015+0000][gc,phases     ] GC(204)   Evacuate Collection Set: 3.8ms
[2024-09-21T05:51:39.015+0000][gc,phases     ] GC(204)   Post Evacuate Collection Set: 0.4ms
[2024-09-21T05:51:39.015+0000][gc,phases     ] GC(204)   Other: 0.2ms
[2024-09-21T05:51:39.015+0000][gc,heap       ] GC(204) Eden regions: 611->0(610)
[2024-09-21T05:51:39.015+0000][gc,heap       ] GC(204) Survivor regions: 3->4(77)
[2024-09-21T05:51:39.015+0000][gc,heap       ] GC(204) Old regions: 19->19
[2024-09-21T05:51:39.015+0000][gc,heap       ] GC(204) Humongous regions: 129->129
[2024-09-21T05:51:39.015+0000][gc,metaspace  ] GC(204) Metaspace: 45252K(48128K)->45252K(48128K) NonClass: 39516K(40960K)->39516K(40960K) Class: 5736K(7168K)->5736K(7168K)
[2024-09-21T05:51:39.015+0000][gc            ] GC(204) Pause Young (Normal) (G1 Evacuation Pause) 760M->149M(1024M) 4.549ms
[2024-09-21T05:51:39.015+0000][gc,cpu        ] GC(204) User=0.01s Sys=0.00s Real=0.00s
[2024-09-21T07:58:49.057+0000][gc,start      ] GC(205) Pause Young (Normal) (G1 Evacuation Pause)
[2024-09-21T07:58:49.057+0000][gc,task       ] GC(205) Using 4 workers of 4 for evacuation
[2024-09-21T07:58:49.060+0000][gc,phases     ] GC(205)   Pre Evacuate Collection Set: 0.0ms
[2024-09-21T07:58:49.060+0000][gc,phases     ] GC(205)   Evacuate Collection Set: 2.1ms
[2024-09-21T07:58:49.060+0000][gc,phases     ] GC(205)   Post Evacuate Collection Set: 0.7ms
[2024-09-21T07:58:49.060+0000][gc,phases     ] GC(205)   Other: 0.2ms
[2024-09-21T07:58:49.060+0000][gc,heap       ] GC(205) Eden regions: 610->0(611)
[2024-09-21T07:58:49.060+0000][gc,heap       ] GC(205) Survivor regions: 4->3(77)
[2024-09-21T07:58:49.060+0000][gc,heap       ] GC(205) Old regions: 19->19
[2024-09-21T07:58:49.060+0000][gc,heap       ] GC(205) Humongous regions: 129->129
[2024-09-21T07:58:49.060+0000][gc,metaspace  ] GC(205) Metaspace: 45252K(48128K)->45252K(48128K) NonClass: 39516K(40960K)->39516K(40960K) Class: 5736K(7168K)->5736K(7168K)
[2024-09-21T07:58:49.060+0000][gc            ] GC(205) Pause Young (Normal) (G1 Evacuation Pause) 759M->148M(1024M) 3.002ms
[2024-09-21T07:58:49.060+0000][gc,cpu        ] GC(205) User=0.01s Sys=0.00s Real=0.01s
[2024-09-21T10:06:17.167+0000][gc,start      ] GC(206) Pause Young (Normal) (G1 Evacuation Pause)
[2024-09-21T10:06:17.167+0000][gc,task       ] GC(206) Using 4 workers of 4 for evacuation
[2024-09-21T10:06:17.170+0000][gc,phases     ] GC(206)   Pre Evacuate Collection Set: 0.0ms
[2024-09-21T10:06:17.170+0000][gc,phases     ] GC(206)   Evacuate Collection Set: 3.1ms
[2024-09-21T10:06:17.170+0000][gc,phases     ] GC(206)   Post Evacuate Collection Set: 0.4ms
[2024-09-21T10:06:17.171+0000][gc,phases     ] GC(206)   Other: 0.2ms
[2024-09-21T10:06:17.171+0000][gc,heap       ] GC(206) Eden regions: 611->0(611)
[2024-09-21T10:06:17.171+0000][gc,heap       ] GC(206) Survivor regions: 3->3(77)
[2024-09-21T10:06:17.171+0000][gc,heap       ] GC(206) Old regions: 19->19
[2024-09-21T10:06:17.171+0000][gc,heap       ] GC(206) Humongous regions: 129->129
[2024-09-21T10:06:17.171+0000][gc,metaspace  ] GC(206) Metaspace: 45254K(48128K)->45254K(48128K) NonClass: 39517K(40960K)->39517K(40960K) Class: 5736K(7168K)->5736K(7168K)
[2024-09-21T10:06:17.171+0000][gc            ] GC(206) Pause Young (Normal) (G1 Evacuation Pause) 759M->149M(1024M) 3.694ms
[2024-09-21T10:06:17.171+0000][gc,cpu        ] GC(206) User=0.01s Sys=0.00s Real=0.01s
[2024-09-21T12:13:54.011+0000][gc,start      ] GC(207) Pause Young (Normal) (G1 Evacuation Pause)
[2024-09-21T12:13:54.011+0000][gc,task       ] GC(207) Using 4 workers of 4 for evacuation
[2024-09-21T12:13:54.015+0000][gc,phases     ] GC(207)   Pre Evacuate Collection Set: 0.0ms
[2024-09-21T12:13:54.015+0000][gc,phases     ] GC(207)   Evacuate Collection Set: 3.4ms
[2024-09-21T12:13:54.015+0000][gc,phases     ] GC(207)   Post Evacuate Collection Set: 0.4ms
[2024-09-21T12:13:54.015+0000][gc,phases     ] GC(207)   Other: 0.2ms
[2024-09-21T12:13:54.015+0000][gc,heap       ] GC(207) Eden regions: 611->0(610)
[2024-09-21T12:13:54.015+0000][gc,heap       ] GC(207) Survivor regions: 3->4(77)
[2024-09-21T12:13:54.015+0000][gc,heap       ] GC(207) Old regions: 19->19
[2024-09-21T12:13:54.015+0000][gc,heap       ] GC(207) Humongous regions: 129->129
[2024-09-21T12:13:54.015+0000][gc,metaspace  ] GC(207) Metaspace: 45254K(48128K)->45254K(48128K) NonClass: 39517K(40960K)->39517K(40960K) Class: 5736K(7168K)->5736K(7168K)
[2024-09-21T12:13:54.015+0000][gc            ] GC(207) Pause Young (Normal) (G1 Evacuation Pause) 760M->149M(1024M) 4.076ms
[2024-09-21T12:13:54.015+0000][gc,cpu        ] GC(207) User=0.01s Sys=0.00s Real=0.00s
[2024-09-21T14:21:03.829+0000][gc,start      ] GC(208) Pause Young (Normal) (G1 Evacuation Pause)
[2024-09-21T14:21:03.829+0000][gc,task       ] GC(208) Using 4 workers of 4 for evacuation
[2024-09-21T14:21:03.832+0000][gc,phases     ] GC(208)   Pre Evacuate Collection Set: 0.0ms
[2024-09-21T14:21:03.832+0000][gc,phases     ] GC(208)   Evacuate Collection Set: 2.2ms
[2024-09-21T14:21:03.832+0000][gc,phases     ] GC(208)   Post Evacuate Collection Set: 0.5ms
[2024-09-21T14:21:03.832+0000][gc,phases     ] GC(208)   Other: 0.2ms
[2024-09-21T14:21:03.832+0000][gc,heap       ] GC(208) Eden regions: 610->0(611)
[2024-09-21T14:21:03.832+0000][gc,heap       ] GC(208) Survivor regions: 4->3(77)
[2024-09-21T14:21:03.832+0000][gc,heap       ] GC(208) Old regions: 19->19
[2024-09-21T14:21:03.832+0000][gc,heap       ] GC(208) Humongous regions: 129->129
[2024-09-21T14:21:03.832+0000][gc,metaspace  ] GC(208) Metaspace: 45272K(48128K)->45272K(48128K) NonClass: 39528K(40960K)->39528K(40960K) Class: 5743K(7168K)->5743K(7168K)
[2024-09-21T14:21:03.832+0000][gc            ] GC(208) Pause Young (Normal) (G1 Evacuation Pause) 759M->149M(1024M) 3.033ms
[2024-09-21T14:21:03.833+0000][gc,cpu        ] GC(208) User=0.00s Sys=0.01s Real=0.00s
[2024-09-21T16:27:51.680+0000][gc,start      ] GC(209) Pause Young (Normal) (G1 Evacuation Pause)
[2024-09-21T16:27:51.680+0000][gc,task       ] GC(209) Using 4 workers of 4 for evacuation
[2024-09-21T16:27:51.683+0000][gc,phases     ] GC(209)   Pre Evacuate Collection Set: 0.0ms
[2024-09-21T16:27:51.683+0000][gc,phases     ] GC(209)   Evacuate Collection Set: 2.6ms
[2024-09-21T16:27:51.683+0000][gc,phases     ] GC(209)   Post Evacuate Collection Set: 0.5ms
[2024-09-21T16:27:51.683+0000][gc,phases     ] GC(209)   Other: 0.2ms
[2024-09-21T16:27:51.683+0000][gc,heap       ] GC(209) Eden regions: 611->0(611)
[2024-09-21T16:27:51.683+0000][gc,heap       ] GC(209) Survivor regions: 3->3(77)
[2024-09-21T16:27:51.683+0000][gc,heap       ] GC(209) Old regions: 19->19
[2024-09-21T16:27:51.683+0000][gc,heap       ] GC(209) Humongous regions: 129->129
[2024-09-21T16:27:51.683+0000][gc,metaspace  ] GC(209) Metaspace: 45272K(48128K)->45272K(48128K) NonClass: 39528K(40960K)->39528K(40960K) Class: 5743K(7168K)->5743K(7168K)
[2024-09-21T16:27:51.683+0000][gc            ] GC(209) Pause Young (Normal) (G1 Evacuation Pause) 760M->149M(1024M) 3.300ms
[2024-09-21T16:27:51.683+0000][gc,cpu        ] GC(209) User=0.01s Sys=0.00s Real=0.00s
[2024-09-21T18:34:53.853+0000][gc,start      ] GC(210) Pause Young (Normal) (G1 Evacuation Pause)
[2024-09-21T18:34:53.853+0000][gc,task       ] GC(210) Using 4 workers of 4 for evacuation
[2024-09-21T18:34:53.857+0000][gc,phases     ] GC(210)   Pre Evacuate Collection Set: 0.0ms
[2024-09-21T18:34:53.857+0000][gc,phases     ] GC(210)   Evacuate Collection Set: 2.7ms
[2024-09-21T18:34:53.857+0000][gc,phases     ] GC(210)   Post Evacuate Collection Set: 0.4ms
[2024-09-21T18:34:53.857+0000][gc,phases     ] GC(210)   Other: 0.2ms
[2024-09-21T18:34:53.857+0000][gc,heap       ] GC(210) Eden regions: 611->0(610)
[2024-09-21T18:34:53.857+0000][gc,heap       ] GC(210) Survivor regions: 3->4(77)
[2024-09-21T18:34:53.857+0000][gc,heap       ] GC(210) Old regions: 19->19
[2024-09-21T18:34:53.857+0000][gc,heap       ] GC(210) Humongous regions: 129->129
[2024-09-21T18:34:53.857+0000][gc,metaspace  ] GC(210) Metaspace: 45272K(48128K)->45272K(48128K) NonClass: 39528K(40960K)->39528K(40960K) Class: 5743K(7168K)->5743K(7168K)
[2024-09-21T18:34:53.857+0000][gc            ] GC(210) Pause Young (Normal) (G1 Evacuation Pause) 760M->149M(1024M) 3.321ms
[2024-09-21T18:34:53.857+0000][gc,cpu        ] GC(210) User=0.01s Sys=0.00s Real=0.00s
[2024-09-21T20:42:01.098+0000][gc,start      ] GC(211) Pause Young (Normal) (G1 Evacuation Pause)
[2024-09-21T20:42:01.098+0000][gc,task       ] GC(211) Using 4 workers of 4 for evacuation
[2024-09-21T20:42:01.102+0000][gc,phases     ] GC(211)   Pre Evacuate Collection Set: 0.0ms
[2024-09-21T20:42:01.102+0000][gc,phases     ] GC(211)   Evacuate Collection Set: 3.7ms
[2024-09-21T20:42:01.102+0000][gc,phases     ] GC(211)   Post Evacuate Collection Set: 0.5ms
[2024-09-21T20:42:01.102+0000][gc,phases     ] GC(211)   Other: 0.2ms
[2024-09-21T20:42:01.102+0000][gc,heap       ] GC(211) Eden regions: 610->0(610)
[2024-09-21T20:42:01.102+0000][gc,heap       ] GC(211) Survivor regions: 4->4(77)
[2024-09-21T20:42:01.102+0000][gc,heap       ] GC(211) Old regions: 19->19
[2024-09-21T20:42:01.102+0000][gc,heap       ] GC(211) Humongous regions: 129->129
[2024-09-21T20:42:01.102+0000][gc,metaspace  ] GC(211) Metaspace: 45272K(48128K)->45272K(48128K) NonClass: 39528K(40960K)->39528K(40960K) Class: 5743K(7168K)->5743K(7168K)
[2024-09-21T20:42:01.102+0000][gc            ] GC(211) Pause Young (Normal) (G1 Evacuation Pause) 759M->149M(1024M) 4.489ms
[2024-09-21T20:42:01.102+0000][gc,cpu        ] GC(211) User=0.02s Sys=0.00s Real=0.00s
[2024-09-21T22:48:58.438+0000][gc,start      ] GC(212) Pause Young (Normal) (G1 Evacuation Pause)
[2024-09-21T22:48:58.438+0000][gc,task       ] GC(212) Using 4 workers of 4 for evacuation
[2024-09-21T22:48:58.442+0000][gc,phases     ] GC(212)   Pre Evacuate Collection Set: 0.0ms
[2024-09-21T22:48:58.442+0000][gc,phases     ] GC(212)   Evacuate Collection Set: 3.0ms
[2024-09-21T22:48:58.442+0000][gc,phases     ] GC(212)   Post Evacuate Collection Set: 0.7ms
[2024-09-21T22:48:58.442+0000][gc,phases     ] GC(212)   Other: 0.2ms
[2024-09-21T22:48:58.442+0000][gc,heap       ] GC(212) Eden regions: 610->0(611)
[2024-09-21T22:48:58.442+0000][gc,heap       ] GC(212) Survivor regions: 4->3(77)
[2024-09-21T22:48:58.442+0000][gc,heap       ] GC(212) Old regions: 19->19
[2024-09-21T22:48:58.442+0000][gc,heap       ] GC(212) Humongous regions: 129->129
[2024-09-21T22:48:58.442+0000][gc,metaspace  ] GC(212) Metaspace: 45272K(48128K)->45272K(48128K) NonClass: 39528K(40960K)->39528K(40960K) Class: 5743K(7168K)->5743K(7168K)
[2024-09-21T22:48:58.442+0000][gc            ] GC(212) Pause Young (Normal) (G1 Evacuation Pause) 759M->148M(1024M) 3.923ms
[2024-09-21T22:48:58.442+0000][gc,cpu        ] GC(212) User=0.01s Sys=0.00s Real=0.00s
[2024-09-22T00:56:18.718+0000][gc,start      ] GC(213) Pause Young (Normal) (G1 Evacuation Pause)
[2024-09-22T00:56:18.718+0000][gc,task       ] GC(213) Using 4 workers of 4 for evacuation
[2024-09-22T00:56:18.720+0000][gc,phases     ] GC(213)   Pre Evacuate Collection Set: 0.0ms
[2024-09-22T00:56:18.721+0000][gc,phases     ] GC(213)   Evacuate Collection Set: 2.3ms
[2024-09-22T00:56:18.721+0000][gc,phases     ] GC(213)   Post Evacuate Collection Set: 0.3ms
[2024-09-22T00:56:18.721+0000][gc,phases     ] GC(213)   Other: 0.2ms
[2024-09-22T00:56:18.721+0000][gc,heap       ] GC(213) Eden regions: 611->0(611)
[2024-09-22T00:56:18.721+0000][gc,heap       ] GC(213) Survivor regions: 3->3(77)
[2024-09-22T00:56:18.721+0000][gc,heap       ] GC(213) Old regions: 19->19
[2024-09-22T00:56:18.721+0000][gc,heap       ] GC(213) Humongous regions: 178->129
[2024-09-22T00:56:18.721+0000][gc,metaspace  ] GC(213) Metaspace: 45272K(48128K)->45272K(48128K) NonClass: 39529K(40960K)->39529K(40960K) Class: 5743K(7168K)->5743K(7168K)
[2024-09-22T00:56:18.721+0000][gc            ] GC(213) Pause Young (Normal) (G1 Evacuation Pause) 808M->149M(1024M) 2.916ms
[2024-09-22T00:56:18.721+0000][gc,cpu        ] GC(213) User=0.00s Sys=0.00s Real=0.00s
[2024-09-22T03:03:24.011+0000][gc,start      ] GC(214) Pause Young (Normal) (G1 Evacuation Pause)
[2024-09-22T03:03:24.011+0000][gc,task       ] GC(214) Using 4 workers of 4 for evacuation
[2024-09-22T03:03:24.015+0000][gc,phases     ] GC(214)   Pre Evacuate Collection Set: 0.0ms
[2024-09-22T03:03:24.015+0000][gc,phases     ] GC(214)   Evacuate Collection Set: 3.4ms
[2024-09-22T03:03:24.015+0000][gc,phases     ] GC(214)   Post Evacuate Collection Set: 0.4ms
[2024-09-22T03:03:24.015+0000][gc,phases     ] GC(214)   Other: 0.2ms
[2024-09-22T03:03:24.015+0000][gc,heap       ] GC(214) Eden regions: 611->0(610)
[2024-09-22T03:03:24.015+0000][gc,heap       ] GC(214) Survivor regions: 3->4(77)
[2024-09-22T03:03:24.015+0000][gc,heap       ] GC(214) Old regions: 19->19
[2024-09-22T03:03:24.015+0000][gc,heap       ] GC(214) Humongous regions: 129->129
[2024-09-22T03:03:24.015+0000][gc,metaspace  ] GC(214) Metaspace: 45381K(48384K)->45381K(48384K) NonClass: 39615K(41216K)->39615K(41216K) Class: 5766K(7168K)->5766K(7168K)
[2024-09-22T03:03:24.015+0000][gc            ] GC(214) Pause Young (Normal) (G1 Evacuation Pause) 760M->150M(1024M) 4.084ms
[2024-09-22T03:03:24.015+0000][gc,cpu        ] GC(214) User=0.01s Sys=0.00s Real=0.00s
[2024-09-22T05:10:14.606+0000][gc,start      ] GC(215) Pause Young (Normal) (G1 Evacuation Pause)
[2024-09-22T05:10:14.606+0000][gc,task       ] GC(215) Using 4 workers of 4 for evacuation
[2024-09-22T05:10:14.609+0000][gc,phases     ] GC(215)   Pre Evacuate Collection Set: 0.0ms
[2024-09-22T05:10:14.609+0000][gc,phases     ] GC(215)   Evacuate Collection Set: 2.2ms
[2024-09-22T05:10:14.609+0000][gc,phases     ] GC(215)   Post Evacuate Collection Set: 0.5ms
[2024-09-22T05:10:14.609+0000][gc,phases     ] GC(215)   Other: 0.2ms
[2024-09-22T05:10:14.609+0000][gc,heap       ] GC(215) Eden regions: 610->0(611)
[2024-09-22T05:10:14.609+0000][gc,heap       ] GC(215) Survivor regions: 4->3(77)
[2024-09-22T05:10:14.609+0000][gc,heap       ] GC(215) Old regions: 19->19
[2024-09-22T05:10:14.609+0000][gc,heap       ] GC(215) Humongous regions: 129->129
[2024-09-22T05:10:14.609+0000][gc,metaspace  ] GC(215) Metaspace: 45381K(48384K)->45381K(48384K) NonClass: 39615K(41216K)->39615K(41216K) Class: 5766K(7168K)->5766K(7168K)
[2024-09-22T05:10:14.609+0000][gc            ] GC(215) Pause Young (Normal) (G1 Evacuation Pause) 760M->148M(1024M) 2.876ms
[2024-09-22T05:10:14.609+0000][gc,cpu        ] GC(215) User=0.01s Sys=0.00s Real=0.01s
[2024-09-22T07:17:49.011+0000][gc,start      ] GC(216) Pause Young (Normal) (G1 Evacuation Pause)
[2024-09-22T07:17:49.011+0000][gc,task       ] GC(216) Using 4 workers of 4 for evacuation
[2024-09-22T07:17:49.015+0000][gc,phases     ] GC(216)   Pre Evacuate Collection Set: 0.0ms
[2024-09-22T07:17:49.015+0000][gc,phases     ] GC(216)   Evacuate Collection Set: 3.4ms
[2024-09-22T07:17:49.015+0000][gc,phases     ] GC(216)   Post Evacuate Collection Set: 0.4ms
[2024-09-22T07:17:49.015+0000][gc,phases     ] GC(216)   Other: 0.2ms
[2024-09-22T07:17:49.015+0000][gc,heap       ] GC(216) Eden regions: 611->0(611)
[2024-09-22T07:17:49.015+0000][gc,heap       ] GC(216) Survivor regions: 3->3(77)
[2024-09-22T07:17:49.015+0000][gc,heap       ] GC(216) Old regions: 19->19
[2024-09-22T07:17:49.015+0000][gc,heap       ] GC(216) Humongous regions: 129->129
[2024-09-22T07:17:49.015+0000][gc,metaspace  ] GC(216) Metaspace: 45381K(48384K)->45381K(48384K) NonClass: 39615K(41216K)->39615K(41216K) Class: 5766K(7168K)->5766K(7168K)
[2024-09-22T07:17:49.015+0000][gc            ] GC(216) Pause Young (Normal) (G1 Evacuation Pause) 759M->149M(1024M) 4.088ms
[2024-09-22T07:17:49.015+0000][gc,cpu        ] GC(216) User=0.01s Sys=0.00s Real=0.00s
[2024-09-22T09:25:16.404+0000][gc,start      ] GC(217) Pause Young (Normal) (G1 Evacuation Pause)
[2024-09-22T09:25:16.404+0000][gc,task       ] GC(217) Using 4 workers of 4 for evacuation
[2024-09-22T09:25:16.407+0000][gc,phases     ] GC(217)   Pre Evacuate Collection Set: 0.0ms
[2024-09-22T09:25:16.407+0000][gc,phases     ] GC(217)   Evacuate Collection Set: 2.7ms
[2024-09-22T09:25:16.407+0000][gc,phases     ] GC(217)   Post Evacuate Collection Set: 0.4ms
[2024-09-22T09:25:16.407+0000][gc,phases     ] GC(217)   Other: 0.2ms
[2024-09-22T09:25:16.407+0000][gc,heap       ] GC(217) Eden regions: 611->0(610)
[2024-09-22T09:25:16.407+0000][gc,heap       ] GC(217) Survivor regions: 3->4(77)
[2024-09-22T09:25:16.407+0000][gc,heap       ] GC(217) Old regions: 19->19
[2024-09-22T09:25:16.407+0000][gc,heap       ] GC(217) Humongous regions: 129->129
[2024-09-22T09:25:16.407+0000][gc,metaspace  ] GC(217) Metaspace: 45381K(48384K)->45381K(48384K) NonClass: 39615K(41216K)->39615K(41216K) Class: 5766K(7168K)->5766K(7168K)
[2024-09-22T09:25:16.407+0000][gc            ] GC(217) Pause Young (Normal) (G1 Evacuation Pause) 760M->149M(1024M) 3.348ms
[2024-09-22T09:25:16.407+0000][gc,cpu        ] GC(217) User=0.01s Sys=0.00s Real=0.00s
[2024-09-22T11:31:45.752+0000][gc,start      ] GC(218) Pause Young (Normal) (G1 Evacuation Pause)
[2024-09-22T11:31:45.752+0000][gc,task       ] GC(218) Using 4 workers of 4 for evacuation
[2024-09-22T11:31:45.754+0000][gc,phases     ] GC(218)   Pre Evacuate Collection Set: 0.0ms
[2024-09-22T11:31:45.754+0000][gc,phases     ] GC(218)   Evacuate Collection Set: 1.9ms
[2024-09-22T11:31:45.754+0000][gc,phases     ] GC(218)   Post Evacuate Collection Set: 0.4ms
[2024-09-22T11:31:45.754+0000][gc,phases     ] GC(218)   Other: 0.2ms
[2024-09-22T11:31:45.754+0000][gc,heap       ] GC(218) Eden regions: 610->0(611)
[2024-09-22T11:31:45.754+0000][gc,heap       ] GC(218) Survivor regions: 4->3(77)
[2024-09-22T11:31:45.754+0000][gc,heap       ] GC(218) Old regions: 19->19
[2024-09-22T11:31:45.754+0000][gc,heap       ] GC(218) Humongous regions: 129->129
[2024-09-22T11:31:45.754+0000][gc,metaspace  ] GC(218) Metaspace: 45381K(48384K)->45381K(48384K) NonClass: 39615K(41216K)->39615K(41216K) Class: 5766K(7168K)->5766K(7168K)
[2024-09-22T11:31:45.754+0000][gc            ] GC(218) Pause Young (Normal) (G1 Evacuation Pause) 759M->148M(1024M) 2.546ms
[2024-09-22T11:31:45.754+0000][gc,cpu        ] GC(218) User=0.01s Sys=0.00s Real=0.00s
[2024-09-22T13:39:03.568+0000][gc,start      ] GC(219) Pause Young (Normal) (G1 Evacuation Pause)
[2024-09-22T13:39:03.568+0000][gc,task       ] GC(219) Using 4 workers of 4 for evacuation
[2024-09-22T13:39:03.571+0000][gc,phases     ] GC(219)   Pre Evacuate Collection Set: 0.0ms
[2024-09-22T13:39:03.571+0000][gc,phases     ] GC(219)   Evacuate Collection Set: 2.8ms
[2024-09-22T13:39:03.571+0000][gc,phases     ] GC(219)   Post Evacuate Collection Set: 0.5ms
[2024-09-22T13:39:03.571+0000][gc,phases     ] GC(219)   Other: 0.3ms
[2024-09-22T13:39:03.571+0000][gc,heap       ] GC(219) Eden regions: 611->0(611)
[2024-09-22T13:39:03.571+0000][gc,heap       ] GC(219) Survivor regions: 3->3(77)
[2024-09-22T13:39:03.571+0000][gc,heap       ] GC(219) Old regions: 19->19
[2024-09-22T13:39:03.571+0000][gc,heap       ] GC(219) Humongous regions: 129->129
[2024-09-22T13:39:03.571+0000][gc,metaspace  ] GC(219) Metaspace: 45381K(48384K)->45381K(48384K) NonClass: 39615K(41216K)->39615K(41216K) Class: 5766K(7168K)->5766K(7168K)
[2024-09-22T13:39:03.571+0000][gc            ] GC(219) Pause Young (Normal) (G1 Evacuation Pause) 759M->149M(1024M) 3.644ms
[2024-09-22T13:39:03.571+0000][gc,cpu        ] GC(219) User=0.02s Sys=0.00s Real=0.01s
[2024-09-22T15:46:34.011+0000][gc,start      ] GC(220) Pause Young (Normal) (G1 Evacuation Pause)
[2024-09-22T15:46:34.011+0000][gc,task       ] GC(220) Using 4 workers of 4 for evacuation
[2024-09-22T15:46:34.014+0000][gc,phases     ] GC(220)   Pre Evacuate Collection Set: 0.0ms
[2024-09-22T15:46:34.014+0000][gc,phases     ] GC(220)   Evacuate Collection Set: 2.6ms
[2024-09-22T15:46:34.014+0000][gc,phases     ] GC(220)   Post Evacuate Collection Set: 0.3ms
[2024-09-22T15:46:34.014+0000][gc,phases     ] GC(220)   Other: 0.2ms
[2024-09-22T15:46:34.014+0000][gc,heap       ] GC(220) Eden regions: 611->0(610)
[2024-09-22T15:46:34.014+0000][gc,heap       ] GC(220) Survivor regions: 3->4(77)
[2024-09-22T15:46:34.014+0000][gc,heap       ] GC(220) Old regions: 19->19
[2024-09-22T15:46:34.014+0000][gc,heap       ] GC(220) Humongous regions: 129->129
[2024-09-22T15:46:34.014+0000][gc,metaspace  ] GC(220) Metaspace: 45381K(48384K)->45381K(48384K) NonClass: 39615K(41216K)->39615K(41216K) Class: 5766K(7168K)->5766K(7168K)
[2024-09-22T15:46:34.014+0000][gc            ] GC(220) Pause Young (Normal) (G1 Evacuation Pause) 760M->149M(1024M) 3.191ms
[2024-09-22T15:46:34.014+0000][gc,cpu        ] GC(220) User=0.01s Sys=0.00s Real=0.00s
[2024-09-22T17:53:52.213+0000][gc,start      ] GC(221) Pause Young (Normal) (G1 Evacuation Pause)
[2024-09-22T17:53:52.213+0000][gc,task       ] GC(221) Using 4 workers of 4 for evacuation
[2024-09-22T17:53:52.215+0000][gc,phases     ] GC(221)   Pre Evacuate Collection Set: 0.0ms
[2024-09-22T17:53:52.215+0000][gc,phases     ] GC(221)   Evacuate Collection Set: 2.2ms
[2024-09-22T17:53:52.215+0000][gc,phases     ] GC(221)   Post Evacuate Collection Set: 0.4ms
[2024-09-22T17:53:52.215+0000][gc,phases     ] GC(221)   Other: 0.2ms
[2024-09-22T17:53:52.215+0000][gc,heap       ] GC(221) Eden regions: 610->0(611)
[2024-09-22T17:53:52.215+0000][gc,heap       ] GC(221) Survivor regions: 4->3(77)
[2024-09-22T17:53:52.215+0000][gc,heap       ] GC(221) Old regions: 19->19
[2024-09-22T17:53:52.215+0000][gc,heap       ] GC(221) Humongous regions: 129->129
[2024-09-22T17:53:52.215+0000][gc,metaspace  ] GC(221) Metaspace: 45381K(48384K)->45381K(48384K) NonClass: 39615K(41216K)->39615K(41216K) Class: 5766K(7168K)->5766K(7168K)
[2024-09-22T17:53:52.215+0000][gc            ] GC(221) Pause Young (Normal) (G1 Evacuation Pause) 759M->148M(1024M) 2.817ms
[2024-09-22T17:53:52.215+0000][gc,cpu        ] GC(221) User=0.01s Sys=0.00s Real=0.00s
[2024-09-22T20:01:10.366+0000][gc,start      ] GC(222) Pause Young (Normal) (G1 Evacuation Pause)
[2024-09-22T20:01:10.366+0000][gc,task       ] GC(222) Using 4 workers of 4 for evacuation
[2024-09-22T20:01:10.370+0000][gc,phases     ] GC(222)   Pre Evacuate Collection Set: 0.0ms
[2024-09-22T20:01:10.370+0000][gc,phases     ] GC(222)   Evacuate Collection Set: 3.0ms
[2024-09-22T20:01:10.370+0000][gc,phases     ] GC(222)   Post Evacuate Collection Set: 0.4ms
[2024-09-22T20:01:10.370+0000][gc,phases     ] GC(222)   Other: 0.2ms
[2024-09-22T20:01:10.370+0000][gc,heap       ] GC(222) Eden regions: 611->0(611)
[2024-09-22T20:01:10.370+0000][gc,heap       ] GC(222) Survivor regions: 3->3(77)
[2024-09-22T20:01:10.370+0000][gc,heap       ] GC(222) Old regions: 19->19
[2024-09-22T20:01:10.370+0000][gc,heap       ] GC(222) Humongous regions: 178->129
[2024-09-22T20:01:10.370+0000][gc,metaspace  ] GC(222) Metaspace: 45381K(48384K)->45381K(48384K) NonClass: 39615K(41216K)->39615K(41216K) Class: 5766K(7168K)->5766K(7168K)
[2024-09-22T20:01:10.370+0000][gc            ] GC(222) Pause Young (Normal) (G1 Evacuation Pause) 808M->149M(1024M) 3.652ms
[2024-09-22T20:01:10.370+0000][gc,cpu        ] GC(222) User=0.01s Sys=0.00s Real=0.01s
[2024-09-22T22:08:36.175+0000][gc,start      ] GC(223) Pause Young (Normal) (G1 Evacuation Pause)
[2024-09-22T22:08:36.175+0000][gc,task       ] GC(223) Using 4 workers of 4 for evacuation
[2024-09-22T22:08:36.178+0000][gc,phases     ] GC(223)   Pre Evacuate Collection Set: 0.0ms
[2024-09-22T22:08:36.178+0000][gc,phases     ] GC(223)   Evacuate Collection Set: 2.7ms
[2024-09-22T22:08:36.178+0000][gc,phases     ] GC(223)   Post Evacuate Collection Set: 0.4ms
[2024-09-22T22:08:36.178+0000][gc,phases     ] GC(223)   Other: 0.2ms
[2024-09-22T22:08:36.178+0000][gc,heap       ] GC(223) Eden regions: 611->0(610)
[2024-09-22T22:08:36.178+0000][gc,heap       ] GC(223) Survivor regions: 3->4(77)
[2024-09-22T22:08:36.178+0000][gc,heap       ] GC(223) Old regions: 19->19
[2024-09-22T22:08:36.178+0000][gc,heap       ] GC(223) Humongous regions: 129->129
[2024-09-22T22:08:36.178+0000][gc,metaspace  ] GC(223) Metaspace: 45381K(48384K)->45381K(48384K) NonClass: 39615K(41216K)->39615K(41216K) Class: 5766K(7168K)->5766K(7168K)
[2024-09-22T22:08:36.178+0000][gc            ] GC(223) Pause Young (Normal) (G1 Evacuation Pause) 760M->149M(1024M) 3.349ms
[2024-09-22T22:08:36.178+0000][gc,cpu        ] GC(223) User=0.01s Sys=0.00s Real=0.01s
[2024-09-23T00:15:45.582+0000][gc,start      ] GC(224) Pause Young (Normal) (G1 Evacuation Pause)
[2024-09-23T00:15:45.582+0000][gc,task       ] GC(224) Using 4 workers of 4 for evacuation
[2024-09-23T00:15:45.585+0000][gc,phases     ] GC(224)   Pre Evacuate Collection Set: 0.0ms
[2024-09-23T00:15:45.585+0000][gc,phases     ] GC(224)   Evacuate Collection Set: 3.0ms
[2024-09-23T00:15:45.585+0000][gc,phases     ] GC(224)   Post Evacuate Collection Set: 0.4ms
[2024-09-23T00:15:45.585+0000][gc,phases     ] GC(224)   Other: 0.2ms
[2024-09-23T00:15:45.585+0000][gc,heap       ] GC(224) Eden regions: 610->0(611)
[2024-09-23T00:15:45.585+0000][gc,heap       ] GC(224) Survivor regions: 4->3(77)
[2024-09-23T00:15:45.585+0000][gc,heap       ] GC(224) Old regions: 19->19
[2024-09-23T00:15:45.585+0000][gc,heap       ] GC(224) Humongous regions: 129->129
[2024-09-23T00:15:45.585+0000][gc,metaspace  ] GC(224) Metaspace: 45381K(48384K)->45381K(48384K) NonClass: 39615K(41216K)->39615K(41216K) Class: 5766K(7168K)->5766K(7168K)
[2024-09-23T00:15:45.585+0000][gc            ] GC(224) Pause Young (Normal) (G1 Evacuation Pause) 759M->148M(1024M) 3.679ms
[2024-09-23T00:15:45.585+0000][gc,cpu        ] GC(224) User=0.01s Sys=0.00s Real=0.00s
[2024-09-23T02:23:07.805+0000][gc,start      ] GC(225) Pause Young (Normal) (G1 Evacuation Pause)
[2024-09-23T02:23:07.805+0000][gc,task       ] GC(225) Using 4 workers of 4 for evacuation
[2024-09-23T02:23:07.808+0000][gc,phases     ] GC(225)   Pre Evacuate Collection Set: 0.0ms
[2024-09-23T02:23:07.808+0000][gc,phases     ] GC(225)   Evacuate Collection Set: 2.4ms
[2024-09-23T02:23:07.808+0000][gc,phases     ] GC(225)   Post Evacuate Collection Set: 0.4ms
[2024-09-23T02:23:07.808+0000][gc,phases     ] GC(225)   Other: 0.2ms
[2024-09-23T02:23:07.808+0000][gc,heap       ] GC(225) Eden regions: 611->0(611)
[2024-09-23T02:23:07.808+0000][gc,heap       ] GC(225) Survivor regions: 3->3(77)
[2024-09-23T02:23:07.808+0000][gc,heap       ] GC(225) Old regions: 19->19
[2024-09-23T02:23:07.808+0000][gc,heap       ] GC(225) Humongous regions: 129->129
[2024-09-23T02:23:07.808+0000][gc,metaspace  ] GC(225) Metaspace: 45381K(48384K)->45381K(48384K) NonClass: 39615K(41216K)->39615K(41216K) Class: 5766K(7168K)->5766K(7168K)
[2024-09-23T02:23:07.808+0000][gc            ] GC(225) Pause Young (Normal) (G1 Evacuation Pause) 759M->149M(1024M) 3.205ms
[2024-09-23T02:23:07.808+0000][gc,cpu        ] GC(225) User=0.01s Sys=0.00s Real=0.00s
[2024-09-23T04:29:54.166+0000][gc,start      ] GC(226) Pause Young (Normal) (G1 Evacuation Pause)
[2024-09-23T04:29:54.166+0000][gc,task       ] GC(226) Using 4 workers of 4 for evacuation
[2024-09-23T04:29:54.170+0000][gc,phases     ] GC(226)   Pre Evacuate Collection Set: 0.0ms
[2024-09-23T04:29:54.170+0000][gc,phases     ] GC(226)   Evacuate Collection Set: 3.7ms
[2024-09-23T04:29:54.170+0000][gc,phases     ] GC(226)   Post Evacuate Collection Set: 0.5ms
[2024-09-23T04:29:54.170+0000][gc,phases     ] GC(226)   Other: 0.2ms
[2024-09-23T04:29:54.170+0000][gc,heap       ] GC(226) Eden regions: 611->0(611)
[2024-09-23T04:29:54.170+0000][gc,heap       ] GC(226) Survivor regions: 3->3(77)
[2024-09-23T04:29:54.170+0000][gc,heap       ] GC(226) Old regions: 19->19
[2024-09-23T04:29:54.170+0000][gc,heap       ] GC(226) Humongous regions: 129->129
[2024-09-23T04:29:54.170+0000][gc,metaspace  ] GC(226) Metaspace: 45381K(48384K)->45381K(48384K) NonClass: 39615K(41216K)->39615K(41216K) Class: 5766K(7168K)->5766K(7168K)
[2024-09-23T04:29:54.170+0000][gc            ] GC(226) Pause Young (Normal) (G1 Evacuation Pause) 760M->149M(1024M) 4.428ms
[2024-09-23T04:29:54.170+0000][gc,cpu        ] GC(226) User=0.01s Sys=0.00s Real=0.01s
[2024-09-23T06:37:14.620+0000][gc,start      ] GC(227) Pause Young (Normal) (G1 Evacuation Pause)
[2024-09-23T06:37:14.620+0000][gc,task       ] GC(227) Using 4 workers of 4 for evacuation
[2024-09-23T06:37:14.622+0000][gc,phases     ] GC(227)   Pre Evacuate Collection Set: 0.0ms
[2024-09-23T06:37:14.622+0000][gc,phases     ] GC(227)   Evacuate Collection Set: 1.7ms
[2024-09-23T06:37:14.622+0000][gc,phases     ] GC(227)   Post Evacuate Collection Set: 0.3ms
[2024-09-23T06:37:14.622+0000][gc,phases     ] GC(227)   Other: 0.2ms
[2024-09-23T06:37:14.622+0000][gc,heap       ] GC(227) Eden regions: 611->0(611)
[2024-09-23T06:37:14.622+0000][gc,heap       ] GC(227) Survivor regions: 3->3(77)
[2024-09-23T06:37:14.622+0000][gc,heap       ] GC(227) Old regions: 19->19
[2024-09-23T06:37:14.622+0000][gc,heap       ] GC(227) Humongous regions: 129->129
[2024-09-23T06:37:14.623+0000][gc,metaspace  ] GC(227) Metaspace: 45381K(48384K)->45381K(48384K) NonClass: 39615K(41216K)->39615K(41216K) Class: 5766K(7168K)->5766K(7168K)
[2024-09-23T06:37:14.623+0000][gc            ] GC(227) Pause Young (Normal) (G1 Evacuation Pause) 760M->148M(1024M) 2.256ms
[2024-09-23T06:37:14.623+0000][gc,cpu        ] GC(227) User=0.00s Sys=0.00s Real=0.00s
[2024-09-23T08:44:25.873+0000][gc,start      ] GC(228) Pause Young (Normal) (G1 Evacuation Pause)
[2024-09-23T08:44:25.873+0000][gc,task       ] GC(228) Using 4 workers of 4 for evacuation
[2024-09-23T08:44:25.878+0000][gc,phases     ] GC(228)   Pre Evacuate Collection Set: 0.0ms
[2024-09-23T08:44:25.878+0000][gc,phases     ] GC(228)   Evacuate Collection Set: 4.1ms
[2024-09-23T08:44:25.878+0000][gc,phases     ] GC(228)   Post Evacuate Collection Set: 0.4ms
[2024-09-23T08:44:25.878+0000][gc,phases     ] GC(228)   Other: 0.2ms
[2024-09-23T08:44:25.878+0000][gc,heap       ] GC(228) Eden regions: 611->0(611)
[2024-09-23T08:44:25.878+0000][gc,heap       ] GC(228) Survivor regions: 3->3(77)
[2024-09-23T08:44:25.878+0000][gc,heap       ] GC(228) Old regions: 19->19
[2024-09-23T08:44:25.878+0000][gc,heap       ] GC(228) Humongous regions: 129->129
[2024-09-23T08:44:25.878+0000][gc,metaspace  ] GC(228) Metaspace: 45381K(48384K)->45381K(48384K) NonClass: 39615K(41216K)->39615K(41216K) Class: 5766K(7168K)->5766K(7168K)
[2024-09-23T08:44:25.878+0000][gc            ] GC(228) Pause Young (Normal) (G1 Evacuation Pause) 759M->148M(1024M) 4.716ms
[2024-09-23T08:44:25.878+0000][gc,cpu        ] GC(228) User=0.01s Sys=0.00s Real=0.01s
[2024-09-23T10:51:35.755+0000][gc,start      ] GC(229) Pause Young (Normal) (G1 Evacuation Pause)
[2024-09-23T10:51:35.755+0000][gc,task       ] GC(229) Using 4 workers of 4 for evacuation
[2024-09-23T10:51:35.758+0000][gc,phases     ] GC(229)   Pre Evacuate Collection Set: 0.0ms
[2024-09-23T10:51:35.758+0000][gc,phases     ] GC(229)   Evacuate Collection Set: 2.3ms
[2024-09-23T10:51:35.758+0000][gc,phases     ] GC(229)   Post Evacuate Collection Set: 0.5ms
[2024-09-23T10:51:35.758+0000][gc,phases     ] GC(229)   Other: 0.2ms
[2024-09-23T10:51:35.758+0000][gc,heap       ] GC(229) Eden regions: 611->0(611)
[2024-09-23T10:51:35.758+0000][gc,heap       ] GC(229) Survivor regions: 3->3(77)
[2024-09-23T10:51:35.758+0000][gc,heap       ] GC(229) Old regions: 19->19
[2024-09-23T10:51:35.758+0000][gc,heap       ] GC(229) Humongous regions: 129->129
[2024-09-23T10:51:35.758+0000][gc,metaspace  ] GC(229) Metaspace: 45381K(48384K)->45381K(48384K) NonClass: 39615K(41216K)->39615K(41216K) Class: 5766K(7168K)->5766K(7168K)
[2024-09-23T10:51:35.758+0000][gc            ] GC(229) Pause Young (Normal) (G1 Evacuation Pause) 759M->149M(1024M) 3.087ms
[2024-09-23T10:51:35.758+0000][gc,cpu        ] GC(229) User=0.01s Sys=0.00s Real=0.01s
[2024-09-23T12:58:54.686+0000][gc,start      ] GC(230) Pause Young (Normal) (G1 Evacuation Pause)
[2024-09-23T12:58:54.686+0000][gc,task       ] GC(230) Using 4 workers of 4 for evacuation
[2024-09-23T12:58:54.690+0000][gc,phases     ] GC(230)   Pre Evacuate Collection Set: 0.0ms
[2024-09-23T12:58:54.690+0000][gc,phases     ] GC(230)   Evacuate Collection Set: 3.4ms
[2024-09-23T12:58:54.690+0000][gc,phases     ] GC(230)   Post Evacuate Collection Set: 0.5ms
[2024-09-23T12:58:54.690+0000][gc,phases     ] GC(230)   Other: 0.2ms
[2024-09-23T12:58:54.690+0000][gc,heap       ] GC(230) Eden regions: 611->0(610)
[2024-09-23T12:58:54.690+0000][gc,heap       ] GC(230) Survivor regions: 3->4(77)
[2024-09-23T12:58:54.690+0000][gc,heap       ] GC(230) Old regions: 19->19
[2024-09-23T12:58:54.690+0000][gc,heap       ] GC(230) Humongous regions: 178->129
[2024-09-23T12:58:54.690+0000][gc,metaspace  ] GC(230) Metaspace: 45381K(48384K)->45381K(48384K) NonClass: 39615K(41216K)->39615K(41216K) Class: 5766K(7168K)->5766K(7168K)
[2024-09-23T12:58:54.690+0000][gc            ] GC(230) Pause Young (Normal) (G1 Evacuation Pause) 809M->150M(1024M) 4.114ms
[2024-09-23T12:58:54.690+0000][gc,cpu        ] GC(230) User=0.01s Sys=0.00s Real=0.01s
[2024-09-23T15:05:58.438+0000][gc,start      ] GC(231) Pause Young (Normal) (G1 Evacuation Pause)
[2024-09-23T15:05:58.438+0000][gc,task       ] GC(231) Using 4 workers of 4 for evacuation
[2024-09-23T15:05:58.442+0000][gc,phases     ] GC(231)   Pre Evacuate Collection Set: 0.0ms
[2024-09-23T15:05:58.442+0000][gc,phases     ] GC(231)   Evacuate Collection Set: 2.8ms
[2024-09-23T15:05:58.442+0000][gc,phases     ] GC(231)   Post Evacuate Collection Set: 0.4ms
[2024-09-23T15:05:58.442+0000][gc,phases     ] GC(231)   Other: 0.2ms
[2024-09-23T15:05:58.442+0000][gc,heap       ] GC(231) Eden regions: 610->0(611)
[2024-09-23T15:05:58.442+0000][gc,heap       ] GC(231) Survivor regions: 4->3(77)
[2024-09-23T15:05:58.442+0000][gc,heap       ] GC(231) Old regions: 19->19
[2024-09-23T15:05:58.442+0000][gc,heap       ] GC(231) Humongous regions: 129->129
[2024-09-23T15:05:58.442+0000][gc,metaspace  ] GC(231) Metaspace: 45381K(48384K)->45381K(48384K) NonClass: 39615K(41216K)->39615K(41216K) Class: 5766K(7168K)->5766K(7168K)
[2024-09-23T15:05:58.442+0000][gc            ] GC(231) Pause Young (Normal) (G1 Evacuation Pause) 760M->149M(1024M) 3.447ms
[2024-09-23T15:05:58.442+0000][gc,cpu        ] GC(231) User=0.01s Sys=0.00s Real=0.00s
[2024-09-23T17:13:18.537+0000][gc,start      ] GC(232) Pause Young (Normal) (G1 Evacuation Pause)
[2024-09-23T17:13:18.537+0000][gc,task       ] GC(232) Using 4 workers of 4 for evacuation
[2024-09-23T17:13:18.540+0000][gc,phases     ] GC(232)   Pre Evacuate Collection Set: 0.0ms
[2024-09-23T17:13:18.540+0000][gc,phases     ] GC(232)   Evacuate Collection Set: 2.3ms
[2024-09-23T17:13:18.540+0000][gc,phases     ] GC(232)   Post Evacuate Collection Set: 0.4ms
[2024-09-23T17:13:18.540+0000][gc,phases     ] GC(232)   Other: 0.2ms
[2024-09-23T17:13:18.540+0000][gc,heap       ] GC(232) Eden regions: 611->0(611)
[2024-09-23T17:13:18.540+0000][gc,heap       ] GC(232) Survivor regions: 3->3(77)
[2024-09-23T17:13:18.540+0000][gc,heap       ] GC(232) Old regions: 19->19
[2024-09-23T17:13:18.540+0000][gc,heap       ] GC(232) Humongous regions: 129->129
[2024-09-23T17:13:18.540+0000][gc,metaspace  ] GC(232) Metaspace: 45381K(48384K)->45381K(48384K) NonClass: 39615K(41216K)->39615K(41216K) Class: 5766K(7168K)->5766K(7168K)
[2024-09-23T17:13:18.540+0000][gc            ] GC(232) Pause Young (Normal) (G1 Evacuation Pause) 760M->149M(1024M) 2.909ms
[2024-09-23T17:13:18.540+0000][gc,cpu        ] GC(232) User=0.01s Sys=0.00s Real=0.01s
[2024-09-23T19:20:40.809+0000][gc,start      ] GC(233) Pause Young (Normal) (G1 Evacuation Pause)
[2024-09-23T19:20:40.809+0000][gc,task       ] GC(233) Using 4 workers of 4 for evacuation
[2024-09-23T19:20:40.813+0000][gc,phases     ] GC(233)   Pre Evacuate Collection Set: 0.0ms
[2024-09-23T19:20:40.813+0000][gc,phases     ] GC(233)   Evacuate Collection Set: 3.7ms
[2024-09-23T19:20:40.813+0000][gc,phases     ] GC(233)   Post Evacuate Collection Set: 0.4ms
[2024-09-23T19:20:40.813+0000][gc,phases     ] GC(233)   Other: 0.2ms
[2024-09-23T19:20:40.813+0000][gc,heap       ] GC(233) Eden regions: 611->0(610)
[2024-09-23T19:20:40.813+0000][gc,heap       ] GC(233) Survivor regions: 3->4(77)
[2024-09-23T19:20:40.813+0000][gc,heap       ] GC(233) Old regions: 19->19
[2024-09-23T19:20:40.813+0000][gc,heap       ] GC(233) Humongous regions: 139->129
[2024-09-23T19:20:40.813+0000][gc,metaspace  ] GC(233) Metaspace: 45381K(48384K)->45381K(48384K) NonClass: 39615K(41216K)->39615K(41216K) Class: 5766K(7168K)->5766K(7168K)
[2024-09-23T19:20:40.813+0000][gc            ] GC(233) Pause Young (Normal) (G1 Evacuation Pause) 770M->149M(1024M) 4.341ms
[2024-09-23T19:20:40.813+0000][gc,cpu        ] GC(233) User=0.01s Sys=0.00s Real=0.01s
[2024-09-23T21:27:20.002+0000][gc,start      ] GC(234) Pause Young (Normal) (G1 Evacuation Pause)
[2024-09-23T21:27:20.002+0000][gc,task       ] GC(234) Using 4 workers of 4 for evacuation
[2024-09-23T21:27:20.005+0000][gc,phases     ] GC(234)   Pre Evacuate Collection Set: 0.0ms
[2024-09-23T21:27:20.005+0000][gc,phases     ] GC(234)   Evacuate Collection Set: 2.2ms
[2024-09-23T21:27:20.005+0000][gc,phases     ] GC(234)   Post Evacuate Collection Set: 0.4ms
[2024-09-23T21:27:20.005+0000][gc,phases     ] GC(234)   Other: 0.2ms
[2024-09-23T21:27:20.005+0000][gc,heap       ] GC(234) Eden regions: 610->0(611)
[2024-09-23T21:27:20.005+0000][gc,heap       ] GC(234) Survivor regions: 4->3(77)
[2024-09-23T21:27:20.005+0000][gc,heap       ] GC(234) Old regions: 19->19
[2024-09-23T21:27:20.005+0000][gc,heap       ] GC(234) Humongous regions: 129->129
[2024-09-23T21:27:20.005+0000][gc,metaspace  ] GC(234) Metaspace: 45381K(48384K)->45381K(48384K) NonClass: 39615K(41216K)->39615K(41216K) Class: 5766K(7168K)->5766K(7168K)
[2024-09-23T21:27:20.005+0000][gc            ] GC(234) Pause Young (Normal) (G1 Evacuation Pause) 759M->148M(1024M) 2.909ms
[2024-09-23T21:27:20.005+0000][gc,cpu        ] GC(234) User=0.00s Sys=0.00s Real=0.00s
[2024-09-23T23:34:32.006+0000][gc,start      ] GC(235) Pause Young (Normal) (G1 Evacuation Pause)
[2024-09-23T23:34:32.006+0000][gc,task       ] GC(235) Using 4 workers of 4 for evacuation
[2024-09-23T23:34:32.008+0000][gc,phases     ] GC(235)   Pre Evacuate Collection Set: 0.0ms
[2024-09-23T23:34:32.008+0000][gc,phases     ] GC(235)   Evacuate Collection Set: 2.0ms
[2024-09-23T23:34:32.008+0000][gc,phases     ] GC(235)   Post Evacuate Collection Set: 0.4ms
[2024-09-23T23:34:32.008+0000][gc,phases     ] GC(235)   Other: 0.2ms
[2024-09-23T23:34:32.008+0000][gc,heap       ] GC(235) Eden regions: 611->0(611)
[2024-09-23T23:34:32.008+0000][gc,heap       ] GC(235) Survivor regions: 3->3(77)
[2024-09-23T23:34:32.008+0000][gc,heap       ] GC(235) Old regions: 19->19
[2024-09-23T23:34:32.008+0000][gc,heap       ] GC(235) Humongous regions: 129->129
[2024-09-23T23:34:32.008+0000][gc,metaspace  ] GC(235) Metaspace: 45396K(48384K)->45396K(48384K) NonClass: 39630K(41216K)->39630K(41216K) Class: 5766K(7168K)->5766K(7168K)
[2024-09-23T23:34:32.008+0000][gc            ] GC(235) Pause Young (Normal) (G1 Evacuation Pause) 759M->149M(1024M) 2.562ms
[2024-09-23T23:34:32.008+0000][gc,cpu        ] GC(235) User=0.01s Sys=0.00s Real=0.00s
[2024-09-24T01:42:02.294+0000][gc,start      ] GC(236) Pause Young (Normal) (G1 Evacuation Pause)
[2024-09-24T01:42:02.294+0000][gc,task       ] GC(236) Using 4 workers of 4 for evacuation
[2024-09-24T01:42:02.299+0000][gc,phases     ] GC(236)   Pre Evacuate Collection Set: 0.0ms
[2024-09-24T01:42:02.299+0000][gc,phases     ] GC(236)   Evacuate Collection Set: 4.0ms
[2024-09-24T01:42:02.299+0000][gc,phases     ] GC(236)   Post Evacuate Collection Set: 0.5ms
[2024-09-24T01:42:02.299+0000][gc,phases     ] GC(236)   Other: 0.2ms
[2024-09-24T01:42:02.299+0000][gc,heap       ] GC(236) Eden regions: 611->0(610)
[2024-09-24T01:42:02.299+0000][gc,heap       ] GC(236) Survivor regions: 3->4(77)
[2024-09-24T01:42:02.299+0000][gc,heap       ] GC(236) Old regions: 19->19
[2024-09-24T01:42:02.299+0000][gc,heap       ] GC(236) Humongous regions: 129->129
[2024-09-24T01:42:02.299+0000][gc,metaspace  ] GC(236) Metaspace: 45396K(48384K)->45396K(48384K) NonClass: 39630K(41216K)->39630K(41216K) Class: 5766K(7168K)->5766K(7168K)
[2024-09-24T01:42:02.299+0000][gc            ] GC(236) Pause Young (Normal) (G1 Evacuation Pause) 760M->149M(1024M) 4.715ms
[2024-09-24T01:42:02.299+0000][gc,cpu        ] GC(236) User=0.02s Sys=0.00s Real=0.01s
[2024-09-24T03:48:58.119+0000][gc,start      ] GC(237) Pause Young (Normal) (G1 Evacuation Pause)
[2024-09-24T03:48:58.119+0000][gc,task       ] GC(237) Using 4 workers of 4 for evacuation
[2024-09-24T03:48:58.122+0000][gc,phases     ] GC(237)   Pre Evacuate Collection Set: 0.0ms
[2024-09-24T03:48:58.122+0000][gc,phases     ] GC(237)   Evacuate Collection Set: 2.3ms
[2024-09-24T03:48:58.122+0000][gc,phases     ] GC(237)   Post Evacuate Collection Set: 0.4ms
[2024-09-24T03:48:58.122+0000][gc,phases     ] GC(237)   Other: 0.2ms
[2024-09-24T03:48:58.122+0000][gc,heap       ] GC(237) Eden regions: 610->0(611)
[2024-09-24T03:48:58.122+0000][gc,heap       ] GC(237) Survivor regions: 4->3(77)
[2024-09-24T03:48:58.122+0000][gc,heap       ] GC(237) Old regions: 19->19
[2024-09-24T03:48:58.122+0000][gc,heap       ] GC(237) Humongous regions: 129->129
[2024-09-24T03:48:58.122+0000][gc,metaspace  ] GC(237) Metaspace: 45396K(48384K)->45396K(48384K) NonClass: 39630K(41216K)->39630K(41216K) Class: 5766K(7168K)->5766K(7168K)
[2024-09-24T03:48:58.122+0000][gc            ] GC(237) Pause Young (Normal) (G1 Evacuation Pause) 759M->148M(1024M) 2.857ms
[2024-09-24T03:48:58.122+0000][gc,cpu        ] GC(237) User=0.01s Sys=0.00s Real=0.00s
[2024-09-24T05:56:33.099+0000][gc,start      ] GC(238) Pause Young (Normal) (G1 Evacuation Pause)
[2024-09-24T05:56:33.099+0000][gc,task       ] GC(238) Using 4 workers of 4 for evacuation
[2024-09-24T05:56:33.102+0000][gc,phases     ] GC(238)   Pre Evacuate Collection Set: 0.0ms
[2024-09-24T05:56:33.102+0000][gc,phases     ] GC(238)   Evacuate Collection Set: 2.3ms
[2024-09-24T05:56:33.102+0000][gc,phases     ] GC(238)   Post Evacuate Collection Set: 0.4ms
[2024-09-24T05:56:33.102+0000][gc,phases     ] GC(238)   Other: 0.2ms
[2024-09-24T05:56:33.102+0000][gc,heap       ] GC(238) Eden regions: 611->0(611)
[2024-09-24T05:56:33.102+0000][gc,heap       ] GC(238) Survivor regions: 3->3(77)
[2024-09-24T05:56:33.102+0000][gc,heap       ] GC(238) Old regions: 19->19
[2024-09-24T05:56:33.102+0000][gc,heap       ] GC(238) Humongous regions: 129->129
[2024-09-24T05:56:33.102+0000][gc,metaspace  ] GC(238) Metaspace: 45396K(48384K)->45396K(48384K) NonClass: 39630K(41216K)->39630K(41216K) Class: 5766K(7168K)->5766K(7168K)
[2024-09-24T05:56:33.102+0000][gc            ] GC(238) Pause Young (Normal) (G1 Evacuation Pause) 759M->149M(1024M) 2.932ms
[2024-09-24T05:56:33.102+0000][gc,cpu        ] GC(238) User=0.01s Sys=0.00s Real=0.00s
[2024-09-24T08:04:21.775+0000][gc,start      ] GC(239) Pause Young (Normal) (G1 Evacuation Pause)
[2024-09-24T08:04:21.775+0000][gc,task       ] GC(239) Using 4 workers of 4 for evacuation
[2024-09-24T08:04:21.778+0000][gc,phases     ] GC(239)   Pre Evacuate Collection Set: 0.0ms
[2024-09-24T08:04:21.778+0000][gc,phases     ] GC(239)   Evacuate Collection Set: 2.4ms
[2024-09-24T08:04:21.778+0000][gc,phases     ] GC(239)   Post Evacuate Collection Set: 0.3ms
[2024-09-24T08:04:21.778+0000][gc,phases     ] GC(239)   Other: 0.1ms
[2024-09-24T08:04:21.778+0000][gc,heap       ] GC(239) Eden regions: 611->0(610)
[2024-09-24T08:04:21.778+0000][gc,heap       ] GC(239) Survivor regions: 3->4(77)
[2024-09-24T08:04:21.778+0000][gc,heap       ] GC(239) Old regions: 19->19
[2024-09-24T08:04:21.778+0000][gc,heap       ] GC(239) Humongous regions: 129->129
[2024-09-24T08:04:21.778+0000][gc,metaspace  ] GC(239) Metaspace: 45396K(48384K)->45396K(48384K) NonClass: 39630K(41216K)->39630K(41216K) Class: 5766K(7168K)->5766K(7168K)
[2024-09-24T08:04:21.778+0000][gc            ] GC(239) Pause Young (Normal) (G1 Evacuation Pause) 760M->149M(1024M) 2.904ms
[2024-09-24T08:04:21.778+0000][gc,cpu        ] GC(239) User=0.01s Sys=0.00s Real=0.01s
[2024-09-24T10:11:58.475+0000][gc,start      ] GC(240) Pause Young (Normal) (G1 Evacuation Pause)
[2024-09-24T10:11:58.475+0000][gc,task       ] GC(240) Using 4 workers of 4 for evacuation
[2024-09-24T10:11:58.479+0000][gc,phases     ] GC(240)   Pre Evacuate Collection Set: 0.0ms
[2024-09-24T10:11:58.479+0000][gc,phases     ] GC(240)   Evacuate Collection Set: 3.6ms
[2024-09-24T10:11:58.479+0000][gc,phases     ] GC(240)   Post Evacuate Collection Set: 0.4ms
[2024-09-24T10:11:58.479+0000][gc,phases     ] GC(240)   Other: 0.2ms
[2024-09-24T10:11:58.479+0000][gc,heap       ] GC(240) Eden regions: 610->0(610)
[2024-09-24T10:11:58.479+0000][gc,heap       ] GC(240) Survivor regions: 4->4(77)
[2024-09-24T10:11:58.479+0000][gc,heap       ] GC(240) Old regions: 19->19
[2024-09-24T10:11:58.479+0000][gc,heap       ] GC(240) Humongous regions: 178->129
[2024-09-24T10:11:58.479+0000][gc,metaspace  ] GC(240) Metaspace: 45396K(48384K)->45396K(48384K) NonClass: 39630K(41216K)->39630K(41216K) Class: 5766K(7168K)->5766K(7168K)
[2024-09-24T10:11:58.479+0000][gc            ] GC(240) Pause Young (Normal) (G1 Evacuation Pause) 808M->150M(1024M) 4.252ms
[2024-09-24T10:11:58.479+0000][gc,cpu        ] GC(240) User=0.01s Sys=0.00s Real=0.01s
[2024-09-24T12:18:03.255+0000][gc,start      ] GC(241) Pause Young (Normal) (G1 Evacuation Pause)
[2024-09-24T12:18:03.255+0000][gc,task       ] GC(241) Using 4 workers of 4 for evacuation
[2024-09-24T12:18:03.258+0000][gc,phases     ] GC(241)   Pre Evacuate Collection Set: 0.0ms
[2024-09-24T12:18:03.258+0000][gc,phases     ] GC(241)   Evacuate Collection Set: 2.5ms
[2024-09-24T12:18:03.258+0000][gc,phases     ] GC(241)   Post Evacuate Collection Set: 0.5ms
[2024-09-24T12:18:03.258+0000][gc,phases     ] GC(241)   Other: 0.2ms
[2024-09-24T12:18:03.258+0000][gc,heap       ] GC(241) Eden regions: 610->0(611)
[2024-09-24T12:18:03.258+0000][gc,heap       ] GC(241) Survivor regions: 4->3(77)
[2024-09-24T12:18:03.258+0000][gc,heap       ] GC(241) Old regions: 19->19
[2024-09-24T12:18:03.258+0000][gc,heap       ] GC(241) Humongous regions: 131->129
[2024-09-24T12:18:03.258+0000][gc,metaspace  ] GC(241) Metaspace: 45841K(49024K)->45841K(49024K) NonClass: 39981K(41728K)->39981K(41728K) Class: 5859K(7296K)->5859K(7296K)
[2024-09-24T12:18:03.258+0000][gc            ] GC(241) Pause Young (Normal) (G1 Evacuation Pause) 762M->149M(1024M) 3.265ms
[2024-09-24T12:18:03.258+0000][gc,cpu        ] GC(241) User=0.02s Sys=0.00s Real=0.01s
[2024-09-24T14:24:50.630+0000][gc,start      ] GC(242) Pause Young (Normal) (G1 Evacuation Pause)
[2024-09-24T14:24:50.630+0000][gc,task       ] GC(242) Using 4 workers of 4 for evacuation
[2024-09-24T14:24:50.633+0000][gc,phases     ] GC(242)   Pre Evacuate Collection Set: 0.0ms
[2024-09-24T14:24:50.633+0000][gc,phases     ] GC(242)   Evacuate Collection Set: 2.5ms
[2024-09-24T14:24:50.633+0000][gc,phases     ] GC(242)   Post Evacuate Collection Set: 0.5ms
[2024-09-24T14:24:50.633+0000][gc,phases     ] GC(242)   Other: 0.2ms
[2024-09-24T14:24:50.633+0000][gc,heap       ] GC(242) Eden regions: 611->0(611)
[2024-09-24T14:24:50.633+0000][gc,heap       ] GC(242) Survivor regions: 3->3(77)
[2024-09-24T14:24:50.633+0000][gc,heap       ] GC(242) Old regions: 19->19
[2024-09-24T14:24:50.633+0000][gc,heap       ] GC(242) Humongous regions: 129->129
[2024-09-24T14:24:50.633+0000][gc,metaspace  ] GC(242) Metaspace: 45847K(49024K)->45847K(49024K) NonClass: 39988K(41728K)->39988K(41728K) Class: 5859K(7296K)->5859K(7296K)
[2024-09-24T14:24:50.633+0000][gc            ] GC(242) Pause Young (Normal) (G1 Evacuation Pause) 760M->149M(1024M) 3.220ms
[2024-09-24T14:24:50.633+0000][gc,cpu        ] GC(242) User=0.00s Sys=0.01s Real=0.00s
[2024-09-24T16:30:54.011+0000][gc,start      ] GC(243) Pause Young (Normal) (G1 Evacuation Pause)
[2024-09-24T16:30:54.011+0000][gc,task       ] GC(243) Using 4 workers of 4 for evacuation
[2024-09-24T16:30:54.014+0000][gc,phases     ] GC(243)   Pre Evacuate Collection Set: 0.0ms
[2024-09-24T16:30:54.014+0000][gc,phases     ] GC(243)   Evacuate Collection Set: 2.7ms
[2024-09-24T16:30:54.014+0000][gc,phases     ] GC(243)   Post Evacuate Collection Set: 0.4ms
[2024-09-24T16:30:54.014+0000][gc,phases     ] GC(243)   Other: 0.2ms
[2024-09-24T16:30:54.014+0000][gc,heap       ] GC(243) Eden regions: 611->0(611)
[2024-09-24T16:30:54.014+0000][gc,heap       ] GC(243) Survivor regions: 3->3(77)
[2024-09-24T16:30:54.014+0000][gc,heap       ] GC(243) Old regions: 19->19
[2024-09-24T16:30:54.014+0000][gc,heap       ] GC(243) Humongous regions: 129->129
[2024-09-24T16:30:54.014+0000][gc,metaspace  ] GC(243) Metaspace: 45847K(49024K)->45847K(49024K) NonClass: 39988K(41728K)->39988K(41728K) Class: 5859K(7296K)->5859K(7296K)
[2024-09-24T16:30:54.014+0000][gc            ] GC(243) Pause Young (Normal) (G1 Evacuation Pause) 760M->149M(1024M) 3.447ms
[2024-09-24T16:30:54.014+0000][gc,cpu        ] GC(243) User=0.02s Sys=0.00s Real=0.00s
[2024-09-24T18:37:44.231+0000][gc,start      ] GC(244) Pause Young (Normal) (G1 Evacuation Pause)
[2024-09-24T18:37:44.231+0000][gc,task       ] GC(244) Using 4 workers of 4 for evacuation
[2024-09-24T18:37:44.235+0000][gc,phases     ] GC(244)   Pre Evacuate Collection Set: 0.0ms
[2024-09-24T18:37:44.235+0000][gc,phases     ] GC(244)   Evacuate Collection Set: 2.6ms
[2024-09-24T18:37:44.235+0000][gc,phases     ] GC(244)   Post Evacuate Collection Set: 0.7ms
[2024-09-24T18:37:44.235+0000][gc,phases     ] GC(244)   Other: 0.2ms
[2024-09-24T18:37:44.235+0000][gc,heap       ] GC(244) Eden regions: 611->0(611)
[2024-09-24T18:37:44.235+0000][gc,heap       ] GC(244) Survivor regions: 3->3(77)
[2024-09-24T18:37:44.235+0000][gc,heap       ] GC(244) Old regions: 19->19
[2024-09-24T18:37:44.235+0000][gc,heap       ] GC(244) Humongous regions: 129->129
[2024-09-24T18:37:44.235+0000][gc,metaspace  ] GC(244) Metaspace: 45847K(49024K)->45847K(49024K) NonClass: 39988K(41728K)->39988K(41728K) Class: 5859K(7296K)->5859K(7296K)
[2024-09-24T18:37:44.235+0000][gc            ] GC(244) Pause Young (Normal) (G1 Evacuation Pause) 760M->149M(1024M) 3.578ms
[2024-09-24T18:37:44.235+0000][gc,cpu        ] GC(244) User=0.01s Sys=0.00s Real=0.00s
[2024-09-24T20:44:25.134+0000][gc,start      ] GC(245) Pause Young (Normal) (G1 Evacuation Pause)
[2024-09-24T20:44:25.134+0000][gc,task       ] GC(245) Using 4 workers of 4 for evacuation
[2024-09-24T20:44:25.137+0000][gc,phases     ] GC(245)   Pre Evacuate Collection Set: 0.0ms
[2024-09-24T20:44:25.137+0000][gc,phases     ] GC(245)   Evacuate Collection Set: 2.1ms
[2024-09-24T20:44:25.137+0000][gc,phases     ] GC(245)   Post Evacuate Collection Set: 0.4ms
[2024-09-24T20:44:25.137+0000][gc,phases     ] GC(245)   Other: 0.2ms
[2024-09-24T20:44:25.137+0000][gc,heap       ] GC(245) Eden regions: 611->0(611)
[2024-09-24T20:44:25.137+0000][gc,heap       ] GC(245) Survivor regions: 3->3(77)
[2024-09-24T20:44:25.137+0000][gc,heap       ] GC(245) Old regions: 19->19
[2024-09-24T20:44:25.137+0000][gc,heap       ] GC(245) Humongous regions: 130->129
[2024-09-24T20:44:25.137+0000][gc,metaspace  ] GC(245) Metaspace: 45857K(49024K)->45857K(49024K) NonClass: 39998K(41728K)->39998K(41728K) Class: 5859K(7296K)->5859K(7296K)
[2024-09-24T20:44:25.137+0000][gc            ] GC(245) Pause Young (Normal) (G1 Evacuation Pause) 761M->148M(1024M) 2.746ms
[2024-09-24T20:44:25.137+0000][gc,cpu        ] GC(245) User=0.01s Sys=0.00s Real=0.00s
[2024-09-24T22:51:09.846+0000][gc,start      ] GC(246) Pause Young (Normal) (G1 Evacuation Pause)
[2024-09-24T22:51:09.846+0000][gc,task       ] GC(246) Using 4 workers of 4 for evacuation
[2024-09-24T22:51:09.850+0000][gc,phases     ] GC(246)   Pre Evacuate Collection Set: 0.0ms
[2024-09-24T22:51:09.850+0000][gc,phases     ] GC(246)   Evacuate Collection Set: 3.2ms
[2024-09-24T22:51:09.850+0000][gc,phases     ] GC(246)   Post Evacuate Collection Set: 0.8ms
[2024-09-24T22:51:09.850+0000][gc,phases     ] GC(246)   Other: 0.2ms
[2024-09-24T22:51:09.850+0000][gc,heap       ] GC(246) Eden regions: 611->0(610)
[2024-09-24T22:51:09.850+0000][gc,heap       ] GC(246) Survivor regions: 3->4(77)
[2024-09-24T22:51:09.850+0000][gc,heap       ] GC(246) Old regions: 19->19
[2024-09-24T22:51:09.850+0000][gc,heap       ] GC(246) Humongous regions: 130->129
[2024-09-24T22:51:09.850+0000][gc,metaspace  ] GC(246) Metaspace: 45882K(49024K)->45882K(49024K) NonClass: 40023K(41728K)->40023K(41728K) Class: 5859K(7296K)->5859K(7296K)
[2024-09-24T22:51:09.850+0000][gc            ] GC(246) Pause Young (Normal) (G1 Evacuation Pause) 760M->149M(1024M) 4.232ms
[2024-09-24T22:51:09.850+0000][gc,cpu        ] GC(246) User=0.02s Sys=0.01s Real=0.01s
[2024-09-25T00:58:04.166+0000][gc,start      ] GC(247) Pause Young (Normal) (G1 Evacuation Pause)
[2024-09-25T00:58:04.166+0000][gc,task       ] GC(247) Using 4 workers of 4 for evacuation
[2024-09-25T00:58:04.170+0000][gc,phases     ] GC(247)   Pre Evacuate Collection Set: 0.0ms
[2024-09-25T00:58:04.170+0000][gc,phases     ] GC(247)   Evacuate Collection Set: 3.2ms
[2024-09-25T00:58:04.170+0000][gc,phases     ] GC(247)   Post Evacuate Collection Set: 0.9ms
[2024-09-25T00:58:04.170+0000][gc,phases     ] GC(247)   Other: 0.2ms
[2024-09-25T00:58:04.170+0000][gc,heap       ] GC(247) Eden regions: 610->0(611)
[2024-09-25T00:58:04.170+0000][gc,heap       ] GC(247) Survivor regions: 4->3(77)
[2024-09-25T00:58:04.170+0000][gc,heap       ] GC(247) Old regions: 19->19
[2024-09-25T00:58:04.170+0000][gc,heap       ] GC(247) Humongous regions: 129->129
[2024-09-25T00:58:04.170+0000][gc,metaspace  ] GC(247) Metaspace: 45882K(49024K)->45882K(49024K) NonClass: 40023K(41728K)->40023K(41728K) Class: 5859K(7296K)->5859K(7296K)
[2024-09-25T00:58:04.170+0000][gc            ] GC(247) Pause Young (Normal) (G1 Evacuation Pause) 759M->148M(1024M) 4.326ms
[2024-09-25T00:58:04.170+0000][gc,cpu        ] GC(247) User=0.01s Sys=0.00s Real=0.01s
[2024-09-25T03:04:58.899+0000][gc,start      ] GC(248) Pause Young (Normal) (G1 Evacuation Pause)
[2024-09-25T03:04:58.899+0000][gc,task       ] GC(248) Using 4 workers of 4 for evacuation
[2024-09-25T03:04:58.903+0000][gc,phases     ] GC(248)   Pre Evacuate Collection Set: 0.0ms
[2024-09-25T03:04:58.903+0000][gc,phases     ] GC(248)   Evacuate Collection Set: 2.9ms
[2024-09-25T03:04:58.903+0000][gc,phases     ] GC(248)   Post Evacuate Collection Set: 0.8ms
[2024-09-25T03:04:58.903+0000][gc,phases     ] GC(248)   Other: 0.2ms
[2024-09-25T03:04:58.903+0000][gc,heap       ] GC(248) Eden regions: 611->0(611)
[2024-09-25T03:04:58.903+0000][gc,heap       ] GC(248) Survivor regions: 3->3(77)
[2024-09-25T03:04:58.903+0000][gc,heap       ] GC(248) Old regions: 19->19
[2024-09-25T03:04:58.903+0000][gc,heap       ] GC(248) Humongous regions: 129->129
[2024-09-25T03:04:58.903+0000][gc,metaspace  ] GC(248) Metaspace: 45884K(49024K)->45884K(49024K) NonClass: 40025K(41728K)->40025K(41728K) Class: 5859K(7296K)->5859K(7296K)
[2024-09-25T03:04:58.903+0000][gc            ] GC(248) Pause Young (Normal) (G1 Evacuation Pause) 759M->149M(1024M) 3.938ms
[2024-09-25T03:04:58.903+0000][gc,cpu        ] GC(248) User=0.01s Sys=0.00s Real=0.00s
[2024-09-25T05:11:52.715+0000][gc,start      ] GC(249) Pause Young (Normal) (G1 Evacuation Pause)
[2024-09-25T05:11:52.715+0000][gc,task       ] GC(249) Using 4 workers of 4 for evacuation
[2024-09-25T05:11:52.719+0000][gc,phases     ] GC(249)   Pre Evacuate Collection Set: 0.0ms
[2024-09-25T05:11:52.719+0000][gc,phases     ] GC(249)   Evacuate Collection Set: 3.8ms
[2024-09-25T05:11:52.719+0000][gc,phases     ] GC(249)   Post Evacuate Collection Set: 0.5ms
[2024-09-25T05:11:52.719+0000][gc,phases     ] GC(249)   Other: 0.2ms
[2024-09-25T05:11:52.719+0000][gc,heap       ] GC(249) Eden regions: 611->0(610)
[2024-09-25T05:11:52.719+0000][gc,heap       ] GC(249) Survivor regions: 3->4(77)
[2024-09-25T05:11:52.719+0000][gc,heap       ] GC(249) Old regions: 19->19
[2024-09-25T05:11:52.719+0000][gc,heap       ] GC(249) Humongous regions: 129->129
[2024-09-25T05:11:52.719+0000][gc,metaspace  ] GC(249) Metaspace: 45884K(49024K)->45884K(49024K) NonClass: 40025K(41728K)->40025K(41728K) Class: 5859K(7296K)->5859K(7296K)
[2024-09-25T05:11:52.719+0000][gc            ] GC(249) Pause Young (Normal) (G1 Evacuation Pause) 760M->149M(1024M) 4.601ms
[2024-09-25T05:11:52.719+0000][gc,cpu        ] GC(249) User=0.01s Sys=0.00s Real=0.01s
[2024-09-25T07:18:35.628+0000][gc,start      ] GC(250) Pause Young (Normal) (G1 Evacuation Pause)
[2024-09-25T07:18:35.628+0000][gc,task       ] GC(250) Using 4 workers of 4 for evacuation
[2024-09-25T07:18:35.633+0000][gc,phases     ] GC(250)   Pre Evacuate Collection Set: 0.0ms
[2024-09-25T07:18:35.633+0000][gc,phases     ] GC(250)   Evacuate Collection Set: 3.6ms
[2024-09-25T07:18:35.633+0000][gc,phases     ] GC(250)   Post Evacuate Collection Set: 0.6ms
[2024-09-25T07:18:35.633+0000][gc,phases     ] GC(250)   Other: 0.2ms
[2024-09-25T07:18:35.633+0000][gc,heap       ] GC(250) Eden regions: 610->0(610)
[2024-09-25T07:18:35.633+0000][gc,heap       ] GC(250) Survivor regions: 4->4(77)
[2024-09-25T07:18:35.633+0000][gc,heap       ] GC(250) Old regions: 19->19
[2024-09-25T07:18:35.633+0000][gc,heap       ] GC(250) Humongous regions: 178->129
[2024-09-25T07:18:35.633+0000][gc,metaspace  ] GC(250) Metaspace: 45892K(49024K)->45892K(49024K) NonClass: 40033K(41728K)->40033K(41728K) Class: 5859K(7296K)->5859K(7296K)
[2024-09-25T07:18:35.633+0000][gc            ] GC(250) Pause Young (Normal) (G1 Evacuation Pause) 808M->150M(1024M) 4.485ms
[2024-09-25T07:18:35.633+0000][gc,cpu        ] GC(250) User=0.01s Sys=0.00s Real=0.01s
[2024-09-25T09:25:09.300+0000][gc,start      ] GC(251) Pause Young (Normal) (G1 Evacuation Pause)
[2024-09-25T09:25:09.300+0000][gc,task       ] GC(251) Using 4 workers of 4 for evacuation
[2024-09-25T09:25:09.305+0000][gc,phases     ] GC(251)   Pre Evacuate Collection Set: 0.0ms
[2024-09-25T09:25:09.305+0000][gc,phases     ] GC(251)   Evacuate Collection Set: 3.3ms
[2024-09-25T09:25:09.305+0000][gc,phases     ] GC(251)   Post Evacuate Collection Set: 0.9ms
[2024-09-25T09:25:09.305+0000][gc,phases     ] GC(251)   Other: 0.2ms
[2024-09-25T09:25:09.305+0000][gc,heap       ] GC(251) Eden regions: 610->0(610)
[2024-09-25T09:25:09.305+0000][gc,heap       ] GC(251) Survivor regions: 4->4(77)
[2024-09-25T09:25:09.305+0000][gc,heap       ] GC(251) Old regions: 19->19
[2024-09-25T09:25:09.305+0000][gc,heap       ] GC(251) Humongous regions: 129->129
[2024-09-25T09:25:09.305+0000][gc,metaspace  ] GC(251) Metaspace: 45896K(49024K)->45896K(49024K) NonClass: 40037K(41728K)->40037K(41728K) Class: 5859K(7296K)->5859K(7296K)
[2024-09-25T09:25:09.305+0000][gc            ] GC(251) Pause Young (Normal) (G1 Evacuation Pause) 760M->150M(1024M) 4.423ms
[2024-09-25T09:25:09.305+0000][gc,cpu        ] GC(251) User=0.01s Sys=0.00s Real=0.00s
[2024-09-25T11:31:37.756+0000][gc,start      ] GC(252) Pause Young (Normal) (G1 Evacuation Pause)
[2024-09-25T11:31:37.756+0000][gc,task       ] GC(252) Using 4 workers of 4 for evacuation
[2024-09-25T11:31:37.758+0000][gc,phases     ] GC(252)   Pre Evacuate Collection Set: 0.0ms
[2024-09-25T11:31:37.758+0000][gc,phases     ] GC(252)   Evacuate Collection Set: 1.8ms
[2024-09-25T11:31:37.758+0000][gc,phases     ] GC(252)   Post Evacuate Collection Set: 0.4ms
[2024-09-25T11:31:37.758+0000][gc,phases     ] GC(252)   Other: 0.2ms
[2024-09-25T11:31:37.758+0000][gc,heap       ] GC(252) Eden regions: 610->0(611)
[2024-09-25T11:31:37.758+0000][gc,heap       ] GC(252) Survivor regions: 4->3(77)
[2024-09-25T11:31:37.758+0000][gc,heap       ] GC(252) Old regions: 19->19
[2024-09-25T11:31:37.758+0000][gc,heap       ] GC(252) Humongous regions: 129->129
[2024-09-25T11:31:37.758+0000][gc,metaspace  ] GC(252) Metaspace: 45896K(49024K)->45896K(49024K) NonClass: 40037K(41728K)->40037K(41728K) Class: 5859K(7296K)->5859K(7296K)
[2024-09-25T11:31:37.758+0000][gc            ] GC(252) Pause Young (Normal) (G1 Evacuation Pause) 760M->148M(1024M) 2.477ms
[2024-09-25T11:31:37.758+0000][gc,cpu        ] GC(252) User=0.01s Sys=0.00s Real=0.01s
[2024-09-25T13:38:47.796+0000][gc,start      ] GC(253) Pause Young (Normal) (G1 Evacuation Pause)
[2024-09-25T13:38:47.796+0000][gc,task       ] GC(253) Using 4 workers of 4 for evacuation
[2024-09-25T13:38:47.799+0000][gc,phases     ] GC(253)   Pre Evacuate Collection Set: 0.0ms
[2024-09-25T13:38:47.799+0000][gc,phases     ] GC(253)   Evacuate Collection Set: 2.1ms
[2024-09-25T13:38:47.799+0000][gc,phases     ] GC(253)   Post Evacuate Collection Set: 0.4ms
[2024-09-25T13:38:47.799+0000][gc,phases     ] GC(253)   Other: 0.2ms
[2024-09-25T13:38:47.799+0000][gc,heap       ] GC(253) Eden regions: 611->0(611)
[2024-09-25T13:38:47.799+0000][gc,heap       ] GC(253) Survivor regions: 3->3(77)
[2024-09-25T13:38:47.799+0000][gc,heap       ] GC(253) Old regions: 19->19
[2024-09-25T13:38:47.799+0000][gc,heap       ] GC(253) Humongous regions: 129->129
[2024-09-25T13:38:47.799+0000][gc,metaspace  ] GC(253) Metaspace: 45896K(49024K)->45896K(49024K) NonClass: 40037K(41728K)->40037K(41728K) Class: 5859K(7296K)->5859K(7296K)
[2024-09-25T13:38:47.799+0000][gc            ] GC(253) Pause Young (Normal) (G1 Evacuation Pause) 759M->149M(1024M) 2.746ms
[2024-09-25T13:38:47.799+0000][gc,cpu        ] GC(253) User=0.00s Sys=0.00s Real=0.01s
[2024-09-25T15:46:06.725+0000][gc,start      ] GC(254) Pause Young (Normal) (G1 Evacuation Pause)
[2024-09-25T15:46:06.725+0000][gc,task       ] GC(254) Using 4 workers of 4 for evacuation
[2024-09-25T15:46:06.729+0000][gc,phases     ] GC(254)   Pre Evacuate Collection Set: 0.0ms
[2024-09-25T15:46:06.729+0000][gc,phases     ] GC(254)   Evacuate Collection Set: 2.8ms
[2024-09-25T15:46:06.729+0000][gc,phases     ] GC(254)   Post Evacuate Collection Set: 0.5ms
[2024-09-25T15:46:06.729+0000][gc,phases     ] GC(254)   Other: 0.2ms
[2024-09-25T15:46:06.729+0000][gc,heap       ] GC(254) Eden regions: 611->0(611)
[2024-09-25T15:46:06.729+0000][gc,heap       ] GC(254) Survivor regions: 3->3(77)
[2024-09-25T15:46:06.729+0000][gc,heap       ] GC(254) Old regions: 19->19
[2024-09-25T15:46:06.729+0000][gc,heap       ] GC(254) Humongous regions: 129->129
[2024-09-25T15:46:06.729+0000][gc,metaspace  ] GC(254) Metaspace: 45896K(49024K)->45896K(49024K) NonClass: 40037K(41728K)->40037K(41728K) Class: 5859K(7296K)->5859K(7296K)
[2024-09-25T15:46:06.729+0000][gc            ] GC(254) Pause Young (Normal) (G1 Evacuation Pause) 760M->149M(1024M) 3.473ms
[2024-09-25T15:46:06.729+0000][gc,cpu        ] GC(254) User=0.00s Sys=0.00s Real=0.00s
[2024-09-25T17:53:12.456+0000][gc,start      ] GC(255) Pause Young (Normal) (G1 Evacuation Pause)
[2024-09-25T17:53:12.456+0000][gc,task       ] GC(255) Using 4 workers of 4 for evacuation
[2024-09-25T17:53:12.459+0000][gc,phases     ] GC(255)   Pre Evacuate Collection Set: 0.0ms
[2024-09-25T17:53:12.459+0000][gc,phases     ] GC(255)   Evacuate Collection Set: 2.8ms
[2024-09-25T17:53:12.459+0000][gc,phases     ] GC(255)   Post Evacuate Collection Set: 0.4ms
[2024-09-25T17:53:12.459+0000][gc,phases     ] GC(255)   Other: 0.2ms
[2024-09-25T17:53:12.459+0000][gc,heap       ] GC(255) Eden regions: 611->0(611)
[2024-09-25T17:53:12.459+0000][gc,heap       ] GC(255) Survivor regions: 3->3(77)
[2024-09-25T17:53:12.459+0000][gc,heap       ] GC(255) Old regions: 19->19
[2024-09-25T17:53:12.459+0000][gc,heap       ] GC(255) Humongous regions: 129->129
[2024-09-25T17:53:12.459+0000][gc,metaspace  ] GC(255) Metaspace: 45896K(49024K)->45896K(49024K) NonClass: 40037K(41728K)->40037K(41728K) Class: 5859K(7296K)->5859K(7296K)
[2024-09-25T17:53:12.459+0000][gc            ] GC(255) Pause Young (Normal) (G1 Evacuation Pause) 760M->149M(1024M) 3.385ms
[2024-09-25T17:53:12.459+0000][gc,cpu        ] GC(255) User=0.01s Sys=0.00s Real=0.01s
[2024-09-25T20:00:19.011+0000][gc,start      ] GC(256) Pause Young (Normal) (G1 Evacuation Pause)
[2024-09-25T20:00:19.011+0000][gc,task       ] GC(256) Using 4 workers of 4 for evacuation
[2024-09-25T20:00:19.014+0000][gc,phases     ] GC(256)   Pre Evacuate Collection Set: 0.0ms
[2024-09-25T20:00:19.014+0000][gc,phases     ] GC(256)   Evacuate Collection Set: 2.6ms
[2024-09-25T20:00:19.014+0000][gc,phases     ] GC(256)   Post Evacuate Collection Set: 0.4ms
[2024-09-25T20:00:19.014+0000][gc,phases     ] GC(256)   Other: 0.2ms
[2024-09-25T20:00:19.014+0000][gc,heap       ] GC(256) Eden regions: 611->0(610)
[2024-09-25T20:00:19.014+0000][gc,heap       ] GC(256) Survivor regions: 3->4(77)
[2024-09-25T20:00:19.014+0000][gc,heap       ] GC(256) Old regions: 19->19
[2024-09-25T20:00:19.014+0000][gc,heap       ] GC(256) Humongous regions: 129->129
[2024-09-25T20:00:19.014+0000][gc,metaspace  ] GC(256) Metaspace: 45896K(49024K)->45896K(49024K) NonClass: 40037K(41728K)->40037K(41728K) Class: 5859K(7296K)->5859K(7296K)
[2024-09-25T20:00:19.014+0000][gc            ] GC(256) Pause Young (Normal) (G1 Evacuation Pause) 760M->149M(1024M) 3.182ms
[2024-09-25T20:00:19.014+0000][gc,cpu        ] GC(256) User=0.01s Sys=0.00s Real=0.00s
[2024-09-25T22:07:19.011+0000][gc,start      ] GC(257) Pause Young (Normal) (G1 Evacuation Pause)
[2024-09-25T22:07:19.011+0000][gc,task       ] GC(257) Using 4 workers of 4 for evacuation
[2024-09-25T22:07:19.014+0000][gc,phases     ] GC(257)   Pre Evacuate Collection Set: 0.0ms
[2024-09-25T22:07:19.014+0000][gc,phases     ] GC(257)   Evacuate Collection Set: 2.6ms
[2024-09-25T22:07:19.014+0000][gc,phases     ] GC(257)   Post Evacuate Collection Set: 0.3ms
[2024-09-25T22:07:19.014+0000][gc,phases     ] GC(257)   Other: 0.2ms
[2024-09-25T22:07:19.014+0000][gc,heap       ] GC(257) Eden regions: 610->0(610)
[2024-09-25T22:07:19.014+0000][gc,heap       ] GC(257) Survivor regions: 4->4(77)
[2024-09-25T22:07:19.014+0000][gc,heap       ] GC(257) Old regions: 19->19
[2024-09-25T22:07:19.014+0000][gc,heap       ] GC(257) Humongous regions: 129->129
[2024-09-25T22:07:19.014+0000][gc,metaspace  ] GC(257) Metaspace: 45896K(49024K)->45896K(49024K) NonClass: 40037K(41728K)->40037K(41728K) Class: 5859K(7296K)->5859K(7296K)
[2024-09-25T22:07:19.014+0000][gc            ] GC(257) Pause Young (Normal) (G1 Evacuation Pause) 759M->149M(1024M) 3.182ms
[2024-09-25T22:07:19.014+0000][gc,cpu        ] GC(257) User=0.01s Sys=0.00s Real=0.00s
[2024-09-26T00:14:23.607+0000][gc,start      ] GC(258) Pause Young (Normal) (G1 Evacuation Pause)
[2024-09-26T00:14:23.607+0000][gc,task       ] GC(258) Using 4 workers of 4 for evacuation
[2024-09-26T00:14:23.611+0000][gc,phases     ] GC(258)   Pre Evacuate Collection Set: 0.0ms
[2024-09-26T00:14:23.611+0000][gc,phases     ] GC(258)   Evacuate Collection Set: 3.4ms
[2024-09-26T00:14:23.611+0000][gc,phases     ] GC(258)   Post Evacuate Collection Set: 0.5ms
[2024-09-26T00:14:23.611+0000][gc,phases     ] GC(258)   Other: 0.2ms
[2024-09-26T00:14:23.611+0000][gc,heap       ] GC(258) Eden regions: 610->0(611)
[2024-09-26T00:14:23.611+0000][gc,heap       ] GC(258) Survivor regions: 4->3(77)
[2024-09-26T00:14:23.611+0000][gc,heap       ] GC(258) Old regions: 19->19
[2024-09-26T00:14:23.611+0000][gc,heap       ] GC(258) Humongous regions: 129->129
[2024-09-26T00:14:23.611+0000][gc,metaspace  ] GC(258) Metaspace: 45900K(49024K)->45900K(49024K) NonClass: 40041K(41728K)->40041K(41728K) Class: 5859K(7296K)->5859K(7296K)
[2024-09-26T00:14:23.611+0000][gc            ] GC(258) Pause Young (Normal) (G1 Evacuation Pause) 759M->148M(1024M) 4.158ms
[2024-09-26T00:14:23.611+0000][gc,cpu        ] GC(258) User=0.01s Sys=0.00s Real=0.01s
[2024-09-26T02:21:37.036+0000][gc,start      ] GC(259) Pause Young (Normal) (G1 Evacuation Pause)
[2024-09-26T02:21:37.036+0000][gc,task       ] GC(259) Using 4 workers of 4 for evacuation
[2024-09-26T02:21:37.038+0000][gc,phases     ] GC(259)   Pre Evacuate Collection Set: 0.0ms
[2024-09-26T02:21:37.038+0000][gc,phases     ] GC(259)   Evacuate Collection Set: 2.0ms
[2024-09-26T02:21:37.038+0000][gc,phases     ] GC(259)   Post Evacuate Collection Set: 0.3ms
[2024-09-26T02:21:37.038+0000][gc,phases     ] GC(259)   Other: 0.1ms
[2024-09-26T02:21:37.038+0000][gc,heap       ] GC(259) Eden regions: 611->0(611)
[2024-09-26T02:21:37.038+0000][gc,heap       ] GC(259) Survivor regions: 3->3(77)
[2024-09-26T02:21:37.038+0000][gc,heap       ] GC(259) Old regions: 19->19
[2024-09-26T02:21:37.038+0000][gc,heap       ] GC(259) Humongous regions: 129->129
[2024-09-26T02:21:37.038+0000][gc,metaspace  ] GC(259) Metaspace: 45900K(49024K)->45900K(49024K) NonClass: 40041K(41728K)->40041K(41728K) Class: 5859K(7296K)->5859K(7296K)
[2024-09-26T02:21:37.038+0000][gc            ] GC(259) Pause Young (Normal) (G1 Evacuation Pause) 759M->149M(1024M) 2.575ms
[2024-09-26T02:21:37.038+0000][gc,cpu        ] GC(259) User=0.01s Sys=0.00s Real=0.01s
[2024-09-26T04:28:22.721+0000][gc,start      ] GC(260) Pause Young (Normal) (G1 Evacuation Pause)
[2024-09-26T04:28:22.721+0000][gc,task       ] GC(260) Using 4 workers of 4 for evacuation
[2024-09-26T04:28:22.724+0000][gc,phases     ] GC(260)   Pre Evacuate Collection Set: 0.0ms
[2024-09-26T04:28:22.724+0000][gc,phases     ] GC(260)   Evacuate Collection Set: 2.5ms
[2024-09-26T04:28:22.724+0000][gc,phases     ] GC(260)   Post Evacuate Collection Set: 0.4ms
[2024-09-26T04:28:22.724+0000][gc,phases     ] GC(260)   Other: 0.2ms
[2024-09-26T04:28:22.724+0000][gc,heap       ] GC(260) Eden regions: 611->0(611)
[2024-09-26T04:28:22.724+0000][gc,heap       ] GC(260) Survivor regions: 3->3(77)
[2024-09-26T04:28:22.724+0000][gc,heap       ] GC(260) Old regions: 19->19
[2024-09-26T04:28:22.724+0000][gc,heap       ] GC(260) Humongous regions: 178->129
[2024-09-26T04:28:22.724+0000][gc,metaspace  ] GC(260) Metaspace: 45900K(49024K)->45900K(49024K) NonClass: 40041K(41728K)->40041K(41728K) Class: 5859K(7296K)->5859K(7296K)
[2024-09-26T04:28:22.724+0000][gc            ] GC(260) Pause Young (Normal) (G1 Evacuation Pause) 809M->149M(1024M) 3.175ms
[2024-09-26T04:28:22.724+0000][gc,cpu        ] GC(260) User=0.02s Sys=0.00s Real=0.00s
[2024-09-26T06:35:13.176+0000][gc,start      ] GC(261) Pause Young (Normal) (G1 Evacuation Pause)
[2024-09-26T06:35:13.176+0000][gc,task       ] GC(261) Using 4 workers of 4 for evacuation
[2024-09-26T06:35:13.179+0000][gc,phases     ] GC(261)   Pre Evacuate Collection Set: 0.0ms
[2024-09-26T06:35:13.179+0000][gc,phases     ] GC(261)   Evacuate Collection Set: 2.7ms
[2024-09-26T06:35:13.179+0000][gc,phases     ] GC(261)   Post Evacuate Collection Set: 0.4ms
[2024-09-26T06:35:13.179+0000][gc,phases     ] GC(261)   Other: 0.2ms
[2024-09-26T06:35:13.179+0000][gc,heap       ] GC(261) Eden regions: 611->0(611)
[2024-09-26T06:35:13.179+0000][gc,heap       ] GC(261) Survivor regions: 3->3(77)
[2024-09-26T06:35:13.179+0000][gc,heap       ] GC(261) Old regions: 19->19
[2024-09-26T06:35:13.179+0000][gc,heap       ] GC(261) Humongous regions: 129->129
[2024-09-26T06:35:13.179+0000][gc,metaspace  ] GC(261) Metaspace: 45900K(49024K)->45900K(49024K) NonClass: 40041K(41728K)->40041K(41728K) Class: 5859K(7296K)->5859K(7296K)
[2024-09-26T06:35:13.179+0000][gc            ] GC(261) Pause Young (Normal) (G1 Evacuation Pause) 760M->149M(1024M) 3.369ms
[2024-09-26T06:35:13.179+0000][gc,cpu        ] GC(261) User=0.01s Sys=0.00s Real=0.01s
[2024-09-26T08:42:20.015+0000][gc,start      ] GC(262) Pause Young (Normal) (G1 Evacuation Pause)
[2024-09-26T08:42:20.015+0000][gc,task       ] GC(262) Using 4 workers of 4 for evacuation
[2024-09-26T08:42:20.018+0000][gc,phases     ] GC(262)   Pre Evacuate Collection Set: 0.0ms
[2024-09-26T08:42:20.018+0000][gc,phases     ] GC(262)   Evacuate Collection Set: 2.8ms
[2024-09-26T08:42:20.018+0000][gc,phases     ] GC(262)   Post Evacuate Collection Set: 0.4ms
[2024-09-26T08:42:20.018+0000][gc,phases     ] GC(262)   Other: 0.2ms
[2024-09-26T08:42:20.018+0000][gc,heap       ] GC(262) Eden regions: 611->0(611)
[2024-09-26T08:42:20.018+0000][gc,heap       ] GC(262) Survivor regions: 3->3(77)
[2024-09-26T08:42:20.018+0000][gc,heap       ] GC(262) Old regions: 19->20
[2024-09-26T08:42:20.018+0000][gc,heap       ] GC(262) Humongous regions: 129->129
[2024-09-26T08:42:20.018+0000][gc,metaspace  ] GC(262) Metaspace: 45900K(49024K)->45900K(49024K) NonClass: 40041K(41728K)->40041K(41728K) Class: 5859K(7296K)->5859K(7296K)
[2024-09-26T08:42:20.018+0000][gc            ] GC(262) Pause Young (Normal) (G1 Evacuation Pause) 760M->149M(1024M) 3.541ms
[2024-09-26T08:42:20.018+0000][gc,cpu        ] GC(262) User=0.01s Sys=0.00s Real=0.01s
[2024-09-26T10:49:07.805+0000][gc,start      ] GC(263) Pause Young (Normal) (G1 Evacuation Pause)
[2024-09-26T10:49:07.805+0000][gc,task       ] GC(263) Using 4 workers of 4 for evacuation
[2024-09-26T10:49:07.809+0000][gc,phases     ] GC(263)   Pre Evacuate Collection Set: 0.0ms
[2024-09-26T10:49:07.809+0000][gc,phases     ] GC(263)   Evacuate Collection Set: 3.0ms
[2024-09-26T10:49:07.809+0000][gc,phases     ] GC(263)   Post Evacuate Collection Set: 0.5ms
[2024-09-26T10:49:07.809+0000][gc,phases     ] GC(263)   Other: 0.2ms
[2024-09-26T10:49:07.809+0000][gc,heap       ] GC(263) Eden regions: 611->0(610)
[2024-09-26T10:49:07.809+0000][gc,heap       ] GC(263) Survivor regions: 3->4(77)
[2024-09-26T10:49:07.809+0000][gc,heap       ] GC(263) Old regions: 20->20
[2024-09-26T10:49:07.809+0000][gc,heap       ] GC(263) Humongous regions: 129->129
[2024-09-26T10:49:07.809+0000][gc,metaspace  ] GC(263) Metaspace: 45900K(49024K)->45900K(49024K) NonClass: 40041K(41728K)->40041K(41728K) Class: 5859K(7296K)->5859K(7296K)
[2024-09-26T10:49:07.809+0000][gc            ] GC(263) Pause Young (Normal) (G1 Evacuation Pause) 760M->150M(1024M) 3.632ms
[2024-09-26T10:49:07.809+0000][gc,cpu        ] GC(263) User=0.01s Sys=0.00s Real=0.00s
[2024-09-26T12:55:37.650+0000][gc,start      ] GC(264) Pause Young (Normal) (G1 Evacuation Pause)
[2024-09-26T12:55:37.650+0000][gc,task       ] GC(264) Using 4 workers of 4 for evacuation
[2024-09-26T12:55:37.653+0000][gc,phases     ] GC(264)   Pre Evacuate Collection Set: 0.0ms
[2024-09-26T12:55:37.653+0000][gc,phases     ] GC(264)   Evacuate Collection Set: 2.2ms
[2024-09-26T12:55:37.653+0000][gc,phases     ] GC(264)   Post Evacuate Collection Set: 0.3ms
[2024-09-26T12:55:37.653+0000][gc,phases     ] GC(264)   Other: 0.2ms
[2024-09-26T12:55:37.653+0000][gc,heap       ] GC(264) Eden regions: 610->0(611)
[2024-09-26T12:55:37.653+0000][gc,heap       ] GC(264) Survivor regions: 4->3(77)
[2024-09-26T12:55:37.653+0000][gc,heap       ] GC(264) Old regions: 20->20
[2024-09-26T12:55:37.653+0000][gc,heap       ] GC(264) Humongous regions: 129->129
[2024-09-26T12:55:37.653+0000][gc,metaspace  ] GC(264) Metaspace: 45902K(49024K)->45902K(49024K) NonClass: 40042K(41728K)->40042K(41728K) Class: 5859K(7296K)->5859K(7296K)
[2024-09-26T12:55:37.653+0000][gc            ] GC(264) Pause Young (Normal) (G1 Evacuation Pause) 760M->149M(1024M) 2.822ms
[2024-09-26T12:55:37.653+0000][gc,cpu        ] GC(264) User=0.00s Sys=0.00s Real=0.00s
[2024-09-26T15:02:34.011+0000][gc,start      ] GC(265) Pause Young (Normal) (G1 Evacuation Pause)
[2024-09-26T15:02:34.011+0000][gc,task       ] GC(265) Using 4 workers of 4 for evacuation
[2024-09-26T15:02:34.014+0000][gc,phases     ] GC(265)   Pre Evacuate Collection Set: 0.0ms
[2024-09-26T15:02:34.014+0000][gc,phases     ] GC(265)   Evacuate Collection Set: 2.2ms
[2024-09-26T15:02:34.014+0000][gc,phases     ] GC(265)   Post Evacuate Collection Set: 0.4ms
[2024-09-26T15:02:34.014+0000][gc,phases     ] GC(265)   Other: 0.2ms
[2024-09-26T15:02:34.014+0000][gc,heap       ] GC(265) Eden regions: 611->0(611)
[2024-09-26T15:02:34.014+0000][gc,heap       ] GC(265) Survivor regions: 3->3(77)
[2024-09-26T15:02:34.014+0000][gc,heap       ] GC(265) Old regions: 20->20
[2024-09-26T15:02:34.014+0000][gc,heap       ] GC(265) Humongous regions: 129->129
[2024-09-26T15:02:34.014+0000][gc,metaspace  ] GC(265) Metaspace: 45902K(49024K)->45902K(49024K) NonClass: 40042K(41728K)->40042K(41728K) Class: 5859K(7296K)->5859K(7296K)
[2024-09-26T15:02:34.014+0000][gc            ] GC(265) Pause Young (Normal) (G1 Evacuation Pause) 760M->149M(1024M) 2.881ms
[2024-09-26T15:02:34.014+0000][gc,cpu        ] GC(265) User=0.00s Sys=0.01s Real=0.00s
[2024-09-26T17:09:22.536+0000][gc,start      ] GC(266) Pause Young (Normal) (G1 Evacuation Pause)
[2024-09-26T17:09:22.537+0000][gc,task       ] GC(266) Using 4 workers of 4 for evacuation
[2024-09-26T17:09:22.539+0000][gc,phases     ] GC(266)   Pre Evacuate Collection Set: 0.0ms
[2024-09-26T17:09:22.539+0000][gc,phases     ] GC(266)   Evacuate Collection Set: 2.3ms
[2024-09-26T17:09:22.539+0000][gc,phases     ] GC(266)   Post Evacuate Collection Set: 0.3ms
[2024-09-26T17:09:22.539+0000][gc,phases     ] GC(266)   Other: 0.2ms
[2024-09-26T17:09:22.539+0000][gc,heap       ] GC(266) Eden regions: 611->0(611)
[2024-09-26T17:09:22.539+0000][gc,heap       ] GC(266) Survivor regions: 3->3(77)
[2024-09-26T17:09:22.539+0000][gc,heap       ] GC(266) Old regions: 20->20
[2024-09-26T17:09:22.539+0000][gc,heap       ] GC(266) Humongous regions: 129->129
[2024-09-26T17:09:22.539+0000][gc,metaspace  ] GC(266) Metaspace: 45902K(49024K)->45902K(49024K) NonClass: 40042K(41728K)->40042K(41728K) Class: 5859K(7296K)->5859K(7296K)
[2024-09-26T17:09:22.539+0000][gc            ] GC(266) Pause Young (Normal) (G1 Evacuation Pause) 760M->149M(1024M) 2.841ms
[2024-09-26T17:09:22.539+0000][gc,cpu        ] GC(266) User=0.01s Sys=0.00s Real=0.01s
[2024-09-26T19:16:18.322+0000][gc,start      ] GC(267) Pause Young (Normal) (G1 Evacuation Pause)
[2024-09-26T19:16:18.322+0000][gc,task       ] GC(267) Using 4 workers of 4 for evacuation
[2024-09-26T19:16:18.326+0000][gc,phases     ] GC(267)   Pre Evacuate Collection Set: 0.0ms
[2024-09-26T19:16:18.326+0000][gc,phases     ] GC(267)   Evacuate Collection Set: 3.4ms
[2024-09-26T19:16:18.326+0000][gc,phases     ] GC(267)   Post Evacuate Collection Set: 0.5ms
[2024-09-26T19:16:18.326+0000][gc,phases     ] GC(267)   Other: 0.2ms
[2024-09-26T19:16:18.326+0000][gc,heap       ] GC(267) Eden regions: 611->0(610)
[2024-09-26T19:16:18.326+0000][gc,heap       ] GC(267) Survivor regions: 3->4(77)
[2024-09-26T19:16:18.326+0000][gc,heap       ] GC(267) Old regions: 20->20
[2024-09-26T19:16:18.326+0000][gc,heap       ] GC(267) Humongous regions: 129->129
[2024-09-26T19:16:18.326+0000][gc,metaspace  ] GC(267) Metaspace: 45902K(49024K)->45902K(49024K) NonClass: 40042K(41728K)->40042K(41728K) Class: 5859K(7296K)->5859K(7296K)
[2024-09-26T19:16:18.326+0000][gc            ] GC(267) Pause Young (Normal) (G1 Evacuation Pause) 760M->149M(1024M) 4.230ms
[2024-09-26T19:16:18.326+0000][gc,cpu        ] GC(267) User=0.01s Sys=0.00s Real=0.00s
[2024-09-26T21:22:51.408+0000][gc,start      ] GC(268) Pause Young (Normal) (G1 Evacuation Pause)
[2024-09-26T21:22:51.408+0000][gc,task       ] GC(268) Using 4 workers of 4 for evacuation
[2024-09-26T21:22:51.412+0000][gc,phases     ] GC(268)   Pre Evacuate Collection Set: 0.0ms
[2024-09-26T21:22:51.412+0000][gc,phases     ] GC(268)   Evacuate Collection Set: 3.5ms
[2024-09-26T21:22:51.412+0000][gc,phases     ] GC(268)   Post Evacuate Collection Set: 0.5ms
[2024-09-26T21:22:51.412+0000][gc,phases     ] GC(268)   Other: 0.2ms
[2024-09-26T21:22:51.412+0000][gc,heap       ] GC(268) Eden regions: 610->0(610)
[2024-09-26T21:22:51.412+0000][gc,heap       ] GC(268) Survivor regions: 4->4(77)
[2024-09-26T21:22:51.412+0000][gc,heap       ] GC(268) Old regions: 20->20
[2024-09-26T21:22:51.412+0000][gc,heap       ] GC(268) Humongous regions: 129->129
[2024-09-26T21:22:51.412+0000][gc,metaspace  ] GC(268) Metaspace: 45903K(49024K)->45903K(49024K) NonClass: 40044K(41728K)->40044K(41728K) Class: 5859K(7296K)->5859K(7296K)
[2024-09-26T21:22:51.412+0000][gc            ] GC(268) Pause Young (Normal) (G1 Evacuation Pause) 759M->150M(1024M) 4.265ms
[2024-09-26T21:22:51.412+0000][gc,cpu        ] GC(268) User=0.01s Sys=0.00s Real=0.01s
[2024-09-26T23:29:30.887+0000][gc,start      ] GC(269) Pause Young (Normal) (G1 Evacuation Pause)
[2024-09-26T23:29:30.887+0000][gc,task       ] GC(269) Using 4 workers of 4 for evacuation
[2024-09-26T23:29:30.891+0000][gc,phases     ] GC(269)   Pre Evacuate Collection Set: 0.0ms
[2024-09-26T23:29:30.891+0000][gc,phases     ] GC(269)   Evacuate Collection Set: 3.2ms
[2024-09-26T23:29:30.891+0000][gc,phases     ] GC(269)   Post Evacuate Collection Set: 0.5ms
[2024-09-26T23:29:30.891+0000][gc,phases     ] GC(269)   Other: 0.2ms
[2024-09-26T23:29:30.891+0000][gc,heap       ] GC(269) Eden regions: 610->0(610)
[2024-09-26T23:29:30.891+0000][gc,heap       ] GC(269) Survivor regions: 4->4(77)
[2024-09-26T23:29:30.891+0000][gc,heap       ] GC(269) Old regions: 20->20
[2024-09-26T23:29:30.891+0000][gc,heap       ] GC(269) Humongous regions: 129->129
[2024-09-26T23:29:30.891+0000][gc,metaspace  ] GC(269) Metaspace: 45903K(49024K)->45903K(49024K) NonClass: 40044K(41728K)->40044K(41728K) Class: 5859K(7296K)->5859K(7296K)
[2024-09-26T23:29:30.891+0000][gc            ] GC(269) Pause Young (Normal) (G1 Evacuation Pause) 760M->150M(1024M) 3.957ms
[2024-09-26T23:29:30.891+0000][gc,cpu        ] GC(269) User=0.02s Sys=0.00s Real=0.01s
[2024-09-27T01:36:23.711+0000][gc,start      ] GC(270) Pause Young (Normal) (G1 Evacuation Pause)
[2024-09-27T01:36:23.711+0000][gc,task       ] GC(270) Using 4 workers of 4 for evacuation
[2024-09-27T01:36:23.714+0000][gc,phases     ] GC(270)   Pre Evacuate Collection Set: 0.0ms
[2024-09-27T01:36:23.714+0000][gc,phases     ] GC(270)   Evacuate Collection Set: 2.9ms
[2024-09-27T01:36:23.714+0000][gc,phases     ] GC(270)   Post Evacuate Collection Set: 0.5ms
[2024-09-27T01:36:23.714+0000][gc,phases     ] GC(270)   Other: 0.2ms
[2024-09-27T01:36:23.714+0000][gc,heap       ] GC(270) Eden regions: 610->0(611)
[2024-09-27T01:36:23.714+0000][gc,heap       ] GC(270) Survivor regions: 4->3(77)
[2024-09-27T01:36:23.714+0000][gc,heap       ] GC(270) Old regions: 20->20
[2024-09-27T01:36:23.714+0000][gc,heap       ] GC(270) Humongous regions: 129->129
[2024-09-27T01:36:23.714+0000][gc,metaspace  ] GC(270) Metaspace: 45903K(49024K)->45903K(49024K) NonClass: 40044K(41728K)->40044K(41728K) Class: 5859K(7296K)->5859K(7296K)
[2024-09-27T01:36:23.714+0000][gc            ] GC(270) Pause Young (Normal) (G1 Evacuation Pause) 760M->149M(1024M) 3.699ms
[2024-09-27T01:36:23.714+0000][gc,cpu        ] GC(270) User=0.01s Sys=0.00s Real=0.00s
[2024-09-27T03:43:25.357+0000][gc,start      ] GC(271) Pause Young (Normal) (G1 Evacuation Pause)
[2024-09-27T03:43:25.357+0000][gc,task       ] GC(271) Using 4 workers of 4 for evacuation
[2024-09-27T03:43:25.360+0000][gc,phases     ] GC(271)   Pre Evacuate Collection Set: 0.0ms
[2024-09-27T03:43:25.360+0000][gc,phases     ] GC(271)   Evacuate Collection Set: 2.2ms
[2024-09-27T03:43:25.360+0000][gc,phases     ] GC(271)   Post Evacuate Collection Set: 0.4ms
[2024-09-27T03:43:25.360+0000][gc,phases     ] GC(271)   Other: 0.2ms
[2024-09-27T03:43:25.360+0000][gc,heap       ] GC(271) Eden regions: 611->0(611)
[2024-09-27T03:43:25.360+0000][gc,heap       ] GC(271) Survivor regions: 3->3(77)
[2024-09-27T03:43:25.360+0000][gc,heap       ] GC(271) Old regions: 20->20
[2024-09-27T03:43:25.360+0000][gc,heap       ] GC(271) Humongous regions: 129->129
[2024-09-27T03:43:25.360+0000][gc,metaspace  ] GC(271) Metaspace: 45903K(49024K)->45903K(49024K) NonClass: 40044K(41728K)->40044K(41728K) Class: 5859K(7296K)->5859K(7296K)
[2024-09-27T03:43:25.360+0000][gc            ] GC(271) Pause Young (Normal) (G1 Evacuation Pause) 760M->149M(1024M) 2.811ms
[2024-09-27T03:43:25.360+0000][gc,cpu        ] GC(271) User=0.01s Sys=0.00s Real=0.01s
[2024-09-27T05:50:25.716+0000][gc,start      ] GC(272) Pause Young (Normal) (G1 Evacuation Pause)
[2024-09-27T05:50:25.716+0000][gc,task       ] GC(272) Using 4 workers of 4 for evacuation
[2024-09-27T05:50:25.719+0000][gc,phases     ] GC(272)   Pre Evacuate Collection Set: 0.0ms
[2024-09-27T05:50:25.719+0000][gc,phases     ] GC(272)   Evacuate Collection Set: 2.5ms
[2024-09-27T05:50:25.719+0000][gc,phases     ] GC(272)   Post Evacuate Collection Set: 0.5ms
[2024-09-27T05:50:25.719+0000][gc,phases     ] GC(272)   Other: 0.2ms
[2024-09-27T05:50:25.719+0000][gc,heap       ] GC(272) Eden regions: 611->0(611)
[2024-09-27T05:50:25.719+0000][gc,heap       ] GC(272) Survivor regions: 3->3(77)
[2024-09-27T05:50:25.719+0000][gc,heap       ] GC(272) Old regions: 20->20
[2024-09-27T05:50:25.719+0000][gc,heap       ] GC(272) Humongous regions: 129->129
[2024-09-27T05:50:25.719+0000][gc,metaspace  ] GC(272) Metaspace: 45903K(49024K)->45903K(49024K) NonClass: 40044K(41728K)->40044K(41728K) Class: 5859K(7296K)->5859K(7296K)
[2024-09-27T05:50:25.719+0000][gc            ] GC(272) Pause Young (Normal) (G1 Evacuation Pause) 760M->149M(1024M) 3.204ms
[2024-09-27T05:50:25.719+0000][gc,cpu        ] GC(272) User=0.01s Sys=0.00s Real=0.01s
[2024-09-27T07:57:39.011+0000][gc,start      ] GC(273) Pause Young (Normal) (G1 Evacuation Pause)
[2024-09-27T07:57:39.011+0000][gc,task       ] GC(273) Using 4 workers of 4 for evacuation
[2024-09-27T07:57:39.015+0000][gc,phases     ] GC(273)   Pre Evacuate Collection Set: 0.0ms
[2024-09-27T07:57:39.015+0000][gc,phases     ] GC(273)   Evacuate Collection Set: 3.3ms
[2024-09-27T07:57:39.015+0000][gc,phases     ] GC(273)   Post Evacuate Collection Set: 0.5ms
[2024-09-27T07:57:39.015+0000][gc,phases     ] GC(273)   Other: 0.2ms
[2024-09-27T07:57:39.015+0000][gc,heap       ] GC(273) Eden regions: 611->0(610)
[2024-09-27T07:57:39.015+0000][gc,heap       ] GC(273) Survivor regions: 3->4(77)
[2024-09-27T07:57:39.015+0000][gc,heap       ] GC(273) Old regions: 20->20
[2024-09-27T07:57:39.015+0000][gc,heap       ] GC(273) Humongous regions: 129->129
[2024-09-27T07:57:39.015+0000][gc,metaspace  ] GC(273) Metaspace: 45903K(49024K)->45903K(49024K) NonClass: 40044K(41728K)->40044K(41728K) Class: 5859K(7296K)->5859K(7296K)
[2024-09-27T07:57:39.015+0000][gc            ] GC(273) Pause Young (Normal) (G1 Evacuation Pause) 760M->149M(1024M) 4.102ms
[2024-09-27T07:57:39.015+0000][gc,cpu        ] GC(273) User=0.01s Sys=0.00s Real=0.00s
[2024-09-27T10:04:40.698+0000][gc,start      ] GC(274) Pause Young (Normal) (G1 Evacuation Pause)
[2024-09-27T10:04:40.698+0000][gc,task       ] GC(274) Using 4 workers of 4 for evacuation
[2024-09-27T10:04:40.702+0000][gc,phases     ] GC(274)   Pre Evacuate Collection Set: 0.0ms
[2024-09-27T10:04:40.702+0000][gc,phases     ] GC(274)   Evacuate Collection Set: 3.5ms
[2024-09-27T10:04:40.702+0000][gc,phases     ] GC(274)   Post Evacuate Collection Set: 0.5ms
[2024-09-27T10:04:40.702+0000][gc,phases     ] GC(274)   Other: 0.2ms
[2024-09-27T10:04:40.702+0000][gc,heap       ] GC(274) Eden regions: 610->0(610)
[2024-09-27T10:04:40.702+0000][gc,heap       ] GC(274) Survivor regions: 4->4(77)
[2024-09-27T10:04:40.702+0000][gc,heap       ] GC(274) Old regions: 20->20
[2024-09-27T10:04:40.702+0000][gc,heap       ] GC(274) Humongous regions: 178->129
[2024-09-27T10:04:40.702+0000][gc,metaspace  ] GC(274) Metaspace: 45903K(49024K)->45903K(49024K) NonClass: 40044K(41728K)->40044K(41728K) Class: 5859K(7296K)->5859K(7296K)
[2024-09-27T10:04:40.702+0000][gc            ] GC(274) Pause Young (Normal) (G1 Evacuation Pause) 808M->150M(1024M) 4.277ms
[2024-09-27T10:04:40.702+0000][gc,cpu        ] GC(274) User=0.02s Sys=0.00s Real=0.00s
[2024-09-27T12:11:27.794+0000][gc,start      ] GC(275) Pause Young (Normal) (G1 Evacuation Pause)
[2024-09-27T12:11:27.794+0000][gc,task       ] GC(275) Using 4 workers of 4 for evacuation
[2024-09-27T12:11:27.798+0000][gc,phases     ] GC(275)   Pre Evacuate Collection Set: 0.0ms
[2024-09-27T12:11:27.798+0000][gc,phases     ] GC(275)   Evacuate Collection Set: 3.1ms
[2024-09-27T12:11:27.798+0000][gc,phases     ] GC(275)   Post Evacuate Collection Set: 0.5ms
[2024-09-27T12:11:27.798+0000][gc,phases     ] GC(275)   Other: 0.2ms
[2024-09-27T12:11:27.798+0000][gc,heap       ] GC(275) Eden regions: 610->0(611)
[2024-09-27T12:11:27.798+0000][gc,heap       ] GC(275) Survivor regions: 4->3(77)
[2024-09-27T12:11:27.798+0000][gc,heap       ] GC(275) Old regions: 20->20
[2024-09-27T12:11:27.798+0000][gc,heap       ] GC(275) Humongous regions: 290->129
[2024-09-27T12:11:27.798+0000][gc,metaspace  ] GC(275) Metaspace: 45915K(49024K)->45915K(49024K) NonClass: 40055K(41728K)->40055K(41728K) Class: 5859K(7296K)->5859K(7296K)
[2024-09-27T12:11:27.798+0000][gc            ] GC(275) Pause Young (Normal) (G1 Evacuation Pause) 921M->148M(1024M) 3.840ms
[2024-09-27T12:11:27.798+0000][gc,cpu        ] GC(275) User=0.01s Sys=0.00s Real=0.01s
[2024-09-27T14:33:34.893+0000][gc,start      ] GC(276) Pause Young (Normal) (G1 Evacuation Pause)
[2024-09-27T14:33:34.893+0000][gc,task       ] GC(276) Using 4 workers of 4 for evacuation
[2024-09-27T14:33:34.896+0000][gc,phases     ] GC(276)   Pre Evacuate Collection Set: 0.0ms
[2024-09-27T14:33:34.896+0000][gc,phases     ] GC(276)   Evacuate Collection Set: 2.7ms
[2024-09-27T14:33:34.896+0000][gc,phases     ] GC(276)   Post Evacuate Collection Set: 0.4ms
[2024-09-27T14:33:34.896+0000][gc,phases     ] GC(276)   Other: 0.2ms
[2024-09-27T14:33:34.896+0000][gc,heap       ] GC(276) Eden regions: 611->0(610)
[2024-09-27T14:33:34.896+0000][gc,heap       ] GC(276) Survivor regions: 3->4(77)
[2024-09-27T14:33:34.896+0000][gc,heap       ] GC(276) Old regions: 20->20
[2024-09-27T14:33:34.896+0000][gc,heap       ] GC(276) Humongous regions: 129->129
[2024-09-27T14:33:34.896+0000][gc,metaspace  ] GC(276) Metaspace: 45915K(49024K)->45915K(49024K) NonClass: 40056K(41728K)->40056K(41728K) Class: 5859K(7296K)->5859K(7296K)
[2024-09-27T14:33:34.896+0000][gc            ] GC(276) Pause Young (Normal) (G1 Evacuation Pause) 759M->149M(1024M) 3.422ms
[2024-09-27T14:33:34.896+0000][gc,cpu        ] GC(276) User=0.01s Sys=0.00s Real=0.00s
[2024-09-27T16:50:24.011+0000][gc,start      ] GC(277) Pause Young (Normal) (G1 Evacuation Pause)
[2024-09-27T16:50:24.011+0000][gc,task       ] GC(277) Using 4 workers of 4 for evacuation
[2024-09-27T16:50:24.015+0000][gc,phases     ] GC(277)   Pre Evacuate Collection Set: 0.0ms
[2024-09-27T16:50:24.015+0000][gc,phases     ] GC(277)   Evacuate Collection Set: 3.5ms
[2024-09-27T16:50:24.015+0000][gc,phases     ] GC(277)   Post Evacuate Collection Set: 0.4ms
[2024-09-27T16:50:24.015+0000][gc,phases     ] GC(277)   Other: 0.2ms
[2024-09-27T16:50:24.015+0000][gc,heap       ] GC(277) Eden regions: 610->0(610)
[2024-09-27T16:50:24.015+0000][gc,heap       ] GC(277) Survivor regions: 4->4(77)
[2024-09-27T16:50:24.015+0000][gc,heap       ] GC(277) Old regions: 20->20
[2024-09-27T16:50:24.015+0000][gc,heap       ] GC(277) Humongous regions: 129->129
[2024-09-27T16:50:24.015+0000][gc,metaspace  ] GC(277) Metaspace: 45915K(49024K)->45915K(49024K) NonClass: 40056K(41728K)->40056K(41728K) Class: 5859K(7296K)->5859K(7296K)
[2024-09-27T16:50:24.015+0000][gc            ] GC(277) Pause Young (Normal) (G1 Evacuation Pause) 759M->150M(1024M) 4.282ms
[2024-09-27T16:50:24.015+0000][gc,cpu        ] GC(277) User=0.01s Sys=0.00s Real=0.00s
[2024-09-27T19:06:52.656+0000][gc,start      ] GC(278) Pause Young (Normal) (G1 Evacuation Pause)
[2024-09-27T19:06:52.656+0000][gc,task       ] GC(278) Using 4 workers of 4 for evacuation
[2024-09-27T19:06:52.659+0000][gc,phases     ] GC(278)   Pre Evacuate Collection Set: 0.0ms
[2024-09-27T19:06:52.659+0000][gc,phases     ] GC(278)   Evacuate Collection Set: 2.5ms
[2024-09-27T19:06:52.659+0000][gc,phases     ] GC(278)   Post Evacuate Collection Set: 0.5ms
[2024-09-27T19:06:52.659+0000][gc,phases     ] GC(278)   Other: 0.2ms
[2024-09-27T19:06:52.659+0000][gc,heap       ] GC(278) Eden regions: 610->0(611)
[2024-09-27T19:06:52.659+0000][gc,heap       ] GC(278) Survivor regions: 4->3(77)
[2024-09-27T19:06:52.659+0000][gc,heap       ] GC(278) Old regions: 20->20
[2024-09-27T19:06:52.659+0000][gc,heap       ] GC(278) Humongous regions: 129->129
[2024-09-27T19:06:52.659+0000][gc,metaspace  ] GC(278) Metaspace: 45915K(49024K)->45915K(49024K) NonClass: 40056K(41728K)->40056K(41728K) Class: 5859K(7296K)->5859K(7296K)
[2024-09-27T19:06:52.659+0000][gc            ] GC(278) Pause Young (Normal) (G1 Evacuation Pause) 760M->149M(1024M) 3.294ms
[2024-09-27T19:06:52.659+0000][gc,cpu        ] GC(278) User=0.01s Sys=0.00s Real=0.01s
[2024-09-27T21:23:04.464+0000][gc,start      ] GC(279) Pause Young (Normal) (G1 Evacuation Pause)
[2024-09-27T21:23:04.464+0000][gc,task       ] GC(279) Using 4 workers of 4 for evacuation
[2024-09-27T21:23:04.467+0000][gc,phases     ] GC(279)   Pre Evacuate Collection Set: 0.0ms
[2024-09-27T21:23:04.467+0000][gc,phases     ] GC(279)   Evacuate Collection Set: 2.8ms
[2024-09-27T21:23:04.467+0000][gc,phases     ] GC(279)   Post Evacuate Collection Set: 0.4ms
[2024-09-27T21:23:04.467+0000][gc,phases     ] GC(279)   Other: 0.2ms
[2024-09-27T21:23:04.467+0000][gc,heap       ] GC(279) Eden regions: 611->0(611)
[2024-09-27T21:23:04.467+0000][gc,heap       ] GC(279) Survivor regions: 3->3(77)
[2024-09-27T21:23:04.467+0000][gc,heap       ] GC(279) Old regions: 20->20
[2024-09-27T21:23:04.467+0000][gc,heap       ] GC(279) Humongous regions: 129->129
[2024-09-27T21:23:04.467+0000][gc,metaspace  ] GC(279) Metaspace: 45917K(49024K)->45917K(49024K) NonClass: 40058K(41728K)->40058K(41728K) Class: 5859K(7296K)->5859K(7296K)
[2024-09-27T21:23:04.467+0000][gc            ] GC(279) Pause Young (Normal) (G1 Evacuation Pause) 760M->149M(1024M) 3.440ms
[2024-09-27T21:23:04.467+0000][gc,cpu        ] GC(279) User=0.02s Sys=0.00s Real=0.00s
[2024-09-27T23:38:24.011+0000][gc,start      ] GC(280) Pause Young (Normal) (G1 Evacuation Pause)
[2024-09-27T23:38:24.011+0000][gc,task       ] GC(280) Using 4 workers of 4 for evacuation
[2024-09-27T23:38:24.016+0000][gc,phases     ] GC(280)   Pre Evacuate Collection Set: 0.0ms
[2024-09-27T23:38:24.016+0000][gc,phases     ] GC(280)   Evacuate Collection Set: 4.3ms
[2024-09-27T23:38:24.016+0000][gc,phases     ] GC(280)   Post Evacuate Collection Set: 0.5ms
[2024-09-27T23:38:24.016+0000][gc,phases     ] GC(280)   Other: 0.2ms
[2024-09-27T23:38:24.016+0000][gc,heap       ] GC(280) Eden regions: 611->0(611)
[2024-09-27T23:38:24.016+0000][gc,heap       ] GC(280) Survivor regions: 3->3(77)
[2024-09-27T23:38:24.016+0000][gc,heap       ] GC(280) Old regions: 20->20
[2024-09-27T23:38:24.016+0000][gc,heap       ] GC(280) Humongous regions: 129->129
[2024-09-27T23:38:24.016+0000][gc,metaspace  ] GC(280) Metaspace: 45917K(49024K)->45917K(49024K) NonClass: 40058K(41728K)->40058K(41728K) Class: 5859K(7296K)->5859K(7296K)
[2024-09-27T23:38:24.016+0000][gc            ] GC(280) Pause Young (Normal) (G1 Evacuation Pause) 760M->149M(1024M) 5.093ms
[2024-09-27T23:38:24.016+0000][gc,cpu        ] GC(280) User=0.01s Sys=0.00s Real=0.00s
[2024-09-28T01:54:30.654+0000][gc,start      ] GC(281) Pause Young (Normal) (G1 Evacuation Pause)
[2024-09-28T01:54:30.654+0000][gc,task       ] GC(281) Using 4 workers of 4 for evacuation
[2024-09-28T01:54:30.658+0000][gc,phases     ] GC(281)   Pre Evacuate Collection Set: 0.0ms
[2024-09-28T01:54:30.658+0000][gc,phases     ] GC(281)   Evacuate Collection Set: 3.2ms
[2024-09-28T01:54:30.658+0000][gc,phases     ] GC(281)   Post Evacuate Collection Set: 0.6ms
[2024-09-28T01:54:30.658+0000][gc,phases     ] GC(281)   Other: 0.2ms
[2024-09-28T01:54:30.658+0000][gc,heap       ] GC(281) Eden regions: 611->0(610)
[2024-09-28T01:54:30.658+0000][gc,heap       ] GC(281) Survivor regions: 3->4(77)
[2024-09-28T01:54:30.658+0000][gc,heap       ] GC(281) Old regions: 20->20
[2024-09-28T01:54:30.658+0000][gc,heap       ] GC(281) Humongous regions: 129->129
[2024-09-28T01:54:30.658+0000][gc,metaspace  ] GC(281) Metaspace: 45917K(49024K)->45917K(49024K) NonClass: 40058K(41728K)->40058K(41728K) Class: 5859K(7296K)->5859K(7296K)
[2024-09-28T01:54:30.658+0000][gc            ] GC(281) Pause Young (Normal) (G1 Evacuation Pause) 760M->150M(1024M) 4.156ms
[2024-09-28T01:54:30.658+0000][gc,cpu        ] GC(281) User=0.00s Sys=0.01s Real=0.01s
[2024-09-28T04:10:27.073+0000][gc,start      ] GC(282) Pause Young (Normal) (G1 Evacuation Pause)
[2024-09-28T04:10:27.073+0000][gc,task       ] GC(282) Using 4 workers of 4 for evacuation
[2024-09-28T04:10:27.076+0000][gc,phases     ] GC(282)   Pre Evacuate Collection Set: 0.0ms
[2024-09-28T04:10:27.076+0000][gc,phases     ] GC(282)   Evacuate Collection Set: 2.4ms
[2024-09-28T04:10:27.076+0000][gc,phases     ] GC(282)   Post Evacuate Collection Set: 0.4ms
[2024-09-28T04:10:27.076+0000][gc,phases     ] GC(282)   Other: 0.2ms
[2024-09-28T04:10:27.076+0000][gc,heap       ] GC(282) Eden regions: 610->0(611)
[2024-09-28T04:10:27.076+0000][gc,heap       ] GC(282) Survivor regions: 4->3(77)
[2024-09-28T04:10:27.076+0000][gc,heap       ] GC(282) Old regions: 20->20
[2024-09-28T04:10:27.076+0000][gc,heap       ] GC(282) Humongous regions: 129->129
[2024-09-28T04:10:27.076+0000][gc,metaspace  ] GC(282) Metaspace: 45917K(49024K)->45917K(49024K) NonClass: 40058K(41728K)->40058K(41728K) Class: 5859K(7296K)->5859K(7296K)
[2024-09-28T04:10:27.076+0000][gc            ] GC(282) Pause Young (Normal) (G1 Evacuation Pause) 760M->149M(1024M) 3.060ms
[2024-09-28T04:10:27.076+0000][gc,cpu        ] GC(282) User=0.01s Sys=0.00s Real=0.00s
[2024-09-28T06:26:20.490+0000][gc,start      ] GC(283) Pause Young (Normal) (G1 Evacuation Pause)
[2024-09-28T06:26:20.490+0000][gc,task       ] GC(283) Using 4 workers of 4 for evacuation
[2024-09-28T06:26:20.494+0000][gc,phases     ] GC(283)   Pre Evacuate Collection Set: 0.0ms
[2024-09-28T06:26:20.494+0000][gc,phases     ] GC(283)   Evacuate Collection Set: 3.3ms
[2024-09-28T06:26:20.494+0000][gc,phases     ] GC(283)   Post Evacuate Collection Set: 0.4ms
[2024-09-28T06:26:20.494+0000][gc,phases     ] GC(283)   Other: 0.2ms
[2024-09-28T06:26:20.494+0000][gc,heap       ] GC(283) Eden regions: 611->0(611)
[2024-09-28T06:26:20.494+0000][gc,heap       ] GC(283) Survivor regions: 3->3(77)
[2024-09-28T06:26:20.494+0000][gc,heap       ] GC(283) Old regions: 20->20
[2024-09-28T06:26:20.494+0000][gc,heap       ] GC(283) Humongous regions: 129->129
[2024-09-28T06:26:20.494+0000][gc,metaspace  ] GC(283) Metaspace: 45917K(49024K)->45917K(49024K) NonClass: 40058K(41728K)->40058K(41728K) Class: 5859K(7296K)->5859K(7296K)
[2024-09-28T06:26:20.494+0000][gc            ] GC(283) Pause Young (Normal) (G1 Evacuation Pause) 760M->149M(1024M) 3.938ms
[2024-09-28T06:26:20.494+0000][gc,cpu        ] GC(283) User=0.01s Sys=0.00s Real=0.00s
[2024-09-28T08:41:39.011+0000][gc,start      ] GC(284) Pause Young (Normal) (G1 Evacuation Pause)
[2024-09-28T08:41:39.011+0000][gc,task       ] GC(284) Using 4 workers of 4 for evacuation
[2024-09-28T08:41:39.015+0000][gc,phases     ] GC(284)   Pre Evacuate Collection Set: 0.0ms
[2024-09-28T08:41:39.015+0000][gc,phases     ] GC(284)   Evacuate Collection Set: 2.7ms
[2024-09-28T08:41:39.015+0000][gc,phases     ] GC(284)   Post Evacuate Collection Set: 0.4ms
[2024-09-28T08:41:39.015+0000][gc,phases     ] GC(284)   Other: 0.2ms
[2024-09-28T08:41:39.015+0000][gc,heap       ] GC(284) Eden regions: 611->0(611)
[2024-09-28T08:41:39.015+0000][gc,heap       ] GC(284) Survivor regions: 3->3(77)
[2024-09-28T08:41:39.015+0000][gc,heap       ] GC(284) Old regions: 20->20
[2024-09-28T08:41:39.015+0000][gc,heap       ] GC(284) Humongous regions: 129->129
[2024-09-28T08:41:39.015+0000][gc,metaspace  ] GC(284) Metaspace: 45917K(49024K)->45917K(49024K) NonClass: 40058K(41728K)->40058K(41728K) Class: 5859K(7296K)->5859K(7296K)
[2024-09-28T08:41:39.015+0000][gc            ] GC(284) Pause Young (Normal) (G1 Evacuation Pause) 760M->149M(1024M) 3.273ms
[2024-09-28T08:41:39.015+0000][gc,cpu        ] GC(284) User=0.01s Sys=0.00s Real=0.00s
[2024-09-28T10:57:44.011+0000][gc,start      ] GC(285) Pause Young (Normal) (G1 Evacuation Pause)
[2024-09-28T10:57:44.011+0000][gc,task       ] GC(285) Using 4 workers of 4 for evacuation
[2024-09-28T10:57:44.014+0000][gc,phases     ] GC(285)   Pre Evacuate Collection Set: 0.0ms
[2024-09-28T10:57:44.014+0000][gc,phases     ] GC(285)   Evacuate Collection Set: 2.8ms
[2024-09-28T10:57:44.014+0000][gc,phases     ] GC(285)   Post Evacuate Collection Set: 0.4ms
[2024-09-28T10:57:44.014+0000][gc,phases     ] GC(285)   Other: 0.2ms
[2024-09-28T10:57:44.014+0000][gc,heap       ] GC(285) Eden regions: 611->0(611)
[2024-09-28T10:57:44.014+0000][gc,heap       ] GC(285) Survivor regions: 3->3(77)
[2024-09-28T10:57:44.014+0000][gc,heap       ] GC(285) Old regions: 20->20
[2024-09-28T10:57:44.014+0000][gc,heap       ] GC(285) Humongous regions: 129->129
[2024-09-28T10:57:44.014+0000][gc,metaspace  ] GC(285) Metaspace: 45917K(49024K)->45917K(49024K) NonClass: 40058K(41728K)->40058K(41728K) Class: 5859K(7296K)->5859K(7296K)
[2024-09-28T10:57:44.014+0000][gc            ] GC(285) Pause Young (Normal) (G1 Evacuation Pause) 760M->149M(1024M) 3.382ms
[2024-09-28T10:57:44.014+0000][gc,cpu        ] GC(285) User=0.01s Sys=0.00s Real=0.00s
[2024-09-28T13:13:59.958+0000][gc,start      ] GC(286) Pause Young (Normal) (G1 Evacuation Pause)
[2024-09-28T13:13:59.958+0000][gc,task       ] GC(286) Using 4 workers of 4 for evacuation
[2024-09-28T13:13:59.961+0000][gc,phases     ] GC(286)   Pre Evacuate Collection Set: 0.0ms
[2024-09-28T13:13:59.962+0000][gc,phases     ] GC(286)   Evacuate Collection Set: 3.1ms
[2024-09-28T13:13:59.962+0000][gc,phases     ] GC(286)   Post Evacuate Collection Set: 0.5ms
[2024-09-28T13:13:59.962+0000][gc,phases     ] GC(286)   Other: 0.2ms
[2024-09-28T13:13:59.962+0000][gc,heap       ] GC(286) Eden regions: 611->0(611)
[2024-09-28T13:13:59.962+0000][gc,heap       ] GC(286) Survivor regions: 3->3(77)
[2024-09-28T13:13:59.962+0000][gc,heap       ] GC(286) Old regions: 20->20
[2024-09-28T13:13:59.962+0000][gc,heap       ] GC(286) Humongous regions: 178->129
[2024-09-28T13:13:59.962+0000][gc,metaspace  ] GC(286) Metaspace: 45917K(49024K)->45917K(49024K) NonClass: 40058K(41728K)->40058K(41728K) Class: 5859K(7296K)->5859K(7296K)
[2024-09-28T13:13:59.962+0000][gc            ] GC(286) Pause Young (Normal) (G1 Evacuation Pause) 809M->149M(1024M) 3.830ms
[2024-09-28T13:13:59.962+0000][gc,cpu        ] GC(286) User=0.01s Sys=0.00s Real=0.00s
[2024-09-28T15:29:27.839+0000][gc,start      ] GC(287) Pause Young (Normal) (G1 Evacuation Pause)
[2024-09-28T15:29:27.839+0000][gc,task       ] GC(287) Using 4 workers of 4 for evacuation
[2024-09-28T15:29:27.842+0000][gc,phases     ] GC(287)   Pre Evacuate Collection Set: 0.0ms
[2024-09-28T15:29:27.842+0000][gc,phases     ] GC(287)   Evacuate Collection Set: 2.5ms
[2024-09-28T15:29:27.842+0000][gc,phases     ] GC(287)   Post Evacuate Collection Set: 0.5ms
[2024-09-28T15:29:27.843+0000][gc,phases     ] GC(287)   Other: 0.2ms
[2024-09-28T15:29:27.843+0000][gc,heap       ] GC(287) Eden regions: 611->0(611)
[2024-09-28T15:29:27.843+0000][gc,heap       ] GC(287) Survivor regions: 3->3(77)
[2024-09-28T15:29:27.843+0000][gc,heap       ] GC(287) Old regions: 20->20
[2024-09-28T15:29:27.843+0000][gc,heap       ] GC(287) Humongous regions: 129->129
[2024-09-28T15:29:27.843+0000][gc,metaspace  ] GC(287) Metaspace: 45917K(49024K)->45917K(49024K) NonClass: 40058K(41728K)->40058K(41728K) Class: 5859K(7296K)->5859K(7296K)
[2024-09-28T15:29:27.843+0000][gc            ] GC(287) Pause Young (Normal) (G1 Evacuation Pause) 760M->149M(1024M) 3.286ms
[2024-09-28T15:29:27.843+0000][gc,cpu        ] GC(287) User=0.02s Sys=0.00s Real=0.00s
[2024-09-28T17:45:12.992+0000][gc,start      ] GC(288) Pause Young (Normal) (G1 Evacuation Pause)
[2024-09-28T17:45:12.992+0000][gc,task       ] GC(288) Using 4 workers of 4 for evacuation
[2024-09-28T17:45:12.996+0000][gc,phases     ] GC(288)   Pre Evacuate Collection Set: 0.0ms
[2024-09-28T17:45:12.996+0000][gc,phases     ] GC(288)   Evacuate Collection Set: 3.1ms
[2024-09-28T17:45:12.996+0000][gc,phases     ] GC(288)   Post Evacuate Collection Set: 0.4ms
[2024-09-28T17:45:12.996+0000][gc,phases     ] GC(288)   Other: 0.2ms
[2024-09-28T17:45:12.996+0000][gc,heap       ] GC(288) Eden regions: 611->0(610)
[2024-09-28T17:45:12.996+0000][gc,heap       ] GC(288) Survivor regions: 3->4(77)
[2024-09-28T17:45:12.996+0000][gc,heap       ] GC(288) Old regions: 20->20
[2024-09-28T17:45:12.996+0000][gc,heap       ] GC(288) Humongous regions: 129->129
[2024-09-28T17:45:12.996+0000][gc,metaspace  ] GC(288) Metaspace: 45917K(49024K)->45917K(49024K) NonClass: 40058K(41728K)->40058K(41728K) Class: 5859K(7296K)->5859K(7296K)
[2024-09-28T17:45:12.996+0000][gc            ] GC(288) Pause Young (Normal) (G1 Evacuation Pause) 760M->150M(1024M) 3.718ms
[2024-09-28T17:45:12.996+0000][gc,cpu        ] GC(288) User=0.02s Sys=0.00s Real=0.00s
[2024-09-28T20:00:57.539+0000][gc,start      ] GC(289) Pause Young (Normal) (G1 Evacuation Pause)
[2024-09-28T20:00:57.539+0000][gc,task       ] GC(289) Using 4 workers of 4 for evacuation
[2024-09-28T20:00:57.541+0000][gc,phases     ] GC(289)   Pre Evacuate Collection Set: 0.0ms
[2024-09-28T20:00:57.541+0000][gc,phases     ] GC(289)   Evacuate Collection Set: 1.8ms
[2024-09-28T20:00:57.541+0000][gc,phases     ] GC(289)   Post Evacuate Collection Set: 0.4ms
[2024-09-28T20:00:57.541+0000][gc,phases     ] GC(289)   Other: 0.2ms
[2024-09-28T20:00:57.541+0000][gc,heap       ] GC(289) Eden regions: 610->0(611)
[2024-09-28T20:00:57.541+0000][gc,heap       ] GC(289) Survivor regions: 4->3(77)
[2024-09-28T20:00:57.541+0000][gc,heap       ] GC(289) Old regions: 20->20
[2024-09-28T20:00:57.541+0000][gc,heap       ] GC(289) Humongous regions: 129->129
[2024-09-28T20:00:57.541+0000][gc,metaspace  ] GC(289) Metaspace: 45917K(49024K)->45917K(49024K) NonClass: 40058K(41728K)->40058K(41728K) Class: 5859K(7296K)->5859K(7296K)
[2024-09-28T20:00:57.541+0000][gc            ] GC(289) Pause Young (Normal) (G1 Evacuation Pause) 760M->148M(1024M) 2.405ms
[2024-09-28T20:00:57.541+0000][gc,cpu        ] GC(289) User=0.00s Sys=0.01s Real=0.00s
[2024-09-28T22:16:58.384+0000][gc,start      ] GC(290) Pause Young (Normal) (G1 Evacuation Pause)
[2024-09-28T22:16:58.384+0000][gc,task       ] GC(290) Using 4 workers of 4 for evacuation
[2024-09-28T22:16:58.388+0000][gc,phases     ] GC(290)   Pre Evacuate Collection Set: 0.0ms
[2024-09-28T22:16:58.388+0000][gc,phases     ] GC(290)   Evacuate Collection Set: 2.8ms
[2024-09-28T22:16:58.388+0000][gc,phases     ] GC(290)   Post Evacuate Collection Set: 0.4ms
[2024-09-28T22:16:58.388+0000][gc,phases     ] GC(290)   Other: 0.2ms
[2024-09-28T22:16:58.388+0000][gc,heap       ] GC(290) Eden regions: 611->0(611)
[2024-09-28T22:16:58.388+0000][gc,heap       ] GC(290) Survivor regions: 3->3(77)
[2024-09-28T22:16:58.388+0000][gc,heap       ] GC(290) Old regions: 20->20
[2024-09-28T22:16:58.388+0000][gc,heap       ] GC(290) Humongous regions: 129->129
[2024-09-28T22:16:58.388+0000][gc,metaspace  ] GC(290) Metaspace: 45917K(49024K)->45917K(49024K) NonClass: 40058K(41728K)->40058K(41728K) Class: 5859K(7296K)->5859K(7296K)
[2024-09-28T22:16:58.388+0000][gc            ] GC(290) Pause Young (Normal) (G1 Evacuation Pause) 759M->149M(1024M) 3.489ms
[2024-09-28T22:16:58.388+0000][gc,cpu        ] GC(290) User=0.02s Sys=0.00s Real=0.00s
[2024-09-29T00:32:22.214+0000][gc,start      ] GC(291) Pause Young (Normal) (G1 Evacuation Pause)
[2024-09-29T00:32:22.215+0000][gc,task       ] GC(291) Using 4 workers of 4 for evacuation
[2024-09-29T00:32:22.218+0000][gc,phases     ] GC(291)   Pre Evacuate Collection Set: 0.0ms
[2024-09-29T00:32:22.218+0000][gc,phases     ] GC(291)   Evacuate Collection Set: 2.7ms
[2024-09-29T00:32:22.218+0000][gc,phases     ] GC(291)   Post Evacuate Collection Set: 0.5ms
[2024-09-29T00:32:22.218+0000][gc,phases     ] GC(291)   Other: 0.2ms
[2024-09-29T00:32:22.218+0000][gc,heap       ] GC(291) Eden regions: 611->0(611)
[2024-09-29T00:32:22.218+0000][gc,heap       ] GC(291) Survivor regions: 3->3(77)
[2024-09-29T00:32:22.218+0000][gc,heap       ] GC(291) Old regions: 20->20
[2024-09-29T00:32:22.218+0000][gc,heap       ] GC(291) Humongous regions: 129->129
[2024-09-29T00:32:22.218+0000][gc,metaspace  ] GC(291) Metaspace: 45917K(49024K)->45917K(49024K) NonClass: 40058K(41728K)->40058K(41728K) Class: 5859K(7296K)->5859K(7296K)
[2024-09-29T00:32:22.218+0000][gc            ] GC(291) Pause Young (Normal) (G1 Evacuation Pause) 760M->149M(1024M) 3.464ms
[2024-09-29T00:32:22.218+0000][gc,cpu        ] GC(291) User=0.01s Sys=0.00s Real=0.01s
[2024-09-29T02:48:15.416+0000][gc,start      ] GC(292) Pause Young (Normal) (G1 Evacuation Pause)
[2024-09-29T02:48:15.416+0000][gc,task       ] GC(292) Using 4 workers of 4 for evacuation
[2024-09-29T02:48:15.419+0000][gc,phases     ] GC(292)   Pre Evacuate Collection Set: 0.0ms
[2024-09-29T02:48:15.419+0000][gc,phases     ] GC(292)   Evacuate Collection Set: 2.9ms
[2024-09-29T02:48:15.419+0000][gc,phases     ] GC(292)   Post Evacuate Collection Set: 0.4ms
[2024-09-29T02:48:15.419+0000][gc,phases     ] GC(292)   Other: 0.2ms
[2024-09-29T02:48:15.419+0000][gc,heap       ] GC(292) Eden regions: 611->0(610)
[2024-09-29T02:48:15.419+0000][gc,heap       ] GC(292) Survivor regions: 3->4(77)
[2024-09-29T02:48:15.419+0000][gc,heap       ] GC(292) Old regions: 20->20
[2024-09-29T02:48:15.419+0000][gc,heap       ] GC(292) Humongous regions: 129->129
[2024-09-29T02:48:15.419+0000][gc,metaspace  ] GC(292) Metaspace: 45917K(49024K)->45917K(49024K) NonClass: 40058K(41728K)->40058K(41728K) Class: 5859K(7296K)->5859K(7296K)
[2024-09-29T02:48:15.419+0000][gc            ] GC(292) Pause Young (Normal) (G1 Evacuation Pause) 760M->150M(1024M) 3.567ms
[2024-09-29T02:48:15.419+0000][gc,cpu        ] GC(292) User=0.01s Sys=0.00s Real=0.01s
[2024-09-29T04:56:22.839+0000][gc,start      ] GC(293) Pause Young (Normal) (G1 Evacuation Pause)
[2024-09-29T04:56:22.839+0000][gc,task       ] GC(293) Using 4 workers of 4 for evacuation
[2024-09-29T04:56:22.842+0000][gc,phases     ] GC(293)   Pre Evacuate Collection Set: 0.0ms
[2024-09-29T04:56:22.842+0000][gc,phases     ] GC(293)   Evacuate Collection Set: 2.5ms
[2024-09-29T04:56:22.842+0000][gc,phases     ] GC(293)   Post Evacuate Collection Set: 0.3ms
[2024-09-29T04:56:22.842+0000][gc,phases     ] GC(293)   Other: 0.2ms
[2024-09-29T04:56:22.842+0000][gc,heap       ] GC(293) Eden regions: 610->0(610)
[2024-09-29T04:56:22.842+0000][gc,heap       ] GC(293) Survivor regions: 4->4(77)
[2024-09-29T04:56:22.842+0000][gc,heap       ] GC(293) Old regions: 20->20
[2024-09-29T04:56:22.842+0000][gc,heap       ] GC(293) Humongous regions: 178->129
[2024-09-29T04:56:22.842+0000][gc,metaspace  ] GC(293) Metaspace: 45917K(49024K)->45917K(49024K) NonClass: 40058K(41728K)->40058K(41728K) Class: 5859K(7296K)->5859K(7296K)
[2024-09-29T04:56:22.842+0000][gc            ] GC(293) Pause Young (Normal) (G1 Evacuation Pause) 809M->150M(1024M) 3.052ms
[2024-09-29T04:56:22.842+0000][gc,cpu        ] GC(293) User=0.01s Sys=0.00s Real=0.00s
[2024-09-29T07:02:20.171+0000][gc,start      ] GC(294) Pause Young (Normal) (G1 Evacuation Pause)
[2024-09-29T07:02:20.171+0000][gc,task       ] GC(294) Using 4 workers of 4 for evacuation
[2024-09-29T07:02:20.174+0000][gc,phases     ] GC(294)   Pre Evacuate Collection Set: 0.0ms
[2024-09-29T07:02:20.174+0000][gc,phases     ] GC(294)   Evacuate Collection Set: 2.7ms
[2024-09-29T07:02:20.174+0000][gc,phases     ] GC(294)   Post Evacuate Collection Set: 0.4ms
[2024-09-29T07:02:20.174+0000][gc,phases     ] GC(294)   Other: 0.2ms
[2024-09-29T07:02:20.174+0000][gc,heap       ] GC(294) Eden regions: 610->0(610)
[2024-09-29T07:02:20.174+0000][gc,heap       ] GC(294) Survivor regions: 4->4(77)
[2024-09-29T07:02:20.174+0000][gc,heap       ] GC(294) Old regions: 20->20
[2024-09-29T07:02:20.174+0000][gc,heap       ] GC(294) Humongous regions: 290->129
[2024-09-29T07:02:20.174+0000][gc,metaspace  ] GC(294) Metaspace: 45918K(49024K)->45918K(49024K) NonClass: 40059K(41728K)->40059K(41728K) Class: 5859K(7296K)->5859K(7296K)
[2024-09-29T07:02:20.174+0000][gc            ] GC(294) Pause Young (Normal) (G1 Evacuation Pause) 921M->150M(1024M) 3.394ms
[2024-09-29T07:02:20.174+0000][gc,cpu        ] GC(294) User=0.01s Sys=0.00s Real=0.00s
[2024-09-29T09:08:37.974+0000][gc,start      ] GC(295) Pause Young (Normal) (G1 Evacuation Pause)
[2024-09-29T09:08:37.975+0000][gc,task       ] GC(295) Using 4 workers of 4 for evacuation
[2024-09-29T09:08:37.979+0000][gc,phases     ] GC(295)   Pre Evacuate Collection Set: 0.0ms
[2024-09-29T09:08:37.979+0000][gc,phases     ] GC(295)   Evacuate Collection Set: 3.7ms
[2024-09-29T09:08:37.979+0000][gc,phases     ] GC(295)   Post Evacuate Collection Set: 0.4ms
[2024-09-29T09:08:37.979+0000][gc,phases     ] GC(295)   Other: 0.2ms
[2024-09-29T09:08:37.979+0000][gc,heap       ] GC(295) Eden regions: 610->0(611)
[2024-09-29T09:08:37.979+0000][gc,heap       ] GC(295) Survivor regions: 4->3(77)
[2024-09-29T09:08:37.979+0000][gc,heap       ] GC(295) Old regions: 20->20
[2024-09-29T09:08:37.979+0000][gc,heap       ] GC(295) Humongous regions: 129->129
[2024-09-29T09:08:37.979+0000][gc,metaspace  ] GC(295) Metaspace: 45918K(49024K)->45918K(49024K) NonClass: 40059K(41728K)->40059K(41728K) Class: 5859K(7296K)->5859K(7296K)
[2024-09-29T09:08:37.979+0000][gc            ] GC(295) Pause Young (Normal) (G1 Evacuation Pause) 760M->149M(1024M) 4.239ms
[2024-09-29T09:08:37.979+0000][gc,cpu        ] GC(295) User=0.01s Sys=0.00s Real=0.01s
[2024-09-29T11:15:07.805+0000][gc,start      ] GC(296) Pause Young (Normal) (G1 Evacuation Pause)
[2024-09-29T11:15:07.805+0000][gc,task       ] GC(296) Using 4 workers of 4 for evacuation
[2024-09-29T11:15:07.808+0000][gc,phases     ] GC(296)   Pre Evacuate Collection Set: 0.0ms
[2024-09-29T11:15:07.808+0000][gc,phases     ] GC(296)   Evacuate Collection Set: 2.6ms
[2024-09-29T11:15:07.808+0000][gc,phases     ] GC(296)   Post Evacuate Collection Set: 0.4ms
[2024-09-29T11:15:07.808+0000][gc,phases     ] GC(296)   Other: 0.2ms
[2024-09-29T11:15:07.808+0000][gc,heap       ] GC(296) Eden regions: 611->0(611)
[2024-09-29T11:15:07.808+0000][gc,heap       ] GC(296) Survivor regions: 3->3(77)
[2024-09-29T11:15:07.808+0000][gc,heap       ] GC(296) Old regions: 20->20
[2024-09-29T11:15:07.808+0000][gc,heap       ] GC(296) Humongous regions: 129->129
[2024-09-29T11:15:07.808+0000][gc,metaspace  ] GC(296) Metaspace: 45918K(49024K)->45918K(49024K) NonClass: 40059K(41728K)->40059K(41728K) Class: 5859K(7296K)->5859K(7296K)
[2024-09-29T11:15:07.808+0000][gc            ] GC(296) Pause Young (Normal) (G1 Evacuation Pause) 760M->149M(1024M) 3.325ms
[2024-09-29T11:15:07.808+0000][gc,cpu        ] GC(296) User=0.01s Sys=0.00s Real=0.00s
[2024-09-29T13:21:32.169+0000][gc,start      ] GC(297) Pause Young (Normal) (G1 Evacuation Pause)
[2024-09-29T13:21:32.169+0000][gc,task       ] GC(297) Using 4 workers of 4 for evacuation
[2024-09-29T13:21:32.172+0000][gc,phases     ] GC(297)   Pre Evacuate Collection Set: 0.0ms
[2024-09-29T13:21:32.172+0000][gc,phases     ] GC(297)   Evacuate Collection Set: 2.7ms
[2024-09-29T13:21:32.172+0000][gc,phases     ] GC(297)   Post Evacuate Collection Set: 0.4ms
[2024-09-29T13:21:32.172+0000][gc,phases     ] GC(297)   Other: 0.2ms
[2024-09-29T13:21:32.172+0000][gc,heap       ] GC(297) Eden regions: 611->0(610)
[2024-09-29T13:21:32.172+0000][gc,heap       ] GC(297) Survivor regions: 3->4(77)
[2024-09-29T13:21:32.172+0000][gc,heap       ] GC(297) Old regions: 20->20
[2024-09-29T13:21:32.172+0000][gc,heap       ] GC(297) Humongous regions: 129->129
[2024-09-29T13:21:32.172+0000][gc,metaspace  ] GC(297) Metaspace: 45918K(49024K)->45918K(49024K) NonClass: 40059K(41728K)->40059K(41728K) Class: 5859K(7296K)->5859K(7296K)
[2024-09-29T13:21:32.172+0000][gc            ] GC(297) Pause Young (Normal) (G1 Evacuation Pause) 760M->150M(1024M) 3.356ms
[2024-09-29T13:21:32.172+0000][gc,cpu        ] GC(297) User=0.01s Sys=0.00s Real=0.01s
[2024-09-29T15:27:20.221+0000][gc,start      ] GC(298) Pause Young (Normal) (G1 Evacuation Pause)
[2024-09-29T15:27:20.221+0000][gc,task       ] GC(298) Using 4 workers of 4 for evacuation
[2024-09-29T15:27:20.226+0000][gc,phases     ] GC(298)   Pre Evacuate Collection Set: 0.0ms
[2024-09-29T15:27:20.226+0000][gc,phases     ] GC(298)   Evacuate Collection Set: 4.1ms
[2024-09-29T15:27:20.226+0000][gc,phases     ] GC(298)   Post Evacuate Collection Set: 0.5ms
[2024-09-29T15:27:20.226+0000][gc,phases     ] GC(298)   Other: 0.2ms
[2024-09-29T15:27:20.226+0000][gc,heap       ] GC(298) Eden regions: 610->0(610)
[2024-09-29T15:27:20.226+0000][gc,heap       ] GC(298) Survivor regions: 4->4(77)
[2024-09-29T15:27:20.226+0000][gc,heap       ] GC(298) Old regions: 20->20
[2024-09-29T15:27:20.226+0000][gc,heap       ] GC(298) Humongous regions: 129->129
[2024-09-29T15:27:20.226+0000][gc,metaspace  ] GC(298) Metaspace: 45918K(49024K)->45918K(49024K) NonClass: 40059K(41728K)->40059K(41728K) Class: 5859K(7296K)->5859K(7296K)
[2024-09-29T15:27:20.226+0000][gc            ] GC(298) Pause Young (Normal) (G1 Evacuation Pause) 760M->150M(1024M) 4.875ms
[2024-09-29T15:27:20.226+0000][gc,cpu        ] GC(298) User=0.01s Sys=0.00s Real=0.00s
[2024-09-29T17:33:15.723+0000][gc,start      ] GC(299) Pause Young (Normal) (G1 Evacuation Pause)
[2024-09-29T17:33:15.723+0000][gc,task       ] GC(299) Using 4 workers of 4 for evacuation
[2024-09-29T17:33:15.728+0000][gc,phases     ] GC(299)   Pre Evacuate Collection Set: 0.0ms
[2024-09-29T17:33:15.728+0000][gc,phases     ] GC(299)   Evacuate Collection Set: 3.9ms
[2024-09-29T17:33:15.728+0000][gc,phases     ] GC(299)   Post Evacuate Collection Set: 0.4ms
[2024-09-29T17:33:15.728+0000][gc,phases     ] GC(299)   Other: 0.2ms
[2024-09-29T17:33:15.728+0000][gc,heap       ] GC(299) Eden regions: 610->0(610)
[2024-09-29T17:33:15.728+0000][gc,heap       ] GC(299) Survivor regions: 4->4(77)
[2024-09-29T17:33:15.728+0000][gc,heap       ] GC(299) Old regions: 20->20
[2024-09-29T17:33:15.728+0000][gc,heap       ] GC(299) Humongous regions: 129->129
[2024-09-29T17:33:15.728+0000][gc,metaspace  ] GC(299) Metaspace: 45918K(49024K)->45918K(49024K) NonClass: 40059K(41728K)->40059K(41728K) Class: 5859K(7296K)->5859K(7296K)
[2024-09-29T17:33:15.728+0000][gc            ] GC(299) Pause Young (Normal) (G1 Evacuation Pause) 760M->150M(1024M) 4.520ms
[2024-09-29T17:33:15.728+0000][gc,cpu        ] GC(299) User=0.02s Sys=0.00s Real=0.00s
[2024-09-29T19:39:32.549+0000][gc,start      ] GC(300) Pause Young (Normal) (G1 Evacuation Pause)
[2024-09-29T19:39:32.549+0000][gc,task       ] GC(300) Using 4 workers of 4 for evacuation
[2024-09-29T19:39:32.551+0000][gc,phases     ] GC(300)   Pre Evacuate Collection Set: 0.0ms
[2024-09-29T19:39:32.551+0000][gc,phases     ] GC(300)   Evacuate Collection Set: 1.8ms
[2024-09-29T19:39:32.551+0000][gc,phases     ] GC(300)   Post Evacuate Collection Set: 0.4ms
[2024-09-29T19:39:32.551+0000][gc,phases     ] GC(300)   Other: 0.1ms
[2024-09-29T19:39:32.551+0000][gc,heap       ] GC(300) Eden regions: 610->0(611)
[2024-09-29T19:39:32.551+0000][gc,heap       ] GC(300) Survivor regions: 4->3(77)
[2024-09-29T19:39:32.551+0000][gc,heap       ] GC(300) Old regions: 20->20
[2024-09-29T19:39:32.551+0000][gc,heap       ] GC(300) Humongous regions: 178->129
[2024-09-29T19:39:32.551+0000][gc,metaspace  ] GC(300) Metaspace: 45918K(49024K)->45918K(49024K) NonClass: 40059K(41728K)->40059K(41728K) Class: 5859K(7296K)->5859K(7296K)
[2024-09-29T19:39:32.551+0000][gc            ] GC(300) Pause Young (Normal) (G1 Evacuation Pause) 809M->149M(1024M) 2.390ms
[2024-09-29T19:39:32.551+0000][gc,cpu        ] GC(300) User=0.00s Sys=0.00s Real=0.01s
[2024-09-29T21:46:01.232+0000][gc,start      ] GC(301) Pause Young (Normal) (G1 Evacuation Pause)
[2024-09-29T21:46:01.232+0000][gc,task       ] GC(301) Using 4 workers of 4 for evacuation
[2024-09-29T21:46:01.236+0000][gc,phases     ] GC(301)   Pre Evacuate Collection Set: 0.0ms
[2024-09-29T21:46:01.236+0000][gc,phases     ] GC(301)   Evacuate Collection Set: 3.4ms
[2024-09-29T21:46:01.236+0000][gc,phases     ] GC(301)   Post Evacuate Collection Set: 0.4ms
[2024-09-29T21:46:01.236+0000][gc,phases     ] GC(301)   Other: 0.2ms
[2024-09-29T21:46:01.236+0000][gc,heap       ] GC(301) Eden regions: 611->0(611)
[2024-09-29T21:46:01.236+0000][gc,heap       ] GC(301) Survivor regions: 3->3(77)
[2024-09-29T21:46:01.236+0000][gc,heap       ] GC(301) Old regions: 20->20
[2024-09-29T21:46:01.236+0000][gc,heap       ] GC(301) Humongous regions: 129->129
[2024-09-29T21:46:01.236+0000][gc,metaspace  ] GC(301) Metaspace: 45918K(49024K)->45918K(49024K) NonClass: 40059K(41728K)->40059K(41728K) Class: 5859K(7296K)->5859K(7296K)
[2024-09-29T21:46:01.236+0000][gc            ] GC(301) Pause Young (Normal) (G1 Evacuation Pause) 760M->149M(1024M) 4.033ms
[2024-09-29T21:46:01.236+0000][gc,cpu        ] GC(301) User=0.01s Sys=0.00s Real=0.00s
[2024-09-29T23:52:31.690+0000][gc,start      ] GC(302) Pause Young (Normal) (G1 Evacuation Pause)
[2024-09-29T23:52:31.690+0000][gc,task       ] GC(302) Using 4 workers of 4 for evacuation
[2024-09-29T23:52:31.694+0000][gc,phases     ] GC(302)   Pre Evacuate Collection Set: 0.0ms
[2024-09-29T23:52:31.694+0000][gc,phases     ] GC(302)   Evacuate Collection Set: 3.4ms
[2024-09-29T23:52:31.694+0000][gc,phases     ] GC(302)   Post Evacuate Collection Set: 0.4ms
[2024-09-29T23:52:31.694+0000][gc,phases     ] GC(302)   Other: 0.2ms
[2024-09-29T23:52:31.694+0000][gc,heap       ] GC(302) Eden regions: 611->0(611)
[2024-09-29T23:52:31.694+0000][gc,heap       ] GC(302) Survivor regions: 3->3(77)
[2024-09-29T23:52:31.694+0000][gc,heap       ] GC(302) Old regions: 20->20
[2024-09-29T23:52:31.694+0000][gc,heap       ] GC(302) Humongous regions: 129->129
[2024-09-29T23:52:31.694+0000][gc,metaspace  ] GC(302) Metaspace: 45918K(49024K)->45918K(49024K) NonClass: 40059K(41728K)->40059K(41728K) Class: 5859K(7296K)->5859K(7296K)
[2024-09-29T23:52:31.694+0000][gc            ] GC(302) Pause Young (Normal) (G1 Evacuation Pause) 760M->149M(1024M) 3.998ms
[2024-09-29T23:52:31.694+0000][gc,cpu        ] GC(302) User=0.01s Sys=0.00s Real=0.00s
[2024-09-30T01:59:07.805+0000][gc,start      ] GC(303) Pause Young (Normal) (G1 Evacuation Pause)
[2024-09-30T01:59:07.805+0000][gc,task       ] GC(303) Using 4 workers of 4 for evacuation
[2024-09-30T01:59:07.807+0000][gc,phases     ] GC(303)   Pre Evacuate Collection Set: 0.0ms
[2024-09-30T01:59:07.807+0000][gc,phases     ] GC(303)   Evacuate Collection Set: 2.0ms
[2024-09-30T01:59:07.807+0000][gc,phases     ] GC(303)   Post Evacuate Collection Set: 0.4ms
[2024-09-30T01:59:07.807+0000][gc,phases     ] GC(303)   Other: 0.2ms
[2024-09-30T01:59:07.807+0000][gc,heap       ] GC(303) Eden regions: 611->0(611)
[2024-09-30T01:59:07.807+0000][gc,heap       ] GC(303) Survivor regions: 3->3(77)
[2024-09-30T01:59:07.807+0000][gc,heap       ] GC(303) Old regions: 20->20
[2024-09-30T01:59:07.807+0000][gc,heap       ] GC(303) Humongous regions: 129->129
[2024-09-30T01:59:07.807+0000][gc,metaspace  ] GC(303) Metaspace: 45918K(49024K)->45918K(49024K) NonClass: 40059K(41728K)->40059K(41728K) Class: 5859K(7296K)->5859K(7296K)
[2024-09-30T01:59:07.807+0000][gc            ] GC(303) Pause Young (Normal) (G1 Evacuation Pause) 760M->149M(1024M) 2.669ms
[2024-09-30T01:59:07.807+0000][gc,cpu        ] GC(303) User=0.01s Sys=0.00s Real=0.00s
[2024-09-30T04:05:52.556+0000][gc,start      ] GC(304) Pause Young (Normal) (G1 Evacuation Pause)
[2024-09-30T04:05:52.556+0000][gc,task       ] GC(304) Using 4 workers of 4 for evacuation
[2024-09-30T04:05:52.559+0000][gc,phases     ] GC(304)   Pre Evacuate Collection Set: 0.0ms
[2024-09-30T04:05:52.559+0000][gc,phases     ] GC(304)   Evacuate Collection Set: 2.5ms
[2024-09-30T04:05:52.559+0000][gc,phases     ] GC(304)   Post Evacuate Collection Set: 0.4ms
[2024-09-30T04:05:52.559+0000][gc,phases     ] GC(304)   Other: 0.2ms
[2024-09-30T04:05:52.559+0000][gc,heap       ] GC(304) Eden regions: 611->0(611)
[2024-09-30T04:05:52.559+0000][gc,heap       ] GC(304) Survivor regions: 3->3(77)
[2024-09-30T04:05:52.559+0000][gc,heap       ] GC(304) Old regions: 20->20
[2024-09-30T04:05:52.559+0000][gc,heap       ] GC(304) Humongous regions: 129->129
[2024-09-30T04:05:52.559+0000][gc,metaspace  ] GC(304) Metaspace: 45937K(49024K)->45937K(49024K) NonClass: 40076K(41728K)->40076K(41728K) Class: 5861K(7296K)->5861K(7296K)
[2024-09-30T04:05:52.559+0000][gc            ] GC(304) Pause Young (Normal) (G1 Evacuation Pause) 760M->149M(1024M) 3.172ms
[2024-09-30T04:05:52.559+0000][gc,cpu        ] GC(304) User=0.01s Sys=0.00s Real=0.01s
[2024-09-30T06:12:19.011+0000][gc,start      ] GC(305) Pause Young (Normal) (G1 Evacuation Pause)
[2024-09-30T06:12:19.011+0000][gc,task       ] GC(305) Using 4 workers of 4 for evacuation
[2024-09-30T06:12:19.015+0000][gc,phases     ] GC(305)   Pre Evacuate Collection Set: 0.0ms
[2024-09-30T06:12:19.015+0000][gc,phases     ] GC(305)   Evacuate Collection Set: 3.3ms
[2024-09-30T06:12:19.015+0000][gc,phases     ] GC(305)   Post Evacuate Collection Set: 0.4ms
[2024-09-30T06:12:19.015+0000][gc,phases     ] GC(305)   Other: 0.2ms
[2024-09-30T06:12:19.015+0000][gc,heap       ] GC(305) Eden regions: 611->0(611)
[2024-09-30T06:12:19.015+0000][gc,heap       ] GC(305) Survivor regions: 3->3(77)
[2024-09-30T06:12:19.015+0000][gc,heap       ] GC(305) Old regions: 20->20
[2024-09-30T06:12:19.015+0000][gc,heap       ] GC(305) Humongous regions: 129->129
[2024-09-30T06:12:19.015+0000][gc,metaspace  ] GC(305) Metaspace: 45937K(49024K)->45937K(49024K) NonClass: 40076K(41728K)->40076K(41728K) Class: 5861K(7296K)->5861K(7296K)
[2024-09-30T06:12:19.015+0000][gc            ] GC(305) Pause Young (Normal) (G1 Evacuation Pause) 760M->149M(1024M) 3.937ms
[2024-09-30T06:12:19.015+0000][gc,cpu        ] GC(305) User=0.02s Sys=0.00s Real=0.00s
[2024-09-30T08:18:43.665+0000][gc,start      ] GC(306) Pause Young (Normal) (G1 Evacuation Pause)
[2024-09-30T08:18:43.665+0000][gc,task       ] GC(306) Using 4 workers of 4 for evacuation
[2024-09-30T08:18:43.670+0000][gc,phases     ] GC(306)   Pre Evacuate Collection Set: 0.0ms
[2024-09-30T08:18:43.670+0000][gc,phases     ] GC(306)   Evacuate Collection Set: 4.1ms
[2024-09-30T08:18:43.670+0000][gc,phases     ] GC(306)   Post Evacuate Collection Set: 0.4ms
[2024-09-30T08:18:43.670+0000][gc,phases     ] GC(306)   Other: 0.2ms
[2024-09-30T08:18:43.670+0000][gc,heap       ] GC(306) Eden regions: 611->0(610)
[2024-09-30T08:18:43.670+0000][gc,heap       ] GC(306) Survivor regions: 3->4(77)
[2024-09-30T08:18:43.670+0000][gc,heap       ] GC(306) Old regions: 20->20
[2024-09-30T08:18:43.670+0000][gc,heap       ] GC(306) Humongous regions: 129->129
[2024-09-30T08:18:43.670+0000][gc,metaspace  ] GC(306) Metaspace: 45937K(49024K)->45937K(49024K) NonClass: 40076K(41728K)->40076K(41728K) Class: 5861K(7296K)->5861K(7296K)
[2024-09-30T08:18:43.670+0000][gc            ] GC(306) Pause Young (Normal) (G1 Evacuation Pause) 760M->149M(1024M) 4.717ms
[2024-09-30T08:18:43.670+0000][gc,cpu        ] GC(306) User=0.02s Sys=0.00s Real=0.01s
[2024-09-30T10:24:37.731+0000][gc,start      ] GC(307) Pause Young (Normal) (G1 Evacuation Pause)
[2024-09-30T10:24:37.731+0000][gc,task       ] GC(307) Using 4 workers of 4 for evacuation
[2024-09-30T10:24:37.735+0000][gc,phases     ] GC(307)   Pre Evacuate Collection Set: 0.0ms
[2024-09-30T10:24:37.735+0000][gc,phases     ] GC(307)   Evacuate Collection Set: 3.9ms
[2024-09-30T10:24:37.735+0000][gc,phases     ] GC(307)   Post Evacuate Collection Set: 0.5ms
[2024-09-30T10:24:37.735+0000][gc,phases     ] GC(307)   Other: 0.1ms
[2024-09-30T10:24:37.735+0000][gc,heap       ] GC(307) Eden regions: 610->0(610)
[2024-09-30T10:24:37.735+0000][gc,heap       ] GC(307) Survivor regions: 4->4(77)
[2024-09-30T10:24:37.735+0000][gc,heap       ] GC(307) Old regions: 20->20
[2024-09-30T10:24:37.735+0000][gc,heap       ] GC(307) Humongous regions: 339->129
[2024-09-30T10:24:37.735+0000][gc,metaspace  ] GC(307) Metaspace: 45943K(49024K)->45943K(49024K) NonClass: 40081K(41728K)->40081K(41728K) Class: 5861K(7296K)->5861K(7296K)
[2024-09-30T10:24:37.735+0000][gc            ] GC(307) Pause Young (Normal) (G1 Evacuation Pause) 969M->150M(1024M) 4.597ms
[2024-09-30T10:24:37.735+0000][gc,cpu        ] GC(307) User=0.01s Sys=0.00s Real=0.00s
[2024-09-30T12:30:15.821+0000][gc,start      ] GC(308) Pause Young (Normal) (G1 Evacuation Pause)
[2024-09-30T12:30:15.821+0000][gc,task       ] GC(308) Using 4 workers of 4 for evacuation
[2024-09-30T12:30:15.824+0000][gc,phases     ] GC(308)   Pre Evacuate Collection Set: 0.0ms
[2024-09-30T12:30:15.824+0000][gc,phases     ] GC(308)   Evacuate Collection Set: 2.2ms
[2024-09-30T12:30:15.824+0000][gc,phases     ] GC(308)   Post Evacuate Collection Set: 0.6ms
[2024-09-30T12:30:15.824+0000][gc,phases     ] GC(308)   Other: 0.2ms
[2024-09-30T12:30:15.824+0000][gc,heap       ] GC(308) Eden regions: 610->0(611)
[2024-09-30T12:30:15.824+0000][gc,heap       ] GC(308) Survivor regions: 4->3(77)
[2024-09-30T12:30:15.824+0000][gc,heap       ] GC(308) Old regions: 20->20
[2024-09-30T12:30:15.824+0000][gc,heap       ] GC(308) Humongous regions: 129->129
[2024-09-30T12:30:15.824+0000][gc,metaspace  ] GC(308) Metaspace: 45946K(49024K)->45946K(49024K) NonClass: 40084K(41728K)->40084K(41728K) Class: 5861K(7296K)->5861K(7296K)
[2024-09-30T12:30:15.824+0000][gc            ] GC(308) Pause Young (Normal) (G1 Evacuation Pause) 760M->149M(1024M) 3.117ms
[2024-09-30T12:30:15.824+0000][gc,cpu        ] GC(308) User=0.01s Sys=0.00s Real=0.00s
[2024-09-30T14:36:24.285+0000][gc,start      ] GC(309) Pause Young (Normal) (G1 Evacuation Pause)
[2024-09-30T14:36:24.285+0000][gc,task       ] GC(309) Using 4 workers of 4 for evacuation
[2024-09-30T14:36:24.289+0000][gc,phases     ] GC(309)   Pre Evacuate Collection Set: 0.0ms
[2024-09-30T14:36:24.289+0000][gc,phases     ] GC(309)   Evacuate Collection Set: 3.0ms
[2024-09-30T14:36:24.289+0000][gc,phases     ] GC(309)   Post Evacuate Collection Set: 0.4ms
[2024-09-30T14:36:24.289+0000][gc,phases     ] GC(309)   Other: 0.2ms
[2024-09-30T14:36:24.289+0000][gc,heap       ] GC(309) Eden regions: 611->0(611)
[2024-09-30T14:36:24.289+0000][gc,heap       ] GC(309) Survivor regions: 3->3(77)
[2024-09-30T14:36:24.289+0000][gc,heap       ] GC(309) Old regions: 20->20
[2024-09-30T14:36:24.289+0000][gc,heap       ] GC(309) Humongous regions: 129->129
[2024-09-30T14:36:24.289+0000][gc,metaspace  ] GC(309) Metaspace: 45946K(49024K)->45946K(49024K) NonClass: 40084K(41728K)->40084K(41728K) Class: 5861K(7296K)->5861K(7296K)
[2024-09-30T14:36:24.289+0000][gc            ] GC(309) Pause Young (Normal) (G1 Evacuation Pause) 760M->149M(1024M) 3.695ms
[2024-09-30T14:36:24.289+0000][gc,cpu        ] GC(309) User=0.01s Sys=0.01s Real=0.00s
[2024-09-30T16:43:09.011+0000][gc,start      ] GC(310) Pause Young (Normal) (G1 Evacuation Pause)
[2024-09-30T16:43:09.011+0000][gc,task       ] GC(310) Using 4 workers of 4 for evacuation
[2024-09-30T16:43:09.014+0000][gc,phases     ] GC(310)   Pre Evacuate Collection Set: 0.0ms
[2024-09-30T16:43:09.014+0000][gc,phases     ] GC(310)   Evacuate Collection Set: 2.6ms
[2024-09-30T16:43:09.014+0000][gc,phases     ] GC(310)   Post Evacuate Collection Set: 0.4ms
[2024-09-30T16:43:09.014+0000][gc,phases     ] GC(310)   Other: 0.2ms
[2024-09-30T16:43:09.014+0000][gc,heap       ] GC(310) Eden regions: 611->0(611)
[2024-09-30T16:43:09.014+0000][gc,heap       ] GC(310) Survivor regions: 3->3(77)
[2024-09-30T16:43:09.014+0000][gc,heap       ] GC(310) Old regions: 20->20
[2024-09-30T16:43:09.014+0000][gc,heap       ] GC(310) Humongous regions: 129->129
[2024-09-30T16:43:09.014+0000][gc,metaspace  ] GC(310) Metaspace: 45946K(49024K)->45946K(49024K) NonClass: 40084K(41728K)->40084K(41728K) Class: 5861K(7296K)->5861K(7296K)
[2024-09-30T16:43:09.014+0000][gc            ] GC(310) Pause Young (Normal) (G1 Evacuation Pause) 760M->149M(1024M) 3.236ms
[2024-09-30T16:43:09.014+0000][gc,cpu        ] GC(310) User=0.02s Sys=0.00s Real=0.00s
[2024-09-30T18:49:31.255+0000][gc,start      ] GC(311) Pause Young (Normal) (G1 Evacuation Pause)
[2024-09-30T18:49:31.255+0000][gc,task       ] GC(311) Using 4 workers of 4 for evacuation
[2024-09-30T18:49:31.259+0000][gc,phases     ] GC(311)   Pre Evacuate Collection Set: 0.0ms
[2024-09-30T18:49:31.259+0000][gc,phases     ] GC(311)   Evacuate Collection Set: 3.8ms
[2024-09-30T18:49:31.259+0000][gc,phases     ] GC(311)   Post Evacuate Collection Set: 0.4ms
[2024-09-30T18:49:31.259+0000][gc,phases     ] GC(311)   Other: 0.2ms
[2024-09-30T18:49:31.259+0000][gc,heap       ] GC(311) Eden regions: 611->0(610)
[2024-09-30T18:49:31.259+0000][gc,heap       ] GC(311) Survivor regions: 3->4(77)
[2024-09-30T18:49:31.259+0000][gc,heap       ] GC(311) Old regions: 20->20
[2024-09-30T18:49:31.259+0000][gc,heap       ] GC(311) Humongous regions: 129->129
[2024-09-30T18:49:31.259+0000][gc,metaspace  ] GC(311) Metaspace: 45946K(49024K)->45946K(49024K) NonClass: 40084K(41728K)->40084K(41728K) Class: 5861K(7296K)->5861K(7296K)
[2024-09-30T18:49:31.259+0000][gc            ] GC(311) Pause Young (Normal) (G1 Evacuation Pause) 760M->149M(1024M) 4.439ms
[2024-09-30T18:49:31.259+0000][gc,cpu        ] GC(311) User=0.02s Sys=0.00s Real=0.01s
[2024-09-30T20:55:38.421+0000][gc,start      ] GC(312) Pause Young (Normal) (G1 Evacuation Pause)
[2024-09-30T20:55:38.421+0000][gc,task       ] GC(312) Using 4 workers of 4 for evacuation
[2024-09-30T20:55:38.426+0000][gc,phases     ] GC(312)   Pre Evacuate Collection Set: 0.0ms
[2024-09-30T20:55:38.426+0000][gc,phases     ] GC(312)   Evacuate Collection Set: 3.5ms
[2024-09-30T20:55:38.426+0000][gc,phases     ] GC(312)   Post Evacuate Collection Set: 0.5ms
[2024-09-30T20:55:38.426+0000][gc,phases     ] GC(312)   Other: 0.2ms
[2024-09-30T20:55:38.426+0000][gc,heap       ] GC(312) Eden regions: 610->0(610)
[2024-09-30T20:55:38.426+0000][gc,heap       ] GC(312) Survivor regions: 4->4(77)
[2024-09-30T20:55:38.426+0000][gc,heap       ] GC(312) Old regions: 20->20
[2024-09-30T20:55:38.426+0000][gc,heap       ] GC(312) Humongous regions: 129->129
[2024-09-30T20:55:38.426+0000][gc,metaspace  ] GC(312) Metaspace: 45946K(49024K)->45946K(49024K) NonClass: 40084K(41728K)->40084K(41728K) Class: 5861K(7296K)->5861K(7296K)
[2024-09-30T20:55:38.426+0000][gc            ] GC(312) Pause Young (Normal) (G1 Evacuation Pause) 759M->150M(1024M) 4.236ms
[2024-09-30T20:55:38.426+0000][gc,cpu        ] GC(312) User=0.01s Sys=0.01s Real=0.00s
[2024-09-30T23:01:54.011+0000][gc,start      ] GC(313) Pause Young (Normal) (G1 Evacuation Pause)
[2024-09-30T23:01:54.011+0000][gc,task       ] GC(313) Using 4 workers of 4 for evacuation
[2024-09-30T23:01:54.013+0000][gc,phases     ] GC(313)   Pre Evacuate Collection Set: 0.0ms
[2024-09-30T23:01:54.013+0000][gc,phases     ] GC(313)   Evacuate Collection Set: 2.0ms
[2024-09-30T23:01:54.013+0000][gc,phases     ] GC(313)   Post Evacuate Collection Set: 0.3ms
[2024-09-30T23:01:54.013+0000][gc,phases     ] GC(313)   Other: 0.1ms
[2024-09-30T23:01:54.013+0000][gc,heap       ] GC(313) Eden regions: 610->0(611)
[2024-09-30T23:01:54.013+0000][gc,heap       ] GC(313) Survivor regions: 4->3(77)
[2024-09-30T23:01:54.013+0000][gc,heap       ] GC(313) Old regions: 20->20
[2024-09-30T23:01:54.013+0000][gc,heap       ] GC(313) Humongous regions: 129->129
[2024-09-30T23:01:54.013+0000][gc,metaspace  ] GC(313) Metaspace: 45946K(49024K)->45946K(49024K) NonClass: 40084K(41728K)->40084K(41728K) Class: 5861K(7296K)->5861K(7296K)
[2024-09-30T23:01:54.013+0000][gc            ] GC(313) Pause Young (Normal) (G1 Evacuation Pause) 760M->149M(1024M) 2.545ms
[2024-09-30T23:01:54.013+0000][gc,cpu        ] GC(313) User=0.01s Sys=0.01s Real=0.00s
[2024-10-01T01:08:30.484+0000][gc,start      ] GC(314) Pause Young (Normal) (G1 Evacuation Pause)
[2024-10-01T01:08:30.484+0000][gc,task       ] GC(314) Using 4 workers of 4 for evacuation
[2024-10-01T01:08:30.488+0000][gc,phases     ] GC(314)   Pre Evacuate Collection Set: 0.0ms
[2024-10-01T01:08:30.488+0000][gc,phases     ] GC(314)   Evacuate Collection Set: 2.7ms
[2024-10-01T01:08:30.488+0000][gc,phases     ] GC(314)   Post Evacuate Collection Set: 0.4ms
[2024-10-01T01:08:30.488+0000][gc,phases     ] GC(314)   Other: 0.2ms
[2024-10-01T01:08:30.488+0000][gc,heap       ] GC(314) Eden regions: 611->0(611)
[2024-10-01T01:08:30.488+0000][gc,heap       ] GC(314) Survivor regions: 3->3(77)
[2024-10-01T01:08:30.488+0000][gc,heap       ] GC(314) Old regions: 20->20
[2024-10-01T01:08:30.488+0000][gc,heap       ] GC(314) Humongous regions: 129->129
[2024-10-01T01:08:30.488+0000][gc,metaspace  ] GC(314) Metaspace: 45946K(49024K)->45946K(49024K) NonClass: 40084K(41728K)->40084K(41728K) Class: 5861K(7296K)->5861K(7296K)
[2024-10-01T01:08:30.488+0000][gc            ] GC(314) Pause Young (Normal) (G1 Evacuation Pause) 760M->149M(1024M) 3.318ms
[2024-10-01T01:08:30.488+0000][gc,cpu        ] GC(314) User=0.01s Sys=0.00s Real=0.00s
[2024-10-01T03:14:54.011+0000][gc,start      ] GC(315) Pause Young (Normal) (G1 Evacuation Pause)
[2024-10-01T03:14:54.011+0000][gc,task       ] GC(315) Using 4 workers of 4 for evacuation
[2024-10-01T03:14:54.015+0000][gc,phases     ] GC(315)   Pre Evacuate Collection Set: 0.0ms
[2024-10-01T03:14:54.015+0000][gc,phases     ] GC(315)   Evacuate Collection Set: 3.1ms
[2024-10-01T03:14:54.015+0000][gc,phases     ] GC(315)   Post Evacuate Collection Set: 0.6ms
[2024-10-01T03:14:54.015+0000][gc,phases     ] GC(315)   Other: 0.2ms
[2024-10-01T03:14:54.015+0000][gc,heap       ] GC(315) Eden regions: 611->0(610)
[2024-10-01T03:14:54.015+0000][gc,heap       ] GC(315) Survivor regions: 3->4(77)
[2024-10-01T03:14:54.015+0000][gc,heap       ] GC(315) Old regions: 20->20
[2024-10-01T03:14:54.015+0000][gc,heap       ] GC(315) Humongous regions: 129->129
[2024-10-01T03:14:54.015+0000][gc,metaspace  ] GC(315) Metaspace: 45946K(49024K)->45946K(49024K) NonClass: 40084K(41728K)->40084K(41728K) Class: 5861K(7296K)->5861K(7296K)
[2024-10-01T03:14:54.015+0000][gc            ] GC(315) Pause Young (Normal) (G1 Evacuation Pause) 760M->149M(1024M) 3.978ms
[2024-10-01T03:14:54.015+0000][gc,cpu        ] GC(315) User=0.02s Sys=0.00s Real=0.00s
[2024-10-01T05:21:05.176+0000][gc,start      ] GC(316) Pause Young (Normal) (G1 Evacuation Pause)
[2024-10-01T05:21:05.176+0000][gc,task       ] GC(316) Using 4 workers of 4 for evacuation
[2024-10-01T05:21:05.180+0000][gc,phases     ] GC(316)   Pre Evacuate Collection Set: 0.0ms
[2024-10-01T05:21:05.180+0000][gc,phases     ] GC(316)   Evacuate Collection Set: 3.0ms
[2024-10-01T05:21:05.180+0000][gc,phases     ] GC(316)   Post Evacuate Collection Set: 0.3ms
[2024-10-01T05:21:05.180+0000][gc,phases     ] GC(316)   Other: 0.2ms
[2024-10-01T05:21:05.180+0000][gc,heap       ] GC(316) Eden regions: 610->0(610)
[2024-10-01T05:21:05.180+0000][gc,heap       ] GC(316) Survivor regions: 4->4(77)
[2024-10-01T05:21:05.180+0000][gc,heap       ] GC(316) Old regions: 20->20
[2024-10-01T05:21:05.180+0000][gc,heap       ] GC(316) Humongous regions: 129->129
[2024-10-01T05:21:05.180+0000][gc,metaspace  ] GC(316) Metaspace: 45946K(49024K)->45946K(49024K) NonClass: 40084K(41728K)->40084K(41728K) Class: 5861K(7296K)->5861K(7296K)
[2024-10-01T05:21:05.180+0000][gc            ] GC(316) Pause Young (Normal) (G1 Evacuation Pause) 759M->150M(1024M) 3.605ms
[2024-10-01T05:21:05.180+0000][gc,cpu        ] GC(316) User=0.02s Sys=0.00s Real=0.01s
[2024-10-01T07:27:08.876+0000][gc,start      ] GC(317) Pause Young (Normal) (G1 Evacuation Pause)
[2024-10-01T07:27:08.876+0000][gc,task       ] GC(317) Using 4 workers of 4 for evacuation
[2024-10-01T07:27:08.879+0000][gc,phases     ] GC(317)   Pre Evacuate Collection Set: 0.0ms
[2024-10-01T07:27:08.879+0000][gc,phases     ] GC(317)   Evacuate Collection Set: 2.1ms
[2024-10-01T07:27:08.879+0000][gc,phases     ] GC(317)   Post Evacuate Collection Set: 0.3ms
[2024-10-01T07:27:08.879+0000][gc,phases     ] GC(317)   Other: 0.2ms
[2024-10-01T07:27:08.879+0000][gc,heap       ] GC(317) Eden regions: 610->0(611)
[2024-10-01T07:27:08.879+0000][gc,heap       ] GC(317) Survivor regions: 4->3(77)
[2024-10-01T07:27:08.879+0000][gc,heap       ] GC(317) Old regions: 20->20
[2024-10-01T07:27:08.879+0000][gc,heap       ] GC(317) Humongous regions: 129->129
[2024-10-01T07:27:08.879+0000][gc,metaspace  ] GC(317) Metaspace: 45946K(49024K)->45946K(49024K) NonClass: 40084K(41728K)->40084K(41728K) Class: 5861K(7296K)->5861K(7296K)
[2024-10-01T07:27:08.879+0000][gc            ] GC(317) Pause Young (Normal) (G1 Evacuation Pause) 760M->149M(1024M) 2.702ms
[2024-10-01T07:27:08.879+0000][gc,cpu        ] GC(317) User=0.01s Sys=0.00s Real=0.01s
[2024-10-01T09:32:46.631+0000][gc,start      ] GC(318) Pause Young (Normal) (G1 Evacuation Pause)
[2024-10-01T09:32:46.632+0000][gc,task       ] GC(318) Using 4 workers of 4 for evacuation
[2024-10-01T09:32:46.634+0000][gc,phases     ] GC(318)   Pre Evacuate Collection Set: 0.0ms
[2024-10-01T09:32:46.634+0000][gc,phases     ] GC(318)   Evacuate Collection Set: 2.1ms
[2024-10-01T09:32:46.634+0000][gc,phases     ] GC(318)   Post Evacuate Collection Set: 0.5ms
[2024-10-01T09:32:46.634+0000][gc,phases     ] GC(318)   Other: 0.2ms
[2024-10-01T09:32:46.634+0000][gc,heap       ] GC(318) Eden regions: 611->0(611)
[2024-10-01T09:32:46.634+0000][gc,heap       ] GC(318) Survivor regions: 3->3(77)
[2024-10-01T09:32:46.634+0000][gc,heap       ] GC(318) Old regions: 20->20
[2024-10-01T09:32:46.634+0000][gc,heap       ] GC(318) Humongous regions: 178->129
[2024-10-01T09:32:46.634+0000][gc,metaspace  ] GC(318) Metaspace: 45946K(49024K)->45946K(49024K) NonClass: 40084K(41728K)->40084K(41728K) Class: 5861K(7296K)->5861K(7296K)
[2024-10-01T09:32:46.634+0000][gc            ] GC(318) Pause Young (Normal) (G1 Evacuation Pause) 809M->149M(1024M) 2.771ms
[2024-10-01T09:32:46.634+0000][gc,cpu        ] GC(318) User=0.01s Sys=0.00s Real=0.00s
[2024-10-01T11:39:21.127+0000][gc,start      ] GC(319) Pause Young (Normal) (G1 Evacuation Pause)
[2024-10-01T11:39:21.127+0000][gc,task       ] GC(319) Using 4 workers of 4 for evacuation
[2024-10-01T11:39:21.129+0000][gc,phases     ] GC(319)   Pre Evacuate Collection Set: 0.0ms
[2024-10-01T11:39:21.129+0000][gc,phases     ] GC(319)   Evacuate Collection Set: 2.2ms
[2024-10-01T11:39:21.129+0000][gc,phases     ] GC(319)   Post Evacuate Collection Set: 0.4ms
[2024-10-01T11:39:21.129+0000][gc,phases     ] GC(319)   Other: 0.2ms
[2024-10-01T11:39:21.129+0000][gc,heap       ] GC(319) Eden regions: 611->0(611)
[2024-10-01T11:39:21.129+0000][gc,heap       ] GC(319) Survivor regions: 3->3(77)
[2024-10-01T11:39:21.129+0000][gc,heap       ] GC(319) Old regions: 20->20
[2024-10-01T11:39:21.129+0000][gc,heap       ] GC(319) Humongous regions: 129->129
[2024-10-01T11:39:21.129+0000][gc,metaspace  ] GC(319) Metaspace: 45946K(49024K)->45946K(49024K) NonClass: 40084K(41728K)->40084K(41728K) Class: 5861K(7296K)->5861K(7296K)
[2024-10-01T11:39:21.129+0000][gc            ] GC(319) Pause Young (Normal) (G1 Evacuation Pause) 760M->149M(1024M) 2.873ms
[2024-10-01T11:39:21.129+0000][gc,cpu        ] GC(319) User=0.01s Sys=0.00s Real=0.01s
[2024-10-01T13:45:44.011+0000][gc,start      ] GC(320) Pause Young (Normal) (G1 Evacuation Pause)
[2024-10-01T13:45:44.011+0000][gc,task       ] GC(320) Using 4 workers of 4 for evacuation
[2024-10-01T13:45:44.015+0000][gc,phases     ] GC(320)   Pre Evacuate Collection Set: 0.0ms
[2024-10-01T13:45:44.015+0000][gc,phases     ] GC(320)   Evacuate Collection Set: 3.4ms
[2024-10-01T13:45:44.015+0000][gc,phases     ] GC(320)   Post Evacuate Collection Set: 0.4ms
[2024-10-01T13:45:44.015+0000][gc,phases     ] GC(320)   Other: 0.2ms
[2024-10-01T13:45:44.015+0000][gc,heap       ] GC(320) Eden regions: 611->0(611)
[2024-10-01T13:45:44.015+0000][gc,heap       ] GC(320) Survivor regions: 3->3(77)
[2024-10-01T13:45:44.015+0000][gc,heap       ] GC(320) Old regions: 20->20
[2024-10-01T13:45:44.015+0000][gc,heap       ] GC(320) Humongous regions: 129->129
[2024-10-01T13:45:44.015+0000][gc,metaspace  ] GC(320) Metaspace: 45946K(49024K)->45946K(49024K) NonClass: 40084K(41728K)->40084K(41728K) Class: 5861K(7296K)->5861K(7296K)
[2024-10-01T13:45:44.015+0000][gc            ] GC(320) Pause Young (Normal) (G1 Evacuation Pause) 760M->149M(1024M) 4.013ms
[2024-10-01T13:45:44.015+0000][gc,cpu        ] GC(320) User=0.01s Sys=0.00s Real=0.00s
[2024-10-01T15:52:10.012+0000][gc,start      ] GC(321) Pause Young (Normal) (G1 Evacuation Pause)
[2024-10-01T15:52:10.012+0000][gc,task       ] GC(321) Using 4 workers of 4 for evacuation
[2024-10-01T15:52:10.016+0000][gc,phases     ] GC(321)   Pre Evacuate Collection Set: 0.0ms
[2024-10-01T15:52:10.016+0000][gc,phases     ] GC(321)   Evacuate Collection Set: 2.8ms
[2024-10-01T15:52:10.016+0000][gc,phases     ] GC(321)   Post Evacuate Collection Set: 0.4ms
[2024-10-01T15:52:10.016+0000][gc,phases     ] GC(321)   Other: 0.2ms
[2024-10-01T15:52:10.016+0000][gc,heap       ] GC(321) Eden regions: 611->0(610)
[2024-10-01T15:52:10.016+0000][gc,heap       ] GC(321) Survivor regions: 3->4(77)
[2024-10-01T15:52:10.016+0000][gc,heap       ] GC(321) Old regions: 20->20
[2024-10-01T15:52:10.016+0000][gc,heap       ] GC(321) Humongous regions: 129->129
[2024-10-01T15:52:10.016+0000][gc,metaspace  ] GC(321) Metaspace: 45946K(49024K)->45946K(49024K) NonClass: 40084K(41728K)->40084K(41728K) Class: 5861K(7296K)->5861K(7296K)
[2024-10-01T15:52:10.016+0000][gc            ] GC(321) Pause Young (Normal) (G1 Evacuation Pause) 760M->150M(1024M) 3.537ms
[2024-10-01T15:52:10.016+0000][gc,cpu        ] GC(321) User=0.01s Sys=0.00s Real=0.00s
[2024-10-01T17:58:34.314+0000][gc,start      ] GC(322) Pause Young (Normal) (G1 Evacuation Pause)
[2024-10-01T17:58:34.314+0000][gc,task       ] GC(322) Using 4 workers of 4 for evacuation
[2024-10-01T17:58:34.316+0000][gc,phases     ] GC(322)   Pre Evacuate Collection Set: 0.0ms
[2024-10-01T17:58:34.316+0000][gc,phases     ] GC(322)   Evacuate Collection Set: 2.2ms
[2024-10-01T17:58:34.316+0000][gc,phases     ] GC(322)   Post Evacuate Collection Set: 0.3ms
[2024-10-01T17:58:34.316+0000][gc,phases     ] GC(322)   Other: 0.2ms
[2024-10-01T17:58:34.316+0000][gc,heap       ] GC(322) Eden regions: 610->0(611)
[2024-10-01T17:58:34.316+0000][gc,heap       ] GC(322) Survivor regions: 4->3(77)
[2024-10-01T17:58:34.316+0000][gc,heap       ] GC(322) Old regions: 20->20
[2024-10-01T17:58:34.316+0000][gc,heap       ] GC(322) Humongous regions: 129->129
[2024-10-01T17:58:34.316+0000][gc,metaspace  ] GC(322) Metaspace: 45946K(49024K)->45946K(49024K) NonClass: 40084K(41728K)->40084K(41728K) Class: 5861K(7296K)->5861K(7296K)
[2024-10-01T17:58:34.316+0000][gc            ] GC(322) Pause Young (Normal) (G1 Evacuation Pause) 760M->149M(1024M) 2.760ms
[2024-10-01T17:58:34.316+0000][gc,cpu        ] GC(322) User=0.00s Sys=0.00s Real=0.00s
[2024-10-01T20:05:04.763+0000][gc,start      ] GC(323) Pause Young (Normal) (G1 Evacuation Pause)
[2024-10-01T20:05:04.763+0000][gc,task       ] GC(323) Using 4 workers of 4 for evacuation
[2024-10-01T20:05:04.766+0000][gc,phases     ] GC(323)   Pre Evacuate Collection Set: 0.0ms
[2024-10-01T20:05:04.766+0000][gc,phases     ] GC(323)   Evacuate Collection Set: 2.2ms
[2024-10-01T20:05:04.766+0000][gc,phases     ] GC(323)   Post Evacuate Collection Set: 0.3ms
[2024-10-01T20:05:04.766+0000][gc,phases     ] GC(323)   Other: 0.2ms
[2024-10-01T20:05:04.766+0000][gc,heap       ] GC(323) Eden regions: 611->0(611)
[2024-10-01T20:05:04.766+0000][gc,heap       ] GC(323) Survivor regions: 3->3(77)
[2024-10-01T20:05:04.766+0000][gc,heap       ] GC(323) Old regions: 20->20
[2024-10-01T20:05:04.766+0000][gc,heap       ] GC(323) Humongous regions: 129->129
[2024-10-01T20:05:04.766+0000][gc,metaspace  ] GC(323) Metaspace: 45946K(49024K)->45946K(49024K) NonClass: 40084K(41728K)->40084K(41728K) Class: 5861K(7296K)->5861K(7296K)
[2024-10-01T20:05:04.766+0000][gc            ] GC(323) Pause Young (Normal) (G1 Evacuation Pause) 760M->149M(1024M) 2.691ms
[2024-10-01T20:05:04.766+0000][gc,cpu        ] GC(323) User=0.01s Sys=0.00s Real=0.00s
[2024-10-01T22:11:36.004+0000][gc,start      ] GC(324) Pause Young (Normal) (G1 Evacuation Pause)
[2024-10-01T22:11:36.004+0000][gc,task       ] GC(324) Using 4 workers of 4 for evacuation
[2024-10-01T22:11:36.008+0000][gc,phases     ] GC(324)   Pre Evacuate Collection Set: 0.0ms
[2024-10-01T22:11:36.008+0000][gc,phases     ] GC(324)   Evacuate Collection Set: 3.3ms
[2024-10-01T22:11:36.008+0000][gc,phases     ] GC(324)   Post Evacuate Collection Set: 0.5ms
[2024-10-01T22:11:36.008+0000][gc,phases     ] GC(324)   Other: 0.2ms
[2024-10-01T22:11:36.008+0000][gc,heap       ] GC(324) Eden regions: 611->0(610)
[2024-10-01T22:11:36.008+0000][gc,heap       ] GC(324) Survivor regions: 3->4(77)
[2024-10-01T22:11:36.008+0000][gc,heap       ] GC(324) Old regions: 20->20
[2024-10-01T22:11:36.008+0000][gc,heap       ] GC(324) Humongous regions: 178->129
[2024-10-01T22:11:36.008+0000][gc,metaspace  ] GC(324) Metaspace: 45946K(49024K)->45946K(49024K) NonClass: 40084K(41728K)->40084K(41728K) Class: 5861K(7296K)->5861K(7296K)
[2024-10-01T22:11:36.008+0000][gc            ] GC(324) Pause Young (Normal) (G1 Evacuation Pause) 809M->150M(1024M) 4.097ms
[2024-10-01T22:11:36.008+0000][gc,cpu        ] GC(324) User=0.02s Sys=0.00s Real=0.00s
[2024-10-02T00:17:56.143+0000][gc,start      ] GC(325) Pause Young (Normal) (G1 Evacuation Pause)
[2024-10-02T00:17:56.143+0000][gc,task       ] GC(325) Using 4 workers of 4 for evacuation
[2024-10-02T00:17:56.147+0000][gc,phases     ] GC(325)   Pre Evacuate Collection Set: 0.0ms
[2024-10-02T00:17:56.147+0000][gc,phases     ] GC(325)   Evacuate Collection Set: 3.3ms
[2024-10-02T00:17:56.147+0000][gc,phases     ] GC(325)   Post Evacuate Collection Set: 0.4ms
[2024-10-02T00:17:56.147+0000][gc,phases     ] GC(325)   Other: 0.2ms
[2024-10-02T00:17:56.147+0000][gc,heap       ] GC(325) Eden regions: 610->0(610)
[2024-10-02T00:17:56.147+0000][gc,heap       ] GC(325) Survivor regions: 4->4(77)
[2024-10-02T00:17:56.147+0000][gc,heap       ] GC(325) Old regions: 20->20
[2024-10-02T00:17:56.147+0000][gc,heap       ] GC(325) Humongous regions: 129->129
[2024-10-02T00:17:56.147+0000][gc,metaspace  ] GC(325) Metaspace: 45946K(49024K)->45946K(49024K) NonClass: 40084K(41728K)->40084K(41728K) Class: 5861K(7296K)->5861K(7296K)
[2024-10-02T00:17:56.147+0000][gc            ] GC(325) Pause Young (Normal) (G1 Evacuation Pause) 760M->150M(1024M) 4.030ms
[2024-10-02T00:17:56.147+0000][gc,cpu        ] GC(325) User=0.02s Sys=0.00s Real=0.00s
[2024-10-02T02:24:07.065+0000][gc,start      ] GC(326) Pause Young (Normal) (G1 Evacuation Pause)
[2024-10-02T02:24:07.065+0000][gc,task       ] GC(326) Using 4 workers of 4 for evacuation
[2024-10-02T02:24:07.069+0000][gc,phases     ] GC(326)   Pre Evacuate Collection Set: 0.0ms
[2024-10-02T02:24:07.069+0000][gc,phases     ] GC(326)   Evacuate Collection Set: 3.6ms
[2024-10-02T02:24:07.069+0000][gc,phases     ] GC(326)   Post Evacuate Collection Set: 0.6ms
[2024-10-02T02:24:07.069+0000][gc,phases     ] GC(326)   Other: 0.2ms
[2024-10-02T02:24:07.069+0000][gc,heap       ] GC(326) Eden regions: 610->0(611)
[2024-10-02T02:24:07.069+0000][gc,heap       ] GC(326) Survivor regions: 4->3(77)
[2024-10-02T02:24:07.069+0000][gc,heap       ] GC(326) Old regions: 20->20
[2024-10-02T02:24:07.069+0000][gc,heap       ] GC(326) Humongous regions: 129->129
[2024-10-02T02:24:07.069+0000][gc,metaspace  ] GC(326) Metaspace: 45946K(49024K)->45946K(49024K) NonClass: 40084K(41728K)->40084K(41728K) Class: 5861K(7296K)->5861K(7296K)
[2024-10-02T02:24:07.069+0000][gc            ] GC(326) Pause Young (Normal) (G1 Evacuation Pause) 760M->149M(1024M) 4.347ms
[2024-10-02T02:24:07.069+0000][gc,cpu        ] GC(326) User=0.01s Sys=0.00s Real=0.01s
[2024-10-02T04:30:03.383+0000][gc,start      ] GC(327) Pause Young (Normal) (G1 Evacuation Pause)
[2024-10-02T04:30:03.383+0000][gc,task       ] GC(327) Using 4 workers of 4 for evacuation
[2024-10-02T04:30:03.387+0000][gc,phases     ] GC(327)   Pre Evacuate Collection Set: 0.0ms
[2024-10-02T04:30:03.387+0000][gc,phases     ] GC(327)   Evacuate Collection Set: 2.7ms
[2024-10-02T04:30:03.387+0000][gc,phases     ] GC(327)   Post Evacuate Collection Set: 0.4ms
[2024-10-02T04:30:03.387+0000][gc,phases     ] GC(327)   Other: 0.2ms
[2024-10-02T04:30:03.387+0000][gc,heap       ] GC(327) Eden regions: 611->0(611)
[2024-10-02T04:30:03.387+0000][gc,heap       ] GC(327) Survivor regions: 3->3(77)
[2024-10-02T04:30:03.387+0000][gc,heap       ] GC(327) Old regions: 20->20
[2024-10-02T04:30:03.387+0000][gc,heap       ] GC(327) Humongous regions: 129->129
[2024-10-02T04:30:03.387+0000][gc,metaspace  ] GC(327) Metaspace: 45946K(49024K)->45946K(49024K) NonClass: 40084K(41728K)->40084K(41728K) Class: 5861K(7296K)->5861K(7296K)
[2024-10-02T04:30:03.387+0000][gc            ] GC(327) Pause Young (Normal) (G1 Evacuation Pause) 760M->149M(1024M) 3.356ms
[2024-10-02T04:30:03.387+0000][gc,cpu        ] GC(327) User=0.01s Sys=0.00s Real=0.00s
[2024-10-02T06:36:19.420+0000][gc,start      ] GC(328) Pause Young (Normal) (G1 Evacuation Pause)
[2024-10-02T06:36:19.420+0000][gc,task       ] GC(328) Using 4 workers of 4 for evacuation
[2024-10-02T06:36:19.424+0000][gc,phases     ] GC(328)   Pre Evacuate Collection Set: 0.0ms
[2024-10-02T06:36:19.424+0000][gc,phases     ] GC(328)   Evacuate Collection Set: 2.6ms
[2024-10-02T06:36:19.424+0000][gc,phases     ] GC(328)   Post Evacuate Collection Set: 0.4ms
[2024-10-02T06:36:19.424+0000][gc,phases     ] GC(328)   Other: 0.2ms
[2024-10-02T06:36:19.424+0000][gc,heap       ] GC(328) Eden regions: 611->0(611)
[2024-10-02T06:36:19.424+0000][gc,heap       ] GC(328) Survivor regions: 3->3(77)
[2024-10-02T06:36:19.424+0000][gc,heap       ] GC(328) Old regions: 20->20
[2024-10-02T06:36:19.424+0000][gc,heap       ] GC(328) Humongous regions: 129->129
[2024-10-02T06:36:19.424+0000][gc,metaspace  ] GC(328) Metaspace: 45946K(49024K)->45946K(49024K) NonClass: 40084K(41728K)->40084K(41728K) Class: 5861K(7296K)->5861K(7296K)
[2024-10-02T06:36:19.424+0000][gc            ] GC(328) Pause Young (Normal) (G1 Evacuation Pause) 760M->149M(1024M) 3.285ms
[2024-10-02T06:36:19.424+0000][gc,cpu        ] GC(328) User=0.01s Sys=0.00s Real=0.00s
[2024-10-02T08:42:54.011+0000][gc,start      ] GC(329) Pause Young (Normal) (G1 Evacuation Pause)
[2024-10-02T08:42:54.011+0000][gc,task       ] GC(329) Using 4 workers of 4 for evacuation
[2024-10-02T08:42:54.015+0000][gc,phases     ] GC(329)   Pre Evacuate Collection Set: 0.0ms
[2024-10-02T08:42:54.015+0000][gc,phases     ] GC(329)   Evacuate Collection Set: 3.8ms
[2024-10-02T08:42:54.015+0000][gc,phases     ] GC(329)   Post Evacuate Collection Set: 0.4ms
[2024-10-02T08:42:54.015+0000][gc,phases     ] GC(329)   Other: 0.2ms
[2024-10-02T08:42:54.015+0000][gc,heap       ] GC(329) Eden regions: 611->0(610)
[2024-10-02T08:42:54.015+0000][gc,heap       ] GC(329) Survivor regions: 3->4(77)
[2024-10-02T08:42:54.015+0000][gc,heap       ] GC(329) Old regions: 20->20
[2024-10-02T08:42:54.015+0000][gc,heap       ] GC(329) Humongous regions: 143->129
[2024-10-02T08:42:54.015+0000][gc,metaspace  ] GC(329) Metaspace: 45947K(49024K)->45947K(49024K) NonClass: 40086K(41728K)->40086K(41728K) Class: 5861K(7296K)->5861K(7296K)
[2024-10-02T08:42:54.015+0000][gc            ] GC(329) Pause Young (Normal) (G1 Evacuation Pause) 774M->150M(1024M) 4.443ms
[2024-10-02T08:42:54.015+0000][gc,cpu        ] GC(329) User=0.02s Sys=0.00s Real=0.00s
[2024-10-02T08:56:11.873+0000][gc,start      ] GC(330) Pause Young (Concurrent Start) (G1 Humongous Allocation)
[2024-10-02T08:56:11.873+0000][gc,task       ] GC(330) Using 4 workers of 4 for evacuation
[2024-10-02T08:56:11.877+0000][gc,phases     ] GC(330)   Pre Evacuate Collection Set: 0.3ms
[2024-10-02T08:56:11.877+0000][gc,phases     ] GC(330)   Evacuate Collection Set: 3.2ms
[2024-10-02T08:56:11.877+0000][gc,phases     ] GC(330)   Post Evacuate Collection Set: 0.4ms
[2024-10-02T08:56:11.877+0000][gc,phases     ] GC(330)   Other: 0.2ms
[2024-10-02T08:56:11.877+0000][gc,heap       ] GC(330) Eden regions: 69->0(610)
[2024-10-02T08:56:11.877+0000][gc,heap       ] GC(330) Survivor regions: 4->4(77)
[2024-10-02T08:56:11.877+0000][gc,heap       ] GC(330) Old regions: 20->20
[2024-10-02T08:56:11.877+0000][gc,heap       ] GC(330) Humongous regions: 287->129
[2024-10-02T08:56:11.877+0000][gc,metaspace  ] GC(330) Metaspace: 45947K(49024K)->45947K(49024K) NonClass: 40086K(41728K)->40086K(41728K) Class: 5861K(7296K)->5861K(7296K)
[2024-10-02T08:56:11.877+0000][gc            ] GC(330) Pause Young (Concurrent Start) (G1 Humongous Allocation) 377M->150M(1024M) 4.052ms
[2024-10-02T08:56:11.877+0000][gc,cpu        ] GC(330) User=0.01s Sys=0.00s Real=0.00s
[2024-10-02T08:56:11.877+0000][gc            ] GC(331) Concurrent Cycle
[2024-10-02T08:56:11.877+0000][gc,marking    ] GC(331) Concurrent Clear Claimed Marks
[2024-10-02T08:56:11.877+0000][gc,marking    ] GC(331) Concurrent Clear Claimed Marks 0.062ms
[2024-10-02T08:56:11.877+0000][gc,marking    ] GC(331) Concurrent Scan Root Regions
[2024-10-02T08:56:11.879+0000][gc,marking    ] GC(331) Concurrent Scan Root Regions 1.975ms
[2024-10-02T08:56:11.879+0000][gc,marking    ] GC(331) Concurrent Mark (2424635.196s)
[2024-10-02T08:56:11.879+0000][gc,marking    ] GC(331) Concurrent Mark From Roots
[2024-10-02T08:56:11.879+0000][gc,task       ] GC(331) Using 1 workers of 1 for marking
[2024-10-02T08:56:11.897+0000][gc,marking    ] GC(331) Concurrent Mark From Roots 17.629ms
[2024-10-02T08:56:11.897+0000][gc,marking    ] GC(331) Concurrent Preclean
[2024-10-02T08:56:11.897+0000][gc,marking    ] GC(331) Concurrent Preclean 0.234ms
[2024-10-02T08:56:11.897+0000][gc,marking    ] GC(331) Concurrent Mark (2424635.196s, 2424635.214s) 17.910ms
[2024-10-02T08:56:11.897+0000][gc,start      ] GC(331) Pause Remark
[2024-10-02T08:56:11.905+0000][gc,stringtable] GC(331) Cleaned string and symbol table, strings: 13764 processed, 338 removed, symbols: 92060 processed, 1 removed
[2024-10-02T08:56:11.905+0000][gc            ] GC(331) Pause Remark 207M->207M(1024M) 8.170ms
[2024-10-02T08:56:11.905+0000][gc,cpu        ] GC(331) User=0.03s Sys=0.00s Real=0.01s
[2024-10-02T08:56:11.905+0000][gc,marking    ] GC(331) Concurrent Rebuild Remembered Sets
[2024-10-02T08:56:11.916+0000][gc,marking    ] GC(331) Concurrent Rebuild Remembered Sets 10.348ms
[2024-10-02T08:56:11.916+0000][gc,start      ] GC(331) Pause Cleanup
[2024-10-02T08:56:11.916+0000][gc            ] GC(331) Pause Cleanup 208M->208M(1024M) 0.108ms
[2024-10-02T08:56:11.916+0000][gc,cpu        ] GC(331) User=0.00s Sys=0.00s Real=0.00s
[2024-10-02T08:56:11.916+0000][gc,marking    ] GC(331) Concurrent Cleanup for Next Mark
[2024-10-02T08:56:11.917+0000][gc,marking    ] GC(331) Concurrent Cleanup for Next Mark 1.152ms
[2024-10-02T08:56:11.917+0000][gc            ] GC(331) Concurrent Cycle 40.295ms
[2024-10-02T11:02:07.805+0000][gc,start      ] GC(332) Pause Young (Normal) (G1 Evacuation Pause)
[2024-10-02T11:02:07.805+0000][gc,task       ] GC(332) Using 4 workers of 4 for evacuation
[2024-10-02T11:02:07.809+0000][gc,phases     ] GC(332)   Pre Evacuate Collection Set: 0.0ms
[2024-10-02T11:02:07.809+0000][gc,phases     ] GC(332)   Evacuate Collection Set: 3.5ms
[2024-10-02T11:02:07.809+0000][gc,phases     ] GC(332)   Post Evacuate Collection Set: 0.6ms
[2024-10-02T11:02:07.809+0000][gc,phases     ] GC(332)   Other: 0.2ms
[2024-10-02T11:02:07.809+0000][gc,heap       ] GC(332) Eden regions: 610->0(611)
[2024-10-02T11:02:07.809+0000][gc,heap       ] GC(332) Survivor regions: 4->3(77)
[2024-10-02T11:02:07.809+0000][gc,heap       ] GC(332) Old regions: 20->20
[2024-10-02T11:02:07.809+0000][gc,heap       ] GC(332) Humongous regions: 273->129
[2024-10-02T11:02:07.809+0000][gc,metaspace  ] GC(332) Metaspace: 45949K(49024K)->45949K(49024K) NonClass: 40088K(41728K)->40088K(41728K) Class: 5861K(7296K)->5861K(7296K)
[2024-10-02T11:02:07.809+0000][gc            ] GC(332) Pause Young (Normal) (G1 Evacuation Pause) 904M->149M(1024M) 4.368ms
[2024-10-02T11:02:07.809+0000][gc,cpu        ] GC(332) User=0.01s Sys=0.00s Real=0.00s
[2024-10-02T13:08:23.297+0000][gc,start      ] GC(333) Pause Young (Normal) (G1 Evacuation Pause)
[2024-10-02T13:08:23.297+0000][gc,task       ] GC(333) Using 4 workers of 4 for evacuation
[2024-10-02T13:08:23.304+0000][gc,phases     ] GC(333)   Pre Evacuate Collection Set: 0.0ms
[2024-10-02T13:08:23.304+0000][gc,phases     ] GC(333)   Evacuate Collection Set: 4.6ms
[2024-10-02T13:08:23.304+0000][gc,phases     ] GC(333)   Post Evacuate Collection Set: 1.5ms
[2024-10-02T13:08:23.304+0000][gc,phases     ] GC(333)   Other: 0.2ms
[2024-10-02T13:08:23.304+0000][gc,heap       ] GC(333) Eden regions: 611->0(611)
[2024-10-02T13:08:23.304+0000][gc,heap       ] GC(333) Survivor regions: 3->3(77)
[2024-10-02T13:08:23.304+0000][gc,heap       ] GC(333) Old regions: 20->20
[2024-10-02T13:08:23.304+0000][gc,heap       ] GC(333) Humongous regions: 178->129
[2024-10-02T13:08:23.304+0000][gc,metaspace  ] GC(333) Metaspace: 45949K(49024K)->45949K(49024K) NonClass: 40088K(41728K)->40088K(41728K) Class: 5861K(7296K)->5861K(7296K)
[2024-10-02T13:08:23.304+0000][gc            ] GC(333) Pause Young (Normal) (G1 Evacuation Pause) 809M->149M(1024M) 6.346ms
[2024-10-02T13:08:23.304+0000][gc,cpu        ] GC(333) User=0.01s Sys=0.00s Real=0.00s
[2024-10-02T15:14:47.034+0000][gc,start      ] GC(334) Pause Young (Normal) (G1 Evacuation Pause)
[2024-10-02T15:14:47.034+0000][gc,task       ] GC(334) Using 4 workers of 4 for evacuation
[2024-10-02T15:14:47.038+0000][gc,phases     ] GC(334)   Pre Evacuate Collection Set: 0.0ms
[2024-10-02T15:14:47.038+0000][gc,phases     ] GC(334)   Evacuate Collection Set: 2.9ms
[2024-10-02T15:14:47.038+0000][gc,phases     ] GC(334)   Post Evacuate Collection Set: 0.6ms
[2024-10-02T15:14:47.038+0000][gc,phases     ] GC(334)   Other: 0.2ms
[2024-10-02T15:14:47.038+0000][gc,heap       ] GC(334) Eden regions: 611->0(611)
[2024-10-02T15:14:47.038+0000][gc,heap       ] GC(334) Survivor regions: 3->3(77)
[2024-10-02T15:14:47.038+0000][gc,heap       ] GC(334) Old regions: 20->20
[2024-10-02T15:14:47.038+0000][gc,heap       ] GC(334) Humongous regions: 129->129
[2024-10-02T15:14:47.038+0000][gc,metaspace  ] GC(334) Metaspace: 45949K(49024K)->45949K(49024K) NonClass: 40088K(41728K)->40088K(41728K) Class: 5861K(7296K)->5861K(7296K)
[2024-10-02T15:14:47.038+0000][gc            ] GC(334) Pause Young (Normal) (G1 Evacuation Pause) 760M->149M(1024M) 3.780ms
[2024-10-02T15:14:47.038+0000][gc,cpu        ] GC(334) User=0.01s Sys=0.00s Real=0.01s
[2024-10-02T17:21:04.781+0000][gc,start      ] GC(335) Pause Young (Normal) (G1 Evacuation Pause)
[2024-10-02T17:21:04.781+0000][gc,task       ] GC(335) Using 4 workers of 4 for evacuation
[2024-10-02T17:21:04.784+0000][gc,phases     ] GC(335)   Pre Evacuate Collection Set: 0.0ms
[2024-10-02T17:21:04.784+0000][gc,phases     ] GC(335)   Evacuate Collection Set: 2.8ms
[2024-10-02T17:21:04.784+0000][gc,phases     ] GC(335)   Post Evacuate Collection Set: 0.4ms
[2024-10-02T17:21:04.784+0000][gc,phases     ] GC(335)   Other: 0.2ms
[2024-10-02T17:21:04.784+0000][gc,heap       ] GC(335) Eden regions: 611->0(610)
[2024-10-02T17:21:04.784+0000][gc,heap       ] GC(335) Survivor regions: 3->4(77)
[2024-10-02T17:21:04.784+0000][gc,heap       ] GC(335) Old regions: 20->20
[2024-10-02T17:21:04.784+0000][gc,heap       ] GC(335) Humongous regions: 129->129
[2024-10-02T17:21:04.784+0000][gc,metaspace  ] GC(335) Metaspace: 45949K(49024K)->45949K(49024K) NonClass: 40088K(41728K)->40088K(41728K) Class: 5861K(7296K)->5861K(7296K)
[2024-10-02T17:21:04.784+0000][gc            ] GC(335) Pause Young (Normal) (G1 Evacuation Pause) 760M->150M(1024M) 3.443ms
[2024-10-02T17:21:04.784+0000][gc,cpu        ] GC(335) User=0.01s Sys=0.00s Real=0.00s
[2024-10-02T19:27:19.505+0000][gc,start      ] GC(336) Pause Young (Normal) (G1 Evacuation Pause)
[2024-10-02T19:27:19.505+0000][gc,task       ] GC(336) Using 4 workers of 4 for evacuation
[2024-10-02T19:27:19.508+0000][gc,phases     ] GC(336)   Pre Evacuate Collection Set: 0.0ms
[2024-10-02T19:27:19.508+0000][gc,phases     ] GC(336)   Evacuate Collection Set: 2.9ms
[2024-10-02T19:27:19.508+0000][gc,phases     ] GC(336)   Post Evacuate Collection Set: 0.4ms
[2024-10-02T19:27:19.508+0000][gc,phases     ] GC(336)   Other: 0.2ms
[2024-10-02T19:27:19.508+0000][gc,heap       ] GC(336) Eden regions: 610->0(610)
[2024-10-02T19:27:19.508+0000][gc,heap       ] GC(336) Survivor regions: 4->4(77)
[2024-10-02T19:27:19.508+0000][gc,heap       ] GC(336) Old regions: 20->20
[2024-10-02T19:27:19.508+0000][gc,heap       ] GC(336) Humongous regions: 129->129
[2024-10-02T19:27:19.508+0000][gc,metaspace  ] GC(336) Metaspace: 45949K(49024K)->45949K(49024K) NonClass: 40088K(41728K)->40088K(41728K) Class: 5861K(7296K)->5861K(7296K)
[2024-10-02T19:27:19.508+0000][gc            ] GC(336) Pause Young (Normal) (G1 Evacuation Pause) 760M->150M(1024M) 3.522ms
[2024-10-02T19:27:19.508+0000][gc,cpu        ] GC(336) User=0.02s Sys=0.00s Real=0.00s
[2024-10-02T21:32:54.011+0000][gc,start      ] GC(337) Pause Young (Normal) (G1 Evacuation Pause)
[2024-10-02T21:32:54.011+0000][gc,task       ] GC(337) Using 4 workers of 4 for evacuation
[2024-10-02T21:32:54.014+0000][gc,phases     ] GC(337)   Pre Evacuate Collection Set: 0.0ms
[2024-10-02T21:32:54.014+0000][gc,phases     ] GC(337)   Evacuate Collection Set: 3.1ms
[2024-10-02T21:32:54.014+0000][gc,phases     ] GC(337)   Post Evacuate Collection Set: 0.4ms
[2024-10-02T21:32:54.014+0000][gc,phases     ] GC(337)   Other: 0.2ms
[2024-10-02T21:32:54.014+0000][gc,heap       ] GC(337) Eden regions: 610->0(610)
[2024-10-02T21:32:54.014+0000][gc,heap       ] GC(337) Survivor regions: 4->4(77)
[2024-10-02T21:32:54.014+0000][gc,heap       ] GC(337) Old regions: 20->20
[2024-10-02T21:32:54.014+0000][gc,heap       ] GC(337) Humongous regions: 129->129
[2024-10-02T21:32:54.014+0000][gc,metaspace  ] GC(337) Metaspace: 45949K(49024K)->45949K(49024K) NonClass: 40088K(41728K)->40088K(41728K) Class: 5861K(7296K)->5861K(7296K)
[2024-10-02T21:32:54.014+0000][gc            ] GC(337) Pause Young (Normal) (G1 Evacuation Pause) 760M->150M(1024M) 3.706ms
[2024-10-02T21:32:54.014+0000][gc,cpu        ] GC(337) User=0.01s Sys=0.00s Real=0.00s
[2024-10-02T23:38:59.011+0000][gc,start      ] GC(338) Pause Young (Normal) (G1 Evacuation Pause)
[2024-10-02T23:38:59.011+0000][gc,task       ] GC(338) Using 4 workers of 4 for evacuation
[2024-10-02T23:38:59.014+0000][gc,phases     ] GC(338)   Pre Evacuate Collection Set: 0.0ms
[2024-10-02T23:38:59.014+0000][gc,phases     ] GC(338)   Evacuate Collection Set: 2.5ms
[2024-10-02T23:38:59.014+0000][gc,phases     ] GC(338)   Post Evacuate Collection Set: 0.4ms
[2024-10-02T23:38:59.014+0000][gc,phases     ] GC(338)   Other: 0.2ms
[2024-10-02T23:38:59.014+0000][gc,heap       ] GC(338) Eden regions: 610->0(611)
[2024-10-02T23:38:59.014+0000][gc,heap       ] GC(338) Survivor regions: 4->3(77)
[2024-10-02T23:38:59.014+0000][gc,heap       ] GC(338) Old regions: 20->20
[2024-10-02T23:38:59.014+0000][gc,heap       ] GC(338) Humongous regions: 129->129
[2024-10-02T23:38:59.014+0000][gc,metaspace  ] GC(338) Metaspace: 45949K(49024K)->45949K(49024K) NonClass: 40088K(41728K)->40088K(41728K) Class: 5861K(7296K)->5861K(7296K)
[2024-10-02T23:38:59.014+0000][gc            ] GC(338) Pause Young (Normal) (G1 Evacuation Pause) 760M->149M(1024M) 3.166ms
[2024-10-02T23:38:59.014+0000][gc,cpu        ] GC(338) User=0.01s Sys=0.00s Real=0.00s
[2024-10-03T01:45:28.168+0000][gc,start      ] GC(339) Pause Young (Normal) (G1 Evacuation Pause)
[2024-10-03T01:45:28.168+0000][gc,task       ] GC(339) Using 4 workers of 4 for evacuation
[2024-10-03T01:45:28.171+0000][gc,phases     ] GC(339)   Pre Evacuate Collection Set: 0.0ms
[2024-10-03T01:45:28.171+0000][gc,phases     ] GC(339)   Evacuate Collection Set: 2.9ms
[2024-10-03T01:45:28.171+0000][gc,phases     ] GC(339)   Post Evacuate Collection Set: 0.4ms
[2024-10-03T01:45:28.171+0000][gc,phases     ] GC(339)   Other: 0.2ms
[2024-10-03T01:45:28.171+0000][gc,heap       ] GC(339) Eden regions: 611->0(611)
[2024-10-03T01:45:28.171+0000][gc,heap       ] GC(339) Survivor regions: 3->3(77)
[2024-10-03T01:45:28.171+0000][gc,heap       ] GC(339) Old regions: 20->20
[2024-10-03T01:45:28.171+0000][gc,heap       ] GC(339) Humongous regions: 129->129
[2024-10-03T01:45:28.171+0000][gc,metaspace  ] GC(339) Metaspace: 45949K(49024K)->45949K(49024K) NonClass: 40088K(41728K)->40088K(41728K) Class: 5861K(7296K)->5861K(7296K)
[2024-10-03T01:45:28.171+0000][gc            ] GC(339) Pause Young (Normal) (G1 Evacuation Pause) 760M->149M(1024M) 3.577ms
[2024-10-03T01:45:28.171+0000][gc,cpu        ] GC(339) User=0.02s Sys=0.00s Real=0.01s
[2024-10-03T03:57:06.841+0000][gc,start      ] GC(340) Pause Young (Normal) (G1 Evacuation Pause)
[2024-10-03T03:57:06.841+0000][gc,task       ] GC(340) Using 4 workers of 4 for evacuation
[2024-10-03T03:57:06.843+0000][gc,phases     ] GC(340)   Pre Evacuate Collection Set: 0.0ms
[2024-10-03T03:57:06.843+0000][gc,phases     ] GC(340)   Evacuate Collection Set: 1.9ms
[2024-10-03T03:57:06.843+0000][gc,phases     ] GC(340)   Post Evacuate Collection Set: 0.4ms
[2024-10-03T03:57:06.843+0000][gc,phases     ] GC(340)   Other: 0.2ms
[2024-10-03T03:57:06.843+0000][gc,heap       ] GC(340) Eden regions: 611->0(611)
[2024-10-03T03:57:06.843+0000][gc,heap       ] GC(340) Survivor regions: 3->3(77)
[2024-10-03T03:57:06.843+0000][gc,heap       ] GC(340) Old regions: 20->20
[2024-10-03T03:57:06.843+0000][gc,heap       ] GC(340) Humongous regions: 339->129
[2024-10-03T03:57:06.843+0000][gc,metaspace  ] GC(340) Metaspace: 45950K(49024K)->45950K(49024K) NonClass: 40088K(41728K)->40088K(41728K) Class: 5861K(7296K)->5861K(7296K)
[2024-10-03T03:57:06.843+0000][gc            ] GC(340) Pause Young (Normal) (G1 Evacuation Pause) 970M->149M(1024M) 2.535ms
[2024-10-03T03:57:06.843+0000][gc,cpu        ] GC(340) User=0.01s Sys=0.00s Real=0.00s
[2024-10-03T06:12:40.128+0000][gc,start      ] GC(341) Pause Young (Normal) (G1 Evacuation Pause)
[2024-10-03T06:12:40.128+0000][gc,task       ] GC(341) Using 4 workers of 4 for evacuation
[2024-10-03T06:12:40.131+0000][gc,phases     ] GC(341)   Pre Evacuate Collection Set: 0.0ms
[2024-10-03T06:12:40.131+0000][gc,phases     ] GC(341)   Evacuate Collection Set: 2.2ms
[2024-10-03T06:12:40.131+0000][gc,phases     ] GC(341)   Post Evacuate Collection Set: 0.3ms
[2024-10-03T06:12:40.131+0000][gc,phases     ] GC(341)   Other: 0.2ms
[2024-10-03T06:12:40.131+0000][gc,heap       ] GC(341) Eden regions: 611->0(611)
[2024-10-03T06:12:40.131+0000][gc,heap       ] GC(341) Survivor regions: 3->3(77)
[2024-10-03T06:12:40.131+0000][gc,heap       ] GC(341) Old regions: 20->20
[2024-10-03T06:12:40.131+0000][gc,heap       ] GC(341) Humongous regions: 129->129
[2024-10-03T06:12:40.131+0000][gc,metaspace  ] GC(341) Metaspace: 45983K(49024K)->45983K(49024K) NonClass: 40120K(41728K)->40120K(41728K) Class: 5862K(7296K)->5862K(7296K)
[2024-10-03T06:12:40.131+0000][gc            ] GC(341) Pause Young (Normal) (G1 Evacuation Pause) 760M->149M(1024M) 2.807ms
[2024-10-03T06:12:40.131+0000][gc,cpu        ] GC(341) User=0.01s Sys=0.00s Real=0.01s
[2024-10-03T08:22:44.000+0000][gc,start      ] GC(342) Pause Young (Normal) (G1 Evacuation Pause)
[2024-10-03T08:22:44.000+0000][gc,task       ] GC(342) Using 4 workers of 4 for evacuation
[2024-10-03T08:22:44.003+0000][gc,phases     ] GC(342)   Pre Evacuate Collection Set: 0.0ms
[2024-10-03T08:22:44.003+0000][gc,phases     ] GC(342)   Evacuate Collection Set: 2.7ms
[2024-10-03T08:22:44.003+0000][gc,phases     ] GC(342)   Post Evacuate Collection Set: 0.4ms
[2024-10-03T08:22:44.003+0000][gc,phases     ] GC(342)   Other: 0.2ms
[2024-10-03T08:22:44.003+0000][gc,heap       ] GC(342) Eden regions: 611->0(611)
[2024-10-03T08:22:44.003+0000][gc,heap       ] GC(342) Survivor regions: 3->3(77)
[2024-10-03T08:22:44.003+0000][gc,heap       ] GC(342) Old regions: 20->20
[2024-10-03T08:22:44.003+0000][gc,heap       ] GC(342) Humongous regions: 129->129
[2024-10-03T08:22:44.003+0000][gc,metaspace  ] GC(342) Metaspace: 45983K(49024K)->45983K(49024K) NonClass: 40120K(41728K)->40120K(41728K) Class: 5862K(7296K)->5862K(7296K)
[2024-10-03T08:22:44.003+0000][gc            ] GC(342) Pause Young (Normal) (G1 Evacuation Pause) 760M->149M(1024M) 3.380ms
[2024-10-03T08:22:44.003+0000][gc,cpu        ] GC(342) User=0.01s Sys=0.00s Real=0.00s
[2024-10-03T10:28:46.656+0000][gc,start      ] GC(343) Pause Young (Normal) (G1 Evacuation Pause)
[2024-10-03T10:28:46.656+0000][gc,task       ] GC(343) Using 4 workers of 4 for evacuation
[2024-10-03T10:28:46.660+0000][gc,phases     ] GC(343)   Pre Evacuate Collection Set: 0.0ms
[2024-10-03T10:28:46.660+0000][gc,phases     ] GC(343)   Evacuate Collection Set: 2.8ms
[2024-10-03T10:28:46.660+0000][gc,phases     ] GC(343)   Post Evacuate Collection Set: 0.5ms
[2024-10-03T10:28:46.660+0000][gc,phases     ] GC(343)   Other: 0.2ms
[2024-10-03T10:28:46.660+0000][gc,heap       ] GC(343) Eden regions: 611->0(611)
[2024-10-03T10:28:46.660+0000][gc,heap       ] GC(343) Survivor regions: 3->3(77)
[2024-10-03T10:28:46.660+0000][gc,heap       ] GC(343) Old regions: 20->20
[2024-10-03T10:28:46.660+0000][gc,heap       ] GC(343) Humongous regions: 129->129
[2024-10-03T10:28:46.660+0000][gc,metaspace  ] GC(343) Metaspace: 45983K(49024K)->45983K(49024K) NonClass: 40120K(41728K)->40120K(41728K) Class: 5862K(7296K)->5862K(7296K)
[2024-10-03T10:28:46.660+0000][gc            ] GC(343) Pause Young (Normal) (G1 Evacuation Pause) 760M->149M(1024M) 3.505ms
[2024-10-03T10:28:46.660+0000][gc,cpu        ] GC(343) User=0.01s Sys=0.00s Real=0.01s
[2024-10-03T12:34:58.278+0000][gc,start      ] GC(344) Pause Young (Normal) (G1 Evacuation Pause)
[2024-10-03T12:34:58.278+0000][gc,task       ] GC(344) Using 4 workers of 4 for evacuation
[2024-10-03T12:34:58.280+0000][gc,phases     ] GC(344)   Pre Evacuate Collection Set: 0.0ms
[2024-10-03T12:34:58.280+0000][gc,phases     ] GC(344)   Evacuate Collection Set: 2.1ms
[2024-10-03T12:34:58.281+0000][gc,phases     ] GC(344)   Post Evacuate Collection Set: 0.3ms
[2024-10-03T12:34:58.281+0000][gc,phases     ] GC(344)   Other: 0.2ms
[2024-10-03T12:34:58.281+0000][gc,heap       ] GC(344) Eden regions: 611->0(611)
[2024-10-03T12:34:58.281+0000][gc,heap       ] GC(344) Survivor regions: 3->3(77)
[2024-10-03T12:34:58.281+0000][gc,heap       ] GC(344) Old regions: 20->20
[2024-10-03T12:34:58.281+0000][gc,heap       ] GC(344) Humongous regions: 129->129
[2024-10-03T12:34:58.281+0000][gc,metaspace  ] GC(344) Metaspace: 45983K(49024K)->45983K(49024K) NonClass: 40120K(41728K)->40120K(41728K) Class: 5862K(7296K)->5862K(7296K)
[2024-10-03T12:34:58.281+0000][gc            ] GC(344) Pause Young (Normal) (G1 Evacuation Pause) 760M->149M(1024M) 2.672ms
[2024-10-03T12:34:58.281+0000][gc,cpu        ] GC(344) User=0.01s Sys=0.00s Real=0.00s
[2024-10-03T14:41:15.729+0000][gc,start      ] GC(345) Pause Young (Normal) (G1 Evacuation Pause)
[2024-10-03T14:41:15.729+0000][gc,task       ] GC(345) Using 4 workers of 4 for evacuation
[2024-10-03T14:41:15.732+0000][gc,phases     ] GC(345)   Pre Evacuate Collection Set: 0.0ms
[2024-10-03T14:41:15.732+0000][gc,phases     ] GC(345)   Evacuate Collection Set: 2.9ms
[2024-10-03T14:41:15.732+0000][gc,phases     ] GC(345)   Post Evacuate Collection Set: 0.5ms
[2024-10-03T14:41:15.732+0000][gc,phases     ] GC(345)   Other: 0.2ms
[2024-10-03T14:41:15.733+0000][gc,heap       ] GC(345) Eden regions: 611->0(610)
[2024-10-03T14:41:15.733+0000][gc,heap       ] GC(345) Survivor regions: 3->4(77)
[2024-10-03T14:41:15.733+0000][gc,heap       ] GC(345) Old regions: 20->20
[2024-10-03T14:41:15.733+0000][gc,heap       ] GC(345) Humongous regions: 129->129
[2024-10-03T14:41:15.733+0000][gc,metaspace  ] GC(345) Metaspace: 45983K(49024K)->45983K(49024K) NonClass: 40120K(41728K)->40120K(41728K) Class: 5862K(7296K)->5862K(7296K)
[2024-10-03T14:41:15.733+0000][gc            ] GC(345) Pause Young (Normal) (G1 Evacuation Pause) 760M->150M(1024M) 3.652ms
[2024-10-03T14:41:15.733+0000][gc,cpu        ] GC(345) User=0.01s Sys=0.00s Real=0.01s
[2024-10-03T16:47:22.076+0000][gc,start      ] GC(346) Pause Young (Normal) (G1 Evacuation Pause)
[2024-10-03T16:47:22.076+0000][gc,task       ] GC(346) Using 4 workers of 4 for evacuation
[2024-10-03T16:47:22.080+0000][gc,phases     ] GC(346)   Pre Evacuate Collection Set: 0.0ms
[2024-10-03T16:47:22.080+0000][gc,phases     ] GC(346)   Evacuate Collection Set: 3.2ms
[2024-10-03T16:47:22.080+0000][gc,phases     ] GC(346)   Post Evacuate Collection Set: 0.4ms
[2024-10-03T16:47:22.080+0000][gc,phases     ] GC(346)   Other: 0.2ms
[2024-10-03T16:47:22.080+0000][gc,heap       ] GC(346) Eden regions: 610->0(610)
[2024-10-03T16:47:22.080+0000][gc,heap       ] GC(346) Survivor regions: 4->4(77)
[2024-10-03T16:47:22.080+0000][gc,heap       ] GC(346) Old regions: 20->20
[2024-10-03T16:47:22.080+0000][gc,heap       ] GC(346) Humongous regions: 129->129
[2024-10-03T16:47:22.080+0000][gc,metaspace  ] GC(346) Metaspace: 45983K(49024K)->45983K(49024K) NonClass: 40120K(41728K)->40120K(41728K) Class: 5862K(7296K)->5862K(7296K)
[2024-10-03T16:47:22.080+0000][gc            ] GC(346) Pause Young (Normal) (G1 Evacuation Pause) 760M->150M(1024M) 3.788ms
[2024-10-03T16:47:22.080+0000][gc,cpu        ] GC(346) User=0.01s Sys=0.00s Real=0.01s
[2024-10-03T18:53:25.898+0000][gc,start      ] GC(347) Pause Young (Normal) (G1 Evacuation Pause)
[2024-10-03T18:53:25.898+0000][gc,task       ] GC(347) Using 4 workers of 4 for evacuation
[2024-10-03T18:53:25.900+0000][gc,phases     ] GC(347)   Pre Evacuate Collection Set: 0.0ms
[2024-10-03T18:53:25.900+0000][gc,phases     ] GC(347)   Evacuate Collection Set: 1.9ms
[2024-10-03T18:53:25.900+0000][gc,phases     ] GC(347)   Post Evacuate Collection Set: 0.3ms
[2024-10-03T18:53:25.900+0000][gc,phases     ] GC(347)   Other: 0.2ms
[2024-10-03T18:53:25.900+0000][gc,heap       ] GC(347) Eden regions: 610->0(611)
[2024-10-03T18:53:25.900+0000][gc,heap       ] GC(347) Survivor regions: 4->3(77)
[2024-10-03T18:53:25.900+0000][gc,heap       ] GC(347) Old regions: 20->20
[2024-10-03T18:53:25.900+0000][gc,heap       ] GC(347) Humongous regions: 194->129
[2024-10-03T18:53:25.900+0000][gc,metaspace  ] GC(347) Metaspace: 45983K(49024K)->45983K(49024K) NonClass: 40120K(41728K)->40120K(41728K) Class: 5862K(7296K)->5862K(7296K)
[2024-10-03T18:53:25.900+0000][gc            ] GC(347) Pause Young (Normal) (G1 Evacuation Pause) 825M->149M(1024M) 2.469ms
[2024-10-03T18:53:25.900+0000][gc,cpu        ] GC(347) User=0.01s Sys=0.00s Real=0.00s
[2024-10-03T20:59:47.368+0000][gc,start      ] GC(348) Pause Young (Normal) (G1 Evacuation Pause)
[2024-10-03T20:59:47.368+0000][gc,task       ] GC(348) Using 4 workers of 4 for evacuation
[2024-10-03T20:59:47.371+0000][gc,phases     ] GC(348)   Pre Evacuate Collection Set: 0.0ms
[2024-10-03T20:59:47.371+0000][gc,phases     ] GC(348)   Evacuate Collection Set: 2.3ms
[2024-10-03T20:59:47.371+0000][gc,phases     ] GC(348)   Post Evacuate Collection Set: 0.4ms
[2024-10-03T20:59:47.371+0000][gc,phases     ] GC(348)   Other: 0.2ms
[2024-10-03T20:59:47.371+0000][gc,heap       ] GC(348) Eden regions: 611->0(611)
[2024-10-03T20:59:47.371+0000][gc,heap       ] GC(348) Survivor regions: 3->3(77)
[2024-10-03T20:59:47.371+0000][gc,heap       ] GC(348) Old regions: 20->20
[2024-10-03T20:59:47.371+0000][gc,heap       ] GC(348) Humongous regions: 129->129
[2024-10-03T20:59:47.371+0000][gc,metaspace  ] GC(348) Metaspace: 45983K(49024K)->45983K(49024K) NonClass: 40120K(41728K)->40120K(41728K) Class: 5862K(7296K)->5862K(7296K)
[2024-10-03T20:59:47.371+0000][gc            ] GC(348) Pause Young (Normal) (G1 Evacuation Pause) 760M->149M(1024M) 3.002ms
[2024-10-03T20:59:47.371+0000][gc,cpu        ] GC(348) User=0.01s Sys=0.00s Real=0.01s
[2024-10-03T23:06:14.011+0000][gc,start      ] GC(349) Pause Young (Normal) (G1 Evacuation Pause)
[2024-10-03T23:06:14.011+0000][gc,task       ] GC(349) Using 4 workers of 4 for evacuation
[2024-10-03T23:06:14.015+0000][gc,phases     ] GC(349)   Pre Evacuate Collection Set: 0.0ms
[2024-10-03T23:06:14.015+0000][gc,phases     ] GC(349)   Evacuate Collection Set: 3.4ms
[2024-10-03T23:06:14.015+0000][gc,phases     ] GC(349)   Post Evacuate Collection Set: 0.4ms
[2024-10-03T23:06:14.015+0000][gc,phases     ] GC(349)   Other: 0.2ms
[2024-10-03T23:06:14.015+0000][gc,heap       ] GC(349) Eden regions: 611->0(611)
[2024-10-03T23:06:14.015+0000][gc,heap       ] GC(349) Survivor regions: 3->3(77)
[2024-10-03T23:06:14.015+0000][gc,heap       ] GC(349) Old regions: 20->20
[2024-10-03T23:06:14.015+0000][gc,heap       ] GC(349) Humongous regions: 129->129
[2024-10-03T23:06:14.015+0000][gc,metaspace  ] GC(349) Metaspace: 45983K(49024K)->45983K(49024K) NonClass: 40120K(41728K)->40120K(41728K) Class: 5862K(7296K)->5862K(7296K)
[2024-10-03T23:06:14.015+0000][gc            ] GC(349) Pause Young (Normal) (G1 Evacuation Pause) 760M->149M(1024M) 4.116ms
[2024-10-03T23:06:14.015+0000][gc,cpu        ] GC(349) User=0.01s Sys=0.00s Real=0.00s
[2024-10-04T01:12:17.985+0000][gc,start      ] GC(350) Pause Young (Normal) (G1 Evacuation Pause)
[2024-10-04T01:12:17.985+0000][gc,task       ] GC(350) Using 4 workers of 4 for evacuation
[2024-10-04T01:12:17.990+0000][gc,phases     ] GC(350)   Pre Evacuate Collection Set: 0.0ms
[2024-10-04T01:12:17.990+0000][gc,phases     ] GC(350)   Evacuate Collection Set: 4.2ms
[2024-10-04T01:12:17.990+0000][gc,phases     ] GC(350)   Post Evacuate Collection Set: 0.4ms
[2024-10-04T01:12:17.990+0000][gc,phases     ] GC(350)   Other: 0.2ms
[2024-10-04T01:12:17.990+0000][gc,heap       ] GC(350) Eden regions: 611->0(610)
[2024-10-04T01:12:17.990+0000][gc,heap       ] GC(350) Survivor regions: 3->4(77)
[2024-10-04T01:12:17.990+0000][gc,heap       ] GC(350) Old regions: 20->20
[2024-10-04T01:12:17.990+0000][gc,heap       ] GC(350) Humongous regions: 129->129
[2024-10-04T01:12:17.990+0000][gc,metaspace  ] GC(350) Metaspace: 45983K(49024K)->45983K(49024K) NonClass: 40120K(41728K)->40120K(41728K) Class: 5862K(7296K)->5862K(7296K)
[2024-10-04T01:12:17.990+0000][gc            ] GC(350) Pause Young (Normal) (G1 Evacuation Pause) 760M->150M(1024M) 4.851ms
[2024-10-04T01:12:17.990+0000][gc,cpu        ] GC(350) User=0.01s Sys=0.00s Real=0.01s
[2024-10-04T03:18:25.154+0000][gc,start      ] GC(351) Pause Young (Normal) (G1 Evacuation Pause)
[2024-10-04T03:18:25.154+0000][gc,task       ] GC(351) Using 4 workers of 4 for evacuation
[2024-10-04T03:18:25.157+0000][gc,phases     ] GC(351)   Pre Evacuate Collection Set: 0.0ms
[2024-10-04T03:18:25.157+0000][gc,phases     ] GC(351)   Evacuate Collection Set: 2.9ms
[2024-10-04T03:18:25.157+0000][gc,phases     ] GC(351)   Post Evacuate Collection Set: 0.4ms
[2024-10-04T03:18:25.157+0000][gc,phases     ] GC(351)   Other: 0.2ms
[2024-10-04T03:18:25.157+0000][gc,heap       ] GC(351) Eden regions: 610->0(610)
[2024-10-04T03:18:25.157+0000][gc,heap       ] GC(351) Survivor regions: 4->4(77)
[2024-10-04T03:18:25.157+0000][gc,heap       ] GC(351) Old regions: 20->20
[2024-10-04T03:18:25.157+0000][gc,heap       ] GC(351) Humongous regions: 129->129
[2024-10-04T03:18:25.157+0000][gc,metaspace  ] GC(351) Metaspace: 45983K(49024K)->45983K(49024K) NonClass: 40120K(41728K)->40120K(41728K) Class: 5862K(7296K)->5862K(7296K)
[2024-10-04T03:18:25.157+0000][gc            ] GC(351) Pause Young (Normal) (G1 Evacuation Pause) 760M->150M(1024M) 3.558ms
[2024-10-04T03:18:25.157+0000][gc,cpu        ] GC(351) User=0.00s Sys=0.00s Real=0.00s
[2024-10-04T05:24:29.011+0000][gc,start      ] GC(352) Pause Young (Normal) (G1 Evacuation Pause)
[2024-10-04T05:24:29.011+0000][gc,task       ] GC(352) Using 4 workers of 4 for evacuation
[2024-10-04T05:24:29.015+0000][gc,phases     ] GC(352)   Pre Evacuate Collection Set: 0.0ms
[2024-10-04T05:24:29.015+0000][gc,phases     ] GC(352)   Evacuate Collection Set: 3.2ms
[2024-10-04T05:24:29.015+0000][gc,phases     ] GC(352)   Post Evacuate Collection Set: 0.4ms
[2024-10-04T05:24:29.015+0000][gc,phases     ] GC(352)   Other: 0.2ms
[2024-10-04T05:24:29.015+0000][gc,heap       ] GC(352) Eden regions: 610->0(611)
[2024-10-04T05:24:29.015+0000][gc,heap       ] GC(352) Survivor regions: 4->3(77)
[2024-10-04T05:24:29.015+0000][gc,heap       ] GC(352) Old regions: 20->20
[2024-10-04T05:24:29.015+0000][gc,heap       ] GC(352) Humongous regions: 129->129
[2024-10-04T05:24:29.015+0000][gc,metaspace  ] GC(352) Metaspace: 45983K(49024K)->45983K(49024K) NonClass: 40120K(41728K)->40120K(41728K) Class: 5862K(7296K)->5862K(7296K)
[2024-10-04T05:24:29.015+0000][gc            ] GC(352) Pause Young (Normal) (G1 Evacuation Pause) 760M->149M(1024M) 3.817ms
[2024-10-04T05:24:29.015+0000][gc,cpu        ] GC(352) User=0.02s Sys=0.00s Real=0.00s
[2024-10-04T07:30:25.008+0000][gc,start      ] GC(353) Pause Young (Normal) (G1 Evacuation Pause)
[2024-10-04T07:30:25.008+0000][gc,task       ] GC(353) Using 4 workers of 4 for evacuation
[2024-10-04T07:30:25.011+0000][gc,phases     ] GC(353)   Pre Evacuate Collection Set: 0.0ms
[2024-10-04T07:30:25.011+0000][gc,phases     ] GC(353)   Evacuate Collection Set: 2.6ms
[2024-10-04T07:30:25.011+0000][gc,phases     ] GC(353)   Post Evacuate Collection Set: 0.4ms
[2024-10-04T07:30:25.011+0000][gc,phases     ] GC(353)   Other: 0.2ms
[2024-10-04T07:30:25.011+0000][gc,heap       ] GC(353) Eden regions: 611->0(611)
[2024-10-04T07:30:25.011+0000][gc,heap       ] GC(353) Survivor regions: 3->3(77)
[2024-10-04T07:30:25.011+0000][gc,heap       ] GC(353) Old regions: 20->20
[2024-10-04T07:30:25.011+0000][gc,heap       ] GC(353) Humongous regions: 139->139
[2024-10-04T07:30:25.011+0000][gc,metaspace  ] GC(353) Metaspace: 45983K(49024K)->45983K(49024K) NonClass: 40120K(41728K)->40120K(41728K) Class: 5862K(7296K)->5862K(7296K)
[2024-10-04T07:30:25.011+0000][gc            ] GC(353) Pause Young (Normal) (G1 Evacuation Pause) 770M->159M(1024M) 3.171ms
[2024-10-04T07:30:25.011+0000][gc,cpu        ] GC(353) User=0.01s Sys=0.00s Real=0.01s
[2024-10-04T09:36:38.312+0000][gc,start      ] GC(354) Pause Young (Normal) (G1 Evacuation Pause)
[2024-10-04T09:36:38.312+0000][gc,task       ] GC(354) Using 4 workers of 4 for evacuation
[2024-10-04T09:36:38.315+0000][gc,phases     ] GC(354)   Pre Evacuate Collection Set: 0.0ms
[2024-10-04T09:36:38.315+0000][gc,phases     ] GC(354)   Evacuate Collection Set: 2.5ms
[2024-10-04T09:36:38.315+0000][gc,phases     ] GC(354)   Post Evacuate Collection Set: 0.4ms
[2024-10-04T09:36:38.315+0000][gc,phases     ] GC(354)   Other: 0.2ms
[2024-10-04T09:36:38.315+0000][gc,heap       ] GC(354) Eden regions: 611->0(611)
[2024-10-04T09:36:38.315+0000][gc,heap       ] GC(354) Survivor regions: 3->3(77)
[2024-10-04T09:36:38.315+0000][gc,heap       ] GC(354) Old regions: 20->20
[2024-10-04T09:36:38.315+0000][gc,heap       ] GC(354) Humongous regions: 290->129
[2024-10-04T09:36:38.315+0000][gc,metaspace  ] GC(354) Metaspace: 45983K(49024K)->45983K(49024K) NonClass: 40120K(41728K)->40120K(41728K) Class: 5862K(7296K)->5862K(7296K)
[2024-10-04T09:36:38.315+0000][gc            ] GC(354) Pause Young (Normal) (G1 Evacuation Pause) 921M->149M(1024M) 3.134ms
[2024-10-04T09:36:38.315+0000][gc,cpu        ] GC(354) User=0.01s Sys=0.00s Real=0.00s
[2024-10-04T11:42:59.011+0000][gc,start      ] GC(355) Pause Young (Normal) (G1 Evacuation Pause)
[2024-10-04T11:42:59.011+0000][gc,task       ] GC(355) Using 4 workers of 4 for evacuation
[2024-10-04T11:42:59.014+0000][gc,phases     ] GC(355)   Pre Evacuate Collection Set: 0.0ms
[2024-10-04T11:42:59.014+0000][gc,phases     ] GC(355)   Evacuate Collection Set: 2.8ms
[2024-10-04T11:42:59.014+0000][gc,phases     ] GC(355)   Post Evacuate Collection Set: 0.4ms
[2024-10-04T11:42:59.014+0000][gc,phases     ] GC(355)   Other: 0.2ms
[2024-10-04T11:42:59.014+0000][gc,heap       ] GC(355) Eden regions: 611->0(610)
[2024-10-04T11:42:59.014+0000][gc,heap       ] GC(355) Survivor regions: 3->4(77)
[2024-10-04T11:42:59.014+0000][gc,heap       ] GC(355) Old regions: 20->20
[2024-10-04T11:42:59.014+0000][gc,heap       ] GC(355) Humongous regions: 129->129
[2024-10-04T11:42:59.014+0000][gc,metaspace  ] GC(355) Metaspace: 45983K(49024K)->45983K(49024K) NonClass: 40120K(41728K)->40120K(41728K) Class: 5862K(7296K)->5862K(7296K)
[2024-10-04T11:42:59.014+0000][gc            ] GC(355) Pause Young (Normal) (G1 Evacuation Pause) 760M->150M(1024M) 3.421ms
[2024-10-04T11:42:59.014+0000][gc,cpu        ] GC(355) User=0.01s Sys=0.00s Real=0.00s
[2024-10-04T13:48:48.434+0000][gc,start      ] GC(356) Pause Young (Normal) (G1 Evacuation Pause)
[2024-10-04T13:48:48.434+0000][gc,task       ] GC(356) Using 4 workers of 4 for evacuation
[2024-10-04T13:48:48.439+0000][gc,phases     ] GC(356)   Pre Evacuate Collection Set: 0.0ms
[2024-10-04T13:48:48.439+0000][gc,phases     ] GC(356)   Evacuate Collection Set: 3.5ms
[2024-10-04T13:48:48.439+0000][gc,phases     ] GC(356)   Post Evacuate Collection Set: 0.6ms
[2024-10-04T13:48:48.439+0000][gc,phases     ] GC(356)   Other: 0.2ms
[2024-10-04T13:48:48.439+0000][gc,heap       ] GC(356) Eden regions: 610->0(610)
[2024-10-04T13:48:48.439+0000][gc,heap       ] GC(356) Survivor regions: 4->4(77)
[2024-10-04T13:48:48.439+0000][gc,heap       ] GC(356) Old regions: 20->20
[2024-10-04T13:48:48.439+0000][gc,heap       ] GC(356) Humongous regions: 290->129
[2024-10-04T13:48:48.439+0000][gc,metaspace  ] GC(356) Metaspace: 45985K(49024K)->45985K(49024K) NonClass: 40122K(41728K)->40122K(41728K) Class: 5862K(7296K)->5862K(7296K)
[2024-10-04T13:48:48.439+0000][gc            ] GC(356) Pause Young (Normal) (G1 Evacuation Pause) 921M->150M(1024M) 4.416ms
[2024-10-04T13:48:48.439+0000][gc,cpu        ] GC(356) User=0.01s Sys=0.00s Real=0.01s
[2024-10-04T15:54:47.887+0000][gc,start      ] GC(357) Pause Young (Normal) (G1 Evacuation Pause)
[2024-10-04T15:54:47.887+0000][gc,task       ] GC(357) Using 4 workers of 4 for evacuation
[2024-10-04T15:54:47.891+0000][gc,phases     ] GC(357)   Pre Evacuate Collection Set: 0.0ms
[2024-10-04T15:54:47.891+0000][gc,phases     ] GC(357)   Evacuate Collection Set: 2.7ms
[2024-10-04T15:54:47.891+0000][gc,phases     ] GC(357)   Post Evacuate Collection Set: 0.4ms
[2024-10-04T15:54:47.891+0000][gc,phases     ] GC(357)   Other: 0.2ms
[2024-10-04T15:54:47.891+0000][gc,heap       ] GC(357) Eden regions: 610->0(612)
[2024-10-04T15:54:47.891+0000][gc,heap       ] GC(357) Survivor regions: 4->2(77)
[2024-10-04T15:54:47.891+0000][gc,heap       ] GC(357) Old regions: 20->20
[2024-10-04T15:54:47.891+0000][gc,heap       ] GC(357) Humongous regions: 290->129
[2024-10-04T15:54:47.891+0000][gc,metaspace  ] GC(357) Metaspace: 45986K(49024K)->45986K(49024K) NonClass: 40123K(41728K)->40123K(41728K) Class: 5862K(7296K)->5862K(7296K)
[2024-10-04T15:54:47.891+0000][gc            ] GC(357) Pause Young (Normal) (G1 Evacuation Pause) 921M->149M(1024M) 3.329ms
[2024-10-04T15:54:47.891+0000][gc,cpu        ] GC(357) User=0.01s Sys=0.00s Real=0.01s
[2024-10-04T18:01:24.320+0000][gc,start      ] GC(358) Pause Young (Normal) (G1 Evacuation Pause)
[2024-10-04T18:01:24.320+0000][gc,task       ] GC(358) Using 4 workers of 4 for evacuation
[2024-10-04T18:01:24.323+0000][gc,phases     ] GC(358)   Pre Evacuate Collection Set: 0.0ms
[2024-10-04T18:01:24.323+0000][gc,phases     ] GC(358)   Evacuate Collection Set: 2.2ms
[2024-10-04T18:01:24.323+0000][gc,phases     ] GC(358)   Post Evacuate Collection Set: 0.4ms
[2024-10-04T18:01:24.323+0000][gc,phases     ] GC(358)   Other: 0.2ms
[2024-10-04T18:01:24.323+0000][gc,heap       ] GC(358) Eden regions: 612->0(611)
[2024-10-04T18:01:24.323+0000][gc,heap       ] GC(358) Survivor regions: 2->3(77)
[2024-10-04T18:01:24.323+0000][gc,heap       ] GC(358) Old regions: 20->20
[2024-10-04T18:01:24.323+0000][gc,heap       ] GC(358) Humongous regions: 129->129
[2024-10-04T18:01:24.323+0000][gc,metaspace  ] GC(358) Metaspace: 45986K(49024K)->45986K(49024K) NonClass: 40123K(41728K)->40123K(41728K) Class: 5862K(7296K)->5862K(7296K)
[2024-10-04T18:01:24.323+0000][gc            ] GC(358) Pause Young (Normal) (G1 Evacuation Pause) 761M->149M(1024M) 2.961ms
[2024-10-04T18:01:24.323+0000][gc,cpu        ] GC(358) User=0.01s Sys=0.00s Real=0.00s
[2024-10-04T20:07:46.498+0000][gc,start      ] GC(359) Pause Young (Normal) (G1 Evacuation Pause)
[2024-10-04T20:07:46.498+0000][gc,task       ] GC(359) Using 4 workers of 4 for evacuation
[2024-10-04T20:07:46.502+0000][gc,phases     ] GC(359)   Pre Evacuate Collection Set: 0.0ms
[2024-10-04T20:07:46.502+0000][gc,phases     ] GC(359)   Evacuate Collection Set: 3.5ms
[2024-10-04T20:07:46.502+0000][gc,phases     ] GC(359)   Post Evacuate Collection Set: 0.4ms
[2024-10-04T20:07:46.502+0000][gc,phases     ] GC(359)   Other: 0.2ms
[2024-10-04T20:07:46.502+0000][gc,heap       ] GC(359) Eden regions: 611->0(611)
[2024-10-04T20:07:46.502+0000][gc,heap       ] GC(359) Survivor regions: 3->3(77)
[2024-10-04T20:07:46.502+0000][gc,heap       ] GC(359) Old regions: 20->20
[2024-10-04T20:07:46.502+0000][gc,heap       ] GC(359) Humongous regions: 129->129
[2024-10-04T20:07:46.502+0000][gc,metaspace  ] GC(359) Metaspace: 45986K(49024K)->45986K(49024K) NonClass: 40123K(41728K)->40123K(41728K) Class: 5862K(7296K)->5862K(7296K)
[2024-10-04T20:07:46.502+0000][gc            ] GC(359) Pause Young (Normal) (G1 Evacuation Pause) 760M->149M(1024M) 4.106ms
[2024-10-04T20:07:46.502+0000][gc,cpu        ] GC(359) User=0.01s Sys=0.00s Real=0.00s
[2024-10-04T22:14:03.464+0000][gc,start      ] GC(360) Pause Young (Normal) (G1 Evacuation Pause)
[2024-10-04T22:14:03.464+0000][gc,task       ] GC(360) Using 4 workers of 4 for evacuation
[2024-10-04T22:14:03.467+0000][gc,phases     ] GC(360)   Pre Evacuate Collection Set: 0.0ms
[2024-10-04T22:14:03.467+0000][gc,phases     ] GC(360)   Evacuate Collection Set: 2.6ms
[2024-10-04T22:14:03.467+0000][gc,phases     ] GC(360)   Post Evacuate Collection Set: 0.4ms
[2024-10-04T22:14:03.467+0000][gc,phases     ] GC(360)   Other: 0.2ms
[2024-10-04T22:14:03.467+0000][gc,heap       ] GC(360) Eden regions: 611->0(610)
[2024-10-04T22:14:03.467+0000][gc,heap       ] GC(360) Survivor regions: 3->4(77)
[2024-10-04T22:14:03.467+0000][gc,heap       ] GC(360) Old regions: 20->20
[2024-10-04T22:14:03.467+0000][gc,heap       ] GC(360) Humongous regions: 194->129
[2024-10-04T22:14:03.467+0000][gc,metaspace  ] GC(360) Metaspace: 45986K(49024K)->45986K(49024K) NonClass: 40123K(41728K)->40123K(41728K) Class: 5862K(7296K)->5862K(7296K)
[2024-10-04T22:14:03.467+0000][gc            ] GC(360) Pause Young (Normal) (G1 Evacuation Pause) 825M->150M(1024M) 3.235ms
[2024-10-04T22:14:03.467+0000][gc,cpu        ] GC(360) User=0.01s Sys=0.00s Real=0.00s
[2024-10-05T00:19:38.055+0000][gc,start      ] GC(361) Pause Young (Normal) (G1 Evacuation Pause)
[2024-10-05T00:19:38.055+0000][gc,task       ] GC(361) Using 4 workers of 4 for evacuation
[2024-10-05T00:19:38.060+0000][gc,phases     ] GC(361)   Pre Evacuate Collection Set: 0.0ms
[2024-10-05T00:19:38.060+0000][gc,phases     ] GC(361)   Evacuate Collection Set: 4.1ms
[2024-10-05T00:19:38.060+0000][gc,phases     ] GC(361)   Post Evacuate Collection Set: 0.4ms
[2024-10-05T00:19:38.060+0000][gc,phases     ] GC(361)   Other: 0.2ms
[2024-10-05T00:19:38.060+0000][gc,heap       ] GC(361) Eden regions: 610->0(610)
[2024-10-05T00:19:38.060+0000][gc,heap       ] GC(361) Survivor regions: 4->4(77)
[2024-10-05T00:19:38.060+0000][gc,heap       ] GC(361) Old regions: 20->20
[2024-10-05T00:19:38.060+0000][gc,heap       ] GC(361) Humongous regions: 129->129
[2024-10-05T00:19:38.060+0000][gc,metaspace  ] GC(361) Metaspace: 46154K(49408K)->46154K(49408K) NonClass: 40243K(41984K)->40243K(41984K) Class: 5910K(7424K)->5910K(7424K)
[2024-10-05T00:19:38.060+0000][gc            ] GC(361) Pause Young (Normal) (G1 Evacuation Pause) 760M->151M(1024M) 4.711ms
[2024-10-05T00:19:38.060+0000][gc,cpu        ] GC(361) User=0.02s Sys=0.00s Real=0.01s
[2024-10-05T02:25:38.421+0000][gc,start      ] GC(362) Pause Young (Normal) (G1 Evacuation Pause)
[2024-10-05T02:25:38.421+0000][gc,task       ] GC(362) Using 4 workers of 4 for evacuation
[2024-10-05T02:25:38.426+0000][gc,phases     ] GC(362)   Pre Evacuate Collection Set: 0.0ms
[2024-10-05T02:25:38.426+0000][gc,phases     ] GC(362)   Evacuate Collection Set: 3.3ms
[2024-10-05T02:25:38.426+0000][gc,phases     ] GC(362)   Post Evacuate Collection Set: 0.8ms
[2024-10-05T02:25:38.426+0000][gc,phases     ] GC(362)   Other: 0.2ms
[2024-10-05T02:25:38.426+0000][gc,heap       ] GC(362) Eden regions: 610->0(611)
[2024-10-05T02:25:38.426+0000][gc,heap       ] GC(362) Survivor regions: 4->3(77)
[2024-10-05T02:25:38.426+0000][gc,heap       ] GC(362) Old regions: 20->20
[2024-10-05T02:25:38.426+0000][gc,heap       ] GC(362) Humongous regions: 129->129
[2024-10-05T02:25:38.426+0000][gc,metaspace  ] GC(362) Metaspace: 46154K(49408K)->46154K(49408K) NonClass: 40243K(41984K)->40243K(41984K) Class: 5910K(7424K)->5910K(7424K)
[2024-10-05T02:25:38.426+0000][gc            ] GC(362) Pause Young (Normal) (G1 Evacuation Pause) 761M->149M(1024M) 4.362ms
[2024-10-05T02:25:38.426+0000][gc,cpu        ] GC(362) User=0.01s Sys=0.00s Real=0.00s
[2024-10-05T04:31:17.743+0000][gc,start      ] GC(363) Pause Young (Normal) (G1 Evacuation Pause)
[2024-10-05T04:31:17.743+0000][gc,task       ] GC(363) Using 4 workers of 4 for evacuation
[2024-10-05T04:31:17.745+0000][gc,phases     ] GC(363)   Pre Evacuate Collection Set: 0.0ms
[2024-10-05T04:31:17.745+0000][gc,phases     ] GC(363)   Evacuate Collection Set: 2.0ms
[2024-10-05T04:31:17.745+0000][gc,phases     ] GC(363)   Post Evacuate Collection Set: 0.3ms
[2024-10-05T04:31:17.745+0000][gc,phases     ] GC(363)   Other: 0.2ms
[2024-10-05T04:31:17.746+0000][gc,heap       ] GC(363) Eden regions: 611->0(611)
[2024-10-05T04:31:17.746+0000][gc,heap       ] GC(363) Survivor regions: 3->3(77)
[2024-10-05T04:31:17.746+0000][gc,heap       ] GC(363) Old regions: 20->20
[2024-10-05T04:31:17.746+0000][gc,heap       ] GC(363) Humongous regions: 129->129
[2024-10-05T04:31:17.746+0000][gc,metaspace  ] GC(363) Metaspace: 46154K(49408K)->46154K(49408K) NonClass: 40243K(41984K)->40243K(41984K) Class: 5910K(7424K)->5910K(7424K)
[2024-10-05T04:31:17.746+0000][gc            ] GC(363) Pause Young (Normal) (G1 Evacuation Pause) 760M->149M(1024M) 2.505ms
[2024-10-05T04:31:17.746+0000][gc,cpu        ] GC(363) User=0.00s Sys=0.00s Real=0.00s
[2024-10-05T06:37:39.011+0000][gc,start      ] GC(364) Pause Young (Normal) (G1 Evacuation Pause)
[2024-10-05T06:37:39.011+0000][gc,task       ] GC(364) Using 4 workers of 4 for evacuation
[2024-10-05T06:37:39.015+0000][gc,phases     ] GC(364)   Pre Evacuate Collection Set: 0.0ms
[2024-10-05T06:37:39.015+0000][gc,phases     ] GC(364)   Evacuate Collection Set: 3.7ms
[2024-10-05T06:37:39.015+0000][gc,phases     ] GC(364)   Post Evacuate Collection Set: 0.4ms
[2024-10-05T06:37:39.015+0000][gc,phases     ] GC(364)   Other: 0.2ms
[2024-10-05T06:37:39.015+0000][gc,heap       ] GC(364) Eden regions: 611->0(611)
[2024-10-05T06:37:39.015+0000][gc,heap       ] GC(364) Survivor regions: 3->3(77)
[2024-10-05T06:37:39.015+0000][gc,heap       ] GC(364) Old regions: 20->20
[2024-10-05T06:37:39.015+0000][gc,heap       ] GC(364) Humongous regions: 129->129
[2024-10-05T06:37:39.015+0000][gc,metaspace  ] GC(364) Metaspace: 46154K(49408K)->46154K(49408K) NonClass: 40243K(41984K)->40243K(41984K) Class: 5910K(7424K)->5910K(7424K)
[2024-10-05T06:37:39.015+0000][gc            ] GC(364) Pause Young (Normal) (G1 Evacuation Pause) 760M->149M(1024M) 4.363ms
[2024-10-05T06:37:39.015+0000][gc,cpu        ] GC(364) User=0.01s Sys=0.00s Real=0.00s
[2024-10-05T08:44:03.197+0000][gc,start      ] GC(365) Pause Young (Normal) (G1 Evacuation Pause)
[2024-10-05T08:44:03.197+0000][gc,task       ] GC(365) Using 4 workers of 4 for evacuation
[2024-10-05T08:44:03.201+0000][gc,phases     ] GC(365)   Pre Evacuate Collection Set: 0.0ms
[2024-10-05T08:44:03.201+0000][gc,phases     ] GC(365)   Evacuate Collection Set: 2.8ms
[2024-10-05T08:44:03.201+0000][gc,phases     ] GC(365)   Post Evacuate Collection Set: 0.5ms
[2024-10-05T08:44:03.201+0000][gc,phases     ] GC(365)   Other: 0.2ms
[2024-10-05T08:44:03.201+0000][gc,heap       ] GC(365) Eden regions: 611->0(611)
[2024-10-05T08:44:03.201+0000][gc,heap       ] GC(365) Survivor regions: 3->3(77)
[2024-10-05T08:44:03.201+0000][gc,heap       ] GC(365) Old regions: 20->20
[2024-10-05T08:44:03.201+0000][gc,heap       ] GC(365) Humongous regions: 129->129
[2024-10-05T08:44:03.201+0000][gc,metaspace  ] GC(365) Metaspace: 46154K(49408K)->46154K(49408K) NonClass: 40243K(41984K)->40243K(41984K) Class: 5910K(7424K)->5910K(7424K)
[2024-10-05T08:44:03.201+0000][gc            ] GC(365) Pause Young (Normal) (G1 Evacuation Pause) 760M->150M(1024M) 3.542ms
[2024-10-05T08:44:03.201+0000][gc,cpu        ] GC(365) User=0.00s Sys=0.00s Real=0.00s
[2024-10-05T10:50:30.909+0000][gc,start      ] GC(366) Pause Young (Normal) (G1 Evacuation Pause)
[2024-10-05T10:50:30.909+0000][gc,task       ] GC(366) Using 4 workers of 4 for evacuation
[2024-10-05T10:50:30.912+0000][gc,phases     ] GC(366)   Pre Evacuate Collection Set: 0.0ms
[2024-10-05T10:50:30.912+0000][gc,phases     ] GC(366)   Evacuate Collection Set: 2.8ms
[2024-10-05T10:50:30.912+0000][gc,phases     ] GC(366)   Post Evacuate Collection Set: 0.4ms
[2024-10-05T10:50:30.912+0000][gc,phases     ] GC(366)   Other: 0.2ms
[2024-10-05T10:50:30.912+0000][gc,heap       ] GC(366) Eden regions: 611->0(610)
[2024-10-05T10:50:30.912+0000][gc,heap       ] GC(366) Survivor regions: 3->4(77)
[2024-10-05T10:50:30.912+0000][gc,heap       ] GC(366) Old regions: 20->20
[2024-10-05T10:50:30.912+0000][gc,heap       ] GC(366) Humongous regions: 129->129
[2024-10-05T10:50:30.912+0000][gc,metaspace  ] GC(366) Metaspace: 46154K(49408K)->46154K(49408K) NonClass: 40243K(41984K)->40243K(41984K) Class: 5910K(7424K)->5910K(7424K)
[2024-10-05T10:50:30.912+0000][gc            ] GC(366) Pause Young (Normal) (G1 Evacuation Pause) 761M->150M(1024M) 3.443ms
[2024-10-05T10:50:30.912+0000][gc,cpu        ] GC(366) User=0.01s Sys=0.00s Real=0.01s
[2024-10-05T12:56:27.479+0000][gc,start      ] GC(367) Pause Young (Normal) (G1 Evacuation Pause)
[2024-10-05T12:56:27.479+0000][gc,task       ] GC(367) Using 4 workers of 4 for evacuation
[2024-10-05T12:56:27.483+0000][gc,phases     ] GC(367)   Pre Evacuate Collection Set: 0.0ms
[2024-10-05T12:56:27.483+0000][gc,phases     ] GC(367)   Evacuate Collection Set: 3.3ms
[2024-10-05T12:56:27.483+0000][gc,phases     ] GC(367)   Post Evacuate Collection Set: 0.5ms
[2024-10-05T12:56:27.483+0000][gc,phases     ] GC(367)   Other: 0.2ms
[2024-10-05T12:56:27.483+0000][gc,heap       ] GC(367) Eden regions: 610->0(610)
[2024-10-05T12:56:27.483+0000][gc,heap       ] GC(367) Survivor regions: 4->4(77)
[2024-10-05T12:56:27.483+0000][gc,heap       ] GC(367) Old regions: 20->20
[2024-10-05T12:56:27.483+0000][gc,heap       ] GC(367) Humongous regions: 178->129
[2024-10-05T12:56:27.483+0000][gc,metaspace  ] GC(367) Metaspace: 46154K(49408K)->46154K(49408K) NonClass: 40243K(41984K)->40243K(41984K) Class: 5910K(7424K)->5910K(7424K)
[2024-10-05T12:56:27.483+0000][gc            ] GC(367) Pause Young (Normal) (G1 Evacuation Pause) 809M->150M(1024M) 4.084ms
[2024-10-05T12:56:27.483+0000][gc,cpu        ] GC(367) User=0.01s Sys=0.01s Real=0.00s
[2024-10-05T15:02:39.079+0000][gc,start      ] GC(368) Pause Young (Normal) (G1 Evacuation Pause)
[2024-10-05T15:02:39.079+0000][gc,task       ] GC(368) Using 4 workers of 4 for evacuation
[2024-10-05T15:02:39.081+0000][gc,phases     ] GC(368)   Pre Evacuate Collection Set: 0.0ms
[2024-10-05T15:02:39.082+0000][gc,phases     ] GC(368)   Evacuate Collection Set: 2.4ms
[2024-10-05T15:02:39.082+0000][gc,phases     ] GC(368)   Post Evacuate Collection Set: 0.4ms
[2024-10-05T15:02:39.082+0000][gc,phases     ] GC(368)   Other: 0.2ms
[2024-10-05T15:02:39.082+0000][gc,heap       ] GC(368) Eden regions: 610->0(611)
[2024-10-05T15:02:39.082+0000][gc,heap       ] GC(368) Survivor regions: 4->3(77)
[2024-10-05T15:02:39.082+0000][gc,heap       ] GC(368) Old regions: 20->20
[2024-10-05T15:02:39.082+0000][gc,heap       ] GC(368) Humongous regions: 129->129
[2024-10-05T15:02:39.082+0000][gc,metaspace  ] GC(368) Metaspace: 46154K(49408K)->46154K(49408K) NonClass: 40243K(41984K)->40243K(41984K) Class: 5910K(7424K)->5910K(7424K)
[2024-10-05T15:02:39.082+0000][gc            ] GC(368) Pause Young (Normal) (G1 Evacuation Pause) 760M->149M(1024M) 3.076ms
[2024-10-05T15:02:39.082+0000][gc,cpu        ] GC(368) User=0.01s Sys=0.00s Real=0.00s
[2024-10-05T17:08:55.964+0000][gc,start      ] GC(369) Pause Young (Normal) (G1 Evacuation Pause)
[2024-10-05T17:08:55.964+0000][gc,task       ] GC(369) Using 4 workers of 4 for evacuation
[2024-10-05T17:08:55.968+0000][gc,phases     ] GC(369)   Pre Evacuate Collection Set: 0.0ms
[2024-10-05T17:08:55.968+0000][gc,phases     ] GC(369)   Evacuate Collection Set: 3.3ms
[2024-10-05T17:08:55.968+0000][gc,phases     ] GC(369)   Post Evacuate Collection Set: 0.4ms
[2024-10-05T17:08:55.968+0000][gc,phases     ] GC(369)   Other: 0.3ms
[2024-10-05T17:08:55.968+0000][gc,heap       ] GC(369) Eden regions: 611->0(611)
[2024-10-05T17:08:55.968+0000][gc,heap       ] GC(369) Survivor regions: 3->3(77)
[2024-10-05T17:08:55.968+0000][gc,heap       ] GC(369) Old regions: 20->20
[2024-10-05T17:08:55.968+0000][gc,heap       ] GC(369) Humongous regions: 129->129
[2024-10-05T17:08:55.968+0000][gc,metaspace  ] GC(369) Metaspace: 46154K(49408K)->46154K(49408K) NonClass: 40243K(41984K)->40243K(41984K) Class: 5910K(7424K)->5910K(7424K)
[2024-10-05T17:08:55.968+0000][gc            ] GC(369) Pause Young (Normal) (G1 Evacuation Pause) 760M->149M(1024M) 4.096ms
[2024-10-05T17:08:55.968+0000][gc,cpu        ] GC(369) User=0.01s Sys=0.00s Real=0.00s
[2024-10-05T19:15:09.011+0000][gc,start      ] GC(370) Pause Young (Normal) (G1 Evacuation Pause)
[2024-10-05T19:15:09.011+0000][gc,task       ] GC(370) Using 4 workers of 4 for evacuation
[2024-10-05T19:15:09.015+0000][gc,phases     ] GC(370)   Pre Evacuate Collection Set: 0.0ms
[2024-10-05T19:15:09.015+0000][gc,phases     ] GC(370)   Evacuate Collection Set: 3.2ms
[2024-10-05T19:15:09.015+0000][gc,phases     ] GC(370)   Post Evacuate Collection Set: 0.5ms
[2024-10-05T19:15:09.015+0000][gc,phases     ] GC(370)   Other: 0.3ms
[2024-10-05T19:15:09.015+0000][gc,heap       ] GC(370) Eden regions: 611->0(610)
[2024-10-05T19:15:09.015+0000][gc,heap       ] GC(370) Survivor regions: 3->4(77)
[2024-10-05T19:15:09.015+0000][gc,heap       ] GC(370) Old regions: 20->20
[2024-10-05T19:15:09.015+0000][gc,heap       ] GC(370) Humongous regions: 129->129
[2024-10-05T19:15:09.015+0000][gc,metaspace  ] GC(370) Metaspace: 46154K(49408K)->46154K(49408K) NonClass: 40243K(41984K)->40243K(41984K) Class: 5910K(7424K)->5910K(7424K)
[2024-10-05T19:15:09.015+0000][gc            ] GC(370) Pause Young (Normal) (G1 Evacuation Pause) 760M->150M(1024M) 4.065ms
[2024-10-05T19:15:09.015+0000][gc,cpu        ] GC(370) User=0.01s Sys=0.00s Real=0.00s
[2024-10-05T21:21:17.870+0000][gc,start      ] GC(371) Pause Young (Normal) (G1 Evacuation Pause)
[2024-10-05T21:21:17.870+0000][gc,task       ] GC(371) Using 4 workers of 4 for evacuation
[2024-10-05T21:21:17.873+0000][gc,phases     ] GC(371)   Pre Evacuate Collection Set: 0.0ms
[2024-10-05T21:21:17.874+0000][gc,phases     ] GC(371)   Evacuate Collection Set: 2.5ms
[2024-10-05T21:21:17.874+0000][gc,phases     ] GC(371)   Post Evacuate Collection Set: 0.4ms
[2024-10-05T21:21:17.874+0000][gc,phases     ] GC(371)   Other: 0.2ms
[2024-10-05T21:21:17.874+0000][gc,heap       ] GC(371) Eden regions: 610->0(610)
[2024-10-05T21:21:17.874+0000][gc,heap       ] GC(371) Survivor regions: 4->4(77)
[2024-10-05T21:21:17.874+0000][gc,heap       ] GC(371) Old regions: 20->20
[2024-10-05T21:21:17.874+0000][gc,heap       ] GC(371) Humongous regions: 129->129
[2024-10-05T21:21:17.874+0000][gc,metaspace  ] GC(371) Metaspace: 46154K(49408K)->46154K(49408K) NonClass: 40243K(41984K)->40243K(41984K) Class: 5910K(7424K)->5910K(7424K)
[2024-10-05T21:21:17.874+0000][gc            ] GC(371) Pause Young (Normal) (G1 Evacuation Pause) 760M->150M(1024M) 3.142ms
[2024-10-05T21:21:17.874+0000][gc,cpu        ] GC(371) User=0.01s Sys=0.00s Real=0.00s
[2024-10-05T23:27:21.596+0000][gc,start      ] GC(372) Pause Young (Normal) (G1 Evacuation Pause)
[2024-10-05T23:27:21.596+0000][gc,task       ] GC(372) Using 4 workers of 4 for evacuation
[2024-10-05T23:27:21.600+0000][gc,phases     ] GC(372)   Pre Evacuate Collection Set: 0.0ms
[2024-10-05T23:27:21.600+0000][gc,phases     ] GC(372)   Evacuate Collection Set: 3.3ms
[2024-10-05T23:27:21.600+0000][gc,phases     ] GC(372)   Post Evacuate Collection Set: 0.5ms
[2024-10-05T23:27:21.600+0000][gc,phases     ] GC(372)   Other: 0.2ms
[2024-10-05T23:27:21.600+0000][gc,heap       ] GC(372) Eden regions: 610->0(610)
[2024-10-05T23:27:21.600+0000][gc,heap       ] GC(372) Survivor regions: 4->4(77)
[2024-10-05T23:27:21.600+0000][gc,heap       ] GC(372) Old regions: 20->20
[2024-10-05T23:27:21.600+0000][gc,heap       ] GC(372) Humongous regions: 129->129
[2024-10-05T23:27:21.600+0000][gc,metaspace  ] GC(372) Metaspace: 46154K(49408K)->46154K(49408K) NonClass: 40243K(41984K)->40243K(41984K) Class: 5910K(7424K)->5910K(7424K)
[2024-10-05T23:27:21.600+0000][gc            ] GC(372) Pause Young (Normal) (G1 Evacuation Pause) 760M->150M(1024M) 4.076ms
[2024-10-05T23:27:21.600+0000][gc,cpu        ] GC(372) User=0.01s Sys=0.00s Real=0.01s
[2024-10-06T01:32:54.011+0000][gc,start      ] GC(373) Pause Young (Normal) (G1 Evacuation Pause)
[2024-10-06T01:32:54.011+0000][gc,task       ] GC(373) Using 4 workers of 4 for evacuation
[2024-10-06T01:32:54.014+0000][gc,phases     ] GC(373)   Pre Evacuate Collection Set: 0.0ms
[2024-10-06T01:32:54.014+0000][gc,phases     ] GC(373)   Evacuate Collection Set: 2.5ms
[2024-10-06T01:32:54.014+0000][gc,phases     ] GC(373)   Post Evacuate Collection Set: 0.8ms
[2024-10-06T01:32:54.014+0000][gc,phases     ] GC(373)   Other: 0.2ms
[2024-10-06T01:32:54.014+0000][gc,heap       ] GC(373) Eden regions: 610->0(611)
[2024-10-06T01:32:54.014+0000][gc,heap       ] GC(373) Survivor regions: 4->3(77)
[2024-10-06T01:32:54.014+0000][gc,heap       ] GC(373) Old regions: 20->20
[2024-10-06T01:32:54.014+0000][gc,heap       ] GC(373) Humongous regions: 129->129
[2024-10-06T01:32:54.014+0000][gc,metaspace  ] GC(373) Metaspace: 46154K(49408K)->46154K(49408K) NonClass: 40243K(41984K)->40243K(41984K) Class: 5910K(7424K)->5910K(7424K)
[2024-10-06T01:32:54.014+0000][gc            ] GC(373) Pause Young (Normal) (G1 Evacuation Pause) 760M->149M(1024M) 3.504ms
[2024-10-06T01:32:54.014+0000][gc,cpu        ] GC(373) User=0.01s Sys=0.00s Real=0.00s
[2024-10-06T03:39:09.773+0000][gc,start      ] GC(374) Pause Young (Normal) (G1 Evacuation Pause)
[2024-10-06T03:39:09.773+0000][gc,task       ] GC(374) Using 4 workers of 4 for evacuation
[2024-10-06T03:39:09.776+0000][gc,phases     ] GC(374)   Pre Evacuate Collection Set: 0.0ms
[2024-10-06T03:39:09.776+0000][gc,phases     ] GC(374)   Evacuate Collection Set: 2.0ms
[2024-10-06T03:39:09.776+0000][gc,phases     ] GC(374)   Post Evacuate Collection Set: 0.4ms
[2024-10-06T03:39:09.776+0000][gc,phases     ] GC(374)   Other: 0.2ms
[2024-10-06T03:39:09.776+0000][gc,heap       ] GC(374) Eden regions: 611->0(611)
[2024-10-06T03:39:09.776+0000][gc,heap       ] GC(374) Survivor regions: 3->3(77)
[2024-10-06T03:39:09.776+0000][gc,heap       ] GC(374) Old regions: 20->20
[2024-10-06T03:39:09.776+0000][gc,heap       ] GC(374) Humongous regions: 178->129
[2024-10-06T03:39:09.776+0000][gc,metaspace  ] GC(374) Metaspace: 46154K(49408K)->46154K(49408K) NonClass: 40243K(41984K)->40243K(41984K) Class: 5910K(7424K)->5910K(7424K)
[2024-10-06T03:39:09.776+0000][gc            ] GC(374) Pause Young (Normal) (G1 Evacuation Pause) 809M->149M(1024M) 2.614ms
[2024-10-06T03:39:09.776+0000][gc,cpu        ] GC(374) User=0.01s Sys=0.01s Real=0.00s
[2024-10-06T05:45:31.836+0000][gc,start      ] GC(375) Pause Young (Normal) (G1 Evacuation Pause)
[2024-10-06T05:45:31.836+0000][gc,task       ] GC(375) Using 4 workers of 4 for evacuation
[2024-10-06T05:45:31.839+0000][gc,phases     ] GC(375)   Pre Evacuate Collection Set: 0.0ms
[2024-10-06T05:45:31.839+0000][gc,phases     ] GC(375)   Evacuate Collection Set: 2.5ms
[2024-10-06T05:45:31.839+0000][gc,phases     ] GC(375)   Post Evacuate Collection Set: 0.4ms
[2024-10-06T05:45:31.839+0000][gc,phases     ] GC(375)   Other: 0.2ms
[2024-10-06T05:45:31.839+0000][gc,heap       ] GC(375) Eden regions: 611->0(611)
[2024-10-06T05:45:31.839+0000][gc,heap       ] GC(375) Survivor regions: 3->3(77)
[2024-10-06T05:45:31.839+0000][gc,heap       ] GC(375) Old regions: 20->20
[2024-10-06T05:45:31.839+0000][gc,heap       ] GC(375) Humongous regions: 129->129
[2024-10-06T05:45:31.839+0000][gc,metaspace  ] GC(375) Metaspace: 46154K(49408K)->46154K(49408K) NonClass: 40243K(41984K)->40243K(41984K) Class: 5910K(7424K)->5910K(7424K)
[2024-10-06T05:45:31.839+0000][gc            ] GC(375) Pause Young (Normal) (G1 Evacuation Pause) 760M->150M(1024M) 3.136ms
[2024-10-06T05:45:31.839+0000][gc,cpu        ] GC(375) User=0.01s Sys=0.00s Real=0.01s
[2024-10-06T07:51:57.216+0000][gc,start      ] GC(376) Pause Young (Normal) (G1 Evacuation Pause)
[2024-10-06T07:51:57.216+0000][gc,task       ] GC(376) Using 4 workers of 4 for evacuation
[2024-10-06T07:51:57.220+0000][gc,phases     ] GC(376)   Pre Evacuate Collection Set: 0.0ms
[2024-10-06T07:51:57.220+0000][gc,phases     ] GC(376)   Evacuate Collection Set: 2.6ms
[2024-10-06T07:51:57.220+0000][gc,phases     ] GC(376)   Post Evacuate Collection Set: 0.5ms
[2024-10-06T07:51:57.220+0000][gc,phases     ] GC(376)   Other: 0.2ms
[2024-10-06T07:51:57.220+0000][gc,heap       ] GC(376) Eden regions: 611->0(611)
[2024-10-06T07:51:57.220+0000][gc,heap       ] GC(376) Survivor regions: 3->3(77)
[2024-10-06T07:51:57.220+0000][gc,heap       ] GC(376) Old regions: 20->20
[2024-10-06T07:51:57.220+0000][gc,heap       ] GC(376) Humongous regions: 129->129
[2024-10-06T07:51:57.220+0000][gc,metaspace  ] GC(376) Metaspace: 46154K(49408K)->46154K(49408K) NonClass: 40243K(41984K)->40243K(41984K) Class: 5910K(7424K)->5910K(7424K)
[2024-10-06T07:51:57.220+0000][gc            ] GC(376) Pause Young (Normal) (G1 Evacuation Pause) 761M->150M(1024M) 3.366ms
[2024-10-06T07:51:57.220+0000][gc,cpu        ] GC(376) User=0.01s Sys=0.00s Real=0.01s
[2024-10-06T09:58:19.011+0000][gc,start      ] GC(377) Pause Young (Normal) (G1 Evacuation Pause)
[2024-10-06T09:58:19.011+0000][gc,task       ] GC(377) Using 4 workers of 4 for evacuation
[2024-10-06T09:58:19.013+0000][gc,phases     ] GC(377)   Pre Evacuate Collection Set: 0.0ms
[2024-10-06T09:58:19.014+0000][gc,phases     ] GC(377)   Evacuate Collection Set: 2.0ms
[2024-10-06T09:58:19.014+0000][gc,phases     ] GC(377)   Post Evacuate Collection Set: 0.6ms
[2024-10-06T09:58:19.014+0000][gc,phases     ] GC(377)   Other: 0.2ms
[2024-10-06T09:58:19.014+0000][gc,heap       ] GC(377) Eden regions: 611->0(611)
[2024-10-06T09:58:19.014+0000][gc,heap       ] GC(377) Survivor regions: 3->3(77)
[2024-10-06T09:58:19.014+0000][gc,heap       ] GC(377) Old regions: 20->20
[2024-10-06T09:58:19.014+0000][gc,heap       ] GC(377) Humongous regions: 129->129
[2024-10-06T09:58:19.014+0000][gc,metaspace  ] GC(377) Metaspace: 46154K(49408K)->46154K(49408K) NonClass: 40243K(41984K)->40243K(41984K) Class: 5910K(7424K)->5910K(7424K)
[2024-10-06T09:58:19.014+0000][gc            ] GC(377) Pause Young (Normal) (G1 Evacuation Pause) 761M->149M(1024M) 2.866ms
[2024-10-06T09:58:19.014+0000][gc,cpu        ] GC(377) User=0.01s Sys=0.00s Real=0.00s
[2024-10-06T12:04:34.489+0000][gc,start      ] GC(378) Pause Young (Normal) (G1 Evacuation Pause)
[2024-10-06T12:04:34.489+0000][gc,task       ] GC(378) Using 4 workers of 4 for evacuation
[2024-10-06T12:04:34.492+0000][gc,phases     ] GC(378)   Pre Evacuate Collection Set: 0.0ms
[2024-10-06T12:04:34.492+0000][gc,phases     ] GC(378)   Evacuate Collection Set: 2.6ms
[2024-10-06T12:04:34.492+0000][gc,phases     ] GC(378)   Post Evacuate Collection Set: 0.4ms
[2024-10-06T12:04:34.492+0000][gc,phases     ] GC(378)   Other: 0.2ms
[2024-10-06T12:04:34.492+0000][gc,heap       ] GC(378) Eden regions: 611->0(611)
[2024-10-06T12:04:34.492+0000][gc,heap       ] GC(378) Survivor regions: 3->3(77)
[2024-10-06T12:04:34.492+0000][gc,heap       ] GC(378) Old regions: 20->20
[2024-10-06T12:04:34.492+0000][gc,heap       ] GC(378) Humongous regions: 129->129
[2024-10-06T12:04:34.492+0000][gc,metaspace  ] GC(378) Metaspace: 46154K(49408K)->46154K(49408K) NonClass: 40243K(41984K)->40243K(41984K) Class: 5910K(7424K)->5910K(7424K)
[2024-10-06T12:04:34.492+0000][gc            ] GC(378) Pause Young (Normal) (G1 Evacuation Pause) 760M->149M(1024M) 3.242ms
[2024-10-06T12:04:34.492+0000][gc,cpu        ] GC(378) User=0.00s Sys=0.00s Real=0.01s
[2024-10-06T14:10:42.040+0000][gc,start      ] GC(379) Pause Young (Normal) (G1 Evacuation Pause)
[2024-10-06T14:10:42.040+0000][gc,task       ] GC(379) Using 4 workers of 4 for evacuation
[2024-10-06T14:10:42.043+0000][gc,phases     ] GC(379)   Pre Evacuate Collection Set: 0.0ms
[2024-10-06T14:10:42.043+0000][gc,phases     ] GC(379)   Evacuate Collection Set: 3.1ms
[2024-10-06T14:10:42.043+0000][gc,phases     ] GC(379)   Post Evacuate Collection Set: 0.4ms
[2024-10-06T14:10:42.043+0000][gc,phases     ] GC(379)   Other: 0.2ms
[2024-10-06T14:10:42.043+0000][gc,heap       ] GC(379) Eden regions: 611->0(611)
[2024-10-06T14:10:42.043+0000][gc,heap       ] GC(379) Survivor regions: 3->3(77)
[2024-10-06T14:10:42.043+0000][gc,heap       ] GC(379) Old regions: 20->20
[2024-10-06T14:10:42.043+0000][gc,heap       ] GC(379) Humongous regions: 129->129
[2024-10-06T14:10:42.043+0000][gc,metaspace  ] GC(379) Metaspace: 46154K(49408K)->46154K(49408K) NonClass: 40243K(41984K)->40243K(41984K) Class: 5910K(7424K)->5910K(7424K)
[2024-10-06T14:10:42.043+0000][gc            ] GC(379) Pause Young (Normal) (G1 Evacuation Pause) 760M->149M(1024M) 3.766ms
[2024-10-06T14:10:42.043+0000][gc,cpu        ] GC(379) User=0.01s Sys=0.00s Real=0.00s
[2024-10-06T16:16:49.011+0000][gc,start      ] GC(380) Pause Young (Normal) (G1 Evacuation Pause)
[2024-10-06T16:16:49.011+0000][gc,task       ] GC(380) Using 4 workers of 4 for evacuation
[2024-10-06T16:16:49.014+0000][gc,phases     ] GC(380)   Pre Evacuate Collection Set: 0.0ms
[2024-10-06T16:16:49.014+0000][gc,phases     ] GC(380)   Evacuate Collection Set: 2.8ms
[2024-10-06T16:16:49.014+0000][gc,phases     ] GC(380)   Post Evacuate Collection Set: 0.4ms
[2024-10-06T16:16:49.014+0000][gc,phases     ] GC(380)   Other: 0.2ms
[2024-10-06T16:16:49.014+0000][gc,heap       ] GC(380) Eden regions: 611->0(611)
[2024-10-06T16:16:49.014+0000][gc,heap       ] GC(380) Survivor regions: 3->3(77)
[2024-10-06T16:16:49.014+0000][gc,heap       ] GC(380) Old regions: 20->20
[2024-10-06T16:16:49.014+0000][gc,heap       ] GC(380) Humongous regions: 178->129
[2024-10-06T16:16:49.014+0000][gc,metaspace  ] GC(380) Metaspace: 46154K(49408K)->46154K(49408K) NonClass: 40243K(41984K)->40243K(41984K) Class: 5910K(7424K)->5910K(7424K)
[2024-10-06T16:16:49.014+0000][gc            ] GC(380) Pause Young (Normal) (G1 Evacuation Pause) 809M->150M(1024M) 3.534ms
[2024-10-06T16:16:49.014+0000][gc,cpu        ] GC(380) User=0.02s Sys=0.00s Real=0.00s
[2024-10-06T18:23:21.318+0000][gc,start      ] GC(381) Pause Young (Normal) (G1 Evacuation Pause)
[2024-10-06T18:23:21.318+0000][gc,task       ] GC(381) Using 4 workers of 4 for evacuation
[2024-10-06T18:23:21.322+0000][gc,phases     ] GC(381)   Pre Evacuate Collection Set: 0.0ms
[2024-10-06T18:23:21.322+0000][gc,phases     ] GC(381)   Evacuate Collection Set: 3.3ms
[2024-10-06T18:23:21.322+0000][gc,phases     ] GC(381)   Post Evacuate Collection Set: 0.4ms
[2024-10-06T18:23:21.322+0000][gc,phases     ] GC(381)   Other: 0.2ms
[2024-10-06T18:23:21.322+0000][gc,heap       ] GC(381) Eden regions: 611->0(610)
[2024-10-06T18:23:21.322+0000][gc,heap       ] GC(381) Survivor regions: 3->4(77)
[2024-10-06T18:23:21.322+0000][gc,heap       ] GC(381) Old regions: 20->20
[2024-10-06T18:23:21.322+0000][gc,heap       ] GC(381) Humongous regions: 129->129
[2024-10-06T18:23:21.322+0000][gc,metaspace  ] GC(381) Metaspace: 46154K(49408K)->46154K(49408K) NonClass: 40243K(41984K)->40243K(41984K) Class: 5910K(7424K)->5910K(7424K)
[2024-10-06T18:23:21.322+0000][gc            ] GC(381) Pause Young (Normal) (G1 Evacuation Pause) 761M->150M(1024M) 3.927ms
[2024-10-06T18:23:21.322+0000][gc,cpu        ] GC(381) User=0.01s Sys=0.00s Real=0.00s
[2024-10-06T20:29:07.805+0000][gc,start      ] GC(382) Pause Young (Normal) (G1 Evacuation Pause)
[2024-10-06T20:29:07.805+0000][gc,task       ] GC(382) Using 4 workers of 4 for evacuation
[2024-10-06T20:29:07.809+0000][gc,phases     ] GC(382)   Pre Evacuate Collection Set: 0.0ms
[2024-10-06T20:29:07.809+0000][gc,phases     ] GC(382)   Evacuate Collection Set: 3.7ms
[2024-10-06T20:29:07.809+0000][gc,phases     ] GC(382)   Post Evacuate Collection Set: 0.4ms
[2024-10-06T20:29:07.809+0000][gc,phases     ] GC(382)   Other: 0.2ms
[2024-10-06T20:29:07.809+0000][gc,heap       ] GC(382) Eden regions: 610->0(610)
[2024-10-06T20:29:07.809+0000][gc,heap       ] GC(382) Survivor regions: 4->4(77)
[2024-10-06T20:29:07.809+0000][gc,heap       ] GC(382) Old regions: 20->20
[2024-10-06T20:29:07.809+0000][gc,heap       ] GC(382) Humongous regions: 129->129
[2024-10-06T20:29:07.809+0000][gc,metaspace  ] GC(382) Metaspace: 46154K(49408K)->46154K(49408K) NonClass: 40243K(41984K)->40243K(41984K) Class: 5910K(7424K)->5910K(7424K)
[2024-10-06T20:29:07.809+0000][gc            ] GC(382) Pause Young (Normal) (G1 Evacuation Pause) 760M->150M(1024M) 4.357ms
[2024-10-06T20:29:07.809+0000][gc,cpu        ] GC(382) User=0.01s Sys=0.00s Real=0.00s
[2024-10-06T22:35:41.134+0000][gc,start      ] GC(383) Pause Young (Normal) (G1 Evacuation Pause)
[2024-10-06T22:35:41.134+0000][gc,task       ] GC(383) Using 4 workers of 4 for evacuation
[2024-10-06T22:35:41.139+0000][gc,phases     ] GC(383)   Pre Evacuate Collection Set: 0.0ms
[2024-10-06T22:35:41.139+0000][gc,phases     ] GC(383)   Evacuate Collection Set: 4.4ms
[2024-10-06T22:35:41.140+0000][gc,phases     ] GC(383)   Post Evacuate Collection Set: 0.4ms
[2024-10-06T22:35:41.140+0000][gc,phases     ] GC(383)   Other: 0.2ms
[2024-10-06T22:35:41.140+0000][gc,heap       ] GC(383) Eden regions: 610->0(610)
[2024-10-06T22:35:41.140+0000][gc,heap       ] GC(383) Survivor regions: 4->4(77)
[2024-10-06T22:35:41.140+0000][gc,heap       ] GC(383) Old regions: 20->20
[2024-10-06T22:35:41.140+0000][gc,heap       ] GC(383) Humongous regions: 129->129
[2024-10-06T22:35:41.140+0000][gc,metaspace  ] GC(383) Metaspace: 46154K(49408K)->46154K(49408K) NonClass: 40243K(41984K)->40243K(41984K) Class: 5910K(7424K)->5910K(7424K)
[2024-10-06T22:35:41.140+0000][gc            ] GC(383) Pause Young (Normal) (G1 Evacuation Pause) 760M->150M(1024M) 5.109ms
[2024-10-06T22:35:41.140+0000][gc,cpu        ] GC(383) User=0.02s Sys=0.00s Real=0.01s
[2024-10-07T00:42:30.522+0000][gc,start      ] GC(384) Pause Young (Normal) (G1 Evacuation Pause)
[2024-10-07T00:42:30.522+0000][gc,task       ] GC(384) Using 4 workers of 4 for evacuation
[2024-10-07T00:42:30.524+0000][gc,phases     ] GC(384)   Pre Evacuate Collection Set: 0.0ms
[2024-10-07T00:42:30.524+0000][gc,phases     ] GC(384)   Evacuate Collection Set: 1.9ms
[2024-10-07T00:42:30.524+0000][gc,phases     ] GC(384)   Post Evacuate Collection Set: 0.4ms
[2024-10-07T00:42:30.524+0000][gc,phases     ] GC(384)   Other: 0.2ms
[2024-10-07T00:42:30.524+0000][gc,heap       ] GC(384) Eden regions: 610->0(611)
[2024-10-07T00:42:30.524+0000][gc,heap       ] GC(384) Survivor regions: 4->3(77)
[2024-10-07T00:42:30.524+0000][gc,heap       ] GC(384) Old regions: 20->20
[2024-10-07T00:42:30.524+0000][gc,heap       ] GC(384) Humongous regions: 129->129
[2024-10-07T00:42:30.524+0000][gc,metaspace  ] GC(384) Metaspace: 46154K(49408K)->46154K(49408K) NonClass: 40243K(41984K)->40243K(41984K) Class: 5910K(7424K)->5910K(7424K)
[2024-10-07T00:42:30.524+0000][gc            ] GC(384) Pause Young (Normal) (G1 Evacuation Pause) 760M->149M(1024M) 2.622ms
[2024-10-07T00:42:30.524+0000][gc,cpu        ] GC(384) User=0.01s Sys=0.00s Real=0.00s
[2024-10-07T02:49:28.413+0000][gc,start      ] GC(385) Pause Young (Normal) (G1 Evacuation Pause)
[2024-10-07T02:49:28.413+0000][gc,task       ] GC(385) Using 4 workers of 4 for evacuation
[2024-10-07T02:49:28.417+0000][gc,phases     ] GC(385)   Pre Evacuate Collection Set: 0.0ms
[2024-10-07T02:49:28.417+0000][gc,phases     ] GC(385)   Evacuate Collection Set: 3.5ms
[2024-10-07T02:49:28.417+0000][gc,phases     ] GC(385)   Post Evacuate Collection Set: 0.4ms
[2024-10-07T02:49:28.417+0000][gc,phases     ] GC(385)   Other: 0.2ms
[2024-10-07T02:49:28.417+0000][gc,heap       ] GC(385) Eden regions: 611->0(611)
[2024-10-07T02:49:28.417+0000][gc,heap       ] GC(385) Survivor regions: 3->3(77)
[2024-10-07T02:49:28.417+0000][gc,heap       ] GC(385) Old regions: 20->20
[2024-10-07T02:49:28.417+0000][gc,heap       ] GC(385) Humongous regions: 129->129
[2024-10-07T02:49:28.417+0000][gc,metaspace  ] GC(385) Metaspace: 46154K(49408K)->46154K(49408K) NonClass: 40243K(41984K)->40243K(41984K) Class: 5910K(7424K)->5910K(7424K)
[2024-10-07T02:49:28.417+0000][gc            ] GC(385) Pause Young (Normal) (G1 Evacuation Pause) 760M->149M(1024M) 4.150ms
[2024-10-07T02:49:28.417+0000][gc,cpu        ] GC(385) User=0.01s Sys=0.00s Real=0.00s
[2024-10-07T04:56:25.389+0000][gc,start      ] GC(386) Pause Young (Normal) (G1 Evacuation Pause)
[2024-10-07T04:56:25.389+0000][gc,task       ] GC(386) Using 4 workers of 4 for evacuation
[2024-10-07T04:56:25.392+0000][gc,phases     ] GC(386)   Pre Evacuate Collection Set: 0.0ms
[2024-10-07T04:56:25.392+0000][gc,phases     ] GC(386)   Evacuate Collection Set: 2.5ms
[2024-10-07T04:56:25.392+0000][gc,phases     ] GC(386)   Post Evacuate Collection Set: 0.4ms
[2024-10-07T04:56:25.392+0000][gc,phases     ] GC(386)   Other: 0.2ms
[2024-10-07T04:56:25.392+0000][gc,heap       ] GC(386) Eden regions: 611->0(611)
[2024-10-07T04:56:25.392+0000][gc,heap       ] GC(386) Survivor regions: 3->3(77)
[2024-10-07T04:56:25.392+0000][gc,heap       ] GC(386) Old regions: 20->20
[2024-10-07T04:56:25.392+0000][gc,heap       ] GC(386) Humongous regions: 129->129
[2024-10-07T04:56:25.392+0000][gc,metaspace  ] GC(386) Metaspace: 46154K(49408K)->46154K(49408K) NonClass: 40243K(41984K)->40243K(41984K) Class: 5910K(7424K)->5910K(7424K)
[2024-10-07T04:56:25.392+0000][gc            ] GC(386) Pause Young (Normal) (G1 Evacuation Pause) 760M->149M(1024M) 3.189ms
[2024-10-07T04:56:25.392+0000][gc,cpu        ] GC(386) User=0.01s Sys=0.00s Real=0.01s
[2024-10-07T07:03:34.123+0000][gc,start      ] GC(387) Pause Young (Normal) (G1 Evacuation Pause)
[2024-10-07T07:03:34.123+0000][gc,task       ] GC(387) Using 4 workers of 4 for evacuation
[2024-10-07T07:03:34.126+0000][gc,phases     ] GC(387)   Pre Evacuate Collection Set: 0.0ms
[2024-10-07T07:03:34.126+0000][gc,phases     ] GC(387)   Evacuate Collection Set: 3.0ms
[2024-10-07T07:03:34.126+0000][gc,phases     ] GC(387)   Post Evacuate Collection Set: 0.5ms
[2024-10-07T07:03:34.126+0000][gc,phases     ] GC(387)   Other: 0.2ms
[2024-10-07T07:03:34.126+0000][gc,heap       ] GC(387) Eden regions: 611->0(611)
[2024-10-07T07:03:34.126+0000][gc,heap       ] GC(387) Survivor regions: 3->3(77)
[2024-10-07T07:03:34.126+0000][gc,heap       ] GC(387) Old regions: 20->20
[2024-10-07T07:03:34.126+0000][gc,heap       ] GC(387) Humongous regions: 178->129
[2024-10-07T07:03:34.126+0000][gc,metaspace  ] GC(387) Metaspace: 46154K(49408K)->46154K(49408K) NonClass: 40243K(41984K)->40243K(41984K) Class: 5910K(7424K)->5910K(7424K)
[2024-10-07T07:03:34.126+0000][gc            ] GC(387) Pause Young (Normal) (G1 Evacuation Pause) 809M->150M(1024M) 3.721ms
[2024-10-07T07:03:34.126+0000][gc,cpu        ] GC(387) User=0.01s Sys=0.00s Real=0.00s
[2024-10-07T09:10:29.833+0000][gc,start      ] GC(388) Pause Young (Normal) (G1 Evacuation Pause)
[2024-10-07T09:10:29.833+0000][gc,task       ] GC(388) Using 4 workers of 4 for evacuation
[2024-10-07T09:10:29.837+0000][gc,phases     ] GC(388)   Pre Evacuate Collection Set: 0.0ms
[2024-10-07T09:10:29.837+0000][gc,phases     ] GC(388)   Evacuate Collection Set: 2.6ms
[2024-10-07T09:10:29.837+0000][gc,phases     ] GC(388)   Post Evacuate Collection Set: 0.4ms
[2024-10-07T09:10:29.837+0000][gc,phases     ] GC(388)   Other: 0.2ms
[2024-10-07T09:10:29.837+0000][gc,heap       ] GC(388) Eden regions: 611->0(610)
[2024-10-07T09:10:29.837+0000][gc,heap       ] GC(388) Survivor regions: 3->4(77)
[2024-10-07T09:10:29.837+0000][gc,heap       ] GC(388) Old regions: 20->20
[2024-10-07T09:10:29.837+0000][gc,heap       ] GC(388) Humongous regions: 129->129
[2024-10-07T09:10:29.837+0000][gc,metaspace  ] GC(388) Metaspace: 46154K(49408K)->46154K(49408K) NonClass: 40243K(41984K)->40243K(41984K) Class: 5910K(7424K)->5910K(7424K)
[2024-10-07T09:10:29.837+0000][gc            ] GC(388) Pause Young (Normal) (G1 Evacuation Pause) 761M->150M(1024M) 3.193ms
[2024-10-07T09:10:29.837+0000][gc,cpu        ] GC(388) User=0.01s Sys=0.00s Real=0.00s
[2024-10-07T11:17:19.570+0000][gc,start      ] GC(389) Pause Young (Normal) (G1 Evacuation Pause)
[2024-10-07T11:17:19.570+0000][gc,task       ] GC(389) Using 4 workers of 4 for evacuation
[2024-10-07T11:17:19.574+0000][gc,phases     ] GC(389)   Pre Evacuate Collection Set: 0.0ms
[2024-10-07T11:17:19.574+0000][gc,phases     ] GC(389)   Evacuate Collection Set: 3.4ms
[2024-10-07T11:17:19.574+0000][gc,phases     ] GC(389)   Post Evacuate Collection Set: 0.3ms
[2024-10-07T11:17:19.574+0000][gc,phases     ] GC(389)   Other: 0.2ms
[2024-10-07T11:17:19.574+0000][gc,heap       ] GC(389) Eden regions: 610->0(610)
[2024-10-07T11:17:19.574+0000][gc,heap       ] GC(389) Survivor regions: 4->4(77)
[2024-10-07T11:17:19.574+0000][gc,heap       ] GC(389) Old regions: 20->20
[2024-10-07T11:17:19.574+0000][gc,heap       ] GC(389) Humongous regions: 129->129
[2024-10-07T11:17:19.574+0000][gc,metaspace  ] GC(389) Metaspace: 46154K(49408K)->46154K(49408K) NonClass: 40243K(41984K)->40243K(41984K) Class: 5910K(7424K)->5910K(7424K)
[2024-10-07T11:17:19.574+0000][gc            ] GC(389) Pause Young (Normal) (G1 Evacuation Pause) 760M->150M(1024M) 3.932ms
[2024-10-07T11:17:19.574+0000][gc,cpu        ] GC(389) User=0.01s Sys=0.00s Real=0.00s
[2024-10-07T13:24:16.189+0000][gc,start      ] GC(390) Pause Young (Normal) (G1 Evacuation Pause)
[2024-10-07T13:24:16.189+0000][gc,task       ] GC(390) Using 4 workers of 4 for evacuation
[2024-10-07T13:24:16.193+0000][gc,phases     ] GC(390)   Pre Evacuate Collection Set: 0.0ms
[2024-10-07T13:24:16.193+0000][gc,phases     ] GC(390)   Evacuate Collection Set: 3.3ms
[2024-10-07T13:24:16.193+0000][gc,phases     ] GC(390)   Post Evacuate Collection Set: 0.9ms
[2024-10-07T13:24:16.193+0000][gc,phases     ] GC(390)   Other: 0.2ms
[2024-10-07T13:24:16.194+0000][gc,heap       ] GC(390) Eden regions: 610->0(610)
[2024-10-07T13:24:16.194+0000][gc,heap       ] GC(390) Survivor regions: 4->4(77)
[2024-10-07T13:24:16.194+0000][gc,heap       ] GC(390) Old regions: 20->20
[2024-10-07T13:24:16.194+0000][gc,heap       ] GC(390) Humongous regions: 129->129
[2024-10-07T13:24:16.194+0000][gc,metaspace  ] GC(390) Metaspace: 46154K(49408K)->46154K(49408K) NonClass: 40243K(41984K)->40243K(41984K) Class: 5910K(7424K)->5910K(7424K)
[2024-10-07T13:24:16.194+0000][gc            ] GC(390) Pause Young (Normal) (G1 Evacuation Pause) 760M->150M(1024M) 4.476ms
[2024-10-07T13:24:16.194+0000][gc,cpu        ] GC(390) User=0.01s Sys=0.01s Real=0.01s
[2024-10-07T15:30:34.208+0000][gc,start      ] GC(391) Pause Young (Normal) (G1 Evacuation Pause)
[2024-10-07T15:30:34.208+0000][gc,task       ] GC(391) Using 4 workers of 4 for evacuation
[2024-10-07T15:30:34.212+0000][gc,phases     ] GC(391)   Pre Evacuate Collection Set: 0.0ms
[2024-10-07T15:30:34.212+0000][gc,phases     ] GC(391)   Evacuate Collection Set: 3.3ms
[2024-10-07T15:30:34.212+0000][gc,phases     ] GC(391)   Post Evacuate Collection Set: 0.4ms
[2024-10-07T15:30:34.212+0000][gc,phases     ] GC(391)   Other: 0.2ms
[2024-10-07T15:30:34.212+0000][gc,heap       ] GC(391) Eden regions: 610->0(610)
[2024-10-07T15:30:34.212+0000][gc,heap       ] GC(391) Survivor regions: 4->4(77)
[2024-10-07T15:30:34.212+0000][gc,heap       ] GC(391) Old regions: 20->20
[2024-10-07T15:30:34.212+0000][gc,heap       ] GC(391) Humongous regions: 129->129
[2024-10-07T15:30:34.212+0000][gc,metaspace  ] GC(391) Metaspace: 46154K(49408K)->46154K(49408K) NonClass: 40243K(41984K)->40243K(41984K) Class: 5910K(7424K)->5910K(7424K)
[2024-10-07T15:30:34.212+0000][gc            ] GC(391) Pause Young (Normal) (G1 Evacuation Pause) 760M->150M(1024M) 3.957ms
[2024-10-07T15:30:34.212+0000][gc,cpu        ] GC(391) User=0.02s Sys=0.00s Real=0.01s
[2024-10-07T17:37:22.940+0000][gc,start      ] GC(392) Pause Young (Normal) (G1 Evacuation Pause)
[2024-10-07T17:37:22.940+0000][gc,task       ] GC(392) Using 4 workers of 4 for evacuation
[2024-10-07T17:37:22.944+0000][gc,phases     ] GC(392)   Pre Evacuate Collection Set: 0.0ms
[2024-10-07T17:37:22.944+0000][gc,phases     ] GC(392)   Evacuate Collection Set: 3.1ms
[2024-10-07T17:37:22.944+0000][gc,phases     ] GC(392)   Post Evacuate Collection Set: 0.4ms
[2024-10-07T17:37:22.944+0000][gc,phases     ] GC(392)   Other: 0.2ms
[2024-10-07T17:37:22.944+0000][gc,heap       ] GC(392) Eden regions: 610->0(610)
[2024-10-07T17:37:22.944+0000][gc,heap       ] GC(392) Survivor regions: 4->4(77)
[2024-10-07T17:37:22.944+0000][gc,heap       ] GC(392) Old regions: 20->20
[2024-10-07T17:37:22.944+0000][gc,heap       ] GC(392) Humongous regions: 129->129
[2024-10-07T17:37:22.944+0000][gc,metaspace  ] GC(392) Metaspace: 46154K(49408K)->46154K(49408K) NonClass: 40243K(41984K)->40243K(41984K) Class: 5910K(7424K)->5910K(7424K)
[2024-10-07T17:37:22.944+0000][gc            ] GC(392) Pause Young (Normal) (G1 Evacuation Pause) 760M->150M(1024M) 3.676ms
[2024-10-07T17:37:22.944+0000][gc,cpu        ] GC(392) User=0.01s Sys=0.00s Real=0.00s
[2024-10-07T19:44:12.564+0000][gc,start      ] GC(393) Pause Young (Normal) (G1 Evacuation Pause)
[2024-10-07T19:44:12.564+0000][gc,task       ] GC(393) Using 4 workers of 4 for evacuation
[2024-10-07T19:44:12.567+0000][gc,phases     ] GC(393)   Pre Evacuate Collection Set: 0.0ms
[2024-10-07T19:44:12.567+0000][gc,phases     ] GC(393)   Evacuate Collection Set: 2.1ms
[2024-10-07T19:44:12.567+0000][gc,phases     ] GC(393)   Post Evacuate Collection Set: 0.4ms
[2024-10-07T19:44:12.567+0000][gc,phases     ] GC(393)   Other: 0.2ms
[2024-10-07T19:44:12.567+0000][gc,heap       ] GC(393) Eden regions: 610->0(611)
[2024-10-07T19:44:12.567+0000][gc,heap       ] GC(393) Survivor regions: 4->3(77)
[2024-10-07T19:44:12.567+0000][gc,heap       ] GC(393) Old regions: 20->20
[2024-10-07T19:44:12.567+0000][gc,heap       ] GC(393) Humongous regions: 129->129
[2024-10-07T19:44:12.567+0000][gc,metaspace  ] GC(393) Metaspace: 46154K(49408K)->46154K(49408K) NonClass: 40243K(41984K)->40243K(41984K) Class: 5910K(7424K)->5910K(7424K)
[2024-10-07T19:44:12.567+0000][gc            ] GC(393) Pause Young (Normal) (G1 Evacuation Pause) 760M->149M(1024M) 2.758ms
[2024-10-07T19:44:12.567+0000][gc,cpu        ] GC(393) User=0.01s Sys=0.00s Real=0.00s
[2024-10-07T21:50:57.779+0000][gc,start      ] GC(394) Pause Young (Normal) (G1 Evacuation Pause)
[2024-10-07T21:50:57.779+0000][gc,task       ] GC(394) Using 4 workers of 4 for evacuation
[2024-10-07T21:50:57.782+0000][gc,phases     ] GC(394)   Pre Evacuate Collection Set: 0.0ms
[2024-10-07T21:50:57.783+0000][gc,phases     ] GC(394)   Evacuate Collection Set: 2.8ms
[2024-10-07T21:50:57.783+0000][gc,phases     ] GC(394)   Post Evacuate Collection Set: 0.4ms
[2024-10-07T21:50:57.783+0000][gc,phases     ] GC(394)   Other: 0.2ms
[2024-10-07T21:50:57.783+0000][gc,heap       ] GC(394) Eden regions: 611->0(611)
[2024-10-07T21:50:57.783+0000][gc,heap       ] GC(394) Survivor regions: 3->3(77)
[2024-10-07T21:50:57.783+0000][gc,heap       ] GC(394) Old regions: 20->20
[2024-10-07T21:50:57.783+0000][gc,heap       ] GC(394) Humongous regions: 178->129
[2024-10-07T21:50:57.783+0000][gc,metaspace  ] GC(394) Metaspace: 46154K(49408K)->46154K(49408K) NonClass: 40243K(41984K)->40243K(41984K) Class: 5910K(7424K)->5910K(7424K)
[2024-10-07T21:50:57.783+0000][gc            ] GC(394) Pause Young (Normal) (G1 Evacuation Pause) 809M->149M(1024M) 3.496ms
[2024-10-07T21:50:57.783+0000][gc,cpu        ] GC(394) User=0.01s Sys=0.00s Real=0.00s
[2024-10-07T23:57:56.050+0000][gc,start      ] GC(395) Pause Young (Normal) (G1 Evacuation Pause)
[2024-10-07T23:57:56.050+0000][gc,task       ] GC(395) Using 4 workers of 4 for evacuation
[2024-10-07T23:57:56.053+0000][gc,phases     ] GC(395)   Pre Evacuate Collection Set: 0.0ms
[2024-10-07T23:57:56.054+0000][gc,phases     ] GC(395)   Evacuate Collection Set: 2.6ms
[2024-10-07T23:57:56.054+0000][gc,phases     ] GC(395)   Post Evacuate Collection Set: 0.5ms
[2024-10-07T23:57:56.054+0000][gc,phases     ] GC(395)   Other: 0.2ms
[2024-10-07T23:57:56.054+0000][gc,heap       ] GC(395) Eden regions: 611->0(611)
[2024-10-07T23:57:56.054+0000][gc,heap       ] GC(395) Survivor regions: 3->3(77)
[2024-10-07T23:57:56.054+0000][gc,heap       ] GC(395) Old regions: 20->20
[2024-10-07T23:57:56.054+0000][gc,heap       ] GC(395) Humongous regions: 129->129
[2024-10-07T23:57:56.054+0000][gc,metaspace  ] GC(395) Metaspace: 46154K(49408K)->46154K(49408K) NonClass: 40243K(41984K)->40243K(41984K) Class: 5910K(7424K)->5910K(7424K)
[2024-10-07T23:57:56.054+0000][gc            ] GC(395) Pause Young (Normal) (G1 Evacuation Pause) 760M->149M(1024M) 3.425ms
[2024-10-07T23:57:56.054+0000][gc,cpu        ] GC(395) User=0.01s Sys=0.00s Real=0.00s
[2024-10-08T02:04:52.000+0000][gc,start      ] GC(396) Pause Young (Normal) (G1 Evacuation Pause)
[2024-10-08T02:04:52.000+0000][gc,task       ] GC(396) Using 4 workers of 4 for evacuation
[2024-10-08T02:04:52.003+0000][gc,phases     ] GC(396)   Pre Evacuate Collection Set: 0.0ms
[2024-10-08T02:04:52.003+0000][gc,phases     ] GC(396)   Evacuate Collection Set: 2.6ms
[2024-10-08T02:04:52.003+0000][gc,phases     ] GC(396)   Post Evacuate Collection Set: 0.4ms
[2024-10-08T02:04:52.003+0000][gc,phases     ] GC(396)   Other: 0.2ms
[2024-10-08T02:04:52.003+0000][gc,heap       ] GC(396) Eden regions: 611->0(611)
[2024-10-08T02:04:52.003+0000][gc,heap       ] GC(396) Survivor regions: 3->3(77)
[2024-10-08T02:04:52.003+0000][gc,heap       ] GC(396) Old regions: 20->20
[2024-10-08T02:04:52.003+0000][gc,heap       ] GC(396) Humongous regions: 129->129
[2024-10-08T02:04:52.003+0000][gc,metaspace  ] GC(396) Metaspace: 46154K(49408K)->46154K(49408K) NonClass: 40243K(41984K)->40243K(41984K) Class: 5910K(7424K)->5910K(7424K)
[2024-10-08T02:04:52.004+0000][gc            ] GC(396) Pause Young (Normal) (G1 Evacuation Pause) 760M->150M(1024M) 3.268ms
[2024-10-08T02:04:52.004+0000][gc,cpu        ] GC(396) User=0.01s Sys=0.00s Real=0.00s
[2024-10-08T04:11:59.428+0000][gc,start      ] GC(397) Pause Young (Normal) (G1 Evacuation Pause)
[2024-10-08T04:11:59.428+0000][gc,task       ] GC(397) Using 4 workers of 4 for evacuation
[2024-10-08T04:11:59.431+0000][gc,phases     ] GC(397)   Pre Evacuate Collection Set: 0.0ms
[2024-10-08T04:11:59.431+0000][gc,phases     ] GC(397)   Evacuate Collection Set: 2.9ms
[2024-10-08T04:11:59.431+0000][gc,phases     ] GC(397)   Post Evacuate Collection Set: 0.5ms
[2024-10-08T04:11:59.431+0000][gc,phases     ] GC(397)   Other: 0.2ms
[2024-10-08T04:11:59.431+0000][gc,heap       ] GC(397) Eden regions: 611->0(611)
[2024-10-08T04:11:59.431+0000][gc,heap       ] GC(397) Survivor regions: 3->3(77)
[2024-10-08T04:11:59.431+0000][gc,heap       ] GC(397) Old regions: 20->20
[2024-10-08T04:11:59.431+0000][gc,heap       ] GC(397) Humongous regions: 129->129
[2024-10-08T04:11:59.431+0000][gc,metaspace  ] GC(397) Metaspace: 46154K(49408K)->46154K(49408K) NonClass: 40243K(41984K)->40243K(41984K) Class: 5910K(7424K)->5910K(7424K)
[2024-10-08T04:11:59.431+0000][gc            ] GC(397) Pause Young (Normal) (G1 Evacuation Pause) 761M->150M(1024M) 3.605ms
[2024-10-08T04:11:59.431+0000][gc,cpu        ] GC(397) User=0.01s Sys=0.00s Real=0.01s
[2024-10-08T06:19:03.005+0000][gc,start      ] GC(398) Pause Young (Normal) (G1 Evacuation Pause)
[2024-10-08T06:19:03.006+0000][gc,task       ] GC(398) Using 4 workers of 4 for evacuation
[2024-10-08T06:19:03.011+0000][gc,phases     ] GC(398)   Pre Evacuate Collection Set: 0.0ms
[2024-10-08T06:19:03.011+0000][gc,phases     ] GC(398)   Evacuate Collection Set: 4.7ms
[2024-10-08T06:19:03.011+0000][gc,phases     ] GC(398)   Post Evacuate Collection Set: 0.6ms
[2024-10-08T06:19:03.011+0000][gc,phases     ] GC(398)   Other: 0.2ms
[2024-10-08T06:19:03.011+0000][gc,heap       ] GC(398) Eden regions: 611->0(610)
[2024-10-08T06:19:03.011+0000][gc,heap       ] GC(398) Survivor regions: 3->4(77)
[2024-10-08T06:19:03.011+0000][gc,heap       ] GC(398) Old regions: 20->20
[2024-10-08T06:19:03.011+0000][gc,heap       ] GC(398) Humongous regions: 129->129
[2024-10-08T06:19:03.011+0000][gc,metaspace  ] GC(398) Metaspace: 46154K(49408K)->46154K(49408K) NonClass: 40243K(41984K)->40243K(41984K) Class: 5910K(7424K)->5910K(7424K)
[2024-10-08T06:19:03.011+0000][gc            ] GC(398) Pause Young (Normal) (G1 Evacuation Pause) 761M->150M(1024M) 5.655ms
[2024-10-08T06:19:03.011+0000][gc,cpu        ] GC(398) User=0.02s Sys=0.00s Real=0.01s
[2024-10-08T08:26:02.481+0000][gc,start      ] GC(399) Pause Young (Normal) (G1 Evacuation Pause)
[2024-10-08T08:26:02.481+0000][gc,task       ] GC(399) Using 4 workers of 4 for evacuation
[2024-10-08T08:26:02.486+0000][gc,phases     ] GC(399)   Pre Evacuate Collection Set: 0.0ms
[2024-10-08T08:26:02.486+0000][gc,phases     ] GC(399)   Evacuate Collection Set: 4.2ms
[2024-10-08T08:26:02.486+0000][gc,phases     ] GC(399)   Post Evacuate Collection Set: 0.5ms
[2024-10-08T08:26:02.486+0000][gc,phases     ] GC(399)   Other: 0.2ms
[2024-10-08T08:26:02.486+0000][gc,heap       ] GC(399) Eden regions: 610->0(610)
[2024-10-08T08:26:02.486+0000][gc,heap       ] GC(399) Survivor regions: 4->4(77)
[2024-10-08T08:26:02.486+0000][gc,heap       ] GC(399) Old regions: 20->20
[2024-10-08T08:26:02.486+0000][gc,heap       ] GC(399) Humongous regions: 129->129
[2024-10-08T08:26:02.486+0000][gc,metaspace  ] GC(399) Metaspace: 46154K(49408K)->46154K(49408K) NonClass: 40243K(41984K)->40243K(41984K) Class: 5910K(7424K)->5910K(7424K)
[2024-10-08T08:26:02.486+0000][gc            ] GC(399) Pause Young (Normal) (G1 Evacuation Pause) 760M->150M(1024M) 4.884ms
[2024-10-08T08:26:02.486+0000][gc,cpu        ] GC(399) User=0.01s Sys=0.00s Real=0.00s
[2024-10-08T10:32:09.605+0000][gc,start      ] GC(400) Pause Young (Normal) (G1 Evacuation Pause)
[2024-10-08T10:32:09.605+0000][gc,task       ] GC(400) Using 4 workers of 4 for evacuation
[2024-10-08T10:32:09.608+0000][gc,phases     ] GC(400)   Pre Evacuate Collection Set: 0.0ms
[2024-10-08T10:32:09.608+0000][gc,phases     ] GC(400)   Evacuate Collection Set: 2.5ms
[2024-10-08T10:32:09.608+0000][gc,phases     ] GC(400)   Post Evacuate Collection Set: 0.3ms
[2024-10-08T10:32:09.608+0000][gc,phases     ] GC(400)   Other: 0.2ms
[2024-10-08T10:32:09.608+0000][gc,heap       ] GC(400) Eden regions: 610->0(610)
[2024-10-08T10:32:09.608+0000][gc,heap       ] GC(400) Survivor regions: 4->4(77)
[2024-10-08T10:32:09.608+0000][gc,heap       ] GC(400) Old regions: 20->20
[2024-10-08T10:32:09.608+0000][gc,heap       ] GC(400) Humongous regions: 129->129
[2024-10-08T10:32:09.608+0000][gc,metaspace  ] GC(400) Metaspace: 46155K(49408K)->46155K(49408K) NonClass: 40244K(41984K)->40244K(41984K) Class: 5910K(7424K)->5910K(7424K)
[2024-10-08T10:32:09.608+0000][gc            ] GC(400) Pause Young (Normal) (G1 Evacuation Pause) 760M->150M(1024M) 3.100ms
[2024-10-08T10:32:09.608+0000][gc,cpu        ] GC(400) User=0.01s Sys=0.01s Real=0.00s
[2024-10-08T12:39:02.157+0000][gc,start      ] GC(401) Pause Young (Normal) (G1 Evacuation Pause)
[2024-10-08T12:39:02.157+0000][gc,task       ] GC(401) Using 4 workers of 4 for evacuation
[2024-10-08T12:39:02.161+0000][gc,phases     ] GC(401)   Pre Evacuate Collection Set: 0.0ms
[2024-10-08T12:39:02.161+0000][gc,phases     ] GC(401)   Evacuate Collection Set: 3.2ms
[2024-10-08T12:39:02.161+0000][gc,phases     ] GC(401)   Post Evacuate Collection Set: 0.4ms
[2024-10-08T12:39:02.161+0000][gc,phases     ] GC(401)   Other: 0.3ms
[2024-10-08T12:39:02.161+0000][gc,heap       ] GC(401) Eden regions: 610->0(611)
[2024-10-08T12:39:02.161+0000][gc,heap       ] GC(401) Survivor regions: 4->3(77)
[2024-10-08T12:39:02.161+0000][gc,heap       ] GC(401) Old regions: 20->20
[2024-10-08T12:39:02.161+0000][gc,heap       ] GC(401) Humongous regions: 129->129
[2024-10-08T12:39:02.161+0000][gc,metaspace  ] GC(401) Metaspace: 46155K(49408K)->46155K(49408K) NonClass: 40244K(41984K)->40244K(41984K) Class: 5910K(7424K)->5910K(7424K)
[2024-10-08T12:39:02.161+0000][gc            ] GC(401) Pause Young (Normal) (G1 Evacuation Pause) 760M->149M(1024M) 4.010ms
[2024-10-08T12:39:02.161+0000][gc,cpu        ] GC(401) User=0.01s Sys=0.01s Real=0.01s
[2024-10-08T14:46:07.731+0000][gc,start      ] GC(402) Pause Young (Normal) (G1 Evacuation Pause)
[2024-10-08T14:46:07.731+0000][gc,task       ] GC(402) Using 4 workers of 4 for evacuation
[2024-10-08T14:46:07.733+0000][gc,phases     ] GC(402)   Pre Evacuate Collection Set: 0.0ms
[2024-10-08T14:46:07.733+0000][gc,phases     ] GC(402)   Evacuate Collection Set: 2.0ms
[2024-10-08T14:46:07.733+0000][gc,phases     ] GC(402)   Post Evacuate Collection Set: 0.4ms
[2024-10-08T14:46:07.733+0000][gc,phases     ] GC(402)   Other: 0.2ms
[2024-10-08T14:46:07.733+0000][gc,heap       ] GC(402) Eden regions: 611->0(611)
[2024-10-08T14:46:07.733+0000][gc,heap       ] GC(402) Survivor regions: 3->3(77)
[2024-10-08T14:46:07.733+0000][gc,heap       ] GC(402) Old regions: 20->20
[2024-10-08T14:46:07.733+0000][gc,heap       ] GC(402) Humongous regions: 129->129
[2024-10-08T14:46:07.733+0000][gc,metaspace  ] GC(402) Metaspace: 46155K(49408K)->46155K(49408K) NonClass: 40244K(41984K)->40244K(41984K) Class: 5910K(7424K)->5910K(7424K)
[2024-10-08T14:46:07.733+0000][gc            ] GC(402) Pause Young (Normal) (G1 Evacuation Pause) 760M->149M(1024M) 2.648ms
[2024-10-08T14:46:07.733+0000][gc,cpu        ] GC(402) User=0.01s Sys=0.00s Real=0.00s
[2024-10-08T16:53:14.011+0000][gc,start      ] GC(403) Pause Young (Normal) (G1 Evacuation Pause)
[2024-10-08T16:53:14.011+0000][gc,task       ] GC(403) Using 4 workers of 4 for evacuation
[2024-10-08T16:53:14.015+0000][gc,phases     ] GC(403)   Pre Evacuate Collection Set: 0.0ms
[2024-10-08T16:53:14.015+0000][gc,phases     ] GC(403)   Evacuate Collection Set: 3.5ms
[2024-10-08T16:53:14.015+0000][gc,phases     ] GC(403)   Post Evacuate Collection Set: 0.5ms
[2024-10-08T16:53:14.015+0000][gc,phases     ] GC(403)   Other: 0.2ms
[2024-10-08T16:53:14.015+0000][gc,heap       ] GC(403) Eden regions: 611->0(611)
[2024-10-08T16:53:14.015+0000][gc,heap       ] GC(403) Survivor regions: 3->3(77)
[2024-10-08T16:53:14.015+0000][gc,heap       ] GC(403) Old regions: 20->20
[2024-10-08T16:53:14.015+0000][gc,heap       ] GC(403) Humongous regions: 129->129
[2024-10-08T16:53:14.015+0000][gc,metaspace  ] GC(403) Metaspace: 46155K(49408K)->46155K(49408K) NonClass: 40244K(41984K)->40244K(41984K) Class: 5910K(7424K)->5910K(7424K)
[2024-10-08T16:53:14.015+0000][gc            ] GC(403) Pause Young (Normal) (G1 Evacuation Pause) 760M->149M(1024M) 4.348ms
[2024-10-08T16:53:14.015+0000][gc,cpu        ] GC(403) User=0.01s Sys=0.00s Real=0.00s
[2024-10-08T19:00:07.427+0000][gc,start      ] GC(404) Pause Young (Normal) (G1 Evacuation Pause)
[2024-10-08T19:00:07.427+0000][gc,task       ] GC(404) Using 4 workers of 4 for evacuation
[2024-10-08T19:00:07.430+0000][gc,phases     ] GC(404)   Pre Evacuate Collection Set: 0.0ms
[2024-10-08T19:00:07.430+0000][gc,phases     ] GC(404)   Evacuate Collection Set: 2.7ms
[2024-10-08T19:00:07.430+0000][gc,phases     ] GC(404)   Post Evacuate Collection Set: 0.4ms
[2024-10-08T19:00:07.430+0000][gc,phases     ] GC(404)   Other: 0.2ms
[2024-10-08T19:00:07.430+0000][gc,heap       ] GC(404) Eden regions: 611->0(611)
[2024-10-08T19:00:07.430+0000][gc,heap       ] GC(404) Survivor regions: 3->3(77)
[2024-10-08T19:00:07.430+0000][gc,heap       ] GC(404) Old regions: 20->20
[2024-10-08T19:00:07.430+0000][gc,heap       ] GC(404) Humongous regions: 129->129
[2024-10-08T19:00:07.430+0000][gc,metaspace  ] GC(404) Metaspace: 46166K(49408K)->46166K(49408K) NonClass: 40255K(41984K)->40255K(41984K) Class: 5910K(7424K)->5910K(7424K)
[2024-10-08T19:00:07.430+0000][gc            ] GC(404) Pause Young (Normal) (G1 Evacuation Pause) 760M->150M(1024M) 3.393ms
[2024-10-08T19:00:07.430+0000][gc,cpu        ] GC(404) User=0.01s Sys=0.00s Real=0.01s
[2024-10-08T21:06:59.011+0000][gc,start      ] GC(405) Pause Young (Normal) (G1 Evacuation Pause)
[2024-10-08T21:06:59.011+0000][gc,task       ] GC(405) Using 4 workers of 4 for evacuation
[2024-10-08T21:06:59.014+0000][gc,phases     ] GC(405)   Pre Evacuate Collection Set: 0.0ms
[2024-10-08T21:06:59.014+0000][gc,phases     ] GC(405)   Evacuate Collection Set: 3.0ms
[2024-10-08T21:06:59.014+0000][gc,phases     ] GC(405)   Post Evacuate Collection Set: 0.4ms
[2024-10-08T21:06:59.014+0000][gc,phases     ] GC(405)   Other: 0.2ms
[2024-10-08T21:06:59.014+0000][gc,heap       ] GC(405) Eden regions: 611->0(611)
[2024-10-08T21:06:59.014+0000][gc,heap       ] GC(405) Survivor regions: 3->3(77)
[2024-10-08T21:06:59.014+0000][gc,heap       ] GC(405) Old regions: 20->20
[2024-10-08T21:06:59.014+0000][gc,heap       ] GC(405) Humongous regions: 129->129
[2024-10-08T21:06:59.014+0000][gc,metaspace  ] GC(405) Metaspace: 46166K(49408K)->46166K(49408K) NonClass: 40255K(41984K)->40255K(41984K) Class: 5910K(7424K)->5910K(7424K)
[2024-10-08T21:06:59.014+0000][gc            ] GC(405) Pause Young (Normal) (G1 Evacuation Pause) 761M->150M(1024M) 3.714ms
[2024-10-08T21:06:59.014+0000][gc,cpu        ] GC(405) User=0.01s Sys=0.00s Real=0.00s
[2024-10-08T23:14:01.393+0000][gc,start      ] GC(406) Pause Young (Normal) (G1 Evacuation Pause)
[2024-10-08T23:14:01.393+0000][gc,task       ] GC(406) Using 4 workers of 4 for evacuation
[2024-10-08T23:14:01.397+0000][gc,phases     ] GC(406)   Pre Evacuate Collection Set: 0.0ms
[2024-10-08T23:14:01.397+0000][gc,phases     ] GC(406)   Evacuate Collection Set: 3.4ms
[2024-10-08T23:14:01.397+0000][gc,phases     ] GC(406)   Post Evacuate Collection Set: 0.5ms
[2024-10-08T23:14:01.397+0000][gc,phases     ] GC(406)   Other: 0.2ms
[2024-10-08T23:14:01.397+0000][gc,heap       ] GC(406) Eden regions: 611->0(610)
[2024-10-08T23:14:01.397+0000][gc,heap       ] GC(406) Survivor regions: 3->4(77)
[2024-10-08T23:14:01.397+0000][gc,heap       ] GC(406) Old regions: 20->20
[2024-10-08T23:14:01.397+0000][gc,heap       ] GC(406) Humongous regions: 129->129
[2024-10-08T23:14:01.397+0000][gc,metaspace  ] GC(406) Metaspace: 46166K(49408K)->46166K(49408K) NonClass: 40255K(41984K)->40255K(41984K) Class: 5910K(7424K)->5910K(7424K)
[2024-10-08T23:14:01.397+0000][gc            ] GC(406) Pause Young (Normal) (G1 Evacuation Pause) 761M->150M(1024M) 4.174ms
[2024-10-08T23:14:01.397+0000][gc,cpu        ] GC(406) User=0.02s Sys=0.01s Real=0.00s
[2024-10-09T01:20:59.330+0000][gc,start      ] GC(407) Pause Young (Normal) (G1 Evacuation Pause)
[2024-10-09T01:20:59.330+0000][gc,task       ] GC(407) Using 4 workers of 4 for evacuation
[2024-10-09T01:20:59.334+0000][gc,phases     ] GC(407)   Pre Evacuate Collection Set: 0.0ms
[2024-10-09T01:20:59.334+0000][gc,phases     ] GC(407)   Evacuate Collection Set: 3.2ms
[2024-10-09T01:20:59.334+0000][gc,phases     ] GC(407)   Post Evacuate Collection Set: 0.4ms
[2024-10-09T01:20:59.334+0000][gc,phases     ] GC(407)   Other: 0.2ms
[2024-10-09T01:20:59.334+0000][gc,heap       ] GC(407) Eden regions: 610->0(610)
[2024-10-09T01:20:59.334+0000][gc,heap       ] GC(407) Survivor regions: 4->4(77)
[2024-10-09T01:20:59.334+0000][gc,heap       ] GC(407) Old regions: 20->20
[2024-10-09T01:20:59.334+0000][gc,heap       ] GC(407) Humongous regions: 178->129
[2024-10-09T01:20:59.334+0000][gc,metaspace  ] GC(407) Metaspace: 46166K(49408K)->46166K(49408K) NonClass: 40255K(41984K)->40255K(41984K) Class: 5910K(7424K)->5910K(7424K)
[2024-10-09T01:20:59.334+0000][gc            ] GC(407) Pause Young (Normal) (G1 Evacuation Pause) 809M->150M(1024M) 3.828ms
[2024-10-09T01:20:59.334+0000][gc,cpu        ] GC(407) User=0.02s Sys=0.00s Real=0.00s
[2024-10-09T03:27:40.809+0000][gc,start      ] GC(408) Pause Young (Normal) (G1 Evacuation Pause)
[2024-10-09T03:27:40.809+0000][gc,task       ] GC(408) Using 4 workers of 4 for evacuation
[2024-10-09T03:27:40.812+0000][gc,phases     ] GC(408)   Pre Evacuate Collection Set: 0.0ms
[2024-10-09T03:27:40.812+0000][gc,phases     ] GC(408)   Evacuate Collection Set: 2.5ms
[2024-10-09T03:27:40.812+0000][gc,phases     ] GC(408)   Post Evacuate Collection Set: 0.3ms
[2024-10-09T03:27:40.812+0000][gc,phases     ] GC(408)   Other: 0.2ms
[2024-10-09T03:27:40.812+0000][gc,heap       ] GC(408) Eden regions: 610->0(610)
[2024-10-09T03:27:40.812+0000][gc,heap       ] GC(408) Survivor regions: 4->4(77)
[2024-10-09T03:27:40.812+0000][gc,heap       ] GC(408) Old regions: 20->20
[2024-10-09T03:27:40.812+0000][gc,heap       ] GC(408) Humongous regions: 129->129
[2024-10-09T03:27:40.812+0000][gc,metaspace  ] GC(408) Metaspace: 46166K(49408K)->46166K(49408K) NonClass: 40255K(41984K)->40255K(41984K) Class: 5910K(7424K)->5910K(7424K)
[2024-10-09T03:27:40.812+0000][gc            ] GC(408) Pause Young (Normal) (G1 Evacuation Pause) 760M->150M(1024M) 3.164ms
[2024-10-09T03:27:40.812+0000][gc,cpu        ] GC(408) User=0.01s Sys=0.00s Real=0.01s
[2024-10-09T05:34:27.069+0000][gc,start      ] GC(409) Pause Young (Normal) (G1 Evacuation Pause)
[2024-10-09T05:34:27.069+0000][gc,task       ] GC(409) Using 4 workers of 4 for evacuation
[2024-10-09T05:34:27.072+0000][gc,phases     ] GC(409)   Pre Evacuate Collection Set: 0.0ms
[2024-10-09T05:34:27.072+0000][gc,phases     ] GC(409)   Evacuate Collection Set: 2.6ms
[2024-10-09T05:34:27.072+0000][gc,phases     ] GC(409)   Post Evacuate Collection Set: 0.3ms
[2024-10-09T05:34:27.072+0000][gc,phases     ] GC(409)   Other: 0.2ms
[2024-10-09T05:34:27.072+0000][gc,heap       ] GC(409) Eden regions: 610->0(610)
[2024-10-09T05:34:27.072+0000][gc,heap       ] GC(409) Survivor regions: 4->4(77)
[2024-10-09T05:34:27.072+0000][gc,heap       ] GC(409) Old regions: 20->20
[2024-10-09T05:34:27.072+0000][gc,heap       ] GC(409) Humongous regions: 129->129
[2024-10-09T05:34:27.072+0000][gc,metaspace  ] GC(409) Metaspace: 46170K(49408K)->46170K(49408K) NonClass: 40259K(41984K)->40259K(41984K) Class: 5910K(7424K)->5910K(7424K)
[2024-10-09T05:34:27.072+0000][gc            ] GC(409) Pause Young (Normal) (G1 Evacuation Pause) 760M->150M(1024M) 3.109ms
[2024-10-09T05:34:27.072+0000][gc,cpu        ] GC(409) User=0.01s Sys=0.00s Real=0.01s
[2024-10-09T07:41:14.978+0000][gc,start      ] GC(410) Pause Young (Normal) (G1 Evacuation Pause)
[2024-10-09T07:41:14.978+0000][gc,task       ] GC(410) Using 4 workers of 4 for evacuation
[2024-10-09T07:41:14.982+0000][gc,phases     ] GC(410)   Pre Evacuate Collection Set: 0.0ms
[2024-10-09T07:41:14.982+0000][gc,phases     ] GC(410)   Evacuate Collection Set: 2.6ms
[2024-10-09T07:41:14.982+0000][gc,phases     ] GC(410)   Post Evacuate Collection Set: 0.8ms
[2024-10-09T07:41:14.982+0000][gc,phases     ] GC(410)   Other: 0.2ms
[2024-10-09T07:41:14.982+0000][gc,heap       ] GC(410) Eden regions: 610->0(611)
[2024-10-09T07:41:14.982+0000][gc,heap       ] GC(410) Survivor regions: 4->3(77)
[2024-10-09T07:41:14.982+0000][gc,heap       ] GC(410) Old regions: 20->20
[2024-10-09T07:41:14.982+0000][gc,heap       ] GC(410) Humongous regions: 129->129
[2024-10-09T07:41:14.982+0000][gc,metaspace  ] GC(410) Metaspace: 46170K(49408K)->46170K(49408K) NonClass: 40259K(41984K)->40259K(41984K) Class: 5910K(7424K)->5910K(7424K)
[2024-10-09T07:41:14.982+0000][gc            ] GC(410) Pause Young (Normal) (G1 Evacuation Pause) 760M->149M(1024M) 3.636ms
[2024-10-09T07:41:14.982+0000][gc,cpu        ] GC(410) User=0.00s Sys=0.00s Real=0.00s
[2024-10-09T09:48:11.376+0000][gc,start      ] GC(411) Pause Young (Normal) (G1 Evacuation Pause)
[2024-10-09T09:48:11.376+0000][gc,task       ] GC(411) Using 4 workers of 4 for evacuation
[2024-10-09T09:48:11.379+0000][gc,phases     ] GC(411)   Pre Evacuate Collection Set: 0.0ms
[2024-10-09T09:48:11.379+0000][gc,phases     ] GC(411)   Evacuate Collection Set: 2.1ms
[2024-10-09T09:48:11.379+0000][gc,phases     ] GC(411)   Post Evacuate Collection Set: 0.4ms
[2024-10-09T09:48:11.379+0000][gc,phases     ] GC(411)   Other: 0.2ms
[2024-10-09T09:48:11.379+0000][gc,heap       ] GC(411) Eden regions: 611->0(611)
[2024-10-09T09:48:11.379+0000][gc,heap       ] GC(411) Survivor regions: 3->3(77)
[2024-10-09T09:48:11.379+0000][gc,heap       ] GC(411) Old regions: 20->20
[2024-10-09T09:48:11.379+0000][gc,heap       ] GC(411) Humongous regions: 129->129
[2024-10-09T09:48:11.379+0000][gc,metaspace  ] GC(411) Metaspace: 46170K(49408K)->46170K(49408K) NonClass: 40259K(41984K)->40259K(41984K) Class: 5910K(7424K)->5910K(7424K)
[2024-10-09T09:48:11.379+0000][gc            ] GC(411) Pause Young (Normal) (G1 Evacuation Pause) 760M->149M(1024M) 2.739ms
[2024-10-09T09:48:11.379+0000][gc,cpu        ] GC(411) User=0.01s Sys=0.00s Real=0.01s
[2024-10-09T11:55:19.011+0000][gc,start      ] GC(412) Pause Young (Normal) (G1 Evacuation Pause)
[2024-10-09T11:55:19.011+0000][gc,task       ] GC(412) Using 4 workers of 4 for evacuation
[2024-10-09T11:55:19.014+0000][gc,phases     ] GC(412)   Pre Evacuate Collection Set: 0.0ms
[2024-10-09T11:55:19.014+0000][gc,phases     ] GC(412)   Evacuate Collection Set: 2.8ms
[2024-10-09T11:55:19.014+0000][gc,phases     ] GC(412)   Post Evacuate Collection Set: 0.4ms
[2024-10-09T11:55:19.014+0000][gc,phases     ] GC(412)   Other: 0.2ms
[2024-10-09T11:55:19.014+0000][gc,heap       ] GC(412) Eden regions: 611->0(611)
[2024-10-09T11:55:19.014+0000][gc,heap       ] GC(412) Survivor regions: 3->3(77)
[2024-10-09T11:55:19.014+0000][gc,heap       ] GC(412) Old regions: 20->20
[2024-10-09T11:55:19.014+0000][gc,heap       ] GC(412) Humongous regions: 129->129
[2024-10-09T11:55:19.014+0000][gc,metaspace  ] GC(412) Metaspace: 46170K(49408K)->46170K(49408K) NonClass: 40259K(41984K)->40259K(41984K) Class: 5910K(7424K)->5910K(7424K)
[2024-10-09T11:55:19.014+0000][gc            ] GC(412) Pause Young (Normal) (G1 Evacuation Pause) 760M->149M(1024M) 3.438ms
[2024-10-09T11:55:19.014+0000][gc,cpu        ] GC(412) User=0.01s Sys=0.00s Real=0.00s
[2024-10-09T14:02:22.012+0000][gc,start      ] GC(413) Pause Young (Normal) (G1 Evacuation Pause)
[2024-10-09T14:02:22.012+0000][gc,task       ] GC(413) Using 4 workers of 4 for evacuation
[2024-10-09T14:02:22.017+0000][gc,phases     ] GC(413)   Pre Evacuate Collection Set: 0.0ms
[2024-10-09T14:02:22.017+0000][gc,phases     ] GC(413)   Evacuate Collection Set: 4.1ms
[2024-10-09T14:02:22.017+0000][gc,phases     ] GC(413)   Post Evacuate Collection Set: 0.5ms
[2024-10-09T14:02:22.017+0000][gc,phases     ] GC(413)   Other: 0.2ms
[2024-10-09T14:02:22.017+0000][gc,heap       ] GC(413) Eden regions: 611->0(611)
[2024-10-09T14:02:22.017+0000][gc,heap       ] GC(413) Survivor regions: 3->3(77)
[2024-10-09T14:02:22.017+0000][gc,heap       ] GC(413) Old regions: 20->20
[2024-10-09T14:02:22.017+0000][gc,heap       ] GC(413) Humongous regions: 129->129
[2024-10-09T14:02:22.017+0000][gc,metaspace  ] GC(413) Metaspace: 46170K(49408K)->46170K(49408K) NonClass: 40259K(41984K)->40259K(41984K) Class: 5910K(7424K)->5910K(7424K)
[2024-10-09T14:02:22.017+0000][gc            ] GC(413) Pause Young (Normal) (G1 Evacuation Pause) 760M->149M(1024M) 4.844ms
[2024-10-09T14:02:22.017+0000][gc,cpu        ] GC(413) User=0.01s Sys=0.00s Real=0.00s
[2024-10-09T16:09:27.070+0000][gc,start      ] GC(414) Pause Young (Normal) (G1 Evacuation Pause)
[2024-10-09T16:09:27.070+0000][gc,task       ] GC(414) Using 4 workers of 4 for evacuation
[2024-10-09T16:09:27.073+0000][gc,phases     ] GC(414)   Pre Evacuate Collection Set: 0.0ms
[2024-10-09T16:09:27.073+0000][gc,phases     ] GC(414)   Evacuate Collection Set: 2.3ms
[2024-10-09T16:09:27.073+0000][gc,phases     ] GC(414)   Post Evacuate Collection Set: 0.3ms
[2024-10-09T16:09:27.073+0000][gc,phases     ] GC(414)   Other: 0.2ms
[2024-10-09T16:09:27.073+0000][gc,heap       ] GC(414) Eden regions: 611->0(610)
[2024-10-09T16:09:27.073+0000][gc,heap       ] GC(414) Survivor regions: 3->4(77)
[2024-10-09T16:09:27.073+0000][gc,heap       ] GC(414) Old regions: 20->20
[2024-10-09T16:09:27.073+0000][gc,heap       ] GC(414) Humongous regions: 178->129
[2024-10-09T16:09:27.073+0000][gc,metaspace  ] GC(414) Metaspace: 46170K(49408K)->46170K(49408K) NonClass: 40259K(41984K)->40259K(41984K) Class: 5910K(7424K)->5910K(7424K)
[2024-10-09T16:09:27.073+0000][gc            ] GC(414) Pause Young (Normal) (G1 Evacuation Pause) 809M->150M(1024M) 2.856ms
[2024-10-09T16:09:27.073+0000][gc,cpu        ] GC(414) User=0.01s Sys=0.01s Real=0.00s
[2024-10-09T18:16:24.664+0000][gc,start      ] GC(415) Pause Young (Normal) (G1 Evacuation Pause)
[2024-10-09T18:16:24.664+0000][gc,task       ] GC(415) Using 4 workers of 4 for evacuation
[2024-10-09T18:16:24.667+0000][gc,phases     ] GC(415)   Pre Evacuate Collection Set: 0.0ms
[2024-10-09T18:16:24.668+0000][gc,phases     ] GC(415)   Evacuate Collection Set: 3.0ms
[2024-10-09T18:16:24.668+0000][gc,phases     ] GC(415)   Post Evacuate Collection Set: 0.4ms
[2024-10-09T18:16:24.668+0000][gc,phases     ] GC(415)   Other: 0.2ms
[2024-10-09T18:16:24.668+0000][gc,heap       ] GC(415) Eden regions: 610->0(610)
[2024-10-09T18:16:24.668+0000][gc,heap       ] GC(415) Survivor regions: 4->4(77)
[2024-10-09T18:16:24.668+0000][gc,heap       ] GC(415) Old regions: 20->20
[2024-10-09T18:16:24.668+0000][gc,heap       ] GC(415) Humongous regions: 129->129
[2024-10-09T18:16:24.668+0000][gc,metaspace  ] GC(415) Metaspace: 46170K(49408K)->46170K(49408K) NonClass: 40259K(41984K)->40259K(41984K) Class: 5910K(7424K)->5910K(7424K)
[2024-10-09T18:16:24.668+0000][gc            ] GC(415) Pause Young (Normal) (G1 Evacuation Pause) 760M->150M(1024M) 3.729ms
[2024-10-09T18:16:24.668+0000][gc,cpu        ] GC(415) User=0.02s Sys=0.00s Real=0.00s
[2024-10-09T20:23:15.293+0000][gc,start      ] GC(416) Pause Young (Normal) (G1 Evacuation Pause)
[2024-10-09T20:23:15.293+0000][gc,task       ] GC(416) Using 4 workers of 4 for evacuation
[2024-10-09T20:23:15.297+0000][gc,phases     ] GC(416)   Pre Evacuate Collection Set: 0.0ms
[2024-10-09T20:23:15.297+0000][gc,phases     ] GC(416)   Evacuate Collection Set: 3.0ms
[2024-10-09T20:23:15.297+0000][gc,phases     ] GC(416)   Post Evacuate Collection Set: 0.4ms
[2024-10-09T20:23:15.297+0000][gc,phases     ] GC(416)   Other: 0.2ms
[2024-10-09T20:23:15.297+0000][gc,heap       ] GC(416) Eden regions: 610->0(610)
[2024-10-09T20:23:15.297+0000][gc,heap       ] GC(416) Survivor regions: 4->4(77)
[2024-10-09T20:23:15.297+0000][gc,heap       ] GC(416) Old regions: 20->20
[2024-10-09T20:23:15.297+0000][gc,heap       ] GC(416) Humongous regions: 129->129
[2024-10-09T20:23:15.297+0000][gc,metaspace  ] GC(416) Metaspace: 46170K(49408K)->46170K(49408K) NonClass: 40259K(41984K)->40259K(41984K) Class: 5910K(7424K)->5910K(7424K)
[2024-10-09T20:23:15.297+0000][gc            ] GC(416) Pause Young (Normal) (G1 Evacuation Pause) 760M->150M(1024M) 3.622ms
[2024-10-09T20:23:15.297+0000][gc,cpu        ] GC(416) User=0.00s Sys=0.01s Real=0.00s
[2024-10-09T22:29:37.182+0000][gc,start      ] GC(417) Pause Young (Normal) (G1 Evacuation Pause)
[2024-10-09T22:29:37.182+0000][gc,task       ] GC(417) Using 4 workers of 4 for evacuation
[2024-10-09T22:29:37.186+0000][gc,phases     ] GC(417)   Pre Evacuate Collection Set: 0.0ms
[2024-10-09T22:29:37.186+0000][gc,phases     ] GC(417)   Evacuate Collection Set: 2.9ms
[2024-10-09T22:29:37.186+0000][gc,phases     ] GC(417)   Post Evacuate Collection Set: 0.4ms
[2024-10-09T22:29:37.186+0000][gc,phases     ] GC(417)   Other: 0.2ms
[2024-10-09T22:29:37.186+0000][gc,heap       ] GC(417) Eden regions: 610->0(610)
[2024-10-09T22:29:37.186+0000][gc,heap       ] GC(417) Survivor regions: 4->4(77)
[2024-10-09T22:29:37.186+0000][gc,heap       ] GC(417) Old regions: 20->20
[2024-10-09T22:29:37.186+0000][gc,heap       ] GC(417) Humongous regions: 129->129
[2024-10-09T22:29:37.186+0000][gc,metaspace  ] GC(417) Metaspace: 46171K(49408K)->46171K(49408K) NonClass: 40260K(41984K)->40260K(41984K) Class: 5910K(7424K)->5910K(7424K)
[2024-10-09T22:29:37.186+0000][gc            ] GC(417) Pause Young (Normal) (G1 Evacuation Pause) 760M->150M(1024M) 3.560ms
[2024-10-09T22:29:37.186+0000][gc,cpu        ] GC(417) User=0.02s Sys=0.00s Real=0.00s
[2024-10-10T00:36:11.444+0000][gc,start      ] GC(418) Pause Young (Normal) (G1 Evacuation Pause)
[2024-10-10T00:36:11.444+0000][gc,task       ] GC(418) Using 4 workers of 4 for evacuation
[2024-10-10T00:36:11.448+0000][gc,phases     ] GC(418)   Pre Evacuate Collection Set: 0.0ms
[2024-10-10T00:36:11.448+0000][gc,phases     ] GC(418)   Evacuate Collection Set: 3.2ms
[2024-10-10T00:36:11.448+0000][gc,phases     ] GC(418)   Post Evacuate Collection Set: 0.3ms
[2024-10-10T00:36:11.448+0000][gc,phases     ] GC(418)   Other: 0.2ms
[2024-10-10T00:36:11.448+0000][gc,heap       ] GC(418) Eden regions: 610->0(610)
[2024-10-10T00:36:11.448+0000][gc,heap       ] GC(418) Survivor regions: 4->4(77)
[2024-10-10T00:36:11.448+0000][gc,heap       ] GC(418) Old regions: 20->20
[2024-10-10T00:36:11.448+0000][gc,heap       ] GC(418) Humongous regions: 129->129
[2024-10-10T00:36:11.448+0000][gc,metaspace  ] GC(418) Metaspace: 46171K(49408K)->46171K(49408K) NonClass: 40260K(41984K)->40260K(41984K) Class: 5910K(7424K)->5910K(7424K)
[2024-10-10T00:36:11.448+0000][gc            ] GC(418) Pause Young (Normal) (G1 Evacuation Pause) 760M->150M(1024M) 3.732ms
[2024-10-10T00:36:11.448+0000][gc,cpu        ] GC(418) User=0.01s Sys=0.00s Real=0.00s
[2024-10-10T02:43:03.187+0000][gc,start      ] GC(419) Pause Young (Normal) (G1 Evacuation Pause)
[2024-10-10T02:43:03.187+0000][gc,task       ] GC(419) Using 4 workers of 4 for evacuation
[2024-10-10T02:43:03.189+0000][gc,phases     ] GC(419)   Pre Evacuate Collection Set: 0.0ms
[2024-10-10T02:43:03.189+0000][gc,phases     ] GC(419)   Evacuate Collection Set: 1.9ms
[2024-10-10T02:43:03.189+0000][gc,phases     ] GC(419)   Post Evacuate Collection Set: 0.3ms
[2024-10-10T02:43:03.190+0000][gc,phases     ] GC(419)   Other: 0.2ms
[2024-10-10T02:43:03.190+0000][gc,heap       ] GC(419) Eden regions: 610->0(611)
[2024-10-10T02:43:03.190+0000][gc,heap       ] GC(419) Survivor regions: 4->3(77)
[2024-10-10T02:43:03.190+0000][gc,heap       ] GC(419) Old regions: 20->20
[2024-10-10T02:43:03.190+0000][gc,heap       ] GC(419) Humongous regions: 129->129
[2024-10-10T02:43:03.190+0000][gc,metaspace  ] GC(419) Metaspace: 46171K(49408K)->46171K(49408K) NonClass: 40260K(41984K)->40260K(41984K) Class: 5910K(7424K)->5910K(7424K)
[2024-10-10T02:43:03.190+0000][gc            ] GC(419) Pause Young (Normal) (G1 Evacuation Pause) 760M->149M(1024M) 2.523ms
[2024-10-10T02:43:03.190+0000][gc,cpu        ] GC(419) User=0.00s Sys=0.00s Real=0.01s
[2024-10-10T04:50:06.381+0000][gc,start      ] GC(420) Pause Young (Normal) (G1 Evacuation Pause)
[2024-10-10T04:50:06.381+0000][gc,task       ] GC(420) Using 4 workers of 4 for evacuation
[2024-10-10T04:50:06.383+0000][gc,phases     ] GC(420)   Pre Evacuate Collection Set: 0.0ms
[2024-10-10T04:50:06.383+0000][gc,phases     ] GC(420)   Evacuate Collection Set: 2.2ms
[2024-10-10T04:50:06.383+0000][gc,phases     ] GC(420)   Post Evacuate Collection Set: 0.4ms
[2024-10-10T04:50:06.383+0000][gc,phases     ] GC(420)   Other: 0.2ms
[2024-10-10T04:50:06.384+0000][gc,heap       ] GC(420) Eden regions: 611->0(611)
[2024-10-10T04:50:06.384+0000][gc,heap       ] GC(420) Survivor regions: 3->3(77)
[2024-10-10T04:50:06.384+0000][gc,heap       ] GC(420) Old regions: 20->20
[2024-10-10T04:50:06.384+0000][gc,heap       ] GC(420) Humongous regions: 129->129
[2024-10-10T04:50:06.384+0000][gc,metaspace  ] GC(420) Metaspace: 46171K(49408K)->46171K(49408K) NonClass: 40260K(41984K)->40260K(41984K) Class: 5910K(7424K)->5910K(7424K)
[2024-10-10T04:50:06.384+0000][gc            ] GC(420) Pause Young (Normal) (G1 Evacuation Pause) 760M->149M(1024M) 2.972ms
[2024-10-10T04:50:06.384+0000][gc,cpu        ] GC(420) User=0.01s Sys=0.00s Real=0.00s
[2024-10-10T06:57:00.373+0000][gc,start      ] GC(421) Pause Young (Normal) (G1 Evacuation Pause)
[2024-10-10T06:57:00.373+0000][gc,task       ] GC(421) Using 4 workers of 4 for evacuation
[2024-10-10T06:57:00.377+0000][gc,phases     ] GC(421)   Pre Evacuate Collection Set: 0.0ms
[2024-10-10T06:57:00.377+0000][gc,phases     ] GC(421)   Evacuate Collection Set: 3.1ms
[2024-10-10T06:57:00.377+0000][gc,phases     ] GC(421)   Post Evacuate Collection Set: 0.4ms
[2024-10-10T06:57:00.377+0000][gc,phases     ] GC(421)   Other: 0.2ms
[2024-10-10T06:57:00.377+0000][gc,heap       ] GC(421) Eden regions: 611->0(611)
[2024-10-10T06:57:00.377+0000][gc,heap       ] GC(421) Survivor regions: 3->3(77)
[2024-10-10T06:57:00.377+0000][gc,heap       ] GC(421) Old regions: 20->20
[2024-10-10T06:57:00.377+0000][gc,heap       ] GC(421) Humongous regions: 227->129
[2024-10-10T06:57:00.377+0000][gc,metaspace  ] GC(421) Metaspace: 46171K(49408K)->46171K(49408K) NonClass: 40260K(41984K)->40260K(41984K) Class: 5910K(7424K)->5910K(7424K)
[2024-10-10T06:57:00.377+0000][gc            ] GC(421) Pause Young (Normal) (G1 Evacuation Pause) 858M->149M(1024M) 3.741ms
[2024-10-10T06:57:00.377+0000][gc,cpu        ] GC(421) User=0.01s Sys=0.00s Real=0.00s
[2024-10-10T09:04:04.011+0000][gc,start      ] GC(422) Pause Young (Normal) (G1 Evacuation Pause)
[2024-10-10T09:04:04.011+0000][gc,task       ] GC(422) Using 4 workers of 4 for evacuation
[2024-10-10T09:04:04.014+0000][gc,phases     ] GC(422)   Pre Evacuate Collection Set: 0.0ms
[2024-10-10T09:04:04.014+0000][gc,phases     ] GC(422)   Evacuate Collection Set: 2.9ms
[2024-10-10T09:04:04.014+0000][gc,phases     ] GC(422)   Post Evacuate Collection Set: 0.4ms
[2024-10-10T09:04:04.014+0000][gc,phases     ] GC(422)   Other: 0.2ms
[2024-10-10T09:04:04.014+0000][gc,heap       ] GC(422) Eden regions: 611->0(611)
[2024-10-10T09:04:04.014+0000][gc,heap       ] GC(422) Survivor regions: 3->3(77)
[2024-10-10T09:04:04.014+0000][gc,heap       ] GC(422) Old regions: 20->20
[2024-10-10T09:04:04.014+0000][gc,heap       ] GC(422) Humongous regions: 129->129
[2024-10-10T09:04:04.014+0000][gc,metaspace  ] GC(422) Metaspace: 46171K(49408K)->46171K(49408K) NonClass: 40260K(41984K)->40260K(41984K) Class: 5910K(7424K)->5910K(7424K)
[2024-10-10T09:04:04.014+0000][gc            ] GC(422) Pause Young (Normal) (G1 Evacuation Pause) 760M->150M(1024M) 3.647ms
[2024-10-10T09:04:04.014+0000][gc,cpu        ] GC(422) User=0.01s Sys=0.00s Real=0.00s
[2024-10-10T11:10:49.011+0000][gc,start      ] GC(423) Pause Young (Normal) (G1 Evacuation Pause)
[2024-10-10T11:10:49.011+0000][gc,task       ] GC(423) Using 4 workers of 4 for evacuation
[2024-10-10T11:10:49.015+0000][gc,phases     ] GC(423)   Pre Evacuate Collection Set: 0.0ms
[2024-10-10T11:10:49.015+0000][gc,phases     ] GC(423)   Evacuate Collection Set: 3.7ms
[2024-10-10T11:10:49.015+0000][gc,phases     ] GC(423)   Post Evacuate Collection Set: 0.4ms
[2024-10-10T11:10:49.015+0000][gc,phases     ] GC(423)   Other: 0.2ms
[2024-10-10T11:10:49.015+0000][gc,heap       ] GC(423) Eden regions: 611->0(611)
[2024-10-10T11:10:49.015+0000][gc,heap       ] GC(423) Survivor regions: 3->3(77)
[2024-10-10T11:10:49.015+0000][gc,heap       ] GC(423) Old regions: 20->20
[2024-10-10T11:10:49.015+0000][gc,heap       ] GC(423) Humongous regions: 129->129
[2024-10-10T11:10:49.015+0000][gc,metaspace  ] GC(423) Metaspace: 46171K(49408K)->46171K(49408K) NonClass: 40260K(41984K)->40260K(41984K) Class: 5910K(7424K)->5910K(7424K)
[2024-10-10T11:10:49.015+0000][gc            ] GC(423) Pause Young (Normal) (G1 Evacuation Pause) 761M->150M(1024M) 4.376ms
[2024-10-10T11:10:49.015+0000][gc,cpu        ] GC(423) User=0.01s Sys=0.01s Real=0.00s
[2024-10-10T13:18:01.832+0000][gc,start      ] GC(424) Pause Young (Normal) (G1 Evacuation Pause)
[2024-10-10T13:18:01.832+0000][gc,task       ] GC(424) Using 4 workers of 4 for evacuation
[2024-10-10T13:18:01.836+0000][gc,phases     ] GC(424)   Pre Evacuate Collection Set: 0.0ms
[2024-10-10T13:18:01.836+0000][gc,phases     ] GC(424)   Evacuate Collection Set: 3.5ms
[2024-10-10T13:18:01.836+0000][gc,phases     ] GC(424)   Post Evacuate Collection Set: 0.4ms
[2024-10-10T13:18:01.836+0000][gc,phases     ] GC(424)   Other: 0.2ms
[2024-10-10T13:18:01.836+0000][gc,heap       ] GC(424) Eden regions: 611->0(610)
[2024-10-10T13:18:01.836+0000][gc,heap       ] GC(424) Survivor regions: 3->4(77)
[2024-10-10T13:18:01.836+0000][gc,heap       ] GC(424) Old regions: 20->20
[2024-10-10T13:18:01.836+0000][gc,heap       ] GC(424) Humongous regions: 129->129
[2024-10-10T13:18:01.836+0000][gc,metaspace  ] GC(424) Metaspace: 46171K(49408K)->46171K(49408K) NonClass: 40260K(41984K)->40260K(41984K) Class: 5910K(7424K)->5910K(7424K)
[2024-10-10T13:18:01.837+0000][gc            ] GC(424) Pause Young (Normal) (G1 Evacuation Pause) 761M->150M(1024M) 4.227ms
[2024-10-10T13:18:01.837+0000][gc,cpu        ] GC(424) User=0.01s Sys=0.00s Real=0.00s
[2024-10-10T15:24:58.436+0000][gc,start      ] GC(425) Pause Young (Normal) (G1 Evacuation Pause)
[2024-10-10T15:24:58.436+0000][gc,task       ] GC(425) Using 4 workers of 4 for evacuation
[2024-10-10T15:24:58.441+0000][gc,phases     ] GC(425)   Pre Evacuate Collection Set: 0.0ms
[2024-10-10T15:24:58.441+0000][gc,phases     ] GC(425)   Evacuate Collection Set: 3.7ms
[2024-10-10T15:24:58.441+0000][gc,phases     ] GC(425)   Post Evacuate Collection Set: 0.4ms
[2024-10-10T15:24:58.441+0000][gc,phases     ] GC(425)   Other: 0.2ms
[2024-10-10T15:24:58.441+0000][gc,heap       ] GC(425) Eden regions: 610->0(610)
[2024-10-10T15:24:58.441+0000][gc,heap       ] GC(425) Survivor regions: 4->4(77)
[2024-10-10T15:24:58.441+0000][gc,heap       ] GC(425) Old regions: 20->20
[2024-10-10T15:24:58.441+0000][gc,heap       ] GC(425) Humongous regions: 129->129
[2024-10-10T15:24:58.441+0000][gc,metaspace  ] GC(425) Metaspace: 46171K(49408K)->46171K(49408K) NonClass: 40260K(41984K)->40260K(41984K) Class: 5910K(7424K)->5910K(7424K)
[2024-10-10T15:24:58.441+0000][gc            ] GC(425) Pause Young (Normal) (G1 Evacuation Pause) 760M->150M(1024M) 4.386ms
[2024-10-10T15:24:58.441+0000][gc,cpu        ] GC(425) User=0.01s Sys=0.00s Real=0.01s
[2024-10-10T17:31:07.805+0000][gc,start      ] GC(426) Pause Young (Normal) (G1 Evacuation Pause)
[2024-10-10T17:31:07.805+0000][gc,task       ] GC(426) Using 4 workers of 4 for evacuation
[2024-10-10T17:31:07.809+0000][gc,phases     ] GC(426)   Pre Evacuate Collection Set: 0.0ms
[2024-10-10T17:31:07.809+0000][gc,phases     ] GC(426)   Evacuate Collection Set: 3.5ms
[2024-10-10T17:31:07.809+0000][gc,phases     ] GC(426)   Post Evacuate Collection Set: 0.4ms
[2024-10-10T17:31:07.809+0000][gc,phases     ] GC(426)   Other: 0.2ms
[2024-10-10T17:31:07.809+0000][gc,heap       ] GC(426) Eden regions: 610->0(610)
[2024-10-10T17:31:07.809+0000][gc,heap       ] GC(426) Survivor regions: 4->4(77)
[2024-10-10T17:31:07.809+0000][gc,heap       ] GC(426) Old regions: 20->20
[2024-10-10T17:31:07.809+0000][gc,heap       ] GC(426) Humongous regions: 129->129
[2024-10-10T17:31:07.809+0000][gc,metaspace  ] GC(426) Metaspace: 46171K(49408K)->46171K(49408K) NonClass: 40260K(41984K)->40260K(41984K) Class: 5910K(7424K)->5910K(7424K)
[2024-10-10T17:31:07.809+0000][gc            ] GC(426) Pause Young (Normal) (G1 Evacuation Pause) 760M->150M(1024M) 4.295ms
[2024-10-10T17:31:07.809+0000][gc,cpu        ] GC(426) User=0.01s Sys=0.01s Real=0.01s
[2024-10-10T19:37:56.799+0000][gc,start      ] GC(427) Pause Young (Normal) (G1 Evacuation Pause)
[2024-10-10T19:37:56.799+0000][gc,task       ] GC(427) Using 4 workers of 4 for evacuation
[2024-10-10T19:37:56.802+0000][gc,phases     ] GC(427)   Pre Evacuate Collection Set: 0.0ms
[2024-10-10T19:37:56.802+0000][gc,phases     ] GC(427)   Evacuate Collection Set: 2.1ms
[2024-10-10T19:37:56.802+0000][gc,phases     ] GC(427)   Post Evacuate Collection Set: 0.4ms
[2024-10-10T19:37:56.802+0000][gc,phases     ] GC(427)   Other: 0.2ms
[2024-10-10T19:37:56.802+0000][gc,heap       ] GC(427) Eden regions: 610->0(611)
[2024-10-10T19:37:56.802+0000][gc,heap       ] GC(427) Survivor regions: 4->3(77)
[2024-10-10T19:37:56.802+0000][gc,heap       ] GC(427) Old regions: 20->20
[2024-10-10T19:37:56.802+0000][gc,heap       ] GC(427) Humongous regions: 129->129
[2024-10-10T19:37:56.802+0000][gc,metaspace  ] GC(427) Metaspace: 46171K(49408K)->46171K(49408K) NonClass: 40260K(41984K)->40260K(41984K) Class: 5910K(7424K)->5910K(7424K)
[2024-10-10T19:37:56.802+0000][gc            ] GC(427) Pause Young (Normal) (G1 Evacuation Pause) 760M->149M(1024M) 2.687ms
[2024-10-10T19:37:56.802+0000][gc,cpu        ] GC(427) User=0.01s Sys=0.00s Real=0.00s
[2024-10-10T21:45:02.753+0000][gc,start      ] GC(428) Pause Young (Normal) (G1 Evacuation Pause)
[2024-10-10T21:45:02.753+0000][gc,task       ] GC(428) Using 4 workers of 4 for evacuation
[2024-10-10T21:45:02.757+0000][gc,phases     ] GC(428)   Pre Evacuate Collection Set: 0.0ms
[2024-10-10T21:45:02.757+0000][gc,phases     ] GC(428)   Evacuate Collection Set: 3.1ms
[2024-10-10T21:45:02.757+0000][gc,phases     ] GC(428)   Post Evacuate Collection Set: 0.5ms
[2024-10-10T21:45:02.757+0000][gc,phases     ] GC(428)   Other: 0.2ms
[2024-10-10T21:45:02.757+0000][gc,heap       ] GC(428) Eden regions: 611->0(611)
[2024-10-10T21:45:02.757+0000][gc,heap       ] GC(428) Survivor regions: 3->3(77)
[2024-10-10T21:45:02.757+0000][gc,heap       ] GC(428) Old regions: 20->20
[2024-10-10T21:45:02.757+0000][gc,heap       ] GC(428) Humongous regions: 129->129
[2024-10-10T21:45:02.757+0000][gc,metaspace  ] GC(428) Metaspace: 46171K(49408K)->46171K(49408K) NonClass: 40260K(41984K)->40260K(41984K) Class: 5910K(7424K)->5910K(7424K)
[2024-10-10T21:45:02.757+0000][gc            ] GC(428) Pause Young (Normal) (G1 Evacuation Pause) 760M->149M(1024M) 3.850ms
[2024-10-10T21:45:02.757+0000][gc,cpu        ] GC(428) User=0.00s Sys=0.00s Real=0.01s
[2024-10-11T00:00:07.805+0000][gc,start      ] GC(429) Pause Young (Normal) (G1 Evacuation Pause)
[2024-10-11T00:00:07.805+0000][gc,task       ] GC(429) Using 4 workers of 4 for evacuation
[2024-10-11T00:00:07.809+0000][gc,phases     ] GC(429)   Pre Evacuate Collection Set: 0.0ms
[2024-10-11T00:00:07.809+0000][gc,phases     ] GC(429)   Evacuate Collection Set: 3.1ms
[2024-10-11T00:00:07.809+0000][gc,phases     ] GC(429)   Post Evacuate Collection Set: 0.5ms
[2024-10-11T00:00:07.809+0000][gc,phases     ] GC(429)   Other: 0.2ms
[2024-10-11T00:00:07.809+0000][gc,heap       ] GC(429) Eden regions: 611->0(611)
[2024-10-11T00:00:07.809+0000][gc,heap       ] GC(429) Survivor regions: 3->3(77)
[2024-10-11T00:00:07.809+0000][gc,heap       ] GC(429) Old regions: 20->20
[2024-10-11T00:00:07.809+0000][gc,heap       ] GC(429) Humongous regions: 178->129
[2024-10-11T00:00:07.809+0000][gc,metaspace  ] GC(429) Metaspace: 46171K(49408K)->46171K(49408K) NonClass: 40260K(41984K)->40260K(41984K) Class: 5910K(7424K)->5910K(7424K)
[2024-10-11T00:00:07.809+0000][gc            ] GC(429) Pause Young (Normal) (G1 Evacuation Pause) 809M->150M(1024M) 3.786ms
[2024-10-11T00:00:07.809+0000][gc,cpu        ] GC(429) User=0.01s Sys=0.00s Real=0.00s
[2024-10-11T02:16:02.881+0000][gc,start      ] GC(430) Pause Young (Normal) (G1 Evacuation Pause)
[2024-10-11T02:16:02.881+0000][gc,task       ] GC(430) Using 4 workers of 4 for evacuation
[2024-10-11T02:16:02.886+0000][gc,phases     ] GC(430)   Pre Evacuate Collection Set: 0.0ms
[2024-10-11T02:16:02.886+0000][gc,phases     ] GC(430)   Evacuate Collection Set: 3.4ms
[2024-10-11T02:16:02.886+0000][gc,phases     ] GC(430)   Post Evacuate Collection Set: 0.5ms
[2024-10-11T02:16:02.886+0000][gc,phases     ] GC(430)   Other: 0.2ms
[2024-10-11T02:16:02.886+0000][gc,heap       ] GC(430) Eden regions: 611->0(610)
[2024-10-11T02:16:02.886+0000][gc,heap       ] GC(430) Survivor regions: 3->4(77)
[2024-10-11T02:16:02.886+0000][gc,heap       ] GC(430) Old regions: 20->20
[2024-10-11T02:16:02.886+0000][gc,heap       ] GC(430) Humongous regions: 129->129
[2024-10-11T02:16:02.886+0000][gc,metaspace  ] GC(430) Metaspace: 46171K(49408K)->46171K(49408K) NonClass: 40260K(41984K)->40260K(41984K) Class: 5910K(7424K)->5910K(7424K)
[2024-10-11T02:16:02.886+0000][gc            ] GC(430) Pause Young (Normal) (G1 Evacuation Pause) 761M->150M(1024M) 4.204ms
[2024-10-11T02:16:02.886+0000][gc,cpu        ] GC(430) User=0.01s Sys=0.01s Real=0.00s
[2024-10-11T04:31:24.290+0000][gc,start      ] GC(431) Pause Young (Normal) (G1 Evacuation Pause)
[2024-10-11T04:31:24.290+0000][gc,task       ] GC(431) Using 4 workers of 4 for evacuation
[2024-10-11T04:31:24.294+0000][gc,phases     ] GC(431)   Pre Evacuate Collection Set: 0.0ms
[2024-10-11T04:31:24.294+0000][gc,phases     ] GC(431)   Evacuate Collection Set: 2.6ms
[2024-10-11T04:31:24.294+0000][gc,phases     ] GC(431)   Post Evacuate Collection Set: 0.4ms
[2024-10-11T04:31:24.294+0000][gc,phases     ] GC(431)   Other: 0.2ms
[2024-10-11T04:31:24.294+0000][gc,heap       ] GC(431) Eden regions: 610->0(611)
[2024-10-11T04:31:24.294+0000][gc,heap       ] GC(431) Survivor regions: 4->3(77)
[2024-10-11T04:31:24.294+0000][gc,heap       ] GC(431) Old regions: 20->20
[2024-10-11T04:31:24.294+0000][gc,heap       ] GC(431) Humongous regions: 129->129
[2024-10-11T04:31:24.294+0000][gc,metaspace  ] GC(431) Metaspace: 46171K(49408K)->46171K(49408K) NonClass: 40260K(41984K)->40260K(41984K) Class: 5910K(7424K)->5910K(7424K)
[2024-10-11T04:31:24.294+0000][gc            ] GC(431) Pause Young (Normal) (G1 Evacuation Pause) 760M->149M(1024M) 3.260ms
[2024-10-11T04:31:24.294+0000][gc,cpu        ] GC(431) User=0.01s Sys=0.00s Real=0.00s
[2024-10-11T06:47:02.371+0000][gc,start      ] GC(432) Pause Young (Normal) (G1 Evacuation Pause)
[2024-10-11T06:47:02.371+0000][gc,task       ] GC(432) Using 4 workers of 4 for evacuation
[2024-10-11T06:47:02.375+0000][gc,phases     ] GC(432)   Pre Evacuate Collection Set: 0.0ms
[2024-10-11T06:47:02.375+0000][gc,phases     ] GC(432)   Evacuate Collection Set: 2.6ms
[2024-10-11T06:47:02.375+0000][gc,phases     ] GC(432)   Post Evacuate Collection Set: 0.5ms
[2024-10-11T06:47:02.375+0000][gc,phases     ] GC(432)   Other: 0.2ms
[2024-10-11T06:47:02.375+0000][gc,heap       ] GC(432) Eden regions: 611->0(611)
[2024-10-11T06:47:02.375+0000][gc,heap       ] GC(432) Survivor regions: 3->3(77)
[2024-10-11T06:47:02.375+0000][gc,heap       ] GC(432) Old regions: 20->20
[2024-10-11T06:47:02.375+0000][gc,heap       ] GC(432) Humongous regions: 129->129
[2024-10-11T06:47:02.375+0000][gc,metaspace  ] GC(432) Metaspace: 46171K(49408K)->46171K(49408K) NonClass: 40260K(41984K)->40260K(41984K) Class: 5910K(7424K)->5910K(7424K)
[2024-10-11T06:47:02.375+0000][gc            ] GC(432) Pause Young (Normal) (G1 Evacuation Pause) 760M->149M(1024M) 3.356ms
[2024-10-11T06:47:02.375+0000][gc,cpu        ] GC(432) User=0.01s Sys=0.00s Real=0.00s
[2024-10-11T08:54:14.011+0000][gc,start      ] GC(433) Pause Young (Normal) (G1 Evacuation Pause)
[2024-10-11T08:54:14.011+0000][gc,task       ] GC(433) Using 4 workers of 4 for evacuation
[2024-10-11T08:54:14.015+0000][gc,phases     ] GC(433)   Pre Evacuate Collection Set: 0.0ms
[2024-10-11T08:54:14.015+0000][gc,phases     ] GC(433)   Evacuate Collection Set: 3.3ms
[2024-10-11T08:54:14.015+0000][gc,phases     ] GC(433)   Post Evacuate Collection Set: 0.7ms
[2024-10-11T08:54:14.015+0000][gc,phases     ] GC(433)   Other: 0.2ms
[2024-10-11T08:54:14.015+0000][gc,heap       ] GC(433) Eden regions: 611->0(611)
[2024-10-11T08:54:14.015+0000][gc,heap       ] GC(433) Survivor regions: 3->3(77)
[2024-10-11T08:54:14.015+0000][gc,heap       ] GC(433) Old regions: 20->20
[2024-10-11T08:54:14.015+0000][gc,heap       ] GC(433) Humongous regions: 129->129
[2024-10-11T08:54:14.015+0000][gc,metaspace  ] GC(433) Metaspace: 46171K(49408K)->46171K(49408K) NonClass: 40260K(41984K)->40260K(41984K) Class: 5910K(7424K)->5910K(7424K)
[2024-10-11T08:54:14.015+0000][gc            ] GC(433) Pause Young (Normal) (G1 Evacuation Pause) 760M->150M(1024M) 4.196ms
[2024-10-11T08:54:14.015+0000][gc,cpu        ] GC(433) User=0.02s Sys=0.00s Real=0.00s
[2024-10-11T11:01:18.599+0000][gc,start      ] GC(434) Pause Young (Normal) (G1 Evacuation Pause)
[2024-10-11T11:01:18.599+0000][gc,task       ] GC(434) Using 4 workers of 4 for evacuation
[2024-10-11T11:01:18.602+0000][gc,phases     ] GC(434)   Pre Evacuate Collection Set: 0.0ms
[2024-10-11T11:01:18.602+0000][gc,phases     ] GC(434)   Evacuate Collection Set: 2.3ms
[2024-10-11T11:01:18.602+0000][gc,phases     ] GC(434)   Post Evacuate Collection Set: 0.4ms
[2024-10-11T11:01:18.602+0000][gc,phases     ] GC(434)   Other: 0.2ms
[2024-10-11T11:01:18.602+0000][gc,heap       ] GC(434) Eden regions: 611->0(610)
[2024-10-11T11:01:18.602+0000][gc,heap       ] GC(434) Survivor regions: 3->4(77)
[2024-10-11T11:01:18.602+0000][gc,heap       ] GC(434) Old regions: 20->20
[2024-10-11T11:01:18.602+0000][gc,heap       ] GC(434) Humongous regions: 178->129
[2024-10-11T11:01:18.602+0000][gc,metaspace  ] GC(434) Metaspace: 46171K(49408K)->46171K(49408K) NonClass: 40260K(41984K)->40260K(41984K) Class: 5910K(7424K)->5910K(7424K)
[2024-10-11T11:01:18.602+0000][gc            ] GC(434) Pause Young (Normal) (G1 Evacuation Pause) 810M->150M(1024M) 2.929ms
[2024-10-11T11:01:18.602+0000][gc,cpu        ] GC(434) User=0.01s Sys=0.00s Real=0.00s
[2024-10-11T13:07:24.011+0000][gc,start      ] GC(435) Pause Young (Normal) (G1 Evacuation Pause)
[2024-10-11T13:07:24.011+0000][gc,task       ] GC(435) Using 4 workers of 4 for evacuation
[2024-10-11T13:07:24.015+0000][gc,phases     ] GC(435)   Pre Evacuate Collection Set: 0.0ms
[2024-10-11T13:07:24.015+0000][gc,phases     ] GC(435)   Evacuate Collection Set: 3.7ms
[2024-10-11T13:07:24.015+0000][gc,phases     ] GC(435)   Post Evacuate Collection Set: 0.5ms
[2024-10-11T13:07:24.015+0000][gc,phases     ] GC(435)   Other: 0.2ms
[2024-10-11T13:07:24.015+0000][gc,heap       ] GC(435) Eden regions: 610->0(610)
[2024-10-11T13:07:24.015+0000][gc,heap       ] GC(435) Survivor regions: 4->4(77)
[2024-10-11T13:07:24.015+0000][gc,heap       ] GC(435) Old regions: 20->20
[2024-10-11T13:07:24.015+0000][gc,heap       ] GC(435) Humongous regions: 178->129
[2024-10-11T13:07:24.015+0000][gc,metaspace  ] GC(435) Metaspace: 46171K(49408K)->46171K(49408K) NonClass: 40260K(41984K)->40260K(41984K) Class: 5910K(7424K)->5910K(7424K)
[2024-10-11T13:07:24.015+0000][gc            ] GC(435) Pause Young (Normal) (G1 Evacuation Pause) 809M->150M(1024M) 4.471ms
[2024-10-11T13:07:24.015+0000][gc,cpu        ] GC(435) User=0.01s Sys=0.01s Real=0.00s
[2024-10-11T15:13:27.554+0000][gc,start      ] GC(436) Pause Young (Normal) (G1 Evacuation Pause)
[2024-10-11T15:13:27.554+0000][gc,task       ] GC(436) Using 4 workers of 4 for evacuation
[2024-10-11T15:13:27.557+0000][gc,phases     ] GC(436)   Pre Evacuate Collection Set: 0.0ms
[2024-10-11T15:13:27.557+0000][gc,phases     ] GC(436)   Evacuate Collection Set: 2.8ms
[2024-10-11T15:13:27.557+0000][gc,phases     ] GC(436)   Post Evacuate Collection Set: 0.4ms
[2024-10-11T15:13:27.557+0000][gc,phases     ] GC(436)   Other: 0.2ms
[2024-10-11T15:13:27.557+0000][gc,heap       ] GC(436) Eden regions: 610->0(611)
[2024-10-11T15:13:27.557+0000][gc,heap       ] GC(436) Survivor regions: 4->3(77)
[2024-10-11T15:13:27.557+0000][gc,heap       ] GC(436) Old regions: 20->20
[2024-10-11T15:13:27.557+0000][gc,heap       ] GC(436) Humongous regions: 178->129
[2024-10-11T15:13:27.557+0000][gc,metaspace  ] GC(436) Metaspace: 46171K(49408K)->46171K(49408K) NonClass: 40260K(41984K)->40260K(41984K) Class: 5910K(7424K)->5910K(7424K)
[2024-10-11T15:13:27.557+0000][gc            ] GC(436) Pause Young (Normal) (G1 Evacuation Pause) 809M->149M(1024M) 3.504ms
[2024-10-11T15:13:27.557+0000][gc,cpu        ] GC(436) User=0.01s Sys=0.01s Real=0.01s
[2024-10-11T17:19:44.012+0000][gc,start      ] GC(437) Pause Young (Normal) (G1 Evacuation Pause)
[2024-10-11T17:19:44.012+0000][gc,task       ] GC(437) Using 4 workers of 4 for evacuation
[2024-10-11T17:19:44.014+0000][gc,phases     ] GC(437)   Pre Evacuate Collection Set: 0.0ms
[2024-10-11T17:19:44.014+0000][gc,phases     ] GC(437)   Evacuate Collection Set: 2.1ms
[2024-10-11T17:19:44.014+0000][gc,phases     ] GC(437)   Post Evacuate Collection Set: 0.4ms
[2024-10-11T17:19:44.014+0000][gc,phases     ] GC(437)   Other: 0.2ms
[2024-10-11T17:19:44.014+0000][gc,heap       ] GC(437) Eden regions: 611->0(611)
[2024-10-11T17:19:44.014+0000][gc,heap       ] GC(437) Survivor regions: 3->3(77)
[2024-10-11T17:19:44.014+0000][gc,heap       ] GC(437) Old regions: 20->20
[2024-10-11T17:19:44.014+0000][gc,heap       ] GC(437) Humongous regions: 129->129
[2024-10-11T17:19:44.014+0000][gc,metaspace  ] GC(437) Metaspace: 46171K(49408K)->46171K(49408K) NonClass: 40260K(41984K)->40260K(41984K) Class: 5910K(7424K)->5910K(7424K)
[2024-10-11T17:19:44.014+0000][gc            ] GC(437) Pause Young (Normal) (G1 Evacuation Pause) 760M->149M(1024M) 2.779ms
[2024-10-11T17:19:44.014+0000][gc,cpu        ] GC(437) User=0.01s Sys=0.00s Real=0.00s
[2024-10-11T19:26:01.695+0000][gc,start      ] GC(438) Pause Young (Normal) (G1 Evacuation Pause)
[2024-10-11T19:26:01.695+0000][gc,task       ] GC(438) Using 4 workers of 4 for evacuation
[2024-10-11T19:26:01.699+0000][gc,phases     ] GC(438)   Pre Evacuate Collection Set: 0.0ms
[2024-10-11T19:26:01.699+0000][gc,phases     ] GC(438)   Evacuate Collection Set: 2.8ms
[2024-10-11T19:26:01.699+0000][gc,phases     ] GC(438)   Post Evacuate Collection Set: 0.6ms
[2024-10-11T19:26:01.699+0000][gc,phases     ] GC(438)   Other: 0.2ms
[2024-10-11T19:26:01.699+0000][gc,heap       ] GC(438) Eden regions: 611->0(611)
[2024-10-11T19:26:01.699+0000][gc,heap       ] GC(438) Survivor regions: 3->3(77)
[2024-10-11T19:26:01.699+0000][gc,heap       ] GC(438) Old regions: 20->20
[2024-10-11T19:26:01.699+0000][gc,heap       ] GC(438) Humongous regions: 129->129
[2024-10-11T19:26:01.699+0000][gc,metaspace  ] GC(438) Metaspace: 46171K(49408K)->46171K(49408K) NonClass: 40260K(41984K)->40260K(41984K) Class: 5910K(7424K)->5910K(7424K)
[2024-10-11T19:26:01.699+0000][gc            ] GC(438) Pause Young (Normal) (G1 Evacuation Pause) 760M->150M(1024M) 3.731ms
[2024-10-11T19:26:01.699+0000][gc,cpu        ] GC(438) User=0.01s Sys=0.00s Real=0.01s
[2024-10-11T21:31:50.503+0000][gc,start      ] GC(439) Pause Young (Normal) (G1 Evacuation Pause)
[2024-10-11T21:31:50.504+0000][gc,task       ] GC(439) Using 4 workers of 4 for evacuation
[2024-10-11T21:31:50.507+0000][gc,phases     ] GC(439)   Pre Evacuate Collection Set: 0.0ms
[2024-10-11T21:31:50.507+0000][gc,phases     ] GC(439)   Evacuate Collection Set: 2.5ms
[2024-10-11T21:31:50.507+0000][gc,phases     ] GC(439)   Post Evacuate Collection Set: 0.5ms
[2024-10-11T21:31:50.507+0000][gc,phases     ] GC(439)   Other: 0.2ms
[2024-10-11T21:31:50.507+0000][gc,heap       ] GC(439) Eden regions: 611->0(611)
[2024-10-11T21:31:50.507+0000][gc,heap       ] GC(439) Survivor regions: 3->3(77)
[2024-10-11T21:31:50.507+0000][gc,heap       ] GC(439) Old regions: 20->20
[2024-10-11T21:31:50.507+0000][gc,heap       ] GC(439) Humongous regions: 178->129
[2024-10-11T21:31:50.507+0000][gc,metaspace  ] GC(439) Metaspace: 46171K(49408K)->46171K(49408K) NonClass: 40260K(41984K)->40260K(41984K) Class: 5910K(7424K)->5910K(7424K)
[2024-10-11T21:31:50.507+0000][gc            ] GC(439) Pause Young (Normal) (G1 Evacuation Pause) 810M->150M(1024M) 3.269ms
[2024-10-11T21:31:50.507+0000][gc,cpu        ] GC(439) User=0.01s Sys=0.00s Real=0.00s
[2024-10-11T23:38:07.805+0000][gc,start      ] GC(440) Pause Young (Normal) (G1 Evacuation Pause)
[2024-10-11T23:38:07.805+0000][gc,task       ] GC(440) Using 4 workers of 4 for evacuation
[2024-10-11T23:38:07.810+0000][gc,phases     ] GC(440)   Pre Evacuate Collection Set: 0.0ms
[2024-10-11T23:38:07.810+0000][gc,phases     ] GC(440)   Evacuate Collection Set: 4.2ms
[2024-10-11T23:38:07.810+0000][gc,phases     ] GC(440)   Post Evacuate Collection Set: 0.4ms
[2024-10-11T23:38:07.810+0000][gc,phases     ] GC(440)   Other: 0.2ms
[2024-10-11T23:38:07.810+0000][gc,heap       ] GC(440) Eden regions: 611->0(610)
[2024-10-11T23:38:07.810+0000][gc,heap       ] GC(440) Survivor regions: 3->4(77)
[2024-10-11T23:38:07.810+0000][gc,heap       ] GC(440) Old regions: 20->20
[2024-10-11T23:38:07.810+0000][gc,heap       ] GC(440) Humongous regions: 129->129
[2024-10-11T23:38:07.810+0000][gc,metaspace  ] GC(440) Metaspace: 46171K(49408K)->46171K(49408K) NonClass: 40260K(41984K)->40260K(41984K) Class: 5910K(7424K)->5910K(7424K)
[2024-10-11T23:38:07.810+0000][gc            ] GC(440) Pause Young (Normal) (G1 Evacuation Pause) 761M->150M(1024M) 4.928ms
[2024-10-11T23:38:07.810+0000][gc,cpu        ] GC(440) User=0.01s Sys=0.00s Real=0.01s
[2024-10-12T01:44:07.743+0000][gc,start      ] GC(441) Pause Young (Normal) (G1 Evacuation Pause)
[2024-10-12T01:44:07.743+0000][gc,task       ] GC(441) Using 4 workers of 4 for evacuation
[2024-10-12T01:44:07.746+0000][gc,phases     ] GC(441)   Pre Evacuate Collection Set: 0.0ms
[2024-10-12T01:44:07.746+0000][gc,phases     ] GC(441)   Evacuate Collection Set: 2.6ms
[2024-10-12T01:44:07.746+0000][gc,phases     ] GC(441)   Post Evacuate Collection Set: 0.4ms
[2024-10-12T01:44:07.746+0000][gc,phases     ] GC(441)   Other: 0.2ms
[2024-10-12T01:44:07.746+0000][gc,heap       ] GC(441) Eden regions: 610->0(610)
[2024-10-12T01:44:07.746+0000][gc,heap       ] GC(441) Survivor regions: 4->4(77)
[2024-10-12T01:44:07.746+0000][gc,heap       ] GC(441) Old regions: 20->20
[2024-10-12T01:44:07.746+0000][gc,heap       ] GC(441) Humongous regions: 129->129
[2024-10-12T01:44:07.746+0000][gc,metaspace  ] GC(441) Metaspace: 46171K(49408K)->46171K(49408K) NonClass: 40260K(41984K)->40260K(41984K) Class: 5910K(7424K)->5910K(7424K)
[2024-10-12T01:44:07.746+0000][gc            ] GC(441) Pause Young (Normal) (G1 Evacuation Pause) 760M->150M(1024M) 3.221ms
[2024-10-12T01:44:07.746+0000][gc,cpu        ] GC(441) User=0.01s Sys=0.00s Real=0.00s
[2024-10-12T03:50:19.636+0000][gc,start      ] GC(442) Pause Young (Normal) (G1 Evacuation Pause)
[2024-10-12T03:50:19.636+0000][gc,task       ] GC(442) Using 4 workers of 4 for evacuation
[2024-10-12T03:50:19.639+0000][gc,phases     ] GC(442)   Pre Evacuate Collection Set: 0.0ms
[2024-10-12T03:50:19.639+0000][gc,phases     ] GC(442)   Evacuate Collection Set: 2.1ms
[2024-10-12T03:50:19.639+0000][gc,phases     ] GC(442)   Post Evacuate Collection Set: 0.4ms
[2024-10-12T03:50:19.639+0000][gc,phases     ] GC(442)   Other: 0.2ms
[2024-10-12T03:50:19.639+0000][gc,heap       ] GC(442) Eden regions: 610->0(611)
[2024-10-12T03:50:19.639+0000][gc,heap       ] GC(442) Survivor regions: 4->3(77)
[2024-10-12T03:50:19.639+0000][gc,heap       ] GC(442) Old regions: 20->20
[2024-10-12T03:50:19.639+0000][gc,heap       ] GC(442) Humongous regions: 129->129
[2024-10-12T03:50:19.639+0000][gc,metaspace  ] GC(442) Metaspace: 46171K(49408K)->46171K(49408K) NonClass: 40260K(41984K)->40260K(41984K) Class: 5910K(7424K)->5910K(7424K)
[2024-10-12T03:50:19.639+0000][gc            ] GC(442) Pause Young (Normal) (G1 Evacuation Pause) 760M->149M(1024M) 2.701ms
[2024-10-12T03:50:19.639+0000][gc,cpu        ] GC(442) User=0.01s Sys=0.00s Real=0.01s
[2024-10-12T05:56:31.005+0000][gc,start      ] GC(443) Pause Young (Normal) (G1 Evacuation Pause)
[2024-10-12T05:56:31.005+0000][gc,task       ] GC(443) Using 4 workers of 4 for evacuation
[2024-10-12T05:56:31.008+0000][gc,phases     ] GC(443)   Pre Evacuate Collection Set: 0.0ms
[2024-10-12T05:56:31.008+0000][gc,phases     ] GC(443)   Evacuate Collection Set: 2.5ms
[2024-10-12T05:56:31.008+0000][gc,phases     ] GC(443)   Post Evacuate Collection Set: 0.4ms
[2024-10-12T05:56:31.008+0000][gc,phases     ] GC(443)   Other: 0.2ms
[2024-10-12T05:56:31.008+0000][gc,heap       ] GC(443) Eden regions: 611->0(611)
[2024-10-12T05:56:31.008+0000][gc,heap       ] GC(443) Survivor regions: 3->3(77)
[2024-10-12T05:56:31.008+0000][gc,heap       ] GC(443) Old regions: 20->20
[2024-10-12T05:56:31.008+0000][gc,heap       ] GC(443) Humongous regions: 178->129
[2024-10-12T05:56:31.008+0000][gc,metaspace  ] GC(443) Metaspace: 46171K(49408K)->46171K(49408K) NonClass: 40260K(41984K)->40260K(41984K) Class: 5910K(7424K)->5910K(7424K)
[2024-10-12T05:56:31.008+0000][gc            ] GC(443) Pause Young (Normal) (G1 Evacuation Pause) 809M->149M(1024M) 3.185ms
[2024-10-12T05:56:31.008+0000][gc,cpu        ] GC(443) User=0.00s Sys=0.01s Real=0.00s
[2024-10-12T08:02:54.526+0000][gc,start      ] GC(444) Pause Young (Normal) (G1 Evacuation Pause)
[2024-10-12T08:02:54.526+0000][gc,task       ] GC(444) Using 4 workers of 4 for evacuation
[2024-10-12T08:02:54.530+0000][gc,phases     ] GC(444)   Pre Evacuate Collection Set: 0.0ms
[2024-10-12T08:02:54.530+0000][gc,phases     ] GC(444)   Evacuate Collection Set: 2.8ms
[2024-10-12T08:02:54.530+0000][gc,phases     ] GC(444)   Post Evacuate Collection Set: 0.4ms
[2024-10-12T08:02:54.530+0000][gc,phases     ] GC(444)   Other: 0.2ms
[2024-10-12T08:02:54.530+0000][gc,heap       ] GC(444) Eden regions: 611->0(611)
[2024-10-12T08:02:54.530+0000][gc,heap       ] GC(444) Survivor regions: 3->3(77)
[2024-10-12T08:02:54.530+0000][gc,heap       ] GC(444) Old regions: 20->20
[2024-10-12T08:02:54.530+0000][gc,heap       ] GC(444) Humongous regions: 129->129
[2024-10-12T08:02:54.530+0000][gc,metaspace  ] GC(444) Metaspace: 46171K(49408K)->46171K(49408K) NonClass: 40260K(41984K)->40260K(41984K) Class: 5910K(7424K)->5910K(7424K)
[2024-10-12T08:02:54.530+0000][gc            ] GC(444) Pause Young (Normal) (G1 Evacuation Pause) 760M->150M(1024M) 3.516ms
[2024-10-12T08:02:54.530+0000][gc,cpu        ] GC(444) User=0.01s Sys=0.00s Real=0.01s
[2024-10-12T10:09:07.805+0000][gc,start      ] GC(445) Pause Young (Normal) (G1 Evacuation Pause)
[2024-10-12T10:09:07.805+0000][gc,task       ] GC(445) Using 4 workers of 4 for evacuation
[2024-10-12T10:09:07.808+0000][gc,phases     ] GC(445)   Pre Evacuate Collection Set: 0.0ms
[2024-10-12T10:09:07.808+0000][gc,phases     ] GC(445)   Evacuate Collection Set: 2.5ms
[2024-10-12T10:09:07.808+0000][gc,phases     ] GC(445)   Post Evacuate Collection Set: 0.3ms
[2024-10-12T10:09:07.808+0000][gc,phases     ] GC(445)   Other: 0.2ms
[2024-10-12T10:09:07.808+0000][gc,heap       ] GC(445) Eden regions: 611->0(610)
[2024-10-12T10:09:07.808+0000][gc,heap       ] GC(445) Survivor regions: 3->4(77)
[2024-10-12T10:09:07.808+0000][gc,heap       ] GC(445) Old regions: 20->20
[2024-10-12T10:09:07.808+0000][gc,heap       ] GC(445) Humongous regions: 129->129
[2024-10-12T10:09:07.808+0000][gc,metaspace  ] GC(445) Metaspace: 46171K(49408K)->46171K(49408K) NonClass: 40260K(41984K)->40260K(41984K) Class: 5910K(7424K)->5910K(7424K)
[2024-10-12T10:09:07.808+0000][gc            ] GC(445) Pause Young (Normal) (G1 Evacuation Pause) 761M->150M(1024M) 3.072ms
[2024-10-12T10:09:07.808+0000][gc,cpu        ] GC(445) User=0.01s Sys=0.00s Real=0.00s
[2024-10-12T12:15:07.041+0000][gc,start      ] GC(446) Pause Young (Normal) (G1 Evacuation Pause)
[2024-10-12T12:15:07.041+0000][gc,task       ] GC(446) Using 4 workers of 4 for evacuation
[2024-10-12T12:15:07.045+0000][gc,phases     ] GC(446)   Pre Evacuate Collection Set: 0.0ms
[2024-10-12T12:15:07.045+0000][gc,phases     ] GC(446)   Evacuate Collection Set: 3.3ms
[2024-10-12T12:15:07.045+0000][gc,phases     ] GC(446)   Post Evacuate Collection Set: 0.3ms
[2024-10-12T12:15:07.045+0000][gc,phases     ] GC(446)   Other: 0.2ms
[2024-10-12T12:15:07.045+0000][gc,heap       ] GC(446) Eden regions: 610->0(610)
[2024-10-12T12:15:07.045+0000][gc,heap       ] GC(446) Survivor regions: 4->4(77)
[2024-10-12T12:15:07.045+0000][gc,heap       ] GC(446) Old regions: 20->20
[2024-10-12T12:15:07.045+0000][gc,heap       ] GC(446) Humongous regions: 129->129
[2024-10-12T12:15:07.045+0000][gc,metaspace  ] GC(446) Metaspace: 46171K(49408K)->46171K(49408K) NonClass: 40260K(41984K)->40260K(41984K) Class: 5910K(7424K)->5910K(7424K)
[2024-10-12T12:15:07.045+0000][gc            ] GC(446) Pause Young (Normal) (G1 Evacuation Pause) 760M->150M(1024M) 3.920ms
[2024-10-12T12:15:07.045+0000][gc,cpu        ] GC(446) User=0.00s Sys=0.01s Real=0.00s
[2024-10-12T14:21:07.805+0000][gc,start      ] GC(447) Pause Young (Normal) (G1 Evacuation Pause)
[2024-10-12T14:21:07.805+0000][gc,task       ] GC(447) Using 4 workers of 4 for evacuation
[2024-10-12T14:21:07.808+0000][gc,phases     ] GC(447)   Pre Evacuate Collection Set: 0.0ms
[2024-10-12T14:21:07.808+0000][gc,phases     ] GC(447)   Evacuate Collection Set: 2.3ms
[2024-10-12T14:21:07.808+0000][gc,phases     ] GC(447)   Post Evacuate Collection Set: 0.4ms
[2024-10-12T14:21:07.808+0000][gc,phases     ] GC(447)   Other: 0.2ms
[2024-10-12T14:21:07.808+0000][gc,heap       ] GC(447) Eden regions: 610->0(611)
[2024-10-12T14:21:07.808+0000][gc,heap       ] GC(447) Survivor regions: 4->3(77)
[2024-10-12T14:21:07.808+0000][gc,heap       ] GC(447) Old regions: 20->20
[2024-10-12T14:21:07.808+0000][gc,heap       ] GC(447) Humongous regions: 129->129
[2024-10-12T14:21:07.808+0000][gc,metaspace  ] GC(447) Metaspace: 46171K(49408K)->46171K(49408K) NonClass: 40260K(41984K)->40260K(41984K) Class: 5910K(7424K)->5910K(7424K)
[2024-10-12T14:21:07.808+0000][gc            ] GC(447) Pause Young (Normal) (G1 Evacuation Pause) 760M->149M(1024M) 2.993ms
[2024-10-12T14:21:07.808+0000][gc,cpu        ] GC(447) User=0.01s Sys=0.00s Real=0.00s
[2024-10-12T16:27:54.100+0000][gc,start      ] GC(448) Pause Young (Normal) (G1 Evacuation Pause)
[2024-10-12T16:27:54.100+0000][gc,task       ] GC(448) Using 4 workers of 4 for evacuation
[2024-10-12T16:27:54.103+0000][gc,phases     ] GC(448)   Pre Evacuate Collection Set: 0.0ms
[2024-10-12T16:27:54.103+0000][gc,phases     ] GC(448)   Evacuate Collection Set: 2.3ms
[2024-10-12T16:27:54.103+0000][gc,phases     ] GC(448)   Post Evacuate Collection Set: 0.4ms
[2024-10-12T16:27:54.103+0000][gc,phases     ] GC(448)   Other: 0.2ms
[2024-10-12T16:27:54.103+0000][gc,heap       ] GC(448) Eden regions: 611->0(611)
[2024-10-12T16:27:54.103+0000][gc,heap       ] GC(448) Survivor regions: 3->3(77)
[2024-10-12T16:27:54.103+0000][gc,heap       ] GC(448) Old regions: 20->20
[2024-10-12T16:27:54.103+0000][gc,heap       ] GC(448) Humongous regions: 129->129
[2024-10-12T16:27:54.103+0000][gc,metaspace  ] GC(448) Metaspace: 46171K(49408K)->46171K(49408K) NonClass: 40260K(41984K)->40260K(41984K) Class: 5910K(7424K)->5910K(7424K)
[2024-10-12T16:27:54.103+0000][gc            ] GC(448) Pause Young (Normal) (G1 Evacuation Pause) 760M->149M(1024M) 2.853ms
[2024-10-12T16:27:54.103+0000][gc,cpu        ] GC(448) User=0.01s Sys=0.00s Real=0.00s
[2024-10-12T18:34:28.526+0000][gc,start      ] GC(449) Pause Young (Normal) (G1 Evacuation Pause)
[2024-10-12T18:34:28.526+0000][gc,task       ] GC(449) Using 4 workers of 4 for evacuation
[2024-10-12T18:34:28.530+0000][gc,phases     ] GC(449)   Pre Evacuate Collection Set: 0.0ms
[2024-10-12T18:34:28.530+0000][gc,phases     ] GC(449)   Evacuate Collection Set: 2.8ms
[2024-10-12T18:34:28.530+0000][gc,phases     ] GC(449)   Post Evacuate Collection Set: 0.4ms
[2024-10-12T18:34:28.530+0000][gc,phases     ] GC(449)   Other: 0.2ms
[2024-10-12T18:34:28.530+0000][gc,heap       ] GC(449) Eden regions: 611->0(611)
[2024-10-12T18:34:28.530+0000][gc,heap       ] GC(449) Survivor regions: 3->3(77)
[2024-10-12T18:34:28.530+0000][gc,heap       ] GC(449) Old regions: 20->20
[2024-10-12T18:34:28.530+0000][gc,heap       ] GC(449) Humongous regions: 129->129
[2024-10-12T18:34:28.530+0000][gc,metaspace  ] GC(449) Metaspace: 46171K(49408K)->46171K(49408K) NonClass: 40260K(41984K)->40260K(41984K) Class: 5910K(7424K)->5910K(7424K)
[2024-10-12T18:34:28.530+0000][gc            ] GC(449) Pause Young (Normal) (G1 Evacuation Pause) 760M->149M(1024M) 3.412ms
[2024-10-12T18:34:28.530+0000][gc,cpu        ] GC(449) User=0.01s Sys=0.00s Real=0.01s
[2024-10-12T20:41:29.841+0000][gc,start      ] GC(450) Pause Young (Normal) (G1 Evacuation Pause)
[2024-10-12T20:41:29.841+0000][gc,task       ] GC(450) Using 4 workers of 4 for evacuation
[2024-10-12T20:41:29.844+0000][gc,phases     ] GC(450)   Pre Evacuate Collection Set: 0.0ms
[2024-10-12T20:41:29.844+0000][gc,phases     ] GC(450)   Evacuate Collection Set: 2.7ms
[2024-10-12T20:41:29.844+0000][gc,phases     ] GC(450)   Post Evacuate Collection Set: 0.4ms
[2024-10-12T20:41:29.844+0000][gc,phases     ] GC(450)   Other: 0.2ms
[2024-10-12T20:41:29.844+0000][gc,heap       ] GC(450) Eden regions: 611->0(611)
[2024-10-12T20:41:29.844+0000][gc,heap       ] GC(450) Survivor regions: 3->3(77)
[2024-10-12T20:41:29.844+0000][gc,heap       ] GC(450) Old regions: 20->20
[2024-10-12T20:41:29.844+0000][gc,heap       ] GC(450) Humongous regions: 178->129
[2024-10-12T20:41:29.844+0000][gc,metaspace  ] GC(450) Metaspace: 46171K(49408K)->46171K(49408K) NonClass: 40260K(41984K)->40260K(41984K) Class: 5910K(7424K)->5910K(7424K)
[2024-10-12T20:41:29.844+0000][gc            ] GC(450) Pause Young (Normal) (G1 Evacuation Pause) 809M->150M(1024M) 3.290ms
[2024-10-12T20:41:29.844+0000][gc,cpu        ] GC(450) User=0.01s Sys=0.00s Real=0.00s
[2024-10-12T22:48:32.977+0000][gc,start      ] GC(451) Pause Young (Normal) (G1 Evacuation Pause)
[2024-10-12T22:48:32.977+0000][gc,task       ] GC(451) Using 4 workers of 4 for evacuation
[2024-10-12T22:48:32.980+0000][gc,phases     ] GC(451)   Pre Evacuate Collection Set: 0.0ms
[2024-10-12T22:48:32.980+0000][gc,phases     ] GC(451)   Evacuate Collection Set: 2.6ms
[2024-10-12T22:48:32.980+0000][gc,phases     ] GC(451)   Post Evacuate Collection Set: 0.4ms
[2024-10-12T22:48:32.980+0000][gc,phases     ] GC(451)   Other: 0.2ms
[2024-10-12T22:48:32.980+0000][gc,heap       ] GC(451) Eden regions: 611->0(611)
[2024-10-12T22:48:32.980+0000][gc,heap       ] GC(451) Survivor regions: 3->3(77)
[2024-10-12T22:48:32.980+0000][gc,heap       ] GC(451) Old regions: 20->20
[2024-10-12T22:48:32.980+0000][gc,heap       ] GC(451) Humongous regions: 129->129
[2024-10-12T22:48:32.980+0000][gc,metaspace  ] GC(451) Metaspace: 46171K(49408K)->46171K(49408K) NonClass: 40260K(41984K)->40260K(41984K) Class: 5910K(7424K)->5910K(7424K)
[2024-10-12T22:48:32.980+0000][gc            ] GC(451) Pause Young (Normal) (G1 Evacuation Pause) 761M->150M(1024M) 3.230ms
[2024-10-12T22:48:32.980+0000][gc,cpu        ] GC(451) User=0.01s Sys=0.00s Real=0.01s
[2024-10-13T00:55:26.129+0000][gc,start      ] GC(452) Pause Young (Normal) (G1 Evacuation Pause)
[2024-10-13T00:55:26.129+0000][gc,task       ] GC(452) Using 4 workers of 4 for evacuation
[2024-10-13T00:55:26.133+0000][gc,phases     ] GC(452)   Pre Evacuate Collection Set: 0.0ms
[2024-10-13T00:55:26.133+0000][gc,phases     ] GC(452)   Evacuate Collection Set: 3.1ms
[2024-10-13T00:55:26.133+0000][gc,phases     ] GC(452)   Post Evacuate Collection Set: 0.4ms
[2024-10-13T00:55:26.133+0000][gc,phases     ] GC(452)   Other: 0.2ms
[2024-10-13T00:55:26.133+0000][gc,heap       ] GC(452) Eden regions: 611->0(611)
[2024-10-13T00:55:26.133+0000][gc,heap       ] GC(452) Survivor regions: 3->3(77)
[2024-10-13T00:55:26.133+0000][gc,heap       ] GC(452) Old regions: 20->20
[2024-10-13T00:55:26.133+0000][gc,heap       ] GC(452) Humongous regions: 129->129
[2024-10-13T00:55:26.133+0000][gc,metaspace  ] GC(452) Metaspace: 46171K(49408K)->46171K(49408K) NonClass: 40260K(41984K)->40260K(41984K) Class: 5910K(7424K)->5910K(7424K)
[2024-10-13T00:55:26.133+0000][gc            ] GC(452) Pause Young (Normal) (G1 Evacuation Pause) 761M->150M(1024M) 3.695ms
[2024-10-13T00:55:26.133+0000][gc,cpu        ] GC(452) User=0.01s Sys=0.01s Real=0.00s
[2024-10-13T03:02:29.011+0000][gc,start      ] GC(453) Pause Young (Normal) (G1 Evacuation Pause)
[2024-10-13T03:02:29.011+0000][gc,task       ] GC(453) Using 4 workers of 4 for evacuation
[2024-10-13T03:02:29.015+0000][gc,phases     ] GC(453)   Pre Evacuate Collection Set: 0.0ms
[2024-10-13T03:02:29.015+0000][gc,phases     ] GC(453)   Evacuate Collection Set: 3.1ms
[2024-10-13T03:02:29.015+0000][gc,phases     ] GC(453)   Post Evacuate Collection Set: 0.4ms
[2024-10-13T03:02:29.015+0000][gc,phases     ] GC(453)   Other: 0.2ms
[2024-10-13T03:02:29.015+0000][gc,heap       ] GC(453) Eden regions: 611->0(610)
[2024-10-13T03:02:29.015+0000][gc,heap       ] GC(453) Survivor regions: 3->4(77)
[2024-10-13T03:02:29.015+0000][gc,heap       ] GC(453) Old regions: 20->20
[2024-10-13T03:02:29.015+0000][gc,heap       ] GC(453) Humongous regions: 129->129
[2024-10-13T03:02:29.015+0000][gc,metaspace  ] GC(453) Metaspace: 46171K(49408K)->46171K(49408K) NonClass: 40260K(41984K)->40260K(41984K) Class: 5910K(7424K)->5910K(7424K)
[2024-10-13T03:02:29.015+0000][gc            ] GC(453) Pause Young (Normal) (G1 Evacuation Pause) 761M->150M(1024M) 3.876ms
[2024-10-13T03:02:29.015+0000][gc,cpu        ] GC(453) User=0.01s Sys=0.00s Real=0.00s
[2024-10-13T05:09:11.371+0000][gc,start      ] GC(454) Pause Young (Normal) (G1 Evacuation Pause)
[2024-10-13T05:09:11.371+0000][gc,task       ] GC(454) Using 4 workers of 4 for evacuation
[2024-10-13T05:09:11.376+0000][gc,phases     ] GC(454)   Pre Evacuate Collection Set: 0.0ms
[2024-10-13T05:09:11.376+0000][gc,phases     ] GC(454)   Evacuate Collection Set: 4.1ms
[2024-10-13T05:09:11.376+0000][gc,phases     ] GC(454)   Post Evacuate Collection Set: 0.4ms
[2024-10-13T05:09:11.376+0000][gc,phases     ] GC(454)   Other: 0.2ms
[2024-10-13T05:09:11.376+0000][gc,heap       ] GC(454) Eden regions: 610->0(610)
[2024-10-13T05:09:11.376+0000][gc,heap       ] GC(454) Survivor regions: 4->4(77)
[2024-10-13T05:09:11.376+0000][gc,heap       ] GC(454) Old regions: 20->20
[2024-10-13T05:09:11.376+0000][gc,heap       ] GC(454) Humongous regions: 129->129
[2024-10-13T05:09:11.376+0000][gc,metaspace  ] GC(454) Metaspace: 46171K(49408K)->46171K(49408K) NonClass: 40260K(41984K)->40260K(41984K) Class: 5910K(7424K)->5910K(7424K)
[2024-10-13T05:09:11.376+0000][gc            ] GC(454) Pause Young (Normal) (G1 Evacuation Pause) 760M->151M(1024M) 4.783ms
[2024-10-13T05:09:11.376+0000][gc,cpu        ] GC(454) User=0.01s Sys=0.01s Real=0.00s
[2024-10-13T07:16:00.184+0000][gc,start      ] GC(455) Pause Young (Normal) (G1 Evacuation Pause)
[2024-10-13T07:16:00.184+0000][gc,task       ] GC(455) Using 4 workers of 4 for evacuation
[2024-10-13T07:16:00.187+0000][gc,phases     ] GC(455)   Pre Evacuate Collection Set: 0.0ms
[2024-10-13T07:16:00.187+0000][gc,phases     ] GC(455)   Evacuate Collection Set: 2.9ms
[2024-10-13T07:16:00.187+0000][gc,phases     ] GC(455)   Post Evacuate Collection Set: 0.4ms
[2024-10-13T07:16:00.187+0000][gc,phases     ] GC(455)   Other: 0.2ms
[2024-10-13T07:16:00.187+0000][gc,heap       ] GC(455) Eden regions: 610->0(611)
[2024-10-13T07:16:00.187+0000][gc,heap       ] GC(455) Survivor regions: 4->3(77)
[2024-10-13T07:16:00.187+0000][gc,heap       ] GC(455) Old regions: 20->20
[2024-10-13T07:16:00.187+0000][gc,heap       ] GC(455) Humongous regions: 129->129
[2024-10-13T07:16:00.187+0000][gc,metaspace  ] GC(455) Metaspace: 46171K(49408K)->46171K(49408K) NonClass: 40260K(41984K)->40260K(41984K) Class: 5910K(7424K)->5910K(7424K)
[2024-10-13T07:16:00.187+0000][gc            ] GC(455) Pause Young (Normal) (G1 Evacuation Pause) 761M->149M(1024M) 3.628ms
[2024-10-13T07:16:00.187+0000][gc,cpu        ] GC(455) User=0.01s Sys=0.00s Real=0.00s
[2024-10-13T09:23:07.972+0000][gc,start      ] GC(456) Pause Young (Normal) (G1 Evacuation Pause)
[2024-10-13T09:23:07.972+0000][gc,task       ] GC(456) Using 4 workers of 4 for evacuation
[2024-10-13T09:23:07.975+0000][gc,phases     ] GC(456)   Pre Evacuate Collection Set: 0.0ms
[2024-10-13T09:23:07.975+0000][gc,phases     ] GC(456)   Evacuate Collection Set: 2.3ms
[2024-10-13T09:23:07.975+0000][gc,phases     ] GC(456)   Post Evacuate Collection Set: 0.4ms
[2024-10-13T09:23:07.975+0000][gc,phases     ] GC(456)   Other: 0.2ms
[2024-10-13T09:23:07.975+0000][gc,heap       ] GC(456) Eden regions: 611->0(611)
[2024-10-13T09:23:07.975+0000][gc,heap       ] GC(456) Survivor regions: 3->3(77)
[2024-10-13T09:23:07.975+0000][gc,heap       ] GC(456) Old regions: 20->20
[2024-10-13T09:23:07.975+0000][gc,heap       ] GC(456) Humongous regions: 178->129
[2024-10-13T09:23:07.975+0000][gc,metaspace  ] GC(456) Metaspace: 46171K(49408K)->46171K(49408K) NonClass: 40260K(41984K)->40260K(41984K) Class: 5910K(7424K)->5910K(7424K)
[2024-10-13T09:23:07.975+0000][gc            ] GC(456) Pause Young (Normal) (G1 Evacuation Pause) 809M->149M(1024M) 2.973ms
[2024-10-13T09:23:07.975+0000][gc,cpu        ] GC(456) User=0.01s Sys=0.00s Real=0.00s
[2024-10-13T11:29:58.611+0000][gc,start      ] GC(457) Pause Young (Normal) (G1 Evacuation Pause)
[2024-10-13T11:29:58.611+0000][gc,task       ] GC(457) Using 4 workers of 4 for evacuation
[2024-10-13T11:29:58.614+0000][gc,phases     ] GC(457)   Pre Evacuate Collection Set: 0.0ms
[2024-10-13T11:29:58.614+0000][gc,phases     ] GC(457)   Evacuate Collection Set: 2.9ms
[2024-10-13T11:29:58.614+0000][gc,phases     ] GC(457)   Post Evacuate Collection Set: 0.4ms
[2024-10-13T11:29:58.614+0000][gc,phases     ] GC(457)   Other: 0.2ms
[2024-10-13T11:29:58.615+0000][gc,heap       ] GC(457) Eden regions: 611->0(611)
[2024-10-13T11:29:58.615+0000][gc,heap       ] GC(457) Survivor regions: 3->3(77)
[2024-10-13T11:29:58.615+0000][gc,heap       ] GC(457) Old regions: 20->20
[2024-10-13T11:29:58.615+0000][gc,heap       ] GC(457) Humongous regions: 129->129
[2024-10-13T11:29:58.615+0000][gc,metaspace  ] GC(457) Metaspace: 46171K(49408K)->46171K(49408K) NonClass: 40260K(41984K)->40260K(41984K) Class: 5910K(7424K)->5910K(7424K)
[2024-10-13T11:29:58.615+0000][gc            ] GC(457) Pause Young (Normal) (G1 Evacuation Pause) 760M->150M(1024M) 3.633ms
[2024-10-13T11:29:58.615+0000][gc,cpu        ] GC(457) User=0.01s Sys=0.00s Real=0.00s
[2024-10-13T13:36:48.091+0000][gc,start      ] GC(458) Pause Young (Normal) (G1 Evacuation Pause)
[2024-10-13T13:36:48.091+0000][gc,task       ] GC(458) Using 4 workers of 4 for evacuation
[2024-10-13T13:36:48.094+0000][gc,phases     ] GC(458)   Pre Evacuate Collection Set: 0.0ms
[2024-10-13T13:36:48.094+0000][gc,phases     ] GC(458)   Evacuate Collection Set: 2.7ms
[2024-10-13T13:36:48.094+0000][gc,phases     ] GC(458)   Post Evacuate Collection Set: 0.4ms
[2024-10-13T13:36:48.094+0000][gc,phases     ] GC(458)   Other: 0.2ms
[2024-10-13T13:36:48.094+0000][gc,heap       ] GC(458) Eden regions: 611->0(611)
[2024-10-13T13:36:48.094+0000][gc,heap       ] GC(458) Survivor regions: 3->3(77)
[2024-10-13T13:36:48.094+0000][gc,heap       ] GC(458) Old regions: 20->20
[2024-10-13T13:36:48.094+0000][gc,heap       ] GC(458) Humongous regions: 129->129
[2024-10-13T13:36:48.094+0000][gc,metaspace  ] GC(458) Metaspace: 46171K(49408K)->46171K(49408K) NonClass: 40260K(41984K)->40260K(41984K) Class: 5910K(7424K)->5910K(7424K)
[2024-10-13T13:36:48.094+0000][gc            ] GC(458) Pause Young (Normal) (G1 Evacuation Pause) 761M->150M(1024M) 3.375ms
[2024-10-13T13:36:48.094+0000][gc,cpu        ] GC(458) User=0.01s Sys=0.00s Real=0.00s
[2024-10-13T15:43:45.476+0000][gc,start      ] GC(459) Pause Young (Normal) (G1 Evacuation Pause)
[2024-10-13T15:43:45.476+0000][gc,task       ] GC(459) Using 4 workers of 4 for evacuation
[2024-10-13T15:43:45.479+0000][gc,phases     ] GC(459)   Pre Evacuate Collection Set: 0.0ms
[2024-10-13T15:43:45.479+0000][gc,phases     ] GC(459)   Evacuate Collection Set: 2.9ms
[2024-10-13T15:43:45.479+0000][gc,phases     ] GC(459)   Post Evacuate Collection Set: 0.4ms
[2024-10-13T15:43:45.479+0000][gc,phases     ] GC(459)   Other: 0.2ms
[2024-10-13T15:43:45.479+0000][gc,heap       ] GC(459) Eden regions: 611->0(611)
[2024-10-13T15:43:45.479+0000][gc,heap       ] GC(459) Survivor regions: 3->3(77)
[2024-10-13T15:43:45.479+0000][gc,heap       ] GC(459) Old regions: 20->20
[2024-10-13T15:43:45.479+0000][gc,heap       ] GC(459) Humongous regions: 129->129
[2024-10-13T15:43:45.479+0000][gc,metaspace  ] GC(459) Metaspace: 46171K(49408K)->46171K(49408K) NonClass: 40260K(41984K)->40260K(41984K) Class: 5910K(7424K)->5910K(7424K)
[2024-10-13T15:43:45.479+0000][gc            ] GC(459) Pause Young (Normal) (G1 Evacuation Pause) 761M->150M(1024M) 3.520ms
[2024-10-13T15:43:45.479+0000][gc,cpu        ] GC(459) User=0.01s Sys=0.00s Real=0.01s
[2024-10-13T17:50:39.982+0000][gc,start      ] GC(460) Pause Young (Normal) (G1 Evacuation Pause)
[2024-10-13T17:50:39.982+0000][gc,task       ] GC(460) Using 4 workers of 4 for evacuation
[2024-10-13T17:50:39.985+0000][gc,phases     ] GC(460)   Pre Evacuate Collection Set: 0.0ms
[2024-10-13T17:50:39.985+0000][gc,phases     ] GC(460)   Evacuate Collection Set: 3.0ms
[2024-10-13T17:50:39.985+0000][gc,phases     ] GC(460)   Post Evacuate Collection Set: 0.4ms
[2024-10-13T17:50:39.985+0000][gc,phases     ] GC(460)   Other: 0.2ms
[2024-10-13T17:50:39.985+0000][gc,heap       ] GC(460) Eden regions: 611->0(610)
[2024-10-13T17:50:39.985+0000][gc,heap       ] GC(460) Survivor regions: 3->4(77)
[2024-10-13T17:50:39.985+0000][gc,heap       ] GC(460) Old regions: 20->20
[2024-10-13T17:50:39.985+0000][gc,heap       ] GC(460) Humongous regions: 129->129
[2024-10-13T17:50:39.985+0000][gc,metaspace  ] GC(460) Metaspace: 46171K(49408K)->46171K(49408K) NonClass: 40260K(41984K)->40260K(41984K) Class: 5910K(7424K)->5910K(7424K)
[2024-10-13T17:50:39.985+0000][gc            ] GC(460) Pause Young (Normal) (G1 Evacuation Pause) 761M->150M(1024M) 3.651ms
[2024-10-13T17:50:39.985+0000][gc,cpu        ] GC(460) User=0.01s Sys=0.01s Real=0.00s
[2024-10-13T19:57:39.011+0000][gc,start      ] GC(461) Pause Young (Normal) (G1 Evacuation Pause)
[2024-10-13T19:57:39.011+0000][gc,task       ] GC(461) Using 4 workers of 4 for evacuation
[2024-10-13T19:57:39.016+0000][gc,phases     ] GC(461)   Pre Evacuate Collection Set: 0.0ms
[2024-10-13T19:57:39.016+0000][gc,phases     ] GC(461)   Evacuate Collection Set: 4.3ms
[2024-10-13T19:57:39.016+0000][gc,phases     ] GC(461)   Post Evacuate Collection Set: 1.4ms
[2024-10-13T19:57:39.016+0000][gc,phases     ] GC(461)   Other: 0.2ms
[2024-10-13T19:57:39.016+0000][gc,heap       ] GC(461) Eden regions: 610->0(610)
[2024-10-13T19:57:39.016+0000][gc,heap       ] GC(461) Survivor regions: 4->4(77)
[2024-10-13T19:57:39.016+0000][gc,heap       ] GC(461) Old regions: 20->20
[2024-10-13T19:57:39.016+0000][gc,heap       ] GC(461) Humongous regions: 129->129
[2024-10-13T19:57:39.017+0000][gc,metaspace  ] GC(461) Metaspace: 46171K(49408K)->46171K(49408K) NonClass: 40260K(41984K)->40260K(41984K) Class: 5910K(7424K)->5910K(7424K)
[2024-10-13T19:57:39.017+0000][gc            ] GC(461) Pause Young (Normal) (G1 Evacuation Pause) 760M->150M(1024M) 5.900ms
[2024-10-13T19:57:39.017+0000][gc,cpu        ] GC(461) User=0.01s Sys=0.00s Real=0.00s
[2024-10-13T22:04:19.011+0000][gc,start      ] GC(462) Pause Young (Normal) (G1 Evacuation Pause)
[2024-10-13T22:04:19.011+0000][gc,task       ] GC(462) Using 4 workers of 4 for evacuation
[2024-10-13T22:04:19.015+0000][gc,phases     ] GC(462)   Pre Evacuate Collection Set: 0.0ms
[2024-10-13T22:04:19.015+0000][gc,phases     ] GC(462)   Evacuate Collection Set: 3.1ms
[2024-10-13T22:04:19.015+0000][gc,phases     ] GC(462)   Post Evacuate Collection Set: 0.4ms
[2024-10-13T22:04:19.015+0000][gc,phases     ] GC(462)   Other: 0.2ms
[2024-10-13T22:04:19.015+0000][gc,heap       ] GC(462) Eden regions: 610->0(610)
[2024-10-13T22:04:19.015+0000][gc,heap       ] GC(462) Survivor regions: 4->4(77)
[2024-10-13T22:04:19.015+0000][gc,heap       ] GC(462) Old regions: 20->20
[2024-10-13T22:04:19.015+0000][gc,heap       ] GC(462) Humongous regions: 129->129
[2024-10-13T22:04:19.015+0000][gc,metaspace  ] GC(462) Metaspace: 46171K(49408K)->46171K(49408K) NonClass: 40260K(41984K)->40260K(41984K) Class: 5910K(7424K)->5910K(7424K)
[2024-10-13T22:04:19.015+0000][gc            ] GC(462) Pause Young (Normal) (G1 Evacuation Pause) 760M->151M(1024M) 3.795ms
[2024-10-13T22:04:19.015+0000][gc,cpu        ] GC(462) User=0.02s Sys=0.00s Real=0.00s
[2024-10-14T00:10:42.134+0000][gc,start      ] GC(463) Pause Young (Normal) (G1 Evacuation Pause)
[2024-10-14T00:10:42.134+0000][gc,task       ] GC(463) Using 4 workers of 4 for evacuation
[2024-10-14T00:10:42.137+0000][gc,phases     ] GC(463)   Pre Evacuate Collection Set: 0.0ms
[2024-10-14T00:10:42.137+0000][gc,phases     ] GC(463)   Evacuate Collection Set: 3.0ms
[2024-10-14T00:10:42.137+0000][gc,phases     ] GC(463)   Post Evacuate Collection Set: 0.5ms
[2024-10-14T00:10:42.137+0000][gc,phases     ] GC(463)   Other: 0.2ms
[2024-10-14T00:10:42.137+0000][gc,heap       ] GC(463) Eden regions: 610->0(610)
[2024-10-14T00:10:42.137+0000][gc,heap       ] GC(463) Survivor regions: 4->4(77)
[2024-10-14T00:10:42.137+0000][gc,heap       ] GC(463) Old regions: 20->20
[2024-10-14T00:10:42.137+0000][gc,heap       ] GC(463) Humongous regions: 290->129
[2024-10-14T00:10:42.137+0000][gc,metaspace  ] GC(463) Metaspace: 46171K(49408K)->46171K(49408K) NonClass: 40260K(41984K)->40260K(41984K) Class: 5910K(7424K)->5910K(7424K)
[2024-10-14T00:10:42.137+0000][gc            ] GC(463) Pause Young (Normal) (G1 Evacuation Pause) 922M->151M(1024M) 3.836ms
[2024-10-14T00:10:42.138+0000][gc,cpu        ] GC(463) User=0.01s Sys=0.01s Real=0.01s
[2024-10-14T02:17:29.011+0000][gc,start      ] GC(464) Pause Young (Normal) (G1 Evacuation Pause)
[2024-10-14T02:17:29.011+0000][gc,task       ] GC(464) Using 4 workers of 4 for evacuation
[2024-10-14T02:17:29.014+0000][gc,phases     ] GC(464)   Pre Evacuate Collection Set: 0.0ms
[2024-10-14T02:17:29.014+0000][gc,phases     ] GC(464)   Evacuate Collection Set: 2.8ms
[2024-10-14T02:17:29.014+0000][gc,phases     ] GC(464)   Post Evacuate Collection Set: 0.5ms
[2024-10-14T02:17:29.014+0000][gc,phases     ] GC(464)   Other: 0.2ms
[2024-10-14T02:17:29.014+0000][gc,heap       ] GC(464) Eden regions: 610->0(611)
[2024-10-14T02:17:29.014+0000][gc,heap       ] GC(464) Survivor regions: 4->3(77)
[2024-10-14T02:17:29.014+0000][gc,heap       ] GC(464) Old regions: 20->20
[2024-10-14T02:17:29.014+0000][gc,heap       ] GC(464) Humongous regions: 178->129
[2024-10-14T02:17:29.014+0000][gc,metaspace  ] GC(464) Metaspace: 46171K(49408K)->46171K(49408K) NonClass: 40260K(41984K)->40260K(41984K) Class: 5910K(7424K)->5910K(7424K)
[2024-10-14T02:17:29.014+0000][gc            ] GC(464) Pause Young (Normal) (G1 Evacuation Pause) 810M->149M(1024M) 3.491ms
[2024-10-14T02:17:29.014+0000][gc,cpu        ] GC(464) User=0.01s Sys=0.00s Real=0.00s
[2024-10-14T04:24:41.693+0000][gc,start      ] GC(465) Pause Young (Normal) (G1 Evacuation Pause)
[2024-10-14T04:24:41.693+0000][gc,task       ] GC(465) Using 4 workers of 4 for evacuation
[2024-10-14T04:24:41.696+0000][gc,phases     ] GC(465)   Pre Evacuate Collection Set: 0.0ms
[2024-10-14T04:24:41.696+0000][gc,phases     ] GC(465)   Evacuate Collection Set: 2.1ms
[2024-10-14T04:24:41.696+0000][gc,phases     ] GC(465)   Post Evacuate Collection Set: 0.4ms
[2024-10-14T04:24:41.696+0000][gc,phases     ] GC(465)   Other: 0.1ms
[2024-10-14T04:24:41.696+0000][gc,heap       ] GC(465) Eden regions: 611->0(611)
[2024-10-14T04:24:41.696+0000][gc,heap       ] GC(465) Survivor regions: 3->3(77)
[2024-10-14T04:24:41.696+0000][gc,heap       ] GC(465) Old regions: 20->20
[2024-10-14T04:24:41.696+0000][gc,heap       ] GC(465) Humongous regions: 129->129
[2024-10-14T04:24:41.696+0000][gc,metaspace  ] GC(465) Metaspace: 46171K(49408K)->46171K(49408K) NonClass: 40260K(41984K)->40260K(41984K) Class: 5910K(7424K)->5910K(7424K)
[2024-10-14T04:24:41.696+0000][gc            ] GC(465) Pause Young (Normal) (G1 Evacuation Pause) 760M->149M(1024M) 2.673ms
[2024-10-14T04:24:41.696+0000][gc,cpu        ] GC(465) User=0.01s Sys=0.00s Real=0.00s
[2024-10-14T06:31:19.822+0000][gc,start      ] GC(466) Pause Young (Normal) (G1 Evacuation Pause)
[2024-10-14T06:31:19.822+0000][gc,task       ] GC(466) Using 4 workers of 4 for evacuation
[2024-10-14T06:31:19.825+0000][gc,phases     ] GC(466)   Pre Evacuate Collection Set: 0.0ms
[2024-10-14T06:31:19.825+0000][gc,phases     ] GC(466)   Evacuate Collection Set: 2.2ms
[2024-10-14T06:31:19.825+0000][gc,phases     ] GC(466)   Post Evacuate Collection Set: 0.4ms
[2024-10-14T06:31:19.825+0000][gc,phases     ] GC(466)   Other: 0.2ms
[2024-10-14T06:31:19.825+0000][gc,heap       ] GC(466) Eden regions: 611->0(611)
[2024-10-14T06:31:19.825+0000][gc,heap       ] GC(466) Survivor regions: 3->3(77)
[2024-10-14T06:31:19.825+0000][gc,heap       ] GC(466) Old regions: 20->20
[2024-10-14T06:31:19.825+0000][gc,heap       ] GC(466) Humongous regions: 129->129
[2024-10-14T06:31:19.825+0000][gc,metaspace  ] GC(466) Metaspace: 46171K(49408K)->46171K(49408K) NonClass: 40260K(41984K)->40260K(41984K) Class: 5910K(7424K)->5910K(7424K)
[2024-10-14T06:31:19.825+0000][gc            ] GC(466) Pause Young (Normal) (G1 Evacuation Pause) 760M->149M(1024M) 2.879ms
[2024-10-14T06:31:19.825+0000][gc,cpu        ] GC(466) User=0.01s Sys=0.00s Real=0.00s
[2024-10-14T08:37:54.011+0000][gc,start      ] GC(467) Pause Young (Normal) (G1 Evacuation Pause)
[2024-10-14T08:37:54.011+0000][gc,task       ] GC(467) Using 4 workers of 4 for evacuation
[2024-10-14T08:37:54.013+0000][gc,phases     ] GC(467)   Pre Evacuate Collection Set: 0.0ms
[2024-10-14T08:37:54.013+0000][gc,phases     ] GC(467)   Evacuate Collection Set: 2.0ms
[2024-10-14T08:37:54.013+0000][gc,phases     ] GC(467)   Post Evacuate Collection Set: 0.3ms
[2024-10-14T08:37:54.013+0000][gc,phases     ] GC(467)   Other: 0.1ms
[2024-10-14T08:37:54.013+0000][gc,heap       ] GC(467) Eden regions: 611->0(611)
[2024-10-14T08:37:54.013+0000][gc,heap       ] GC(467) Survivor regions: 3->3(77)
[2024-10-14T08:37:54.013+0000][gc,heap       ] GC(467) Old regions: 20->20
[2024-10-14T08:37:54.013+0000][gc,heap       ] GC(467) Humongous regions: 129->129
[2024-10-14T08:37:54.013+0000][gc,metaspace  ] GC(467) Metaspace: 46171K(49408K)->46171K(49408K) NonClass: 40260K(41984K)->40260K(41984K) Class: 5910K(7424K)->5910K(7424K)
[2024-10-14T08:37:54.013+0000][gc            ] GC(467) Pause Young (Normal) (G1 Evacuation Pause) 760M->150M(1024M) 2.565ms
[2024-10-14T08:37:54.013+0000][gc,cpu        ] GC(467) User=0.00s Sys=0.00s Real=0.00s
[2024-10-14T10:44:05.524+0000][gc,start      ] GC(468) Pause Young (Normal) (G1 Evacuation Pause)
[2024-10-14T10:44:05.524+0000][gc,task       ] GC(468) Using 4 workers of 4 for evacuation
[2024-10-14T10:44:05.529+0000][gc,phases     ] GC(468)   Pre Evacuate Collection Set: 0.0ms
[2024-10-14T10:44:05.529+0000][gc,phases     ] GC(468)   Evacuate Collection Set: 4.4ms
[2024-10-14T10:44:05.529+0000][gc,phases     ] GC(468)   Post Evacuate Collection Set: 0.4ms
[2024-10-14T10:44:05.529+0000][gc,phases     ] GC(468)   Other: 0.2ms
[2024-10-14T10:44:05.529+0000][gc,heap       ] GC(468) Eden regions: 611->0(611)
[2024-10-14T10:44:05.529+0000][gc,heap       ] GC(468) Survivor regions: 3->3(77)
[2024-10-14T10:44:05.529+0000][gc,heap       ] GC(468) Old regions: 20->20
[2024-10-14T10:44:05.529+0000][gc,heap       ] GC(468) Humongous regions: 129->129
[2024-10-14T10:44:05.529+0000][gc,metaspace  ] GC(468) Metaspace: 46171K(49408K)->46171K(49408K) NonClass: 40260K(41984K)->40260K(41984K) Class: 5910K(7424K)->5910K(7424K)
[2024-10-14T10:44:05.529+0000][gc            ] GC(468) Pause Young (Normal) (G1 Evacuation Pause) 761M->150M(1024M) 5.134ms
[2024-10-14T10:44:05.529+0000][gc,cpu        ] GC(468) User=0.02s Sys=0.00s Real=0.01s
[2024-10-14T12:50:09.628+0000][gc,start      ] GC(469) Pause Young (Normal) (G1 Evacuation Pause)
[2024-10-14T12:50:09.628+0000][gc,task       ] GC(469) Using 4 workers of 4 for evacuation
[2024-10-14T12:50:09.631+0000][gc,phases     ] GC(469)   Pre Evacuate Collection Set: 0.0ms
[2024-10-14T12:50:09.631+0000][gc,phases     ] GC(469)   Evacuate Collection Set: 2.6ms
[2024-10-14T12:50:09.631+0000][gc,phases     ] GC(469)   Post Evacuate Collection Set: 0.4ms
[2024-10-14T12:50:09.631+0000][gc,phases     ] GC(469)   Other: 0.2ms
[2024-10-14T12:50:09.631+0000][gc,heap       ] GC(469) Eden regions: 611->0(610)
[2024-10-14T12:50:09.631+0000][gc,heap       ] GC(469) Survivor regions: 3->4(77)
[2024-10-14T12:50:09.631+0000][gc,heap       ] GC(469) Old regions: 20->20
[2024-10-14T12:50:09.631+0000][gc,heap       ] GC(469) Humongous regions: 129->129
[2024-10-14T12:50:09.631+0000][gc,metaspace  ] GC(469) Metaspace: 46178K(49408K)->46178K(49408K) NonClass: 40268K(41984K)->40268K(41984K) Class: 5910K(7424K)->5910K(7424K)
[2024-10-14T12:50:09.631+0000][gc            ] GC(469) Pause Young (Normal) (G1 Evacuation Pause) 761M->150M(1024M) 3.241ms
[2024-10-14T12:50:09.631+0000][gc,cpu        ] GC(469) User=0.01s Sys=0.00s Real=0.01s
[2024-10-14T14:55:58.629+0000][gc,start      ] GC(470) Pause Young (Normal) (G1 Evacuation Pause)
[2024-10-14T14:55:58.629+0000][gc,task       ] GC(470) Using 4 workers of 4 for evacuation
[2024-10-14T14:55:58.632+0000][gc,phases     ] GC(470)   Pre Evacuate Collection Set: 0.0ms
[2024-10-14T14:55:58.632+0000][gc,phases     ] GC(470)   Evacuate Collection Set: 2.3ms
[2024-10-14T14:55:58.632+0000][gc,phases     ] GC(470)   Post Evacuate Collection Set: 0.7ms
[2024-10-14T14:55:58.632+0000][gc,phases     ] GC(470)   Other: 0.2ms
[2024-10-14T14:55:58.632+0000][gc,heap       ] GC(470) Eden regions: 610->0(611)
[2024-10-14T14:55:58.632+0000][gc,heap       ] GC(470) Survivor regions: 4->3(77)
[2024-10-14T14:55:58.632+0000][gc,heap       ] GC(470) Old regions: 20->20
[2024-10-14T14:55:58.632+0000][gc,heap       ] GC(470) Humongous regions: 129->129
[2024-10-14T14:55:58.632+0000][gc,metaspace  ] GC(470) Metaspace: 46185K(49408K)->46185K(49408K) NonClass: 40274K(41984K)->40274K(41984K) Class: 5910K(7424K)->5910K(7424K)
[2024-10-14T14:55:58.632+0000][gc            ] GC(470) Pause Young (Normal) (G1 Evacuation Pause) 760M->149M(1024M) 3.271ms
[2024-10-14T14:55:58.632+0000][gc,cpu        ] GC(470) User=0.01s Sys=0.00s Real=0.01s
[2024-10-14T17:02:04.974+0000][gc,start      ] GC(471) Pause Young (Normal) (G1 Evacuation Pause)
[2024-10-14T17:02:04.974+0000][gc,task       ] GC(471) Using 4 workers of 4 for evacuation
[2024-10-14T17:02:04.978+0000][gc,phases     ] GC(471)   Pre Evacuate Collection Set: 0.0ms
[2024-10-14T17:02:04.978+0000][gc,phases     ] GC(471)   Evacuate Collection Set: 2.9ms
[2024-10-14T17:02:04.978+0000][gc,phases     ] GC(471)   Post Evacuate Collection Set: 0.6ms
[2024-10-14T17:02:04.978+0000][gc,phases     ] GC(471)   Other: 0.2ms
[2024-10-14T17:02:04.978+0000][gc,heap       ] GC(471) Eden regions: 611->0(611)
[2024-10-14T17:02:04.978+0000][gc,heap       ] GC(471) Survivor regions: 3->3(77)
[2024-10-14T17:02:04.978+0000][gc,heap       ] GC(471) Old regions: 20->20
[2024-10-14T17:02:04.978+0000][gc,heap       ] GC(471) Humongous regions: 178->129
[2024-10-14T17:02:04.978+0000][gc,metaspace  ] GC(471) Metaspace: 46185K(49408K)->46185K(49408K) NonClass: 40274K(41984K)->40274K(41984K) Class: 5910K(7424K)->5910K(7424K)
[2024-10-14T17:02:04.978+0000][gc            ] GC(471) Pause Young (Normal) (G1 Evacuation Pause) 809M->149M(1024M) 3.819ms
[2024-10-14T17:02:04.978+0000][gc,cpu        ] GC(471) User=0.01s Sys=0.00s Real=0.01s
[2024-10-14T19:08:04.077+0000][gc,start      ] GC(472) Pause Young (Normal) (G1 Evacuation Pause)
[2024-10-14T19:08:04.077+0000][gc,task       ] GC(472) Using 4 workers of 4 for evacuation
[2024-10-14T19:08:04.081+0000][gc,phases     ] GC(472)   Pre Evacuate Collection Set: 0.0ms
[2024-10-14T19:08:04.081+0000][gc,phases     ] GC(472)   Evacuate Collection Set: 2.7ms
[2024-10-14T19:08:04.081+0000][gc,phases     ] GC(472)   Post Evacuate Collection Set: 0.4ms
[2024-10-14T19:08:04.081+0000][gc,phases     ] GC(472)   Other: 0.2ms
[2024-10-14T19:08:04.081+0000][gc,heap       ] GC(472) Eden regions: 611->0(611)
[2024-10-14T19:08:04.081+0000][gc,heap       ] GC(472) Survivor regions: 3->3(77)
[2024-10-14T19:08:04.081+0000][gc,heap       ] GC(472) Old regions: 20->20
[2024-10-14T19:08:04.081+0000][gc,heap       ] GC(472) Humongous regions: 129->129
[2024-10-14T19:08:04.081+0000][gc,metaspace  ] GC(472) Metaspace: 46185K(49408K)->46185K(49408K) NonClass: 40274K(41984K)->40274K(41984K) Class: 5910K(7424K)->5910K(7424K)
[2024-10-14T19:08:04.081+0000][gc            ] GC(472) Pause Young (Normal) (G1 Evacuation Pause) 760M->150M(1024M) 3.410ms
[2024-10-14T19:08:04.081+0000][gc,cpu        ] GC(472) User=0.00s Sys=0.01s Real=0.00s
[2024-10-14T21:14:14.653+0000][gc,start      ] GC(473) Pause Young (Normal) (G1 Evacuation Pause)
[2024-10-14T21:14:14.653+0000][gc,task       ] GC(473) Using 4 workers of 4 for evacuation
[2024-10-14T21:14:14.657+0000][gc,phases     ] GC(473)   Pre Evacuate Collection Set: 0.0ms
[2024-10-14T21:14:14.657+0000][gc,phases     ] GC(473)   Evacuate Collection Set: 3.0ms
[2024-10-14T21:14:14.657+0000][gc,phases     ] GC(473)   Post Evacuate Collection Set: 0.4ms
[2024-10-14T21:14:14.657+0000][gc,phases     ] GC(473)   Other: 0.2ms
[2024-10-14T21:14:14.657+0000][gc,heap       ] GC(473) Eden regions: 611->0(611)
[2024-10-14T21:14:14.657+0000][gc,heap       ] GC(473) Survivor regions: 3->3(77)
[2024-10-14T21:14:14.657+0000][gc,heap       ] GC(473) Old regions: 20->20
[2024-10-14T21:14:14.657+0000][gc,heap       ] GC(473) Humongous regions: 129->129
[2024-10-14T21:14:14.657+0000][gc,metaspace  ] GC(473) Metaspace: 46185K(49408K)->46185K(49408K) NonClass: 40274K(41984K)->40274K(41984K) Class: 5910K(7424K)->5910K(7424K)
[2024-10-14T21:14:14.657+0000][gc            ] GC(473) Pause Young (Normal) (G1 Evacuation Pause) 761M->150M(1024M) 3.757ms
[2024-10-14T21:14:14.657+0000][gc,cpu        ] GC(473) User=0.01s Sys=0.00s Real=0.00s
[2024-10-14T23:20:28.901+0000][gc,start      ] GC(474) Pause Young (Normal) (G1 Evacuation Pause)
[2024-10-14T23:20:28.901+0000][gc,task       ] GC(474) Using 4 workers of 4 for evacuation
[2024-10-14T23:20:28.904+0000][gc,phases     ] GC(474)   Pre Evacuate Collection Set: 0.0ms
[2024-10-14T23:20:28.905+0000][gc,phases     ] GC(474)   Evacuate Collection Set: 2.8ms
[2024-10-14T23:20:28.905+0000][gc,phases     ] GC(474)   Post Evacuate Collection Set: 0.4ms
[2024-10-14T23:20:28.905+0000][gc,phases     ] GC(474)   Other: 0.2ms
[2024-10-14T23:20:28.905+0000][gc,heap       ] GC(474) Eden regions: 611->0(610)
[2024-10-14T23:20:28.905+0000][gc,heap       ] GC(474) Survivor regions: 3->4(77)
[2024-10-14T23:20:28.905+0000][gc,heap       ] GC(474) Old regions: 20->20
[2024-10-14T23:20:28.905+0000][gc,heap       ] GC(474) Humongous regions: 129->129
[2024-10-14T23:20:28.905+0000][gc,metaspace  ] GC(474) Metaspace: 46185K(49408K)->46185K(49408K) NonClass: 40274K(41984K)->40274K(41984K) Class: 5910K(7424K)->5910K(7424K)
[2024-10-14T23:20:28.905+0000][gc            ] GC(474) Pause Young (Normal) (G1 Evacuation Pause) 761M->150M(1024M) 3.426ms
[2024-10-14T23:20:28.905+0000][gc,cpu        ] GC(474) User=0.01s Sys=0.00s Real=0.00s
[2024-10-15T01:26:32.877+0000][gc,start      ] GC(475) Pause Young (Normal) (G1 Evacuation Pause)
[2024-10-15T01:26:32.877+0000][gc,task       ] GC(475) Using 4 workers of 4 for evacuation
[2024-10-15T01:26:32.882+0000][gc,phases     ] GC(475)   Pre Evacuate Collection Set: 0.0ms
[2024-10-15T01:26:32.882+0000][gc,phases     ] GC(475)   Evacuate Collection Set: 4.0ms
[2024-10-15T01:26:32.882+0000][gc,phases     ] GC(475)   Post Evacuate Collection Set: 0.4ms
[2024-10-15T01:26:32.882+0000][gc,phases     ] GC(475)   Other: 0.2ms
[2024-10-15T01:26:32.882+0000][gc,heap       ] GC(475) Eden regions: 610->0(610)
[2024-10-15T01:26:32.882+0000][gc,heap       ] GC(475) Survivor regions: 4->4(77)
[2024-10-15T01:26:32.882+0000][gc,heap       ] GC(475) Old regions: 20->20
[2024-10-15T01:26:32.882+0000][gc,heap       ] GC(475) Humongous regions: 129->129
[2024-10-15T01:26:32.882+0000][gc,metaspace  ] GC(475) Metaspace: 46185K(49408K)->46185K(49408K) NonClass: 40274K(41984K)->40274K(41984K) Class: 5910K(7424K)->5910K(7424K)
[2024-10-15T01:26:32.882+0000][gc            ] GC(475) Pause Young (Normal) (G1 Evacuation Pause) 760M->150M(1024M) 4.615ms
[2024-10-15T01:26:32.882+0000][gc,cpu        ] GC(475) User=0.01s Sys=0.00s Real=0.00s
[2024-10-15T03:32:10.433+0000][gc,start      ] GC(476) Pause Young (Normal) (G1 Evacuation Pause)
[2024-10-15T03:32:10.433+0000][gc,task       ] GC(476) Using 4 workers of 4 for evacuation
[2024-10-15T03:32:10.435+0000][gc,phases     ] GC(476)   Pre Evacuate Collection Set: 0.0ms
[2024-10-15T03:32:10.435+0000][gc,phases     ] GC(476)   Evacuate Collection Set: 2.0ms
[2024-10-15T03:32:10.435+0000][gc,phases     ] GC(476)   Post Evacuate Collection Set: 0.4ms
[2024-10-15T03:32:10.435+0000][gc,phases     ] GC(476)   Other: 0.2ms
[2024-10-15T03:32:10.435+0000][gc,heap       ] GC(476) Eden regions: 610->0(611)
[2024-10-15T03:32:10.435+0000][gc,heap       ] GC(476) Survivor regions: 4->3(77)
[2024-10-15T03:32:10.435+0000][gc,heap       ] GC(476) Old regions: 20->20
[2024-10-15T03:32:10.435+0000][gc,heap       ] GC(476) Humongous regions: 129->129
[2024-10-15T03:32:10.435+0000][gc,metaspace  ] GC(476) Metaspace: 46187K(49408K)->46187K(49408K) NonClass: 40276K(41984K)->40276K(41984K) Class: 5910K(7424K)->5910K(7424K)
[2024-10-15T03:32:10.435+0000][gc            ] GC(476) Pause Young (Normal) (G1 Evacuation Pause) 760M->149M(1024M) 2.588ms
[2024-10-15T03:32:10.435+0000][gc,cpu        ] GC(476) User=0.01s Sys=0.00s Real=0.00s
[2024-10-15T05:38:11.554+0000][gc,start      ] GC(477) Pause Young (Normal) (G1 Evacuation Pause)
[2024-10-15T05:38:11.554+0000][gc,task       ] GC(477) Using 4 workers of 4 for evacuation
[2024-10-15T05:38:11.556+0000][gc,phases     ] GC(477)   Pre Evacuate Collection Set: 0.0ms
[2024-10-15T05:38:11.556+0000][gc,phases     ] GC(477)   Evacuate Collection Set: 1.8ms
[2024-10-15T05:38:11.556+0000][gc,phases     ] GC(477)   Post Evacuate Collection Set: 0.3ms
[2024-10-15T05:38:11.556+0000][gc,phases     ] GC(477)   Other: 0.2ms
[2024-10-15T05:38:11.556+0000][gc,heap       ] GC(477) Eden regions: 611->0(611)
[2024-10-15T05:38:11.556+0000][gc,heap       ] GC(477) Survivor regions: 3->3(77)
[2024-10-15T05:38:11.556+0000][gc,heap       ] GC(477) Old regions: 20->20
[2024-10-15T05:38:11.556+0000][gc,heap       ] GC(477) Humongous regions: 129->129
[2024-10-15T05:38:11.556+0000][gc,metaspace  ] GC(477) Metaspace: 46187K(49408K)->46187K(49408K) NonClass: 40276K(41984K)->40276K(41984K) Class: 5910K(7424K)->5910K(7424K)
[2024-10-15T05:38:11.556+0000][gc            ] GC(477) Pause Young (Normal) (G1 Evacuation Pause) 760M->149M(1024M) 2.405ms
[2024-10-15T05:38:11.556+0000][gc,cpu        ] GC(477) User=0.01s Sys=0.00s Real=0.00s
[2024-10-15T07:44:34.142+0000][gc,start      ] GC(478) Pause Young (Normal) (G1 Evacuation Pause)
[2024-10-15T07:44:34.142+0000][gc,task       ] GC(478) Using 4 workers of 4 for evacuation
[2024-10-15T07:44:34.145+0000][gc,phases     ] GC(478)   Pre Evacuate Collection Set: 0.0ms
[2024-10-15T07:44:34.145+0000][gc,phases     ] GC(478)   Evacuate Collection Set: 2.9ms
[2024-10-15T07:44:34.145+0000][gc,phases     ] GC(478)   Post Evacuate Collection Set: 0.4ms
[2024-10-15T07:44:34.145+0000][gc,phases     ] GC(478)   Other: 0.2ms
[2024-10-15T07:44:34.145+0000][gc,heap       ] GC(478) Eden regions: 611->0(611)
[2024-10-15T07:44:34.145+0000][gc,heap       ] GC(478) Survivor regions: 3->3(77)
[2024-10-15T07:44:34.145+0000][gc,heap       ] GC(478) Old regions: 20->20
[2024-10-15T07:44:34.145+0000][gc,heap       ] GC(478) Humongous regions: 178->129
[2024-10-15T07:44:34.145+0000][gc,metaspace  ] GC(478) Metaspace: 46187K(49408K)->46187K(49408K) NonClass: 40276K(41984K)->40276K(41984K) Class: 5910K(7424K)->5910K(7424K)
[2024-10-15T07:44:34.145+0000][gc            ] GC(478) Pause Young (Normal) (G1 Evacuation Pause) 809M->150M(1024M) 3.576ms
[2024-10-15T07:44:34.145+0000][gc,cpu        ] GC(478) User=0.01s Sys=0.01s Real=0.00s
[2024-10-15T09:50:45.873+0000][gc,start      ] GC(479) Pause Young (Normal) (G1 Evacuation Pause)
[2024-10-15T09:50:45.873+0000][gc,task       ] GC(479) Using 4 workers of 4 for evacuation
[2024-10-15T09:50:45.877+0000][gc,phases     ] GC(479)   Pre Evacuate Collection Set: 0.0ms
[2024-10-15T09:50:45.877+0000][gc,phases     ] GC(479)   Evacuate Collection Set: 3.1ms
[2024-10-15T09:50:45.877+0000][gc,phases     ] GC(479)   Post Evacuate Collection Set: 0.4ms
[2024-10-15T09:50:45.877+0000][gc,phases     ] GC(479)   Other: 0.2ms
[2024-10-15T09:50:45.877+0000][gc,heap       ] GC(479) Eden regions: 611->0(611)
[2024-10-15T09:50:45.877+0000][gc,heap       ] GC(479) Survivor regions: 3->3(77)
[2024-10-15T09:50:45.877+0000][gc,heap       ] GC(479) Old regions: 20->20
[2024-10-15T09:50:45.877+0000][gc,heap       ] GC(479) Humongous regions: 129->129
[2024-10-15T09:50:45.877+0000][gc,metaspace  ] GC(479) Metaspace: 46187K(49408K)->46187K(49408K) NonClass: 40276K(41984K)->40276K(41984K) Class: 5910K(7424K)->5910K(7424K)
[2024-10-15T09:50:45.877+0000][gc            ] GC(479) Pause Young (Normal) (G1 Evacuation Pause) 761M->150M(1024M) 3.781ms
[2024-10-15T09:50:45.877+0000][gc,cpu        ] GC(479) User=0.01s Sys=0.00s Real=0.00s
[2024-10-15T11:56:53.885+0000][gc,start      ] GC(480) Pause Young (Normal) (G1 Evacuation Pause)
[2024-10-15T11:56:53.885+0000][gc,task       ] GC(480) Using 4 workers of 4 for evacuation
[2024-10-15T11:56:53.889+0000][gc,phases     ] GC(480)   Pre Evacuate Collection Set: 0.0ms
[2024-10-15T11:56:53.889+0000][gc,phases     ] GC(480)   Evacuate Collection Set: 3.8ms
[2024-10-15T11:56:53.889+0000][gc,phases     ] GC(480)   Post Evacuate Collection Set: 0.5ms
[2024-10-15T11:56:53.889+0000][gc,phases     ] GC(480)   Other: 0.2ms
[2024-10-15T11:56:53.889+0000][gc,heap       ] GC(480) Eden regions: 611->0(610)
[2024-10-15T11:56:53.889+0000][gc,heap       ] GC(480) Survivor regions: 3->4(77)
[2024-10-15T11:56:53.889+0000][gc,heap       ] GC(480) Old regions: 20->20
[2024-10-15T11:56:53.889+0000][gc,heap       ] GC(480) Humongous regions: 129->129
[2024-10-15T11:56:53.889+0000][gc,metaspace  ] GC(480) Metaspace: 46187K(49408K)->46187K(49408K) NonClass: 40276K(41984K)->40276K(41984K) Class: 5910K(7424K)->5910K(7424K)
[2024-10-15T11:56:53.889+0000][gc            ] GC(480) Pause Young (Normal) (G1 Evacuation Pause) 761M->150M(1024M) 4.547ms
[2024-10-15T11:56:53.889+0000][gc,cpu        ] GC(480) User=0.01s Sys=0.00s Real=0.01s
[2024-10-15T14:02:50.347+0000][gc,start      ] GC(481) Pause Young (Normal) (G1 Evacuation Pause)
[2024-10-15T14:02:50.347+0000][gc,task       ] GC(481) Using 4 workers of 4 for evacuation
[2024-10-15T14:02:50.351+0000][gc,phases     ] GC(481)   Pre Evacuate Collection Set: 0.0ms
[2024-10-15T14:02:50.351+0000][gc,phases     ] GC(481)   Evacuate Collection Set: 3.0ms
[2024-10-15T14:02:50.351+0000][gc,phases     ] GC(481)   Post Evacuate Collection Set: 0.4ms
[2024-10-15T14:02:50.351+0000][gc,phases     ] GC(481)   Other: 0.2ms
[2024-10-15T14:02:50.351+0000][gc,heap       ] GC(481) Eden regions: 610->0(610)
[2024-10-15T14:02:50.351+0000][gc,heap       ] GC(481) Survivor regions: 4->4(77)
[2024-10-15T14:02:50.351+0000][gc,heap       ] GC(481) Old regions: 20->20
[2024-10-15T14:02:50.351+0000][gc,heap       ] GC(481) Humongous regions: 129->129
[2024-10-15T14:02:50.351+0000][gc,metaspace  ] GC(481) Metaspace: 46187K(49408K)->46187K(49408K) NonClass: 40276K(41984K)->40276K(41984K) Class: 5910K(7424K)->5910K(7424K)
[2024-10-15T14:02:50.351+0000][gc            ] GC(481) Pause Young (Normal) (G1 Evacuation Pause) 760M->150M(1024M) 3.564ms
[2024-10-15T14:02:50.351+0000][gc,cpu        ] GC(481) User=0.01s Sys=0.00s Real=0.01s
[2024-10-15T16:08:50.504+0000][gc,start      ] GC(482) Pause Young (Normal) (G1 Evacuation Pause)
[2024-10-15T16:08:50.504+0000][gc,task       ] GC(482) Using 4 workers of 4 for evacuation
[2024-10-15T16:08:50.506+0000][gc,phases     ] GC(482)   Pre Evacuate Collection Set: 0.0ms
[2024-10-15T16:08:50.506+0000][gc,phases     ] GC(482)   Evacuate Collection Set: 2.2ms
[2024-10-15T16:08:50.506+0000][gc,phases     ] GC(482)   Post Evacuate Collection Set: 0.4ms
[2024-10-15T16:08:50.506+0000][gc,phases     ] GC(482)   Other: 0.2ms
[2024-10-15T16:08:50.506+0000][gc,heap       ] GC(482) Eden regions: 610->0(611)
[2024-10-15T16:08:50.506+0000][gc,heap       ] GC(482) Survivor regions: 4->3(77)
[2024-10-15T16:08:50.506+0000][gc,heap       ] GC(482) Old regions: 20->20
[2024-10-15T16:08:50.506+0000][gc,heap       ] GC(482) Humongous regions: 129->129
[2024-10-15T16:08:50.506+0000][gc,metaspace  ] GC(482) Metaspace: 46187K(49408K)->46187K(49408K) NonClass: 40276K(41984K)->40276K(41984K) Class: 5910K(7424K)->5910K(7424K)
[2024-10-15T16:08:50.506+0000][gc            ] GC(482) Pause Young (Normal) (G1 Evacuation Pause) 760M->149M(1024M) 2.850ms
[2024-10-15T16:08:50.506+0000][gc,cpu        ] GC(482) User=0.01s Sys=0.00s Real=0.00s
[2024-10-15T18:15:10.510+0000][gc,start      ] GC(483) Pause Young (Normal) (G1 Evacuation Pause)
[2024-10-15T18:15:10.510+0000][gc,task       ] GC(483) Using 4 workers of 4 for evacuation
[2024-10-15T18:15:10.513+0000][gc,phases     ] GC(483)   Pre Evacuate Collection Set: 0.0ms
[2024-10-15T18:15:10.513+0000][gc,phases     ] GC(483)   Evacuate Collection Set: 3.0ms
[2024-10-15T18:15:10.513+0000][gc,phases     ] GC(483)   Post Evacuate Collection Set: 0.3ms
[2024-10-15T18:15:10.513+0000][gc,phases     ] GC(483)   Other: 0.2ms
[2024-10-15T18:15:10.513+0000][gc,heap       ] GC(483) Eden regions: 611->0(611)
[2024-10-15T18:15:10.513+0000][gc,heap       ] GC(483) Survivor regions: 3->3(77)
[2024-10-15T18:15:10.514+0000][gc,heap       ] GC(483) Old regions: 20->20
[2024-10-15T18:15:10.514+0000][gc,heap       ] GC(483) Humongous regions: 129->129
[2024-10-15T18:15:10.514+0000][gc,metaspace  ] GC(483) Metaspace: 46187K(49408K)->46187K(49408K) NonClass: 40276K(41984K)->40276K(41984K) Class: 5910K(7424K)->5910K(7424K)
[2024-10-15T18:15:10.514+0000][gc            ] GC(483) Pause Young (Normal) (G1 Evacuation Pause) 760M->150M(1024M) 3.526ms
[2024-10-15T18:15:10.514+0000][gc,cpu        ] GC(483) User=0.01s Sys=0.01s Real=0.00s
[2024-10-15T20:21:28.438+0000][gc,start      ] GC(484) Pause Young (Normal) (G1 Evacuation Pause)
[2024-10-15T20:21:28.438+0000][gc,task       ] GC(484) Using 4 workers of 4 for evacuation
[2024-10-15T20:21:28.441+0000][gc,phases     ] GC(484)   Pre Evacuate Collection Set: 0.0ms
[2024-10-15T20:21:28.441+0000][gc,phases     ] GC(484)   Evacuate Collection Set: 2.3ms
[2024-10-15T20:21:28.441+0000][gc,phases     ] GC(484)   Post Evacuate Collection Set: 0.4ms
[2024-10-15T20:21:28.441+0000][gc,phases     ] GC(484)   Other: 0.2ms
[2024-10-15T20:21:28.441+0000][gc,heap       ] GC(484) Eden regions: 611->0(611)
[2024-10-15T20:21:28.441+0000][gc,heap       ] GC(484) Survivor regions: 3->3(77)
[2024-10-15T20:21:28.441+0000][gc,heap       ] GC(484) Old regions: 20->20
[2024-10-15T20:21:28.441+0000][gc,heap       ] GC(484) Humongous regions: 129->129
[2024-10-15T20:21:28.441+0000][gc,metaspace  ] GC(484) Metaspace: 46187K(49408K)->46187K(49408K) NonClass: 40276K(41984K)->40276K(41984K) Class: 5910K(7424K)->5910K(7424K)
[2024-10-15T20:21:28.441+0000][gc            ] GC(484) Pause Young (Normal) (G1 Evacuation Pause) 761M->150M(1024M) 2.862ms
[2024-10-15T20:21:28.441+0000][gc,cpu        ] GC(484) User=0.00s Sys=0.00s Real=0.00s
[2024-10-15T22:27:37.260+0000][gc,start      ] GC(485) Pause Young (Normal) (G1 Evacuation Pause)
[2024-10-15T22:27:37.260+0000][gc,task       ] GC(485) Using 4 workers of 4 for evacuation
[2024-10-15T22:27:37.264+0000][gc,phases     ] GC(485)   Pre Evacuate Collection Set: 0.0ms
[2024-10-15T22:27:37.264+0000][gc,phases     ] GC(485)   Evacuate Collection Set: 2.7ms
[2024-10-15T22:27:37.264+0000][gc,phases     ] GC(485)   Post Evacuate Collection Set: 0.4ms
[2024-10-15T22:27:37.264+0000][gc,phases     ] GC(485)   Other: 0.2ms
[2024-10-15T22:27:37.264+0000][gc,heap       ] GC(485) Eden regions: 611->0(610)
[2024-10-15T22:27:37.264+0000][gc,heap       ] GC(485) Survivor regions: 3->4(77)
[2024-10-15T22:27:37.264+0000][gc,heap       ] GC(485) Old regions: 20->20
[2024-10-15T22:27:37.264+0000][gc,heap       ] GC(485) Humongous regions: 129->129
[2024-10-15T22:27:37.264+0000][gc,metaspace  ] GC(485) Metaspace: 46187K(49408K)->46187K(49408K) NonClass: 40276K(41984K)->40276K(41984K) Class: 5910K(7424K)->5910K(7424K)
[2024-10-15T22:27:37.264+0000][gc            ] GC(485) Pause Young (Normal) (G1 Evacuation Pause) 761M->150M(1024M) 3.230ms
[2024-10-15T22:27:37.264+0000][gc,cpu        ] GC(485) User=0.01s Sys=0.00s Real=0.00s
[2024-10-16T00:33:45.728+0000][gc,start      ] GC(486) Pause Young (Normal) (G1 Evacuation Pause)
[2024-10-16T00:33:45.728+0000][gc,task       ] GC(486) Using 4 workers of 4 for evacuation
[2024-10-16T00:33:45.732+0000][gc,phases     ] GC(486)   Pre Evacuate Collection Set: 0.0ms
[2024-10-16T00:33:45.732+0000][gc,phases     ] GC(486)   Evacuate Collection Set: 3.3ms
[2024-10-16T00:33:45.732+0000][gc,phases     ] GC(486)   Post Evacuate Collection Set: 0.5ms
[2024-10-16T00:33:45.732+0000][gc,phases     ] GC(486)   Other: 0.2ms
[2024-10-16T00:33:45.732+0000][gc,heap       ] GC(486) Eden regions: 610->0(610)
[2024-10-16T00:33:45.732+0000][gc,heap       ] GC(486) Survivor regions: 4->4(77)
[2024-10-16T00:33:45.732+0000][gc,heap       ] GC(486) Old regions: 20->20
[2024-10-16T00:33:45.732+0000][gc,heap       ] GC(486) Humongous regions: 129->129
[2024-10-16T00:33:45.732+0000][gc,metaspace  ] GC(486) Metaspace: 46187K(49408K)->46187K(49408K) NonClass: 40276K(41984K)->40276K(41984K) Class: 5910K(7424K)->5910K(7424K)
[2024-10-16T00:33:45.732+0000][gc            ] GC(486) Pause Young (Normal) (G1 Evacuation Pause) 760M->150M(1024M) 4.014ms
[2024-10-16T00:33:45.732+0000][gc,cpu        ] GC(486) User=0.01s Sys=0.00s Real=0.01s
[2024-10-16T02:39:44.615+0000][gc,start      ] GC(487) Pause Young (Normal) (G1 Evacuation Pause)
[2024-10-16T02:39:44.615+0000][gc,task       ] GC(487) Using 4 workers of 4 for evacuation
[2024-10-16T02:39:44.618+0000][gc,phases     ] GC(487)   Pre Evacuate Collection Set: 0.0ms
[2024-10-16T02:39:44.618+0000][gc,phases     ] GC(487)   Evacuate Collection Set: 2.6ms
[2024-10-16T02:39:44.618+0000][gc,phases     ] GC(487)   Post Evacuate Collection Set: 0.4ms
[2024-10-16T02:39:44.618+0000][gc,phases     ] GC(487)   Other: 0.2ms
[2024-10-16T02:39:44.618+0000][gc,heap       ] GC(487) Eden regions: 610->0(610)
[2024-10-16T02:39:44.618+0000][gc,heap       ] GC(487) Survivor regions: 4->4(77)
[2024-10-16T02:39:44.618+0000][gc,heap       ] GC(487) Old regions: 20->20
[2024-10-16T02:39:44.618+0000][gc,heap       ] GC(487) Humongous regions: 129->129
[2024-10-16T02:39:44.618+0000][gc,metaspace  ] GC(487) Metaspace: 46187K(49408K)->46187K(49408K) NonClass: 40276K(41984K)->40276K(41984K) Class: 5910K(7424K)->5910K(7424K)
[2024-10-16T02:39:44.618+0000][gc            ] GC(487) Pause Young (Normal) (G1 Evacuation Pause) 760M->150M(1024M) 3.259ms
[2024-10-16T02:39:44.618+0000][gc,cpu        ] GC(487) User=0.01s Sys=0.00s Real=0.01s
[2024-10-16T04:45:29.011+0000][gc,start      ] GC(488) Pause Young (Normal) (G1 Evacuation Pause)
[2024-10-16T04:45:29.011+0000][gc,task       ] GC(488) Using 4 workers of 4 for evacuation
[2024-10-16T04:45:29.014+0000][gc,phases     ] GC(488)   Pre Evacuate Collection Set: 0.0ms
[2024-10-16T04:45:29.014+0000][gc,phases     ] GC(488)   Evacuate Collection Set: 3.0ms
[2024-10-16T04:45:29.014+0000][gc,phases     ] GC(488)   Post Evacuate Collection Set: 0.3ms
[2024-10-16T04:45:29.014+0000][gc,phases     ] GC(488)   Other: 0.2ms
[2024-10-16T04:45:29.014+0000][gc,heap       ] GC(488) Eden regions: 610->0(610)
[2024-10-16T04:45:29.014+0000][gc,heap       ] GC(488) Survivor regions: 4->4(77)
[2024-10-16T04:45:29.014+0000][gc,heap       ] GC(488) Old regions: 20->20
[2024-10-16T04:45:29.014+0000][gc,heap       ] GC(488) Humongous regions: 129->129
[2024-10-16T04:45:29.014+0000][gc,metaspace  ] GC(488) Metaspace: 46187K(49408K)->46187K(49408K) NonClass: 40276K(41984K)->40276K(41984K) Class: 5910K(7424K)->5910K(7424K)
[2024-10-16T04:45:29.014+0000][gc            ] GC(488) Pause Young (Normal) (G1 Evacuation Pause) 760M->151M(1024M) 3.572ms
[2024-10-16T04:45:29.014+0000][gc,cpu        ] GC(488) User=0.01s Sys=0.00s Real=0.00s
[2024-10-16T06:51:25.831+0000][gc,start      ] GC(489) Pause Young (Normal) (G1 Evacuation Pause)
[2024-10-16T06:51:25.831+0000][gc,task       ] GC(489) Using 4 workers of 4 for evacuation
[2024-10-16T06:51:25.834+0000][gc,phases     ] GC(489)   Pre Evacuate Collection Set: 0.0ms
[2024-10-16T06:51:25.834+0000][gc,phases     ] GC(489)   Evacuate Collection Set: 2.4ms
[2024-10-16T06:51:25.834+0000][gc,phases     ] GC(489)   Post Evacuate Collection Set: 0.4ms
[2024-10-16T06:51:25.834+0000][gc,phases     ] GC(489)   Other: 0.2ms
[2024-10-16T06:51:25.834+0000][gc,heap       ] GC(489) Eden regions: 610->0(611)
[2024-10-16T06:51:25.834+0000][gc,heap       ] GC(489) Survivor regions: 4->3(77)
[2024-10-16T06:51:25.834+0000][gc,heap       ] GC(489) Old regions: 20->20
[2024-10-16T06:51:25.834+0000][gc,heap       ] GC(489) Humongous regions: 129->129
[2024-10-16T06:51:25.834+0000][gc,metaspace  ] GC(489) Metaspace: 46187K(49408K)->46187K(49408K) NonClass: 40276K(41984K)->40276K(41984K) Class: 5910K(7424K)->5910K(7424K)
[2024-10-16T06:51:25.834+0000][gc            ] GC(489) Pause Young (Normal) (G1 Evacuation Pause) 761M->149M(1024M) 2.984ms
[2024-10-16T06:51:25.834+0000][gc,cpu        ] GC(489) User=0.01s Sys=0.00s Real=0.00s
[2024-10-16T08:57:41.128+0000][gc,start      ] GC(490) Pause Young (Normal) (G1 Evacuation Pause)
[2024-10-16T08:57:41.128+0000][gc,task       ] GC(490) Using 4 workers of 4 for evacuation
[2024-10-16T08:57:41.131+0000][gc,phases     ] GC(490)   Pre Evacuate Collection Set: 0.0ms
[2024-10-16T08:57:41.131+0000][gc,phases     ] GC(490)   Evacuate Collection Set: 2.5ms
[2024-10-16T08:57:41.131+0000][gc,phases     ] GC(490)   Post Evacuate Collection Set: 0.4ms
[2024-10-16T08:57:41.131+0000][gc,phases     ] GC(490)   Other: 0.2ms
[2024-10-16T08:57:41.131+0000][gc,heap       ] GC(490) Eden regions: 611->0(611)
[2024-10-16T08:57:41.131+0000][gc,heap       ] GC(490) Survivor regions: 3->3(77)
[2024-10-16T08:57:41.131+0000][gc,heap       ] GC(490) Old regions: 20->20
[2024-10-16T08:57:41.131+0000][gc,heap       ] GC(490) Humongous regions: 178->129
[2024-10-16T08:57:41.131+0000][gc,metaspace  ] GC(490) Metaspace: 46187K(49408K)->46187K(49408K) NonClass: 40276K(41984K)->40276K(41984K) Class: 5910K(7424K)->5910K(7424K)
[2024-10-16T08:57:41.131+0000][gc            ] GC(490) Pause Young (Normal) (G1 Evacuation Pause) 809M->150M(1024M) 3.200ms
[2024-10-16T08:57:41.131+0000][gc,cpu        ] GC(490) User=0.01s Sys=0.00s Real=0.01s
[2024-10-16T11:03:44.011+0000][gc,start      ] GC(491) Pause Young (Normal) (G1 Evacuation Pause)
[2024-10-16T11:03:44.011+0000][gc,task       ] GC(491) Using 4 workers of 4 for evacuation
[2024-10-16T11:03:44.013+0000][gc,phases     ] GC(491)   Pre Evacuate Collection Set: 0.0ms
[2024-10-16T11:03:44.013+0000][gc,phases     ] GC(491)   Evacuate Collection Set: 2.2ms
[2024-10-16T11:03:44.013+0000][gc,phases     ] GC(491)   Post Evacuate Collection Set: 0.4ms
[2024-10-16T11:03:44.013+0000][gc,phases     ] GC(491)   Other: 0.2ms
[2024-10-16T11:03:44.013+0000][gc,heap       ] GC(491) Eden regions: 611->0(611)
[2024-10-16T11:03:44.013+0000][gc,heap       ] GC(491) Survivor regions: 3->3(77)
[2024-10-16T11:03:44.013+0000][gc,heap       ] GC(491) Old regions: 20->20
[2024-10-16T11:03:44.013+0000][gc,heap       ] GC(491) Humongous regions: 129->129
[2024-10-16T11:03:44.013+0000][gc,metaspace  ] GC(491) Metaspace: 46187K(49408K)->46187K(49408K) NonClass: 40276K(41984K)->40276K(41984K) Class: 5910K(7424K)->5910K(7424K)
[2024-10-16T11:03:44.014+0000][gc            ] GC(491) Pause Young (Normal) (G1 Evacuation Pause) 761M->150M(1024M) 2.776ms
[2024-10-16T11:03:44.014+0000][gc,cpu        ] GC(491) User=0.00s Sys=0.01s Real=0.00s
[2024-10-16T13:10:08.108+0000][gc,start      ] GC(492) Pause Young (Normal) (G1 Evacuation Pause)
[2024-10-16T13:10:08.108+0000][gc,task       ] GC(492) Using 4 workers of 4 for evacuation
[2024-10-16T13:10:08.112+0000][gc,phases     ] GC(492)   Pre Evacuate Collection Set: 0.0ms
[2024-10-16T13:10:08.112+0000][gc,phases     ] GC(492)   Evacuate Collection Set: 3.3ms
[2024-10-16T13:10:08.112+0000][gc,phases     ] GC(492)   Post Evacuate Collection Set: 0.4ms
[2024-10-16T13:10:08.112+0000][gc,phases     ] GC(492)   Other: 0.2ms
[2024-10-16T13:10:08.112+0000][gc,heap       ] GC(492) Eden regions: 611->0(610)
[2024-10-16T13:10:08.112+0000][gc,heap       ] GC(492) Survivor regions: 3->4(77)
[2024-10-16T13:10:08.112+0000][gc,heap       ] GC(492) Old regions: 20->20
[2024-10-16T13:10:08.112+0000][gc,heap       ] GC(492) Humongous regions: 129->129
[2024-10-16T13:10:08.112+0000][gc,metaspace  ] GC(492) Metaspace: 46187K(49408K)->46187K(49408K) NonClass: 40276K(41984K)->40276K(41984K) Class: 5910K(7424K)->5910K(7424K)
[2024-10-16T13:10:08.112+0000][gc            ] GC(492) Pause Young (Normal) (G1 Evacuation Pause) 761M->150M(1024M) 3.987ms
[2024-10-16T13:10:08.112+0000][gc,cpu        ] GC(492) User=0.01s Sys=0.00s Real=0.01s
[2024-10-16T15:15:57.684+0000][gc,start      ] GC(493) Pause Young (Normal) (G1 Evacuation Pause)
[2024-10-16T15:15:57.684+0000][gc,task       ] GC(493) Using 4 workers of 4 for evacuation
[2024-10-16T15:15:57.690+0000][gc,phases     ] GC(493)   Pre Evacuate Collection Set: 0.0ms
[2024-10-16T15:15:57.690+0000][gc,phases     ] GC(493)   Evacuate Collection Set: 4.9ms
[2024-10-16T15:15:57.690+0000][gc,phases     ] GC(493)   Post Evacuate Collection Set: 0.5ms
[2024-10-16T15:15:57.690+0000][gc,phases     ] GC(493)   Other: 0.2ms
[2024-10-16T15:15:57.690+0000][gc,heap       ] GC(493) Eden regions: 610->0(610)
[2024-10-16T15:15:57.690+0000][gc,heap       ] GC(493) Survivor regions: 4->4(77)
[2024-10-16T15:15:57.690+0000][gc,heap       ] GC(493) Old regions: 20->20
[2024-10-16T15:15:57.690+0000][gc,heap       ] GC(493) Humongous regions: 129->129
[2024-10-16T15:15:57.690+0000][gc,metaspace  ] GC(493) Metaspace: 46187K(49408K)->46187K(49408K) NonClass: 40276K(41984K)->40276K(41984K) Class: 5910K(7424K)->5910K(7424K)
[2024-10-16T15:15:57.690+0000][gc            ] GC(493) Pause Young (Normal) (G1 Evacuation Pause) 760M->150M(1024M) 5.691ms
[2024-10-16T15:15:57.690+0000][gc,cpu        ] GC(493) User=0.01s Sys=0.01s Real=0.01s
[2024-10-16T17:22:07.702+0000][gc,start      ] GC(494) Pause Young (Normal) (G1 Evacuation Pause)
[2024-10-16T17:22:07.702+0000][gc,task       ] GC(494) Using 4 workers of 4 for evacuation
[2024-10-16T17:22:07.705+0000][gc,phases     ] GC(494)   Pre Evacuate Collection Set: 0.0ms
[2024-10-16T17:22:07.705+0000][gc,phases     ] GC(494)   Evacuate Collection Set: 2.5ms
[2024-10-16T17:22:07.705+0000][gc,phases     ] GC(494)   Post Evacuate Collection Set: 0.5ms
[2024-10-16T17:22:07.705+0000][gc,phases     ] GC(494)   Other: 0.3ms
[2024-10-16T17:22:07.705+0000][gc,heap       ] GC(494) Eden regions: 610->0(611)
[2024-10-16T17:22:07.705+0000][gc,heap       ] GC(494) Survivor regions: 4->3(77)
[2024-10-16T17:22:07.705+0000][gc,heap       ] GC(494) Old regions: 20->20
[2024-10-16T17:22:07.705+0000][gc,heap       ] GC(494) Humongous regions: 129->129
[2024-10-16T17:22:07.705+0000][gc,metaspace  ] GC(494) Metaspace: 46187K(49408K)->46187K(49408K) NonClass: 40276K(41984K)->40276K(41984K) Class: 5910K(7424K)->5910K(7424K)
[2024-10-16T17:22:07.705+0000][gc            ] GC(494) Pause Young (Normal) (G1 Evacuation Pause) 760M->149M(1024M) 3.318ms
[2024-10-16T17:22:07.705+0000][gc,cpu        ] GC(494) User=0.01s Sys=0.00s Real=0.00s
[2024-10-16T19:28:07.761+0000][gc,start      ] GC(495) Pause Young (Normal) (G1 Evacuation Pause)
[2024-10-16T19:28:07.761+0000][gc,task       ] GC(495) Using 4 workers of 4 for evacuation
[2024-10-16T19:28:07.764+0000][gc,phases     ] GC(495)   Pre Evacuate Collection Set: 0.0ms
[2024-10-16T19:28:07.764+0000][gc,phases     ] GC(495)   Evacuate Collection Set: 2.3ms
[2024-10-16T19:28:07.764+0000][gc,phases     ] GC(495)   Post Evacuate Collection Set: 0.5ms
[2024-10-16T19:28:07.764+0000][gc,phases     ] GC(495)   Other: 0.2ms
[2024-10-16T19:28:07.764+0000][gc,heap       ] GC(495) Eden regions: 611->0(611)
[2024-10-16T19:28:07.764+0000][gc,heap       ] GC(495) Survivor regions: 3->3(77)
[2024-10-16T19:28:07.764+0000][gc,heap       ] GC(495) Old regions: 20->20
[2024-10-16T19:28:07.764+0000][gc,heap       ] GC(495) Humongous regions: 129->129
[2024-10-16T19:28:07.764+0000][gc,metaspace  ] GC(495) Metaspace: 46187K(49408K)->46187K(49408K) NonClass: 40276K(41984K)->40276K(41984K) Class: 5910K(7424K)->5910K(7424K)
[2024-10-16T19:28:07.764+0000][gc            ] GC(495) Pause Young (Normal) (G1 Evacuation Pause) 760M->149M(1024M) 3.074ms
[2024-10-16T19:28:07.764+0000][gc,cpu        ] GC(495) User=0.01s Sys=0.00s Real=0.00s
[2024-10-16T21:33:49.011+0000][gc,start      ] GC(496) Pause Young (Normal) (G1 Evacuation Pause)
[2024-10-16T21:33:49.011+0000][gc,task       ] GC(496) Using 4 workers of 4 for evacuation
[2024-10-16T21:33:49.014+0000][gc,phases     ] GC(496)   Pre Evacuate Collection Set: 0.0ms
[2024-10-16T21:33:49.015+0000][gc,phases     ] GC(496)   Evacuate Collection Set: 3.2ms
[2024-10-16T21:33:49.015+0000][gc,phases     ] GC(496)   Post Evacuate Collection Set: 0.4ms
[2024-10-16T21:33:49.015+0000][gc,phases     ] GC(496)   Other: 0.2ms
[2024-10-16T21:33:49.015+0000][gc,heap       ] GC(496) Eden regions: 611->0(611)
[2024-10-16T21:33:49.015+0000][gc,heap       ] GC(496) Survivor regions: 3->3(77)
[2024-10-16T21:33:49.015+0000][gc,heap       ] GC(496) Old regions: 20->20
[2024-10-16T21:33:49.015+0000][gc,heap       ] GC(496) Humongous regions: 129->129
[2024-10-16T21:33:49.015+0000][gc,metaspace  ] GC(496) Metaspace: 46187K(49408K)->46187K(49408K) NonClass: 40276K(41984K)->40276K(41984K) Class: 5910K(7424K)->5910K(7424K)
[2024-10-16T21:33:49.015+0000][gc            ] GC(496) Pause Young (Normal) (G1 Evacuation Pause) 760M->150M(1024M) 3.856ms
[2024-10-16T21:33:49.015+0000][gc,cpu        ] GC(496) User=0.00s Sys=0.00s Real=0.00s
[2024-10-16T23:40:02.070+0000][gc,start      ] GC(497) Pause Young (Normal) (G1 Evacuation Pause)
[2024-10-16T23:40:02.070+0000][gc,task       ] GC(497) Using 4 workers of 4 for evacuation
[2024-10-16T23:40:02.073+0000][gc,phases     ] GC(497)   Pre Evacuate Collection Set: 0.0ms
[2024-10-16T23:40:02.073+0000][gc,phases     ] GC(497)   Evacuate Collection Set: 2.4ms
[2024-10-16T23:40:02.073+0000][gc,phases     ] GC(497)   Post Evacuate Collection Set: 0.4ms
[2024-10-16T23:40:02.073+0000][gc,phases     ] GC(497)   Other: 0.2ms
[2024-10-16T23:40:02.073+0000][gc,heap       ] GC(497) Eden regions: 611->0(611)
[2024-10-16T23:40:02.073+0000][gc,heap       ] GC(497) Survivor regions: 3->3(77)
[2024-10-16T23:40:02.073+0000][gc,heap       ] GC(497) Old regions: 20->20
[2024-10-16T23:40:02.073+0000][gc,heap       ] GC(497) Humongous regions: 129->129
[2024-10-16T23:40:02.073+0000][gc,metaspace  ] GC(497) Metaspace: 46187K(49408K)->46187K(49408K) NonClass: 40276K(41984K)->40276K(41984K) Class: 5910K(7424K)->5910K(7424K)
[2024-10-16T23:40:02.073+0000][gc            ] GC(497) Pause Young (Normal) (G1 Evacuation Pause) 761M->150M(1024M) 3.139ms
[2024-10-16T23:40:02.073+0000][gc,cpu        ] GC(497) User=0.00s Sys=0.00s Real=0.00s
[2024-10-17T01:46:16.031+0000][gc,start      ] GC(498) Pause Young (Normal) (G1 Evacuation Pause)
[2024-10-17T01:46:16.031+0000][gc,task       ] GC(498) Using 4 workers of 4 for evacuation
[2024-10-17T01:46:16.035+0000][gc,phases     ] GC(498)   Pre Evacuate Collection Set: 0.0ms
[2024-10-17T01:46:16.035+0000][gc,phases     ] GC(498)   Evacuate Collection Set: 3.2ms
[2024-10-17T01:46:16.035+0000][gc,phases     ] GC(498)   Post Evacuate Collection Set: 0.4ms
[2024-10-17T01:46:16.035+0000][gc,phases     ] GC(498)   Other: 0.2ms
[2024-10-17T01:46:16.035+0000][gc,heap       ] GC(498) Eden regions: 611->0(611)
[2024-10-17T01:46:16.035+0000][gc,heap       ] GC(498) Survivor regions: 3->3(77)
[2024-10-17T01:46:16.035+0000][gc,heap       ] GC(498) Old regions: 20->20
[2024-10-17T01:46:16.035+0000][gc,heap       ] GC(498) Humongous regions: 129->129
[2024-10-17T01:46:16.035+0000][gc,metaspace  ] GC(498) Metaspace: 46187K(49408K)->46187K(49408K) NonClass: 40276K(41984K)->40276K(41984K) Class: 5910K(7424K)->5910K(7424K)
[2024-10-17T01:46:16.035+0000][gc            ] GC(498) Pause Young (Normal) (G1 Evacuation Pause) 761M->150M(1024M) 3.808ms
[2024-10-17T01:46:16.035+0000][gc,cpu        ] GC(498) User=0.01s Sys=0.00s Real=0.00s
[2024-10-17T03:52:33.827+0000][gc,start      ] GC(499) Pause Young (Normal) (G1 Evacuation Pause)
[2024-10-17T03:52:33.827+0000][gc,task       ] GC(499) Using 4 workers of 4 for evacuation
[2024-10-17T03:52:33.830+0000][gc,phases     ] GC(499)   Pre Evacuate Collection Set: 0.0ms
[2024-10-17T03:52:33.830+0000][gc,phases     ] GC(499)   Evacuate Collection Set: 2.9ms
[2024-10-17T03:52:33.830+0000][gc,phases     ] GC(499)   Post Evacuate Collection Set: 0.4ms
[2024-10-17T03:52:33.830+0000][gc,phases     ] GC(499)   Other: 0.2ms
[2024-10-17T03:52:33.830+0000][gc,heap       ] GC(499) Eden regions: 611->0(610)
[2024-10-17T03:52:33.830+0000][gc,heap       ] GC(499) Survivor regions: 3->4(77)
[2024-10-17T03:52:33.830+0000][gc,heap       ] GC(499) Old regions: 20->20
[2024-10-17T03:52:33.830+0000][gc,heap       ] GC(499) Humongous regions: 178->129
[2024-10-17T03:52:33.830+0000][gc,metaspace  ] GC(499) Metaspace: 46187K(49408K)->46187K(49408K) NonClass: 40276K(41984K)->40276K(41984K) Class: 5910K(7424K)->5910K(7424K)
[2024-10-17T03:52:33.830+0000][gc            ] GC(499) Pause Young (Normal) (G1 Evacuation Pause) 810M->150M(1024M) 3.462ms
[2024-10-17T03:52:33.830+0000][gc,cpu        ] GC(499) User=0.01s Sys=0.00s Real=0.01s
[2024-10-17T05:58:35.442+0000][gc,start      ] GC(500) Pause Young (Normal) (G1 Evacuation Pause)
[2024-10-17T05:58:35.442+0000][gc,task       ] GC(500) Using 4 workers of 4 for evacuation
[2024-10-17T05:58:35.445+0000][gc,phases     ] GC(500)   Pre Evacuate Collection Set: 0.0ms
[2024-10-17T05:58:35.445+0000][gc,phases     ] GC(500)   Evacuate Collection Set: 2.0ms
[2024-10-17T05:58:35.445+0000][gc,phases     ] GC(500)   Post Evacuate Collection Set: 0.4ms
[2024-10-17T05:58:35.445+0000][gc,phases     ] GC(500)   Other: 0.2ms
[2024-10-17T05:58:35.445+0000][gc,heap       ] GC(500) Eden regions: 610->0(611)
[2024-10-17T05:58:35.445+0000][gc,heap       ] GC(500) Survivor regions: 4->3(77)
[2024-10-17T05:58:35.445+0000][gc,heap       ] GC(500) Old regions: 20->20
[2024-10-17T05:58:35.445+0000][gc,heap       ] GC(500) Humongous regions: 129->129
[2024-10-17T05:58:35.445+0000][gc,metaspace  ] GC(500) Metaspace: 46187K(49408K)->46187K(49408K) NonClass: 40276K(41984K)->40276K(41984K) Class: 5910K(7424K)->5910K(7424K)
[2024-10-17T05:58:35.445+0000][gc            ] GC(500) Pause Young (Normal) (G1 Evacuation Pause) 760M->149M(1024M) 2.733ms
[2024-10-17T05:58:35.445+0000][gc,cpu        ] GC(500) User=0.01s Sys=0.01s Real=0.00s
[2024-10-17T08:04:54.325+0000][gc,start      ] GC(501) Pause Young (Normal) (G1 Evacuation Pause)
[2024-10-17T08:04:54.325+0000][gc,task       ] GC(501) Using 4 workers of 4 for evacuation
[2024-10-17T08:04:54.328+0000][gc,phases     ] GC(501)   Pre Evacuate Collection Set: 0.0ms
[2024-10-17T08:04:54.328+0000][gc,phases     ] GC(501)   Evacuate Collection Set: 2.5ms
[2024-10-17T08:04:54.328+0000][gc,phases     ] GC(501)   Post Evacuate Collection Set: 0.5ms
[2024-10-17T08:04:54.328+0000][gc,phases     ] GC(501)   Other: 0.2ms
[2024-10-17T08:04:54.328+0000][gc,heap       ] GC(501) Eden regions: 611->0(611)
[2024-10-17T08:04:54.328+0000][gc,heap       ] GC(501) Survivor regions: 3->3(77)
[2024-10-17T08:04:54.328+0000][gc,heap       ] GC(501) Old regions: 20->20
[2024-10-17T08:04:54.328+0000][gc,heap       ] GC(501) Humongous regions: 129->129
[2024-10-17T08:04:54.328+0000][gc,metaspace  ] GC(501) Metaspace: 46187K(49408K)->46187K(49408K) NonClass: 40276K(41984K)->40276K(41984K) Class: 5910K(7424K)->5910K(7424K)
[2024-10-17T08:04:54.328+0000][gc            ] GC(501) Pause Young (Normal) (G1 Evacuation Pause) 760M->150M(1024M) 3.182ms
[2024-10-17T08:04:54.328+0000][gc,cpu        ] GC(501) User=0.01s Sys=0.00s Real=0.00s
[2024-10-17T10:11:15.092+0000][gc,start      ] GC(502) Pause Young (Normal) (G1 Evacuation Pause)
[2024-10-17T10:11:15.092+0000][gc,task       ] GC(502) Using 4 workers of 4 for evacuation
[2024-10-17T10:11:15.096+0000][gc,phases     ] GC(502)   Pre Evacuate Collection Set: 0.0ms
[2024-10-17T10:11:15.096+0000][gc,phases     ] GC(502)   Evacuate Collection Set: 2.6ms
[2024-10-17T10:11:15.096+0000][gc,phases     ] GC(502)   Post Evacuate Collection Set: 0.5ms
[2024-10-17T10:11:15.096+0000][gc,phases     ] GC(502)   Other: 0.2ms
[2024-10-17T10:11:15.096+0000][gc,heap       ] GC(502) Eden regions: 611->0(611)
[2024-10-17T10:11:15.096+0000][gc,heap       ] GC(502) Survivor regions: 3->3(77)
[2024-10-17T10:11:15.096+0000][gc,heap       ] GC(502) Old regions: 20->20
[2024-10-17T10:11:15.096+0000][gc,heap       ] GC(502) Humongous regions: 129->129
[2024-10-17T10:11:15.096+0000][gc,metaspace  ] GC(502) Metaspace: 46187K(49408K)->46187K(49408K) NonClass: 40276K(41984K)->40276K(41984K) Class: 5910K(7424K)->5910K(7424K)
[2024-10-17T10:11:15.096+0000][gc            ] GC(502) Pause Young (Normal) (G1 Evacuation Pause) 761M->150M(1024M) 3.362ms
[2024-10-17T10:11:15.096+0000][gc,cpu        ] GC(502) User=0.01s Sys=0.00s Real=0.00s
[2024-10-17T12:17:29.011+0000][gc,start      ] GC(503) Pause Young (Normal) (G1 Evacuation Pause)
[2024-10-17T12:17:29.011+0000][gc,task       ] GC(503) Using 4 workers of 4 for evacuation
[2024-10-17T12:17:29.014+0000][gc,phases     ] GC(503)   Pre Evacuate Collection Set: 0.0ms
[2024-10-17T12:17:29.015+0000][gc,phases     ] GC(503)   Evacuate Collection Set: 3.3ms
[2024-10-17T12:17:29.015+0000][gc,phases     ] GC(503)   Post Evacuate Collection Set: 0.3ms
[2024-10-17T12:17:29.015+0000][gc,phases     ] GC(503)   Other: 0.2ms
[2024-10-17T12:17:29.015+0000][gc,heap       ] GC(503) Eden regions: 611->0(610)
[2024-10-17T12:17:29.015+0000][gc,heap       ] GC(503) Survivor regions: 3->4(77)
[2024-10-17T12:17:29.015+0000][gc,heap       ] GC(503) Old regions: 20->20
[2024-10-17T12:17:29.015+0000][gc,heap       ] GC(503) Humongous regions: 129->129
[2024-10-17T12:17:29.015+0000][gc,metaspace  ] GC(503) Metaspace: 46187K(49408K)->46187K(49408K) NonClass: 40276K(41984K)->40276K(41984K) Class: 5910K(7424K)->5910K(7424K)
[2024-10-17T12:17:29.015+0000][gc            ] GC(503) Pause Young (Normal) (G1 Evacuation Pause) 761M->150M(1024M) 3.876ms
[2024-10-17T12:17:29.015+0000][gc,cpu        ] GC(503) User=0.00s Sys=0.01s Real=0.00s
[2024-10-17T14:23:29.484+0000][gc,start      ] GC(504) Pause Young (Normal) (G1 Evacuation Pause)
[2024-10-17T14:23:29.484+0000][gc,task       ] GC(504) Using 4 workers of 4 for evacuation
[2024-10-17T14:23:29.487+0000][gc,phases     ] GC(504)   Pre Evacuate Collection Set: 0.0ms
[2024-10-17T14:23:29.487+0000][gc,phases     ] GC(504)   Evacuate Collection Set: 2.8ms
[2024-10-17T14:23:29.487+0000][gc,phases     ] GC(504)   Post Evacuate Collection Set: 0.4ms
[2024-10-17T14:23:29.487+0000][gc,phases     ] GC(504)   Other: 0.2ms
[2024-10-17T14:23:29.487+0000][gc,heap       ] GC(504) Eden regions: 610->0(610)
[2024-10-17T14:23:29.487+0000][gc,heap       ] GC(504) Survivor regions: 4->4(77)
[2024-10-17T14:23:29.487+0000][gc,heap       ] GC(504) Old regions: 20->20
[2024-10-17T14:23:29.487+0000][gc,heap       ] GC(504) Humongous regions: 130->129
[2024-10-17T14:23:29.487+0000][gc,metaspace  ] GC(504) Metaspace: 46189K(49408K)->46189K(49408K) NonClass: 40279K(41984K)->40279K(41984K) Class: 5910K(7424K)->5910K(7424K)
[2024-10-17T14:23:29.487+0000][gc            ] GC(504) Pause Young (Normal) (G1 Evacuation Pause) 761M->150M(1024M) 3.403ms
[2024-10-17T14:23:29.487+0000][gc,cpu        ] GC(504) User=0.01s Sys=0.00s Real=0.00s
[2024-10-17T16:29:07.805+0000][gc,start      ] GC(505) Pause Young (Normal) (G1 Evacuation Pause)
[2024-10-17T16:29:07.805+0000][gc,task       ] GC(505) Using 4 workers of 4 for evacuation
[2024-10-17T16:29:07.808+0000][gc,phases     ] GC(505)   Pre Evacuate Collection Set: 0.0ms
[2024-10-17T16:29:07.808+0000][gc,phases     ] GC(505)   Evacuate Collection Set: 2.1ms
[2024-10-17T16:29:07.808+0000][gc,phases     ] GC(505)   Post Evacuate Collection Set: 0.4ms
[2024-10-17T16:29:07.808+0000][gc,phases     ] GC(505)   Other: 0.2ms
[2024-10-17T16:29:07.808+0000][gc,heap       ] GC(505) Eden regions: 610->0(611)
[2024-10-17T16:29:07.808+0000][gc,heap       ] GC(505) Survivor regions: 4->3(77)
[2024-10-17T16:29:07.808+0000][gc,heap       ] GC(505) Old regions: 20->20
[2024-10-17T16:29:07.808+0000][gc,heap       ] GC(505) Humongous regions: 129->129
[2024-10-17T16:29:07.808+0000][gc,metaspace  ] GC(505) Metaspace: 46189K(49408K)->46189K(49408K) NonClass: 40279K(41984K)->40279K(41984K) Class: 5910K(7424K)->5910K(7424K)
[2024-10-17T16:29:07.808+0000][gc            ] GC(505) Pause Young (Normal) (G1 Evacuation Pause) 760M->149M(1024M) 2.691ms
[2024-10-17T16:29:07.808+0000][gc,cpu        ] GC(505) User=0.00s Sys=0.00s Real=0.00s
[2024-10-17T18:35:13.396+0000][gc,start      ] GC(506) Pause Young (Normal) (G1 Evacuation Pause)
[2024-10-17T18:35:13.396+0000][gc,task       ] GC(506) Using 4 workers of 4 for evacuation
[2024-10-17T18:35:13.399+0000][gc,phases     ] GC(506)   Pre Evacuate Collection Set: 0.0ms
[2024-10-17T18:35:13.399+0000][gc,phases     ] GC(506)   Evacuate Collection Set: 2.1ms
[2024-10-17T18:35:13.399+0000][gc,phases     ] GC(506)   Post Evacuate Collection Set: 0.4ms
[2024-10-17T18:35:13.399+0000][gc,phases     ] GC(506)   Other: 0.2ms
[2024-10-17T18:35:13.399+0000][gc,heap       ] GC(506) Eden regions: 611->0(611)
[2024-10-17T18:35:13.399+0000][gc,heap       ] GC(506) Survivor regions: 3->3(77)
[2024-10-17T18:35:13.399+0000][gc,heap       ] GC(506) Old regions: 20->20
[2024-10-17T18:35:13.399+0000][gc,heap       ] GC(506) Humongous regions: 129->129
[2024-10-17T18:35:13.399+0000][gc,metaspace  ] GC(506) Metaspace: 46189K(49408K)->46189K(49408K) NonClass: 40279K(41984K)->40279K(41984K) Class: 5910K(7424K)->5910K(7424K)
[2024-10-17T18:35:13.399+0000][gc            ] GC(506) Pause Young (Normal) (G1 Evacuation Pause) 760M->150M(1024M) 2.687ms
[2024-10-17T18:35:13.399+0000][gc,cpu        ] GC(506) User=0.00s Sys=0.00s Real=0.01s
[2024-10-17T20:41:34.750+0000][gc,start      ] GC(507) Pause Young (Normal) (G1 Evacuation Pause)
[2024-10-17T20:41:34.750+0000][gc,task       ] GC(507) Using 4 workers of 4 for evacuation
[2024-10-17T20:41:34.753+0000][gc,phases     ] GC(507)   Pre Evacuate Collection Set: 0.0ms
[2024-10-17T20:41:34.753+0000][gc,phases     ] GC(507)   Evacuate Collection Set: 2.9ms
[2024-10-17T20:41:34.753+0000][gc,phases     ] GC(507)   Post Evacuate Collection Set: 0.3ms
[2024-10-17T20:41:34.753+0000][gc,phases     ] GC(507)   Other: 0.2ms
[2024-10-17T20:41:34.753+0000][gc,heap       ] GC(507) Eden regions: 611->0(611)
[2024-10-17T20:41:34.753+0000][gc,heap       ] GC(507) Survivor regions: 3->3(77)
[2024-10-17T20:41:34.753+0000][gc,heap       ] GC(507) Old regions: 20->20
[2024-10-17T20:41:34.753+0000][gc,heap       ] GC(507) Humongous regions: 129->129
[2024-10-17T20:41:34.753+0000][gc,metaspace  ] GC(507) Metaspace: 46189K(49408K)->46189K(49408K) NonClass: 40279K(41984K)->40279K(41984K) Class: 5910K(7424K)->5910K(7424K)
[2024-10-17T20:41:34.753+0000][gc            ] GC(507) Pause Young (Normal) (G1 Evacuation Pause) 761M->150M(1024M) 3.446ms
[2024-10-17T20:41:34.753+0000][gc,cpu        ] GC(507) User=0.00s Sys=0.00s Real=0.00s
[2024-10-17T22:47:56.917+0000][gc,start      ] GC(508) Pause Young (Normal) (G1 Evacuation Pause)
[2024-10-17T22:47:56.917+0000][gc,task       ] GC(508) Using 4 workers of 4 for evacuation
[2024-10-17T22:47:56.922+0000][gc,phases     ] GC(508)   Pre Evacuate Collection Set: 0.0ms
[2024-10-17T22:47:56.922+0000][gc,phases     ] GC(508)   Evacuate Collection Set: 4.0ms
[2024-10-17T22:47:56.922+0000][gc,phases     ] GC(508)   Post Evacuate Collection Set: 0.4ms
[2024-10-17T22:47:56.922+0000][gc,phases     ] GC(508)   Other: 0.2ms
[2024-10-17T22:47:56.922+0000][gc,heap       ] GC(508) Eden regions: 611->0(611)
[2024-10-17T22:47:56.922+0000][gc,heap       ] GC(508) Survivor regions: 3->3(77)
[2024-10-17T22:47:56.922+0000][gc,heap       ] GC(508) Old regions: 20->20
[2024-10-17T22:47:56.922+0000][gc,heap       ] GC(508) Humongous regions: 129->129
[2024-10-17T22:47:56.922+0000][gc,metaspace  ] GC(508) Metaspace: 46189K(49408K)->46189K(49408K) NonClass: 40279K(41984K)->40279K(41984K) Class: 5910K(7424K)->5910K(7424K)
[2024-10-17T22:47:56.922+0000][gc            ] GC(508) Pause Young (Normal) (G1 Evacuation Pause) 761M->150M(1024M) 4.644ms
[2024-10-17T22:47:56.922+0000][gc,cpu        ] GC(508) User=0.01s Sys=0.00s Real=0.01s
[2024-10-18T00:53:58.874+0000][gc,start      ] GC(509) Pause Young (Normal) (G1 Evacuation Pause)
[2024-10-18T00:53:58.874+0000][gc,task       ] GC(509) Using 4 workers of 4 for evacuation
[2024-10-18T00:53:58.877+0000][gc,phases     ] GC(509)   Pre Evacuate Collection Set: 0.0ms
[2024-10-18T00:53:58.877+0000][gc,phases     ] GC(509)   Evacuate Collection Set: 2.6ms
[2024-10-18T00:53:58.877+0000][gc,phases     ] GC(509)   Post Evacuate Collection Set: 0.5ms
[2024-10-18T00:53:58.877+0000][gc,phases     ] GC(509)   Other: 0.2ms
[2024-10-18T00:53:58.877+0000][gc,heap       ] GC(509) Eden regions: 611->0(610)
[2024-10-18T00:53:58.877+0000][gc,heap       ] GC(509) Survivor regions: 3->4(77)
[2024-10-18T00:53:58.877+0000][gc,heap       ] GC(509) Old regions: 20->20
[2024-10-18T00:53:58.877+0000][gc,heap       ] GC(509) Humongous regions: 290->129
[2024-10-18T00:53:58.877+0000][gc,metaspace  ] GC(509) Metaspace: 46189K(49408K)->46189K(49408K) NonClass: 40279K(41984K)->40279K(41984K) Class: 5910K(7424K)->5910K(7424K)
[2024-10-18T00:53:58.877+0000][gc            ] GC(509) Pause Young (Normal) (G1 Evacuation Pause) 922M->150M(1024M) 3.341ms
[2024-10-18T00:53:58.877+0000][gc,cpu        ] GC(509) User=0.01s Sys=0.00s Real=0.01s
[2024-10-18T02:59:50.156+0000][gc,start      ] GC(510) Pause Young (Normal) (G1 Evacuation Pause)
[2024-10-18T02:59:50.156+0000][gc,task       ] GC(510) Using 4 workers of 4 for evacuation
[2024-10-18T02:59:50.159+0000][gc,phases     ] GC(510)   Pre Evacuate Collection Set: 0.0ms
[2024-10-18T02:59:50.159+0000][gc,phases     ] GC(510)   Evacuate Collection Set: 2.5ms
[2024-10-18T02:59:50.159+0000][gc,phases     ] GC(510)   Post Evacuate Collection Set: 0.4ms
[2024-10-18T02:59:50.159+0000][gc,phases     ] GC(510)   Other: 0.1ms
[2024-10-18T02:59:50.159+0000][gc,heap       ] GC(510) Eden regions: 610->0(610)
[2024-10-18T02:59:50.159+0000][gc,heap       ] GC(510) Survivor regions: 4->4(77)
[2024-10-18T02:59:50.159+0000][gc,heap       ] GC(510) Old regions: 20->20
[2024-10-18T02:59:50.159+0000][gc,heap       ] GC(510) Humongous regions: 129->129
[2024-10-18T02:59:50.159+0000][gc,metaspace  ] GC(510) Metaspace: 46189K(49408K)->46189K(49408K) NonClass: 40279K(41984K)->40279K(41984K) Class: 5910K(7424K)->5910K(7424K)
[2024-10-18T02:59:50.159+0000][gc            ] GC(510) Pause Young (Normal) (G1 Evacuation Pause) 760M->151M(1024M) 3.099ms
[2024-10-18T02:59:50.159+0000][gc,cpu        ] GC(510) User=0.01s Sys=0.00s Real=0.01s
[2024-10-18T05:05:38.421+0000][gc,start      ] GC(511) Pause Young (Normal) (G1 Evacuation Pause)
[2024-10-18T05:05:38.421+0000][gc,task       ] GC(511) Using 4 workers of 4 for evacuation
[2024-10-18T05:05:38.425+0000][gc,phases     ] GC(511)   Pre Evacuate Collection Set: 0.0ms
[2024-10-18T05:05:38.425+0000][gc,phases     ] GC(511)   Evacuate Collection Set: 3.4ms
[2024-10-18T05:05:38.425+0000][gc,phases     ] GC(511)   Post Evacuate Collection Set: 0.5ms
[2024-10-18T05:05:38.425+0000][gc,phases     ] GC(511)   Other: 0.2ms
[2024-10-18T05:05:38.425+0000][gc,heap       ] GC(511) Eden regions: 610->0(611)
[2024-10-18T05:05:38.425+0000][gc,heap       ] GC(511) Survivor regions: 4->3(77)
[2024-10-18T05:05:38.425+0000][gc,heap       ] GC(511) Old regions: 20->20
[2024-10-18T05:05:38.425+0000][gc,heap       ] GC(511) Humongous regions: 129->129
[2024-10-18T05:05:38.425+0000][gc,metaspace  ] GC(511) Metaspace: 46189K(49408K)->46189K(49408K) NonClass: 40279K(41984K)->40279K(41984K) Class: 5910K(7424K)->5910K(7424K)
[2024-10-18T05:05:38.425+0000][gc            ] GC(511) Pause Young (Normal) (G1 Evacuation Pause) 761M->149M(1024M) 4.103ms
[2024-10-18T05:05:38.425+0000][gc,cpu        ] GC(511) User=0.00s Sys=0.01s Real=0.00s
[2024-10-18T07:11:46.325+0000][gc,start      ] GC(512) Pause Young (Normal) (G1 Evacuation Pause)
[2024-10-18T07:11:46.325+0000][gc,task       ] GC(512) Using 4 workers of 4 for evacuation
[2024-10-18T07:11:46.328+0000][gc,phases     ] GC(512)   Pre Evacuate Collection Set: 0.0ms
[2024-10-18T07:11:46.328+0000][gc,phases     ] GC(512)   Evacuate Collection Set: 2.5ms
[2024-10-18T07:11:46.328+0000][gc,phases     ] GC(512)   Post Evacuate Collection Set: 0.4ms
[2024-10-18T07:11:46.328+0000][gc,phases     ] GC(512)   Other: 0.6ms
[2024-10-18T07:11:46.328+0000][gc,heap       ] GC(512) Eden regions: 611->0(611)
[2024-10-18T07:11:46.328+0000][gc,heap       ] GC(512) Survivor regions: 3->3(77)
[2024-10-18T07:11:46.328+0000][gc,heap       ] GC(512) Old regions: 20->20
[2024-10-18T07:11:46.328+0000][gc,heap       ] GC(512) Humongous regions: 129->129
[2024-10-18T07:11:46.328+0000][gc,metaspace  ] GC(512) Metaspace: 46189K(49408K)->46189K(49408K) NonClass: 40279K(41984K)->40279K(41984K) Class: 5910K(7424K)->5910K(7424K)
[2024-10-18T07:11:46.328+0000][gc            ] GC(512) Pause Young (Normal) (G1 Evacuation Pause) 760M->150M(1024M) 3.562ms
[2024-10-18T07:11:46.328+0000][gc,cpu        ] GC(512) User=0.01s Sys=0.00s Real=0.00s
[2024-10-18T09:18:00.649+0000][gc,start      ] GC(513) Pause Young (Normal) (G1 Evacuation Pause)
[2024-10-18T09:18:00.649+0000][gc,task       ] GC(513) Using 4 workers of 4 for evacuation
[2024-10-18T09:18:00.653+0000][gc,phases     ] GC(513)   Pre Evacuate Collection Set: 0.0ms
[2024-10-18T09:18:00.653+0000][gc,phases     ] GC(513)   Evacuate Collection Set: 3.0ms
[2024-10-18T09:18:00.653+0000][gc,phases     ] GC(513)   Post Evacuate Collection Set: 0.5ms
[2024-10-18T09:18:00.653+0000][gc,phases     ] GC(513)   Other: 0.2ms
[2024-10-18T09:18:00.653+0000][gc,heap       ] GC(513) Eden regions: 611->0(611)
[2024-10-18T09:18:00.653+0000][gc,heap       ] GC(513) Survivor regions: 3->3(77)
[2024-10-18T09:18:00.653+0000][gc,heap       ] GC(513) Old regions: 20->20
[2024-10-18T09:18:00.653+0000][gc,heap       ] GC(513) Humongous regions: 178->129
[2024-10-18T09:18:00.653+0000][gc,metaspace  ] GC(513) Metaspace: 46189K(49408K)->46189K(49408K) NonClass: 40279K(41984K)->40279K(41984K) Class: 5910K(7424K)->5910K(7424K)
[2024-10-18T09:18:00.653+0000][gc            ] GC(513) Pause Young (Normal) (G1 Evacuation Pause) 810M->150M(1024M) 3.762ms
[2024-10-18T09:18:00.653+0000][gc,cpu        ] GC(513) User=0.00s Sys=0.01s Real=0.01s
[2024-10-18T11:24:11.719+0000][gc,start      ] GC(514) Pause Young (Normal) (G1 Evacuation Pause)
[2024-10-18T11:24:11.719+0000][gc,task       ] GC(514) Using 4 workers of 4 for evacuation
[2024-10-18T11:24:11.723+0000][gc,phases     ] GC(514)   Pre Evacuate Collection Set: 0.0ms
[2024-10-18T11:24:11.723+0000][gc,phases     ] GC(514)   Evacuate Collection Set: 3.3ms
[2024-10-18T11:24:11.723+0000][gc,phases     ] GC(514)   Post Evacuate Collection Set: 0.4ms
[2024-10-18T11:24:11.723+0000][gc,phases     ] GC(514)   Other: 0.2ms
[2024-10-18T11:24:11.723+0000][gc,heap       ] GC(514) Eden regions: 611->0(610)
[2024-10-18T11:24:11.723+0000][gc,heap       ] GC(514) Survivor regions: 3->4(77)
[2024-10-18T11:24:11.723+0000][gc,heap       ] GC(514) Old regions: 20->20
[2024-10-18T11:24:11.723+0000][gc,heap       ] GC(514) Humongous regions: 129->129
[2024-10-18T11:24:11.723+0000][gc,metaspace  ] GC(514) Metaspace: 46189K(49408K)->46189K(49408K) NonClass: 40279K(41984K)->40279K(41984K) Class: 5910K(7424K)->5910K(7424K)
[2024-10-18T11:24:11.723+0000][gc            ] GC(514) Pause Young (Normal) (G1 Evacuation Pause) 761M->150M(1024M) 3.920ms
[2024-10-18T11:24:11.723+0000][gc,cpu        ] GC(514) User=0.01s Sys=0.00s Real=0.00s
[2024-10-18T13:29:45.124+0000][gc,start      ] GC(515) Pause Young (Normal) (G1 Evacuation Pause)
[2024-10-18T13:29:45.124+0000][gc,task       ] GC(515) Using 4 workers of 4 for evacuation
[2024-10-18T13:29:45.127+0000][gc,phases     ] GC(515)   Pre Evacuate Collection Set: 0.0ms
[2024-10-18T13:29:45.128+0000][gc,phases     ] GC(515)   Evacuate Collection Set: 2.9ms
[2024-10-18T13:29:45.128+0000][gc,phases     ] GC(515)   Post Evacuate Collection Set: 0.4ms
[2024-10-18T13:29:45.128+0000][gc,phases     ] GC(515)   Other: 0.2ms
[2024-10-18T13:29:45.128+0000][gc,heap       ] GC(515) Eden regions: 610->0(610)
[2024-10-18T13:29:45.128+0000][gc,heap       ] GC(515) Survivor regions: 4->4(77)
[2024-10-18T13:29:45.128+0000][gc,heap       ] GC(515) Old regions: 20->20
[2024-10-18T13:29:45.128+0000][gc,heap       ] GC(515) Humongous regions: 129->129
[2024-10-18T13:29:45.128+0000][gc,metaspace  ] GC(515) Metaspace: 46189K(49408K)->46189K(49408K) NonClass: 40279K(41984K)->40279K(41984K) Class: 5910K(7424K)->5910K(7424K)
[2024-10-18T13:29:45.128+0000][gc            ] GC(515) Pause Young (Normal) (G1 Evacuation Pause) 760M->150M(1024M) 3.508ms
[2024-10-18T13:29:45.128+0000][gc,cpu        ] GC(515) User=0.01s Sys=0.00s Real=0.00s
[2024-10-18T15:35:36.072+0000][gc,start      ] GC(516) Pause Young (Normal) (G1 Evacuation Pause)
[2024-10-18T15:35:36.072+0000][gc,task       ] GC(516) Using 4 workers of 4 for evacuation
[2024-10-18T15:35:36.076+0000][gc,phases     ] GC(516)   Pre Evacuate Collection Set: 0.0ms
[2024-10-18T15:35:36.076+0000][gc,phases     ] GC(516)   Evacuate Collection Set: 2.8ms
[2024-10-18T15:35:36.076+0000][gc,phases     ] GC(516)   Post Evacuate Collection Set: 0.4ms
[2024-10-18T15:35:36.076+0000][gc,phases     ] GC(516)   Other: 0.2ms
[2024-10-18T15:35:36.076+0000][gc,heap       ] GC(516) Eden regions: 610->0(610)
[2024-10-18T15:35:36.076+0000][gc,heap       ] GC(516) Survivor regions: 4->4(77)
[2024-10-18T15:35:36.076+0000][gc,heap       ] GC(516) Old regions: 20->20
[2024-10-18T15:35:36.076+0000][gc,heap       ] GC(516) Humongous regions: 129->129
[2024-10-18T15:35:36.076+0000][gc,metaspace  ] GC(516) Metaspace: 46189K(49408K)->46189K(49408K) NonClass: 40279K(41984K)->40279K(41984K) Class: 5910K(7424K)->5910K(7424K)
[2024-10-18T15:35:36.076+0000][gc            ] GC(516) Pause Young (Normal) (G1 Evacuation Pause) 760M->151M(1024M) 3.439ms
[2024-10-18T15:35:36.076+0000][gc,cpu        ] GC(516) User=0.01s Sys=0.00s Real=0.00s
[2024-10-18T17:41:31.206+0000][gc,start      ] GC(517) Pause Young (Normal) (G1 Evacuation Pause)
[2024-10-18T17:41:31.206+0000][gc,task       ] GC(517) Using 4 workers of 4 for evacuation
[2024-10-18T17:41:31.210+0000][gc,phases     ] GC(517)   Pre Evacuate Collection Set: 0.0ms
[2024-10-18T17:41:31.210+0000][gc,phases     ] GC(517)   Evacuate Collection Set: 3.1ms
[2024-10-18T17:41:31.210+0000][gc,phases     ] GC(517)   Post Evacuate Collection Set: 0.4ms
[2024-10-18T17:41:31.210+0000][gc,phases     ] GC(517)   Other: 0.2ms
[2024-10-18T17:41:31.210+0000][gc,heap       ] GC(517) Eden regions: 610->0(610)
[2024-10-18T17:41:31.210+0000][gc,heap       ] GC(517) Survivor regions: 4->4(77)
[2024-10-18T17:41:31.210+0000][gc,heap       ] GC(517) Old regions: 20->20
[2024-10-18T17:41:31.210+0000][gc,heap       ] GC(517) Humongous regions: 129->129
[2024-10-18T17:41:31.210+0000][gc,metaspace  ] GC(517) Metaspace: 46189K(49408K)->46189K(49408K) NonClass: 40279K(41984K)->40279K(41984K) Class: 5910K(7424K)->5910K(7424K)
[2024-10-18T17:41:31.210+0000][gc            ] GC(517) Pause Young (Normal) (G1 Evacuation Pause) 761M->151M(1024M) 3.708ms
[2024-10-18T17:41:31.210+0000][gc,cpu        ] GC(517) User=0.01s Sys=0.00s Real=0.01s
[2024-10-18T19:47:29.725+0000][gc,start      ] GC(518) Pause Young (Normal) (G1 Evacuation Pause)
[2024-10-18T19:47:29.725+0000][gc,task       ] GC(518) Using 4 workers of 4 for evacuation
[2024-10-18T19:47:29.729+0000][gc,phases     ] GC(518)   Pre Evacuate Collection Set: 0.0ms
[2024-10-18T19:47:29.729+0000][gc,phases     ] GC(518)   Evacuate Collection Set: 2.7ms
[2024-10-18T19:47:29.729+0000][gc,phases     ] GC(518)   Post Evacuate Collection Set: 0.4ms
[2024-10-18T19:47:29.729+0000][gc,phases     ] GC(518)   Other: 0.2ms
[2024-10-18T19:47:29.729+0000][gc,heap       ] GC(518) Eden regions: 610->0(611)
[2024-10-18T19:47:29.729+0000][gc,heap       ] GC(518) Survivor regions: 4->3(77)
[2024-10-18T19:47:29.729+0000][gc,heap       ] GC(518) Old regions: 20->20
[2024-10-18T19:47:29.729+0000][gc,heap       ] GC(518) Humongous regions: 129->129
[2024-10-18T19:47:29.729+0000][gc,metaspace  ] GC(518) Metaspace: 46189K(49408K)->46189K(49408K) NonClass: 40279K(41984K)->40279K(41984K) Class: 5910K(7424K)->5910K(7424K)
[2024-10-18T19:47:29.729+0000][gc            ] GC(518) Pause Young (Normal) (G1 Evacuation Pause) 761M->150M(1024M) 3.397ms
[2024-10-18T19:47:29.729+0000][gc,cpu        ] GC(518) User=0.00s Sys=0.00s Real=0.00s
[2024-10-18T21:53:47.444+0000][gc,start      ] GC(519) Pause Young (Normal) (G1 Evacuation Pause)
[2024-10-18T21:53:47.445+0000][gc,task       ] GC(519) Using 4 workers of 4 for evacuation
[2024-10-18T21:53:47.447+0000][gc,phases     ] GC(519)   Pre Evacuate Collection Set: 0.0ms
[2024-10-18T21:53:47.447+0000][gc,phases     ] GC(519)   Evacuate Collection Set: 2.4ms
[2024-10-18T21:53:47.447+0000][gc,phases     ] GC(519)   Post Evacuate Collection Set: 0.4ms
[2024-10-18T21:53:47.447+0000][gc,phases     ] GC(519)   Other: 0.2ms
[2024-10-18T21:53:47.447+0000][gc,heap       ] GC(519) Eden regions: 611->0(611)
[2024-10-18T21:53:47.447+0000][gc,heap       ] GC(519) Survivor regions: 3->3(77)
[2024-10-18T21:53:47.447+0000][gc,heap       ] GC(519) Old regions: 20->20
[2024-10-18T21:53:47.447+0000][gc,heap       ] GC(519) Humongous regions: 129->129
[2024-10-18T21:53:47.447+0000][gc,metaspace  ] GC(519) Metaspace: 46189K(49408K)->46189K(49408K) NonClass: 40279K(41984K)->40279K(41984K) Class: 5910K(7424K)->5910K(7424K)
[2024-10-18T21:53:47.448+0000][gc            ] GC(519) Pause Young (Normal) (G1 Evacuation Pause) 761M->150M(1024M) 3.046ms
[2024-10-18T21:53:47.448+0000][gc,cpu        ] GC(519) User=0.01s Sys=0.00s Real=0.00s
[2024-10-19T00:00:10.699+0000][gc,start      ] GC(520) Pause Young (Normal) (G1 Evacuation Pause)
[2024-10-19T00:00:10.699+0000][gc,task       ] GC(520) Using 4 workers of 4 for evacuation
[2024-10-19T00:00:10.704+0000][gc,phases     ] GC(520)   Pre Evacuate Collection Set: 0.0ms
[2024-10-19T00:00:10.704+0000][gc,phases     ] GC(520)   Evacuate Collection Set: 3.7ms
[2024-10-19T00:00:10.704+0000][gc,phases     ] GC(520)   Post Evacuate Collection Set: 0.6ms
[2024-10-19T00:00:10.704+0000][gc,phases     ] GC(520)   Other: 0.2ms
[2024-10-19T00:00:10.704+0000][gc,heap       ] GC(520) Eden regions: 611->0(611)
[2024-10-19T00:00:10.704+0000][gc,heap       ] GC(520) Survivor regions: 3->3(77)
[2024-10-19T00:00:10.704+0000][gc,heap       ] GC(520) Old regions: 20->20
[2024-10-19T00:00:10.704+0000][gc,heap       ] GC(520) Humongous regions: 129->129
[2024-10-19T00:00:10.704+0000][gc,metaspace  ] GC(520) Metaspace: 46189K(49408K)->46189K(49408K) NonClass: 40279K(41984K)->40279K(41984K) Class: 5910K(7424K)->5910K(7424K)
[2024-10-19T00:00:10.704+0000][gc            ] GC(520) Pause Young (Normal) (G1 Evacuation Pause) 761M->150M(1024M) 4.538ms
[2024-10-19T00:00:10.704+0000][gc,cpu        ] GC(520) User=0.01s Sys=0.00s Real=0.00s
[2024-10-19T02:06:18.511+0000][gc,start      ] GC(521) Pause Young (Normal) (G1 Evacuation Pause)
[2024-10-19T02:06:18.511+0000][gc,task       ] GC(521) Using 4 workers of 4 for evacuation
[2024-10-19T02:06:18.514+0000][gc,phases     ] GC(521)   Pre Evacuate Collection Set: 0.0ms
[2024-10-19T02:06:18.514+0000][gc,phases     ] GC(521)   Evacuate Collection Set: 2.6ms
[2024-10-19T02:06:18.514+0000][gc,phases     ] GC(521)   Post Evacuate Collection Set: 0.4ms
[2024-10-19T02:06:18.514+0000][gc,phases     ] GC(521)   Other: 0.2ms
[2024-10-19T02:06:18.514+0000][gc,heap       ] GC(521) Eden regions: 611->0(610)
[2024-10-19T02:06:18.514+0000][gc,heap       ] GC(521) Survivor regions: 3->4(77)
[2024-10-19T02:06:18.514+0000][gc,heap       ] GC(521) Old regions: 20->20
[2024-10-19T02:06:18.514+0000][gc,heap       ] GC(521) Humongous regions: 178->129
[2024-10-19T02:06:18.514+0000][gc,metaspace  ] GC(521) Metaspace: 46189K(49408K)->46189K(49408K) NonClass: 40279K(41984K)->40279K(41984K) Class: 5910K(7424K)->5910K(7424K)
[2024-10-19T02:06:18.514+0000][gc            ] GC(521) Pause Young (Normal) (G1 Evacuation Pause) 810M->150M(1024M) 3.235ms
[2024-10-19T02:06:18.514+0000][gc,cpu        ] GC(521) User=0.01s Sys=0.00s Real=0.00s
[2024-10-19T04:12:18.836+0000][gc,start      ] GC(522) Pause Young (Normal) (G1 Evacuation Pause)
[2024-10-19T04:12:18.836+0000][gc,task       ] GC(522) Using 4 workers of 4 for evacuation
[2024-10-19T04:12:18.840+0000][gc,phases     ] GC(522)   Pre Evacuate Collection Set: 0.0ms
[2024-10-19T04:12:18.840+0000][gc,phases     ] GC(522)   Evacuate Collection Set: 3.6ms
[2024-10-19T04:12:18.840+0000][gc,phases     ] GC(522)   Post Evacuate Collection Set: 0.4ms
[2024-10-19T04:12:18.840+0000][gc,phases     ] GC(522)   Other: 0.2ms
[2024-10-19T04:12:18.840+0000][gc,heap       ] GC(522) Eden regions: 610->0(610)
[2024-10-19T04:12:18.840+0000][gc,heap       ] GC(522) Survivor regions: 4->4(77)
[2024-10-19T04:12:18.840+0000][gc,heap       ] GC(522) Old regions: 20->20
[2024-10-19T04:12:18.840+0000][gc,heap       ] GC(522) Humongous regions: 129->129
[2024-10-19T04:12:18.840+0000][gc,metaspace  ] GC(522) Metaspace: 46189K(49408K)->46189K(49408K) NonClass: 40279K(41984K)->40279K(41984K) Class: 5910K(7424K)->5910K(7424K)
[2024-10-19T04:12:18.840+0000][gc            ] GC(522) Pause Young (Normal) (G1 Evacuation Pause) 760M->151M(1024M) 4.207ms
[2024-10-19T04:12:18.840+0000][gc,cpu        ] GC(522) User=0.01s Sys=0.00s Real=0.01s
[2024-10-19T06:18:17.770+0000][gc,start      ] GC(523) Pause Young (Normal) (G1 Evacuation Pause)
[2024-10-19T06:18:17.770+0000][gc,task       ] GC(523) Using 4 workers of 4 for evacuation
[2024-10-19T06:18:17.773+0000][gc,phases     ] GC(523)   Pre Evacuate Collection Set: 0.0ms
[2024-10-19T06:18:17.773+0000][gc,phases     ] GC(523)   Evacuate Collection Set: 2.1ms
[2024-10-19T06:18:17.773+0000][gc,phases     ] GC(523)   Post Evacuate Collection Set: 0.4ms
[2024-10-19T06:18:17.773+0000][gc,phases     ] GC(523)   Other: 0.2ms
[2024-10-19T06:18:17.773+0000][gc,heap       ] GC(523) Eden regions: 610->0(611)
[2024-10-19T06:18:17.773+0000][gc,heap       ] GC(523) Survivor regions: 4->3(77)
[2024-10-19T06:18:17.773+0000][gc,heap       ] GC(523) Old regions: 20->20
[2024-10-19T06:18:17.773+0000][gc,heap       ] GC(523) Humongous regions: 129->129
[2024-10-19T06:18:17.773+0000][gc,metaspace  ] GC(523) Metaspace: 46189K(49408K)->46189K(49408K) NonClass: 40279K(41984K)->40279K(41984K) Class: 5910K(7424K)->5910K(7424K)
[2024-10-19T06:18:17.773+0000][gc            ] GC(523) Pause Young (Normal) (G1 Evacuation Pause) 761M->150M(1024M) 2.764ms
[2024-10-19T06:18:17.773+0000][gc,cpu        ] GC(523) User=0.01s Sys=0.00s Real=0.00s
[2024-10-19T08:24:16.438+0000][gc,start      ] GC(524) Pause Young (Normal) (G1 Evacuation Pause)
[2024-10-19T08:24:16.438+0000][gc,task       ] GC(524) Using 4 workers of 4 for evacuation
[2024-10-19T08:24:16.442+0000][gc,phases     ] GC(524)   Pre Evacuate Collection Set: 0.0ms
[2024-10-19T08:24:16.442+0000][gc,phases     ] GC(524)   Evacuate Collection Set: 2.8ms
[2024-10-19T08:24:16.442+0000][gc,phases     ] GC(524)   Post Evacuate Collection Set: 0.5ms
[2024-10-19T08:24:16.442+0000][gc,phases     ] GC(524)   Other: 0.2ms
[2024-10-19T08:24:16.442+0000][gc,heap       ] GC(524) Eden regions: 611->0(611)
[2024-10-19T08:24:16.442+0000][gc,heap       ] GC(524) Survivor regions: 3->3(77)
[2024-10-19T08:24:16.442+0000][gc,heap       ] GC(524) Old regions: 20->20
[2024-10-19T08:24:16.442+0000][gc,heap       ] GC(524) Humongous regions: 145->129
[2024-10-19T08:24:16.442+0000][gc,metaspace  ] GC(524) Metaspace: 46189K(49408K)->46189K(49408K) NonClass: 40279K(41984K)->40279K(41984K) Class: 5910K(7424K)->5910K(7424K)
[2024-10-19T08:24:16.442+0000][gc            ] GC(524) Pause Young (Normal) (G1 Evacuation Pause) 777M->150M(1024M) 3.593ms
[2024-10-19T08:24:16.442+0000][gc,cpu        ] GC(524) User=0.01s Sys=0.01s Real=0.00s
[2024-10-19T10:30:07.731+0000][gc,start      ] GC(525) Pause Young (Normal) (G1 Evacuation Pause)
[2024-10-19T10:30:07.731+0000][gc,task       ] GC(525) Using 4 workers of 4 for evacuation
[2024-10-19T10:30:07.734+0000][gc,phases     ] GC(525)   Pre Evacuate Collection Set: 0.0ms
[2024-10-19T10:30:07.734+0000][gc,phases     ] GC(525)   Evacuate Collection Set: 3.2ms
[2024-10-19T10:30:07.734+0000][gc,phases     ] GC(525)   Post Evacuate Collection Set: 0.4ms
[2024-10-19T10:30:07.735+0000][gc,phases     ] GC(525)   Other: 0.2ms
[2024-10-19T10:30:07.735+0000][gc,heap       ] GC(525) Eden regions: 611->0(611)
[2024-10-19T10:30:07.735+0000][gc,heap       ] GC(525) Survivor regions: 3->3(77)
[2024-10-19T10:30:07.735+0000][gc,heap       ] GC(525) Old regions: 20->20
[2024-10-19T10:30:07.735+0000][gc,heap       ] GC(525) Humongous regions: 129->129
[2024-10-19T10:30:07.735+0000][gc,metaspace  ] GC(525) Metaspace: 46189K(49408K)->46189K(49408K) NonClass: 40279K(41984K)->40279K(41984K) Class: 5910K(7424K)->5910K(7424K)
[2024-10-19T10:30:07.735+0000][gc            ] GC(525) Pause Young (Normal) (G1 Evacuation Pause) 761M->150M(1024M) 3.843ms
[2024-10-19T10:30:07.735+0000][gc,cpu        ] GC(525) User=0.01s Sys=0.00s Real=0.00s
[2024-10-19T12:36:06.438+0000][gc,start      ] GC(526) Pause Young (Normal) (G1 Evacuation Pause)
[2024-10-19T12:36:06.438+0000][gc,task       ] GC(526) Using 4 workers of 4 for evacuation
[2024-10-19T12:36:06.442+0000][gc,phases     ] GC(526)   Pre Evacuate Collection Set: 0.0ms
[2024-10-19T12:36:06.442+0000][gc,phases     ] GC(526)   Evacuate Collection Set: 3.5ms
[2024-10-19T12:36:06.442+0000][gc,phases     ] GC(526)   Post Evacuate Collection Set: 0.4ms
[2024-10-19T12:36:06.442+0000][gc,phases     ] GC(526)   Other: 0.2ms
[2024-10-19T12:36:06.442+0000][gc,heap       ] GC(526) Eden regions: 611->0(611)
[2024-10-19T12:36:06.442+0000][gc,heap       ] GC(526) Survivor regions: 3->3(77)
[2024-10-19T12:36:06.442+0000][gc,heap       ] GC(526) Old regions: 20->20
[2024-10-19T12:36:06.442+0000][gc,heap       ] GC(526) Humongous regions: 129->129
[2024-10-19T12:36:06.442+0000][gc,metaspace  ] GC(526) Metaspace: 46189K(49408K)->46189K(49408K) NonClass: 40279K(41984K)->40279K(41984K) Class: 5910K(7424K)->5910K(7424K)
[2024-10-19T12:36:06.442+0000][gc            ] GC(526) Pause Young (Normal) (G1 Evacuation Pause) 761M->150M(1024M) 4.165ms
[2024-10-19T12:36:06.442+0000][gc,cpu        ] GC(526) User=0.01s Sys=0.00s Real=0.00s
[2024-10-19T14:42:19.011+0000][gc,start      ] GC(527) Pause Young (Normal) (G1 Evacuation Pause)
[2024-10-19T14:42:19.011+0000][gc,task       ] GC(527) Using 4 workers of 4 for evacuation
[2024-10-19T14:42:19.014+0000][gc,phases     ] GC(527)   Pre Evacuate Collection Set: 0.0ms
[2024-10-19T14:42:19.014+0000][gc,phases     ] GC(527)   Evacuate Collection Set: 2.6ms
[2024-10-19T14:42:19.014+0000][gc,phases     ] GC(527)   Post Evacuate Collection Set: 0.4ms
[2024-10-19T14:42:19.014+0000][gc,phases     ] GC(527)   Other: 0.2ms
[2024-10-19T14:42:19.014+0000][gc,heap       ] GC(527) Eden regions: 611->0(610)
[2024-10-19T14:42:19.014+0000][gc,heap       ] GC(527) Survivor regions: 3->4(77)
[2024-10-19T14:42:19.014+0000][gc,heap       ] GC(527) Old regions: 20->20
[2024-10-19T14:42:19.014+0000][gc,heap       ] GC(527) Humongous regions: 129->129
[2024-10-19T14:42:19.014+0000][gc,metaspace  ] GC(527) Metaspace: 46189K(49408K)->46189K(49408K) NonClass: 40279K(41984K)->40279K(41984K) Class: 5910K(7424K)->5910K(7424K)
[2024-10-19T14:42:19.014+0000][gc            ] GC(527) Pause Young (Normal) (G1 Evacuation Pause) 761M->150M(1024M) 3.316ms
[2024-10-19T14:42:19.014+0000][gc,cpu        ] GC(527) User=0.01s Sys=0.00s Real=0.00s
[2024-10-19T16:48:20.206+0000][gc,start      ] GC(528) Pause Young (Normal) (G1 Evacuation Pause)
[2024-10-19T16:48:20.206+0000][gc,task       ] GC(528) Using 4 workers of 4 for evacuation
[2024-10-19T16:48:20.209+0000][gc,phases     ] GC(528)   Pre Evacuate Collection Set: 0.0ms
[2024-10-19T16:48:20.209+0000][gc,phases     ] GC(528)   Evacuate Collection Set: 2.6ms
[2024-10-19T16:48:20.209+0000][gc,phases     ] GC(528)   Post Evacuate Collection Set: 0.4ms
[2024-10-19T16:48:20.209+0000][gc,phases     ] GC(528)   Other: 0.2ms
[2024-10-19T16:48:20.209+0000][gc,heap       ] GC(528) Eden regions: 610->0(610)
[2024-10-19T16:48:20.209+0000][gc,heap       ] GC(528) Survivor regions: 4->4(77)
[2024-10-19T16:48:20.209+0000][gc,heap       ] GC(528) Old regions: 20->20
[2024-10-19T16:48:20.209+0000][gc,heap       ] GC(528) Humongous regions: 180->129
[2024-10-19T16:48:20.209+0000][gc,metaspace  ] GC(528) Metaspace: 46196K(49408K)->46196K(49408K) NonClass: 40285K(41984K)->40285K(41984K) Class: 5910K(7424K)->5910K(7424K)
[2024-10-19T16:48:20.209+0000][gc            ] GC(528) Pause Young (Normal) (G1 Evacuation Pause) 811M->151M(1024M) 3.243ms
[2024-10-19T16:48:20.209+0000][gc,cpu        ] GC(528) User=0.01s Sys=0.01s Real=0.00s
[2024-10-19T18:54:26.213+0000][gc,start      ] GC(529) Pause Young (Normal) (G1 Evacuation Pause)
[2024-10-19T18:54:26.213+0000][gc,task       ] GC(529) Using 4 workers of 4 for evacuation
[2024-10-19T18:54:26.216+0000][gc,phases     ] GC(529)   Pre Evacuate Collection Set: 0.0ms
[2024-10-19T18:54:26.216+0000][gc,phases     ] GC(529)   Evacuate Collection Set: 2.1ms
[2024-10-19T18:54:26.216+0000][gc,phases     ] GC(529)   Post Evacuate Collection Set: 0.4ms
[2024-10-19T18:54:26.216+0000][gc,phases     ] GC(529)   Other: 0.2ms
[2024-10-19T18:54:26.216+0000][gc,heap       ] GC(529) Eden regions: 610->0(611)
[2024-10-19T18:54:26.216+0000][gc,heap       ] GC(529) Survivor regions: 4->3(77)
[2024-10-19T18:54:26.216+0000][gc,heap       ] GC(529) Old regions: 20->20
[2024-10-19T18:54:26.216+0000][gc,heap       ] GC(529) Humongous regions: 129->129
[2024-10-19T18:54:26.216+0000][gc,metaspace  ] GC(529) Metaspace: 46196K(49408K)->46196K(49408K) NonClass: 40285K(41984K)->40285K(41984K) Class: 5910K(7424K)->5910K(7424K)
[2024-10-19T18:54:26.216+0000][gc            ] GC(529) Pause Young (Normal) (G1 Evacuation Pause) 761M->150M(1024M) 2.757ms
[2024-10-19T18:54:26.216+0000][gc,cpu        ] GC(529) User=0.01s Sys=0.00s Real=0.00s
[2024-10-19T21:00:35.900+0000][gc,start      ] GC(530) Pause Young (Normal) (G1 Evacuation Pause)
[2024-10-19T21:00:35.900+0000][gc,task       ] GC(530) Using 4 workers of 4 for evacuation
[2024-10-19T21:00:35.903+0000][gc,phases     ] GC(530)   Pre Evacuate Collection Set: 0.0ms
[2024-10-19T21:00:35.903+0000][gc,phases     ] GC(530)   Evacuate Collection Set: 2.3ms
[2024-10-19T21:00:35.903+0000][gc,phases     ] GC(530)   Post Evacuate Collection Set: 0.4ms
[2024-10-19T21:00:35.903+0000][gc,phases     ] GC(530)   Other: 0.2ms
[2024-10-19T21:00:35.903+0000][gc,heap       ] GC(530) Eden regions: 611->0(611)
[2024-10-19T21:00:35.903+0000][gc,heap       ] GC(530) Survivor regions: 3->3(77)
[2024-10-19T21:00:35.903+0000][gc,heap       ] GC(530) Old regions: 20->20
[2024-10-19T21:00:35.903+0000][gc,heap       ] GC(530) Humongous regions: 129->129
[2024-10-19T21:00:35.903+0000][gc,metaspace  ] GC(530) Metaspace: 46196K(49408K)->46196K(49408K) NonClass: 40285K(41984K)->40285K(41984K) Class: 5910K(7424K)->5910K(7424K)
[2024-10-19T21:00:35.903+0000][gc            ] GC(530) Pause Young (Normal) (G1 Evacuation Pause) 761M->150M(1024M) 2.994ms
[2024-10-19T21:00:35.903+0000][gc,cpu        ] GC(530) User=0.01s Sys=0.00s Real=0.00s
[2024-10-19T23:07:02.475+0000][gc,start      ] GC(531) Pause Young (Normal) (G1 Evacuation Pause)
[2024-10-19T23:07:02.475+0000][gc,task       ] GC(531) Using 4 workers of 4 for evacuation
[2024-10-19T23:07:02.478+0000][gc,phases     ] GC(531)   Pre Evacuate Collection Set: 0.0ms
[2024-10-19T23:07:02.478+0000][gc,phases     ] GC(531)   Evacuate Collection Set: 2.6ms
[2024-10-19T23:07:02.478+0000][gc,phases     ] GC(531)   Post Evacuate Collection Set: 0.4ms
[2024-10-19T23:07:02.478+0000][gc,phases     ] GC(531)   Other: 0.2ms
[2024-10-19T23:07:02.478+0000][gc,heap       ] GC(531) Eden regions: 611->0(611)
[2024-10-19T23:07:02.478+0000][gc,heap       ] GC(531) Survivor regions: 3->3(77)
[2024-10-19T23:07:02.478+0000][gc,heap       ] GC(531) Old regions: 20->20
[2024-10-19T23:07:02.478+0000][gc,heap       ] GC(531) Humongous regions: 129->129
[2024-10-19T23:07:02.478+0000][gc,metaspace  ] GC(531) Metaspace: 46196K(49408K)->46196K(49408K) NonClass: 40285K(41984K)->40285K(41984K) Class: 5910K(7424K)->5910K(7424K)
[2024-10-19T23:07:02.478+0000][gc            ] GC(531) Pause Young (Normal) (G1 Evacuation Pause) 761M->150M(1024M) 3.321ms
[2024-10-19T23:07:02.478+0000][gc,cpu        ] GC(531) User=0.01s Sys=0.00s Real=0.01s
[2024-10-20T01:13:13.771+0000][gc,start      ] GC(532) Pause Young (Normal) (G1 Evacuation Pause)
[2024-10-20T01:13:13.771+0000][gc,task       ] GC(532) Using 4 workers of 4 for evacuation
[2024-10-20T01:13:13.774+0000][gc,phases     ] GC(532)   Pre Evacuate Collection Set: 0.0ms
[2024-10-20T01:13:13.774+0000][gc,phases     ] GC(532)   Evacuate Collection Set: 2.8ms
[2024-10-20T01:13:13.774+0000][gc,phases     ] GC(532)   Post Evacuate Collection Set: 0.4ms
[2024-10-20T01:13:13.774+0000][gc,phases     ] GC(532)   Other: 0.2ms
[2024-10-20T01:13:13.774+0000][gc,heap       ] GC(532) Eden regions: 611->0(610)
[2024-10-20T01:13:13.774+0000][gc,heap       ] GC(532) Survivor regions: 3->4(77)
[2024-10-20T01:13:13.774+0000][gc,heap       ] GC(532) Old regions: 20->20
[2024-10-20T01:13:13.774+0000][gc,heap       ] GC(532) Humongous regions: 129->129
[2024-10-20T01:13:13.774+0000][gc,metaspace  ] GC(532) Metaspace: 46196K(49408K)->46196K(49408K) NonClass: 40285K(41984K)->40285K(41984K) Class: 5910K(7424K)->5910K(7424K)
[2024-10-20T01:13:13.774+0000][gc            ] GC(532) Pause Young (Normal) (G1 Evacuation Pause) 761M->150M(1024M) 3.525ms
[2024-10-20T01:13:13.774+0000][gc,cpu        ] GC(532) User=0.01s Sys=0.00s Real=0.00s
[2024-10-20T03:19:08.438+0000][gc,start      ] GC(533) Pause Young (Normal) (G1 Evacuation Pause)
[2024-10-20T03:19:08.438+0000][gc,task       ] GC(533) Using 4 workers of 4 for evacuation
[2024-10-20T03:19:08.442+0000][gc,phases     ] GC(533)   Pre Evacuate Collection Set: 0.0ms
[2024-10-20T03:19:08.442+0000][gc,phases     ] GC(533)   Evacuate Collection Set: 3.2ms
[2024-10-20T03:19:08.442+0000][gc,phases     ] GC(533)   Post Evacuate Collection Set: 0.4ms
[2024-10-20T03:19:08.442+0000][gc,phases     ] GC(533)   Other: 0.2ms
[2024-10-20T03:19:08.442+0000][gc,heap       ] GC(533) Eden regions: 610->0(610)
[2024-10-20T03:19:08.442+0000][gc,heap       ] GC(533) Survivor regions: 4->4(77)
[2024-10-20T03:19:08.442+0000][gc,heap       ] GC(533) Old regions: 20->20
[2024-10-20T03:19:08.442+0000][gc,heap       ] GC(533) Humongous regions: 129->129
[2024-10-20T03:19:08.442+0000][gc,metaspace  ] GC(533) Metaspace: 46196K(49408K)->46196K(49408K) NonClass: 40285K(41984K)->40285K(41984K) Class: 5910K(7424K)->5910K(7424K)
[2024-10-20T03:19:08.442+0000][gc            ] GC(533) Pause Young (Normal) (G1 Evacuation Pause) 760M->151M(1024M) 3.819ms
[2024-10-20T03:19:08.442+0000][gc,cpu        ] GC(533) User=0.01s Sys=0.00s Real=0.00s
[2024-10-20T05:25:15.870+0000][gc,start      ] GC(534) Pause Young (Normal) (G1 Evacuation Pause)
[2024-10-20T05:25:15.870+0000][gc,task       ] GC(534) Using 4 workers of 4 for evacuation
[2024-10-20T05:25:15.873+0000][gc,phases     ] GC(534)   Pre Evacuate Collection Set: 0.0ms
[2024-10-20T05:25:15.873+0000][gc,phases     ] GC(534)   Evacuate Collection Set: 3.0ms
[2024-10-20T05:25:15.873+0000][gc,phases     ] GC(534)   Post Evacuate Collection Set: 0.4ms
[2024-10-20T05:25:15.873+0000][gc,phases     ] GC(534)   Other: 0.2ms
[2024-10-20T05:25:15.873+0000][gc,heap       ] GC(534) Eden regions: 610->0(611)
[2024-10-20T05:25:15.873+0000][gc,heap       ] GC(534) Survivor regions: 4->3(77)
[2024-10-20T05:25:15.873+0000][gc,heap       ] GC(534) Old regions: 20->20
[2024-10-20T05:25:15.873+0000][gc,heap       ] GC(534) Humongous regions: 129->129
[2024-10-20T05:25:15.873+0000][gc,metaspace  ] GC(534) Metaspace: 46196K(49408K)->46196K(49408K) NonClass: 40285K(41984K)->40285K(41984K) Class: 5910K(7424K)->5910K(7424K)
[2024-10-20T05:25:15.873+0000][gc            ] GC(534) Pause Young (Normal) (G1 Evacuation Pause) 761M->149M(1024M) 3.618ms
[2024-10-20T05:25:15.873+0000][gc,cpu        ] GC(534) User=0.01s Sys=0.00s Real=0.00s
[2024-10-20T07:31:09.011+0000][gc,start      ] GC(535) Pause Young (Normal) (G1 Evacuation Pause)
[2024-10-20T07:31:09.011+0000][gc,task       ] GC(535) Using 4 workers of 4 for evacuation
[2024-10-20T07:31:09.013+0000][gc,phases     ] GC(535)   Pre Evacuate Collection Set: 0.0ms
[2024-10-20T07:31:09.013+0000][gc,phases     ] GC(535)   Evacuate Collection Set: 1.9ms
[2024-10-20T07:31:09.013+0000][gc,phases     ] GC(535)   Post Evacuate Collection Set: 0.4ms
[2024-10-20T07:31:09.013+0000][gc,phases     ] GC(535)   Other: 0.2ms
[2024-10-20T07:31:09.013+0000][gc,heap       ] GC(535) Eden regions: 611->0(611)
[2024-10-20T07:31:09.013+0000][gc,heap       ] GC(535) Survivor regions: 3->3(77)
[2024-10-20T07:31:09.013+0000][gc,heap       ] GC(535) Old regions: 20->20
[2024-10-20T07:31:09.013+0000][gc,heap       ] GC(535) Humongous regions: 129->129
[2024-10-20T07:31:09.013+0000][gc,metaspace  ] GC(535) Metaspace: 46196K(49408K)->46196K(49408K) NonClass: 40285K(41984K)->40285K(41984K) Class: 5910K(7424K)->5910K(7424K)
[2024-10-20T07:31:09.013+0000][gc            ] GC(535) Pause Young (Normal) (G1 Evacuation Pause) 760M->150M(1024M) 2.563ms
[2024-10-20T07:31:09.013+0000][gc,cpu        ] GC(535) User=0.00s Sys=0.01s Real=0.00s
[2024-10-20T09:37:09.917+0000][gc,start      ] GC(536) Pause Young (Normal) (G1 Evacuation Pause)
[2024-10-20T09:37:09.917+0000][gc,task       ] GC(536) Using 4 workers of 4 for evacuation
[2024-10-20T09:37:09.920+0000][gc,phases     ] GC(536)   Pre Evacuate Collection Set: 0.0ms
[2024-10-20T09:37:09.920+0000][gc,phases     ] GC(536)   Evacuate Collection Set: 2.4ms
[2024-10-20T09:37:09.920+0000][gc,phases     ] GC(536)   Post Evacuate Collection Set: 0.5ms
[2024-10-20T09:37:09.920+0000][gc,phases     ] GC(536)   Other: 0.2ms
[2024-10-20T09:37:09.920+0000][gc,heap       ] GC(536) Eden regions: 611->0(611)
[2024-10-20T09:37:09.920+0000][gc,heap       ] GC(536) Survivor regions: 3->3(77)
[2024-10-20T09:37:09.920+0000][gc,heap       ] GC(536) Old regions: 20->20
[2024-10-20T09:37:09.920+0000][gc,heap       ] GC(536) Humongous regions: 178->129
[2024-10-20T09:37:09.920+0000][gc,metaspace  ] GC(536) Metaspace: 46196K(49408K)->46196K(49408K) NonClass: 40285K(41984K)->40285K(41984K) Class: 5910K(7424K)->5910K(7424K)
[2024-10-20T09:37:09.920+0000][gc            ] GC(536) Pause Young (Normal) (G1 Evacuation Pause) 810M->150M(1024M) 3.154ms
[2024-10-20T09:37:09.920+0000][gc,cpu        ] GC(536) User=0.01s Sys=0.00s Real=0.01s
[2024-10-20T11:43:26.882+0000][gc,start      ] GC(537) Pause Young (Normal) (G1 Evacuation Pause)
[2024-10-20T11:43:26.882+0000][gc,task       ] GC(537) Using 4 workers of 4 for evacuation
[2024-10-20T11:43:26.885+0000][gc,phases     ] GC(537)   Pre Evacuate Collection Set: 0.0ms
[2024-10-20T11:43:26.885+0000][gc,phases     ] GC(537)   Evacuate Collection Set: 3.0ms
[2024-10-20T11:43:26.885+0000][gc,phases     ] GC(537)   Post Evacuate Collection Set: 0.5ms
[2024-10-20T11:43:26.885+0000][gc,phases     ] GC(537)   Other: 0.2ms
[2024-10-20T11:43:26.885+0000][gc,heap       ] GC(537) Eden regions: 611->0(611)
[2024-10-20T11:43:26.885+0000][gc,heap       ] GC(537) Survivor regions: 3->3(77)
[2024-10-20T11:43:26.885+0000][gc,heap       ] GC(537) Old regions: 20->20
[2024-10-20T11:43:26.885+0000][gc,heap       ] GC(537) Humongous regions: 129->129
[2024-10-20T11:43:26.885+0000][gc,metaspace  ] GC(537) Metaspace: 46196K(49408K)->46196K(49408K) NonClass: 40285K(41984K)->40285K(41984K) Class: 5910K(7424K)->5910K(7424K)
[2024-10-20T11:43:26.885+0000][gc            ] GC(537) Pause Young (Normal) (G1 Evacuation Pause) 761M->150M(1024M) 3.690ms
[2024-10-20T11:43:26.886+0000][gc,cpu        ] GC(537) User=0.01s Sys=0.00s Real=0.00s
[2024-10-20T13:49:45.624+0000][gc,start      ] GC(538) Pause Young (Normal) (G1 Evacuation Pause)
[2024-10-20T13:49:45.624+0000][gc,task       ] GC(538) Using 4 workers of 4 for evacuation
[2024-10-20T13:49:45.627+0000][gc,phases     ] GC(538)   Pre Evacuate Collection Set: 0.0ms
[2024-10-20T13:49:45.627+0000][gc,phases     ] GC(538)   Evacuate Collection Set: 2.8ms
[2024-10-20T13:49:45.627+0000][gc,phases     ] GC(538)   Post Evacuate Collection Set: 0.4ms
[2024-10-20T13:49:45.627+0000][gc,phases     ] GC(538)   Other: 0.2ms
[2024-10-20T13:49:45.627+0000][gc,heap       ] GC(538) Eden regions: 611->0(610)
[2024-10-20T13:49:45.627+0000][gc,heap       ] GC(538) Survivor regions: 3->4(77)
[2024-10-20T13:49:45.627+0000][gc,heap       ] GC(538) Old regions: 20->20
[2024-10-20T13:49:45.627+0000][gc,heap       ] GC(538) Humongous regions: 129->129
[2024-10-20T13:49:45.627+0000][gc,metaspace  ] GC(538) Metaspace: 46196K(49408K)->46196K(49408K) NonClass: 40285K(41984K)->40285K(41984K) Class: 5910K(7424K)->5910K(7424K)
[2024-10-20T13:49:45.627+0000][gc            ] GC(538) Pause Young (Normal) (G1 Evacuation Pause) 761M->150M(1024M) 3.399ms
[2024-10-20T13:49:45.627+0000][gc,cpu        ] GC(538) User=0.01s Sys=0.00s Real=0.00s
[2024-10-20T15:55:46.253+0000][gc,start      ] GC(539) Pause Young (Normal) (G1 Evacuation Pause)
[2024-10-20T15:55:46.253+0000][gc,task       ] GC(539) Using 4 workers of 4 for evacuation
[2024-10-20T15:55:46.257+0000][gc,phases     ] GC(539)   Pre Evacuate Collection Set: 0.0ms
[2024-10-20T15:55:46.257+0000][gc,phases     ] GC(539)   Evacuate Collection Set: 3.3ms
[2024-10-20T15:55:46.257+0000][gc,phases     ] GC(539)   Post Evacuate Collection Set: 0.4ms
[2024-10-20T15:55:46.257+0000][gc,phases     ] GC(539)   Other: 0.2ms
[2024-10-20T15:55:46.257+0000][gc,heap       ] GC(539) Eden regions: 610->0(610)
[2024-10-20T15:55:46.257+0000][gc,heap       ] GC(539) Survivor regions: 4->4(77)
[2024-10-20T15:55:46.257+0000][gc,heap       ] GC(539) Old regions: 20->20
[2024-10-20T15:55:46.257+0000][gc,heap       ] GC(539) Humongous regions: 129->129
[2024-10-20T15:55:46.257+0000][gc,metaspace  ] GC(539) Metaspace: 46196K(49408K)->46196K(49408K) NonClass: 40285K(41984K)->40285K(41984K) Class: 5910K(7424K)->5910K(7424K)
[2024-10-20T15:55:46.257+0000][gc            ] GC(539) Pause Young (Normal) (G1 Evacuation Pause) 760M->151M(1024M) 4.052ms
[2024-10-20T15:55:46.257+0000][gc,cpu        ] GC(539) User=0.01s Sys=0.00s Real=0.00s
[2024-10-20T18:01:45.891+0000][gc,start      ] GC(540) Pause Young (Normal) (G1 Evacuation Pause)
[2024-10-20T18:01:45.891+0000][gc,task       ] GC(540) Using 4 workers of 4 for evacuation
[2024-10-20T18:01:45.894+0000][gc,phases     ] GC(540)   Pre Evacuate Collection Set: 0.0ms
[2024-10-20T18:01:45.894+0000][gc,phases     ] GC(540)   Evacuate Collection Set: 2.0ms
[2024-10-20T18:01:45.894+0000][gc,phases     ] GC(540)   Post Evacuate Collection Set: 0.4ms
[2024-10-20T18:01:45.894+0000][gc,phases     ] GC(540)   Other: 0.2ms
[2024-10-20T18:01:45.894+0000][gc,heap       ] GC(540) Eden regions: 610->0(611)
[2024-10-20T18:01:45.894+0000][gc,heap       ] GC(540) Survivor regions: 4->3(77)
[2024-10-20T18:01:45.894+0000][gc,heap       ] GC(540) Old regions: 20->20
[2024-10-20T18:01:45.894+0000][gc,heap       ] GC(540) Humongous regions: 129->129
[2024-10-20T18:01:45.894+0000][gc,metaspace  ] GC(540) Metaspace: 46196K(49408K)->46196K(49408K) NonClass: 40285K(41984K)->40285K(41984K) Class: 5910K(7424K)->5910K(7424K)
[2024-10-20T18:01:45.894+0000][gc            ] GC(540) Pause Young (Normal) (G1 Evacuation Pause) 761M->150M(1024M) 2.594ms
[2024-10-20T18:01:45.894+0000][gc,cpu        ] GC(540) User=0.01s Sys=0.00s Real=0.00s
[2024-10-20T20:08:03.370+0000][gc,start      ] GC(541) Pause Young (Normal) (G1 Evacuation Pause)
[2024-10-20T20:08:03.370+0000][gc,task       ] GC(541) Using 4 workers of 4 for evacuation
[2024-10-20T20:08:03.374+0000][gc,phases     ] GC(541)   Pre Evacuate Collection Set: 0.0ms
[2024-10-20T20:08:03.374+0000][gc,phases     ] GC(541)   Evacuate Collection Set: 3.1ms
[2024-10-20T20:08:03.374+0000][gc,phases     ] GC(541)   Post Evacuate Collection Set: 0.5ms
[2024-10-20T20:08:03.374+0000][gc,phases     ] GC(541)   Other: 0.2ms
[2024-10-20T20:08:03.374+0000][gc,heap       ] GC(541) Eden regions: 611->0(611)
[2024-10-20T20:08:03.374+0000][gc,heap       ] GC(541) Survivor regions: 3->3(77)
[2024-10-20T20:08:03.374+0000][gc,heap       ] GC(541) Old regions: 20->20
[2024-10-20T20:08:03.374+0000][gc,heap       ] GC(541) Humongous regions: 129->129
[2024-10-20T20:08:03.374+0000][gc,metaspace  ] GC(541) Metaspace: 46196K(49408K)->46196K(49408K) NonClass: 40285K(41984K)->40285K(41984K) Class: 5910K(7424K)->5910K(7424K)
[2024-10-20T20:08:03.374+0000][gc            ] GC(541) Pause Young (Normal) (G1 Evacuation Pause) 761M->150M(1024M) 3.908ms
[2024-10-20T20:08:03.374+0000][gc,cpu        ] GC(541) User=0.01s Sys=0.00s Real=0.00s
[2024-10-20T22:14:14.011+0000][gc,start      ] GC(542) Pause Young (Normal) (G1 Evacuation Pause)
[2024-10-20T22:14:14.011+0000][gc,task       ] GC(542) Using 4 workers of 4 for evacuation
[2024-10-20T22:14:14.014+0000][gc,phases     ] GC(542)   Pre Evacuate Collection Set: 0.0ms
[2024-10-20T22:14:14.014+0000][gc,phases     ] GC(542)   Evacuate Collection Set: 3.1ms
[2024-10-20T22:14:14.014+0000][gc,phases     ] GC(542)   Post Evacuate Collection Set: 0.4ms
[2024-10-20T22:14:14.014+0000][gc,phases     ] GC(542)   Other: 0.2ms
[2024-10-20T22:14:14.014+0000][gc,heap       ] GC(542) Eden regions: 611->0(611)
[2024-10-20T22:14:14.014+0000][gc,heap       ] GC(542) Survivor regions: 3->3(77)
[2024-10-20T22:14:14.014+0000][gc,heap       ] GC(542) Old regions: 20->20
[2024-10-20T22:14:14.014+0000][gc,heap       ] GC(542) Humongous regions: 129->129
[2024-10-20T22:14:14.014+0000][gc,metaspace  ] GC(542) Metaspace: 46196K(49408K)->46196K(49408K) NonClass: 40285K(41984K)->40285K(41984K) Class: 5910K(7424K)->5910K(7424K)
[2024-10-20T22:14:14.015+0000][gc            ] GC(542) Pause Young (Normal) (G1 Evacuation Pause) 761M->150M(1024M) 3.763ms
[2024-10-20T22:14:14.015+0000][gc,cpu        ] GC(542) User=0.01s Sys=0.00s Real=0.00s
[2024-10-21T00:20:24.435+0000][gc,start      ] GC(543) Pause Young (Normal) (G1 Evacuation Pause)
[2024-10-21T00:20:24.435+0000][gc,task       ] GC(543) Using 4 workers of 4 for evacuation
[2024-10-21T00:20:24.439+0000][gc,phases     ] GC(543)   Pre Evacuate Collection Set: 0.0ms
[2024-10-21T00:20:24.439+0000][gc,phases     ] GC(543)   Evacuate Collection Set: 3.3ms
[2024-10-21T00:20:24.439+0000][gc,phases     ] GC(543)   Post Evacuate Collection Set: 0.4ms
[2024-10-21T00:20:24.439+0000][gc,phases     ] GC(543)   Other: 0.2ms
[2024-10-21T00:20:24.439+0000][gc,heap       ] GC(543) Eden regions: 611->0(610)
[2024-10-21T00:20:24.439+0000][gc,heap       ] GC(543) Survivor regions: 3->4(77)
[2024-10-21T00:20:24.439+0000][gc,heap       ] GC(543) Old regions: 20->20
[2024-10-21T00:20:24.439+0000][gc,heap       ] GC(543) Humongous regions: 129->129
[2024-10-21T00:20:24.439+0000][gc,metaspace  ] GC(543) Metaspace: 46196K(49408K)->46196K(49408K) NonClass: 40285K(41984K)->40285K(41984K) Class: 5910K(7424K)->5910K(7424K)
[2024-10-21T00:20:24.439+0000][gc            ] GC(543) Pause Young (Normal) (G1 Evacuation Pause) 761M->150M(1024M) 3.861ms
[2024-10-21T00:20:24.439+0000][gc,cpu        ] GC(543) User=0.01s Sys=0.00s Real=0.01s
[2024-10-21T02:26:24.011+0000][gc,start      ] GC(544) Pause Young (Normal) (G1 Evacuation Pause)
[2024-10-21T02:26:24.011+0000][gc,task       ] GC(544) Using 4 workers of 4 for evacuation
[2024-10-21T02:26:24.014+0000][gc,phases     ] GC(544)   Pre Evacuate Collection Set: 0.0ms
[2024-10-21T02:26:24.014+0000][gc,phases     ] GC(544)   Evacuate Collection Set: 2.6ms
[2024-10-21T02:26:24.014+0000][gc,phases     ] GC(544)   Post Evacuate Collection Set: 0.4ms
[2024-10-21T02:26:24.014+0000][gc,phases     ] GC(544)   Other: 0.2ms
[2024-10-21T02:26:24.014+0000][gc,heap       ] GC(544) Eden regions: 610->0(610)
[2024-10-21T02:26:24.014+0000][gc,heap       ] GC(544) Survivor regions: 4->4(77)
[2024-10-21T02:26:24.014+0000][gc,heap       ] GC(544) Old regions: 20->20
[2024-10-21T02:26:24.014+0000][gc,heap       ] GC(544) Humongous regions: 178->129
[2024-10-21T02:26:24.014+0000][gc,metaspace  ] GC(544) Metaspace: 46196K(49408K)->46196K(49408K) NonClass: 40285K(41984K)->40285K(41984K) Class: 5910K(7424K)->5910K(7424K)
[2024-10-21T02:26:24.014+0000][gc            ] GC(544) Pause Young (Normal) (G1 Evacuation Pause) 809M->151M(1024M) 3.365ms
[2024-10-21T02:26:24.014+0000][gc,cpu        ] GC(544) User=0.01s Sys=0.00s Real=0.00s
[2024-10-21T04:31:48.438+0000][gc,start      ] GC(545) Pause Young (Normal) (G1 Evacuation Pause)
[2024-10-21T04:31:48.438+0000][gc,task       ] GC(545) Using 4 workers of 4 for evacuation
[2024-10-21T04:31:48.442+0000][gc,phases     ] GC(545)   Pre Evacuate Collection Set: 0.0ms
[2024-10-21T04:31:48.442+0000][gc,phases     ] GC(545)   Evacuate Collection Set: 2.8ms
[2024-10-21T04:31:48.442+0000][gc,phases     ] GC(545)   Post Evacuate Collection Set: 0.4ms
[2024-10-21T04:31:48.442+0000][gc,phases     ] GC(545)   Other: 0.2ms
[2024-10-21T04:31:48.442+0000][gc,heap       ] GC(545) Eden regions: 610->0(610)
[2024-10-21T04:31:48.442+0000][gc,heap       ] GC(545) Survivor regions: 4->4(77)
[2024-10-21T04:31:48.442+0000][gc,heap       ] GC(545) Old regions: 20->20
[2024-10-21T04:31:48.442+0000][gc,heap       ] GC(545) Humongous regions: 129->129
[2024-10-21T04:31:48.442+0000][gc,metaspace  ] GC(545) Metaspace: 46196K(49408K)->46196K(49408K) NonClass: 40285K(41984K)->40285K(41984K) Class: 5910K(7424K)->5910K(7424K)
[2024-10-21T04:31:48.442+0000][gc            ] GC(545) Pause Young (Normal) (G1 Evacuation Pause) 761M->151M(1024M) 3.405ms
[2024-10-21T04:31:48.442+0000][gc,cpu        ] GC(545) User=0.01s Sys=0.00s Real=0.00s
[2024-10-21T06:37:35.052+0000][gc,start      ] GC(546) Pause Young (Normal) (G1 Evacuation Pause)
[2024-10-21T06:37:35.052+0000][gc,task       ] GC(546) Using 4 workers of 4 for evacuation
[2024-10-21T06:37:35.054+0000][gc,phases     ] GC(546)   Pre Evacuate Collection Set: 0.0ms
[2024-10-21T06:37:35.054+0000][gc,phases     ] GC(546)   Evacuate Collection Set: 1.6ms
[2024-10-21T06:37:35.054+0000][gc,phases     ] GC(546)   Post Evacuate Collection Set: 0.3ms
[2024-10-21T06:37:35.054+0000][gc,phases     ] GC(546)   Other: 0.2ms
[2024-10-21T06:37:35.054+0000][gc,heap       ] GC(546) Eden regions: 610->0(611)
[2024-10-21T06:37:35.054+0000][gc,heap       ] GC(546) Survivor regions: 4->3(77)
[2024-10-21T06:37:35.054+0000][gc,heap       ] GC(546) Old regions: 20->20
[2024-10-21T06:37:35.054+0000][gc,heap       ] GC(546) Humongous regions: 129->129
[2024-10-21T06:37:35.054+0000][gc,metaspace  ] GC(546) Metaspace: 46196K(49408K)->46196K(49408K) NonClass: 40285K(41984K)->40285K(41984K) Class: 5910K(7424K)->5910K(7424K)
[2024-10-21T06:37:35.054+0000][gc            ] GC(546) Pause Young (Normal) (G1 Evacuation Pause) 761M->149M(1024M) 2.132ms
[2024-10-21T06:37:35.054+0000][gc,cpu        ] GC(546) User=0.00s Sys=0.00s Real=0.00s
[2024-10-21T08:43:39.011+0000][gc,start      ] GC(547) Pause Young (Normal) (G1 Evacuation Pause)
[2024-10-21T08:43:39.011+0000][gc,task       ] GC(547) Using 4 workers of 4 for evacuation
[2024-10-21T08:43:39.013+0000][gc,phases     ] GC(547)   Pre Evacuate Collection Set: 0.0ms
[2024-10-21T08:43:39.013+0000][gc,phases     ] GC(547)   Evacuate Collection Set: 2.1ms
[2024-10-21T08:43:39.014+0000][gc,phases     ] GC(547)   Post Evacuate Collection Set: 0.4ms
[2024-10-21T08:43:39.014+0000][gc,phases     ] GC(547)   Other: 0.2ms
[2024-10-21T08:43:39.014+0000][gc,heap       ] GC(547) Eden regions: 611->0(611)
[2024-10-21T08:43:39.014+0000][gc,heap       ] GC(547) Survivor regions: 3->3(77)
[2024-10-21T08:43:39.014+0000][gc,heap       ] GC(547) Old regions: 20->20
[2024-10-21T08:43:39.014+0000][gc,heap       ] GC(547) Humongous regions: 129->129
[2024-10-21T08:43:39.014+0000][gc,metaspace  ] GC(547) Metaspace: 46196K(49408K)->46196K(49408K) NonClass: 40285K(41984K)->40285K(41984K) Class: 5910K(7424K)->5910K(7424K)
[2024-10-21T08:43:39.014+0000][gc            ] GC(547) Pause Young (Normal) (G1 Evacuation Pause) 760M->150M(1024M) 2.737ms
[2024-10-21T08:43:39.014+0000][gc,cpu        ] GC(547) User=0.00s Sys=0.00s Real=0.00s
[2024-10-21T10:50:02.235+0000][gc,start      ] GC(548) Pause Young (Normal) (G1 Evacuation Pause)
[2024-10-21T10:50:02.235+0000][gc,task       ] GC(548) Using 4 workers of 4 for evacuation
[2024-10-21T10:50:02.239+0000][gc,phases     ] GC(548)   Pre Evacuate Collection Set: 0.0ms
[2024-10-21T10:50:02.239+0000][gc,phases     ] GC(548)   Evacuate Collection Set: 3.3ms
[2024-10-21T10:50:02.239+0000][gc,phases     ] GC(548)   Post Evacuate Collection Set: 0.4ms
[2024-10-21T10:50:02.239+0000][gc,phases     ] GC(548)   Other: 0.2ms
[2024-10-21T10:50:02.239+0000][gc,heap       ] GC(548) Eden regions: 611->0(611)
[2024-10-21T10:50:02.239+0000][gc,heap       ] GC(548) Survivor regions: 3->3(77)
[2024-10-21T10:50:02.239+0000][gc,heap       ] GC(548) Old regions: 20->20
[2024-10-21T10:50:02.239+0000][gc,heap       ] GC(548) Humongous regions: 129->129
[2024-10-21T10:50:02.239+0000][gc,metaspace  ] GC(548) Metaspace: 46196K(49408K)->46196K(49408K) NonClass: 40285K(41984K)->40285K(41984K) Class: 5910K(7424K)->5910K(7424K)
[2024-10-21T10:50:02.239+0000][gc            ] GC(548) Pause Young (Normal) (G1 Evacuation Pause) 761M->150M(1024M) 3.943ms
[2024-10-21T10:50:02.239+0000][gc,cpu        ] GC(548) User=0.01s Sys=0.00s Real=0.01s
[2024-10-21T12:56:04.862+0000][gc,start      ] GC(549) Pause Young (Normal) (G1 Evacuation Pause)
[2024-10-21T12:56:04.862+0000][gc,task       ] GC(549) Using 4 workers of 4 for evacuation
[2024-10-21T12:56:04.866+0000][gc,phases     ] GC(549)   Pre Evacuate Collection Set: 0.0ms
[2024-10-21T12:56:04.866+0000][gc,phases     ] GC(549)   Evacuate Collection Set: 3.3ms
[2024-10-21T12:56:04.866+0000][gc,phases     ] GC(549)   Post Evacuate Collection Set: 0.5ms
[2024-10-21T12:56:04.866+0000][gc,phases     ] GC(549)   Other: 0.2ms
[2024-10-21T12:56:04.866+0000][gc,heap       ] GC(549) Eden regions: 611->0(611)
[2024-10-21T12:56:04.866+0000][gc,heap       ] GC(549) Survivor regions: 3->3(77)
[2024-10-21T12:56:04.866+0000][gc,heap       ] GC(549) Old regions: 20->20
[2024-10-21T12:56:04.866+0000][gc,heap       ] GC(549) Humongous regions: 129->129
[2024-10-21T12:56:04.866+0000][gc,metaspace  ] GC(549) Metaspace: 46196K(49408K)->46196K(49408K) NonClass: 40285K(41984K)->40285K(41984K) Class: 5910K(7424K)->5910K(7424K)
[2024-10-21T12:56:04.866+0000][gc            ] GC(549) Pause Young (Normal) (G1 Evacuation Pause) 761M->150M(1024M) 4.010ms
[2024-10-21T12:56:04.866+0000][gc,cpu        ] GC(549) User=0.01s Sys=0.00s Real=0.00s
[2024-10-21T15:02:25.112+0000][gc,start      ] GC(550) Pause Young (Normal) (G1 Evacuation Pause)
[2024-10-21T15:02:25.112+0000][gc,task       ] GC(550) Using 4 workers of 4 for evacuation
[2024-10-21T15:02:25.116+0000][gc,phases     ] GC(550)   Pre Evacuate Collection Set: 0.0ms
[2024-10-21T15:02:25.116+0000][gc,phases     ] GC(550)   Evacuate Collection Set: 3.7ms
[2024-10-21T15:02:25.116+0000][gc,phases     ] GC(550)   Post Evacuate Collection Set: 0.4ms
[2024-10-21T15:02:25.116+0000][gc,phases     ] GC(550)   Other: 0.2ms
[2024-10-21T15:02:25.116+0000][gc,heap       ] GC(550) Eden regions: 611->0(610)
[2024-10-21T15:02:25.116+0000][gc,heap       ] GC(550) Survivor regions: 3->4(77)
[2024-10-21T15:02:25.116+0000][gc,heap       ] GC(550) Old regions: 20->20
[2024-10-21T15:02:25.116+0000][gc,heap       ] GC(550) Humongous regions: 129->129
[2024-10-21T15:02:25.116+0000][gc,metaspace  ] GC(550) Metaspace: 46196K(49408K)->46196K(49408K) NonClass: 40285K(41984K)->40285K(41984K) Class: 5910K(7424K)->5910K(7424K)
[2024-10-21T15:02:25.116+0000][gc            ] GC(550) Pause Young (Normal) (G1 Evacuation Pause) 761M->150M(1024M) 4.374ms
[2024-10-21T15:02:25.116+0000][gc,cpu        ] GC(550) User=0.01s Sys=0.00s Real=0.00s
[2024-10-21T17:08:21.507+0000][gc,start      ] GC(551) Pause Young (Normal) (G1 Evacuation Pause)
[2024-10-21T17:08:21.507+0000][gc,task       ] GC(551) Using 4 workers of 4 for evacuation
[2024-10-21T17:08:21.510+0000][gc,phases     ] GC(551)   Pre Evacuate Collection Set: 0.0ms
[2024-10-21T17:08:21.510+0000][gc,phases     ] GC(551)   Evacuate Collection Set: 2.6ms
[2024-10-21T17:08:21.510+0000][gc,phases     ] GC(551)   Post Evacuate Collection Set: 0.4ms
[2024-10-21T17:08:21.510+0000][gc,phases     ] GC(551)   Other: 0.2ms
[2024-10-21T17:08:21.510+0000][gc,heap       ] GC(551) Eden regions: 610->0(610)
[2024-10-21T17:08:21.510+0000][gc,heap       ] GC(551) Survivor regions: 4->4(77)
[2024-10-21T17:08:21.510+0000][gc,heap       ] GC(551) Old regions: 20->20
[2024-10-21T17:08:21.510+0000][gc,heap       ] GC(551) Humongous regions: 129->129
[2024-10-21T17:08:21.510+0000][gc,metaspace  ] GC(551) Metaspace: 46196K(49408K)->46196K(49408K) NonClass: 40285K(41984K)->40285K(41984K) Class: 5910K(7424K)->5910K(7424K)
[2024-10-21T17:08:21.510+0000][gc            ] GC(551) Pause Young (Normal) (G1 Evacuation Pause) 760M->151M(1024M) 3.253ms
[2024-10-21T17:08:21.511+0000][gc,cpu        ] GC(551) User=0.01s Sys=0.00s Real=0.01s
[2024-10-21T19:14:19.011+0000][gc,start      ] GC(552) Pause Young (Normal) (G1 Evacuation Pause)
[2024-10-21T19:14:19.011+0000][gc,task       ] GC(552) Using 4 workers of 4 for evacuation
[2024-10-21T19:14:19.013+0000][gc,phases     ] GC(552)   Pre Evacuate Collection Set: 0.0ms
[2024-10-21T19:14:19.013+0000][gc,phases     ] GC(552)   Evacuate Collection Set: 2.0ms
[2024-10-21T19:14:19.013+0000][gc,phases     ] GC(552)   Post Evacuate Collection Set: 0.5ms
[2024-10-21T19:14:19.013+0000][gc,phases     ] GC(552)   Other: 0.2ms
[2024-10-21T19:14:19.013+0000][gc,heap       ] GC(552) Eden regions: 610->0(611)
[2024-10-21T19:14:19.013+0000][gc,heap       ] GC(552) Survivor regions: 4->3(77)
[2024-10-21T19:14:19.013+0000][gc,heap       ] GC(552) Old regions: 20->20
[2024-10-21T19:14:19.013+0000][gc,heap       ] GC(552) Humongous regions: 129->129
[2024-10-21T19:14:19.013+0000][gc,metaspace  ] GC(552) Metaspace: 46196K(49408K)->46196K(49408K) NonClass: 40285K(41984K)->40285K(41984K) Class: 5910K(7424K)->5910K(7424K)
[2024-10-21T19:14:19.013+0000][gc            ] GC(552) Pause Young (Normal) (G1 Evacuation Pause) 761M->149M(1024M) 2.740ms
[2024-10-21T19:14:19.013+0000][gc,cpu        ] GC(552) User=0.00s Sys=0.01s Real=0.00s
[2024-10-21T21:20:28.438+0000][gc,start      ] GC(553) Pause Young (Normal) (G1 Evacuation Pause)
[2024-10-21T21:20:28.438+0000][gc,task       ] GC(553) Using 4 workers of 4 for evacuation
[2024-10-21T21:20:28.442+0000][gc,phases     ] GC(553)   Pre Evacuate Collection Set: 0.0ms
[2024-10-21T21:20:28.442+0000][gc,phases     ] GC(553)   Evacuate Collection Set: 2.7ms
[2024-10-21T21:20:28.442+0000][gc,phases     ] GC(553)   Post Evacuate Collection Set: 0.4ms
[2024-10-21T21:20:28.442+0000][gc,phases     ] GC(553)   Other: 0.2ms
[2024-10-21T21:20:28.442+0000][gc,heap       ] GC(553) Eden regions: 611->0(611)
[2024-10-21T21:20:28.442+0000][gc,heap       ] GC(553) Survivor regions: 3->3(77)
[2024-10-21T21:20:28.442+0000][gc,heap       ] GC(553) Old regions: 20->20
[2024-10-21T21:20:28.442+0000][gc,heap       ] GC(553) Humongous regions: 178->129
[2024-10-21T21:20:28.442+0000][gc,metaspace  ] GC(553) Metaspace: 46196K(49408K)->46196K(49408K) NonClass: 40285K(41984K)->40285K(41984K) Class: 5910K(7424K)->5910K(7424K)
[2024-10-21T21:20:28.442+0000][gc            ] GC(553) Pause Young (Normal) (G1 Evacuation Pause) 809M->150M(1024M) 3.366ms
[2024-10-21T21:20:28.442+0000][gc,cpu        ] GC(553) User=0.01s Sys=0.00s Real=0.00s
[2024-10-21T23:26:39.011+0000][gc,start      ] GC(554) Pause Young (Normal) (G1 Evacuation Pause)
[2024-10-21T23:26:39.011+0000][gc,task       ] GC(554) Using 4 workers of 4 for evacuation
[2024-10-21T23:26:39.014+0000][gc,phases     ] GC(554)   Pre Evacuate Collection Set: 0.0ms
[2024-10-21T23:26:39.014+0000][gc,phases     ] GC(554)   Evacuate Collection Set: 2.5ms
[2024-10-21T23:26:39.014+0000][gc,phases     ] GC(554)   Post Evacuate Collection Set: 0.4ms
[2024-10-21T23:26:39.014+0000][gc,phases     ] GC(554)   Other: 0.2ms
[2024-10-21T23:26:39.014+0000][gc,heap       ] GC(554) Eden regions: 611->0(611)
[2024-10-21T23:26:39.014+0000][gc,heap       ] GC(554) Survivor regions: 3->3(77)
[2024-10-21T23:26:39.014+0000][gc,heap       ] GC(554) Old regions: 20->20
[2024-10-21T23:26:39.014+0000][gc,heap       ] GC(554) Humongous regions: 129->129
[2024-10-21T23:26:39.014+0000][gc,metaspace  ] GC(554) Metaspace: 46196K(49408K)->46196K(49408K) NonClass: 40285K(41984K)->40285K(41984K) Class: 5910K(7424K)->5910K(7424K)
[2024-10-21T23:26:39.014+0000][gc            ] GC(554) Pause Young (Normal) (G1 Evacuation Pause) 761M->150M(1024M) 3.267ms
[2024-10-21T23:26:39.014+0000][gc,cpu        ] GC(554) User=0.01s Sys=0.00s Real=0.00s
[2024-10-22T01:32:11.698+0000][gc,start      ] GC(555) Pause Young (Normal) (G1 Evacuation Pause)
[2024-10-22T01:32:11.698+0000][gc,task       ] GC(555) Using 4 workers of 4 for evacuation
[2024-10-22T01:32:11.703+0000][gc,phases     ] GC(555)   Pre Evacuate Collection Set: 0.0ms
[2024-10-22T01:32:11.703+0000][gc,phases     ] GC(555)   Evacuate Collection Set: 4.1ms
[2024-10-22T01:32:11.703+0000][gc,phases     ] GC(555)   Post Evacuate Collection Set: 0.5ms
[2024-10-22T01:32:11.703+0000][gc,phases     ] GC(555)   Other: 0.2ms
[2024-10-22T01:32:11.703+0000][gc,heap       ] GC(555) Eden regions: 611->0(611)
[2024-10-22T01:32:11.703+0000][gc,heap       ] GC(555) Survivor regions: 3->3(77)
[2024-10-22T01:32:11.703+0000][gc,heap       ] GC(555) Old regions: 20->20
[2024-10-22T01:32:11.703+0000][gc,heap       ] GC(555) Humongous regions: 143->129
[2024-10-22T01:32:11.703+0000][gc,metaspace  ] GC(555) Metaspace: 46236K(49408K)->46236K(49408K) NonClass: 40325K(41984K)->40325K(41984K) Class: 5910K(7424K)->5910K(7424K)
[2024-10-22T01:32:11.703+0000][gc            ] GC(555) Pause Young (Normal) (G1 Evacuation Pause) 775M->150M(1024M) 4.905ms
[2024-10-22T01:32:11.703+0000][gc,cpu        ] GC(555) User=0.01s Sys=0.00s Real=0.00s
[2024-10-22T03:38:24.011+0000][gc,start      ] GC(556) Pause Young (Normal) (G1 Evacuation Pause)
[2024-10-22T03:38:24.011+0000][gc,task       ] GC(556) Using 4 workers of 4 for evacuation
[2024-10-22T03:38:24.015+0000][gc,phases     ] GC(556)   Pre Evacuate Collection Set: 0.0ms
[2024-10-22T03:38:24.015+0000][gc,phases     ] GC(556)   Evacuate Collection Set: 3.5ms
[2024-10-22T03:38:24.015+0000][gc,phases     ] GC(556)   Post Evacuate Collection Set: 0.5ms
[2024-10-22T03:38:24.015+0000][gc,phases     ] GC(556)   Other: 0.2ms
[2024-10-22T03:38:24.015+0000][gc,heap       ] GC(556) Eden regions: 611->0(610)
[2024-10-22T03:38:24.015+0000][gc,heap       ] GC(556) Survivor regions: 3->4(77)
[2024-10-22T03:38:24.015+0000][gc,heap       ] GC(556) Old regions: 20->20
[2024-10-22T03:38:24.015+0000][gc,heap       ] GC(556) Humongous regions: 178->129
[2024-10-22T03:38:24.015+0000][gc,metaspace  ] GC(556) Metaspace: 46236K(49408K)->46236K(49408K) NonClass: 40325K(41984K)->40325K(41984K) Class: 5910K(7424K)->5910K(7424K)
[2024-10-22T03:38:24.015+0000][gc            ] GC(556) Pause Young (Normal) (G1 Evacuation Pause) 810M->150M(1024M) 4.295ms
[2024-10-22T03:38:24.015+0000][gc,cpu        ] GC(556) User=0.00s Sys=0.00s Real=0.00s
[2024-10-22T05:44:36.112+0000][gc,start      ] GC(557) Pause Young (Normal) (G1 Evacuation Pause)
[2024-10-22T05:44:36.112+0000][gc,task       ] GC(557) Using 4 workers of 4 for evacuation
[2024-10-22T05:44:36.116+0000][gc,phases     ] GC(557)   Pre Evacuate Collection Set: 0.0ms
[2024-10-22T05:44:36.116+0000][gc,phases     ] GC(557)   Evacuate Collection Set: 3.2ms
[2024-10-22T05:44:36.116+0000][gc,phases     ] GC(557)   Post Evacuate Collection Set: 0.4ms
[2024-10-22T05:44:36.116+0000][gc,phases     ] GC(557)   Other: 0.2ms
[2024-10-22T05:44:36.116+0000][gc,heap       ] GC(557) Eden regions: 610->0(610)
[2024-10-22T05:44:36.116+0000][gc,heap       ] GC(557) Survivor regions: 4->4(77)
[2024-10-22T05:44:36.116+0000][gc,heap       ] GC(557) Old regions: 20->20
[2024-10-22T05:44:36.116+0000][gc,heap       ] GC(557) Humongous regions: 178->129
[2024-10-22T05:44:36.116+0000][gc,metaspace  ] GC(557) Metaspace: 46236K(49408K)->46236K(49408K) NonClass: 40325K(41984K)->40325K(41984K) Class: 5910K(7424K)->5910K(7424K)
[2024-10-22T05:44:36.116+0000][gc            ] GC(557) Pause Young (Normal) (G1 Evacuation Pause) 809M->151M(1024M) 3.842ms
[2024-10-22T05:44:36.116+0000][gc,cpu        ] GC(557) User=0.01s Sys=0.00s Real=0.00s
[2024-10-22T07:50:43.297+0000][gc,start      ] GC(558) Pause Young (Normal) (G1 Evacuation Pause)
[2024-10-22T07:50:43.297+0000][gc,task       ] GC(558) Using 4 workers of 4 for evacuation
[2024-10-22T07:50:43.299+0000][gc,phases     ] GC(558)   Pre Evacuate Collection Set: 0.0ms
[2024-10-22T07:50:43.299+0000][gc,phases     ] GC(558)   Evacuate Collection Set: 2.1ms
[2024-10-22T07:50:43.299+0000][gc,phases     ] GC(558)   Post Evacuate Collection Set: 0.4ms
[2024-10-22T07:50:43.299+0000][gc,phases     ] GC(558)   Other: 0.2ms
[2024-10-22T07:50:43.299+0000][gc,heap       ] GC(558) Eden regions: 610->0(611)
[2024-10-22T07:50:43.299+0000][gc,heap       ] GC(558) Survivor regions: 4->3(77)
[2024-10-22T07:50:43.299+0000][gc,heap       ] GC(558) Old regions: 20->20
[2024-10-22T07:50:43.300+0000][gc,heap       ] GC(558) Humongous regions: 129->129
[2024-10-22T07:50:43.300+0000][gc,metaspace  ] GC(558) Metaspace: 46236K(49408K)->46236K(49408K) NonClass: 40325K(41984K)->40325K(41984K) Class: 5910K(7424K)->5910K(7424K)
[2024-10-22T07:50:43.300+0000][gc            ] GC(558) Pause Young (Normal) (G1 Evacuation Pause) 761M->150M(1024M) 2.649ms
[2024-10-22T07:50:43.300+0000][gc,cpu        ] GC(558) User=0.00s Sys=0.00s Real=0.01s
[2024-10-22T09:57:04.097+0000][gc,start      ] GC(559) Pause Young (Normal) (G1 Evacuation Pause)
[2024-10-22T09:57:04.097+0000][gc,task       ] GC(559) Using 4 workers of 4 for evacuation
[2024-10-22T09:57:04.101+0000][gc,phases     ] GC(559)   Pre Evacuate Collection Set: 0.0ms
[2024-10-22T09:57:04.101+0000][gc,phases     ] GC(559)   Evacuate Collection Set: 3.5ms
[2024-10-22T09:57:04.101+0000][gc,phases     ] GC(559)   Post Evacuate Collection Set: 0.5ms
[2024-10-22T09:57:04.101+0000][gc,phases     ] GC(559)   Other: 0.2ms
[2024-10-22T09:57:04.101+0000][gc,heap       ] GC(559) Eden regions: 611->0(611)
[2024-10-22T09:57:04.101+0000][gc,heap       ] GC(559) Survivor regions: 3->3(77)
[2024-10-22T09:57:04.101+0000][gc,heap       ] GC(559) Old regions: 20->20
[2024-10-22T09:57:04.101+0000][gc,heap       ] GC(559) Humongous regions: 129->129
[2024-10-22T09:57:04.101+0000][gc,metaspace  ] GC(559) Metaspace: 46236K(49408K)->46236K(49408K) NonClass: 40325K(41984K)->40325K(41984K) Class: 5910K(7424K)->5910K(7424K)
[2024-10-22T09:57:04.101+0000][gc            ] GC(559) Pause Young (Normal) (G1 Evacuation Pause) 761M->150M(1024M) 4.274ms
[2024-10-22T09:57:04.102+0000][gc,cpu        ] GC(559) User=0.01s Sys=0.00s Real=0.00s
[2024-10-22T12:03:48.297+0000][gc,start      ] GC(560) Pause Young (Normal) (G1 Evacuation Pause)
[2024-10-22T12:03:48.297+0000][gc,task       ] GC(560) Using 4 workers of 4 for evacuation
[2024-10-22T12:03:48.300+0000][gc,phases     ] GC(560)   Pre Evacuate Collection Set: 0.0ms
[2024-10-22T12:03:48.300+0000][gc,phases     ] GC(560)   Evacuate Collection Set: 2.3ms
[2024-10-22T12:03:48.300+0000][gc,phases     ] GC(560)   Post Evacuate Collection Set: 0.4ms
[2024-10-22T12:03:48.300+0000][gc,phases     ] GC(560)   Other: 0.2ms
[2024-10-22T12:03:48.300+0000][gc,heap       ] GC(560) Eden regions: 611->0(611)
[2024-10-22T12:03:48.300+0000][gc,heap       ] GC(560) Survivor regions: 3->3(77)
[2024-10-22T12:03:48.300+0000][gc,heap       ] GC(560) Old regions: 20->20
[2024-10-22T12:03:48.300+0000][gc,heap       ] GC(560) Humongous regions: 129->129
[2024-10-22T12:03:48.300+0000][gc,metaspace  ] GC(560) Metaspace: 46236K(49408K)->46236K(49408K) NonClass: 40325K(41984K)->40325K(41984K) Class: 5910K(7424K)->5910K(7424K)
[2024-10-22T12:03:48.300+0000][gc            ] GC(560) Pause Young (Normal) (G1 Evacuation Pause) 761M->150M(1024M) 2.926ms
[2024-10-22T12:03:48.300+0000][gc,cpu        ] GC(560) User=0.01s Sys=0.00s Real=0.01s
[2024-10-22T14:10:50.506+0000][gc,start      ] GC(561) Pause Young (Normal) (G1 Evacuation Pause)
[2024-10-22T14:10:50.506+0000][gc,task       ] GC(561) Using 4 workers of 4 for evacuation
[2024-10-22T14:10:50.509+0000][gc,phases     ] GC(561)   Pre Evacuate Collection Set: 0.0ms
[2024-10-22T14:10:50.509+0000][gc,phases     ] GC(561)   Evacuate Collection Set: 2.4ms
[2024-10-22T14:10:50.509+0000][gc,phases     ] GC(561)   Post Evacuate Collection Set: 0.3ms
[2024-10-22T14:10:50.509+0000][gc,phases     ] GC(561)   Other: 0.2ms
[2024-10-22T14:10:50.509+0000][gc,heap       ] GC(561) Eden regions: 611->0(610)
[2024-10-22T14:10:50.509+0000][gc,heap       ] GC(561) Survivor regions: 3->4(77)
[2024-10-22T14:10:50.509+0000][gc,heap       ] GC(561) Old regions: 20->20
[2024-10-22T14:10:50.509+0000][gc,heap       ] GC(561) Humongous regions: 129->129
[2024-10-22T14:10:50.509+0000][gc,metaspace  ] GC(561) Metaspace: 46246K(49408K)->46246K(49408K) NonClass: 40335K(41984K)->40335K(41984K) Class: 5910K(7424K)->5910K(7424K)
[2024-10-22T14:10:50.509+0000][gc            ] GC(561) Pause Young (Normal) (G1 Evacuation Pause) 761M->150M(1024M) 2.964ms
[2024-10-22T14:10:50.509+0000][gc,cpu        ] GC(561) User=0.01s Sys=0.00s Real=0.00s
[2024-10-22T16:17:36.980+0000][gc,start      ] GC(562) Pause Young (Normal) (G1 Evacuation Pause)
[2024-10-22T16:17:36.980+0000][gc,task       ] GC(562) Using 4 workers of 4 for evacuation
[2024-10-22T16:17:36.983+0000][gc,phases     ] GC(562)   Pre Evacuate Collection Set: 0.0ms
[2024-10-22T16:17:36.983+0000][gc,phases     ] GC(562)   Evacuate Collection Set: 2.7ms
[2024-10-22T16:17:36.983+0000][gc,phases     ] GC(562)   Post Evacuate Collection Set: 0.4ms
[2024-10-22T16:17:36.983+0000][gc,phases     ] GC(562)   Other: 0.2ms
[2024-10-22T16:17:36.983+0000][gc,heap       ] GC(562) Eden regions: 610->0(610)
[2024-10-22T16:17:36.983+0000][gc,heap       ] GC(562) Survivor regions: 4->4(77)
[2024-10-22T16:17:36.983+0000][gc,heap       ] GC(562) Old regions: 20->20
[2024-10-22T16:17:36.983+0000][gc,heap       ] GC(562) Humongous regions: 178->129
[2024-10-22T16:17:36.983+0000][gc,metaspace  ] GC(562) Metaspace: 46246K(49408K)->46246K(49408K) NonClass: 40335K(41984K)->40335K(41984K) Class: 5910K(7424K)->5910K(7424K)
[2024-10-22T16:17:36.983+0000][gc            ] GC(562) Pause Young (Normal) (G1 Evacuation Pause) 809M->150M(1024M) 3.338ms
[2024-10-22T16:17:36.983+0000][gc,cpu        ] GC(562) User=0.01s Sys=0.00s Real=0.00s
[2024-10-22T18:24:22.124+0000][gc,start      ] GC(563) Pause Young (Normal) (G1 Evacuation Pause)
[2024-10-22T18:24:22.124+0000][gc,task       ] GC(563) Using 4 workers of 4 for evacuation
[2024-10-22T18:24:22.128+0000][gc,phases     ] GC(563)   Pre Evacuate Collection Set: 0.0ms
[2024-10-22T18:24:22.128+0000][gc,phases     ] GC(563)   Evacuate Collection Set: 3.1ms
[2024-10-22T18:24:22.128+0000][gc,phases     ] GC(563)   Post Evacuate Collection Set: 0.4ms
[2024-10-22T18:24:22.128+0000][gc,phases     ] GC(563)   Other: 0.2ms
[2024-10-22T18:24:22.128+0000][gc,heap       ] GC(563) Eden regions: 610->0(610)
[2024-10-22T18:24:22.128+0000][gc,heap       ] GC(563) Survivor regions: 4->4(77)
[2024-10-22T18:24:22.128+0000][gc,heap       ] GC(563) Old regions: 20->20
[2024-10-22T18:24:22.128+0000][gc,heap       ] GC(563) Humongous regions: 129->129
[2024-10-22T18:24:22.128+0000][gc,metaspace  ] GC(563) Metaspace: 46246K(49408K)->46246K(49408K) NonClass: 40335K(41984K)->40335K(41984K) Class: 5910K(7424K)->5910K(7424K)
[2024-10-22T18:24:22.128+0000][gc            ] GC(563) Pause Young (Normal) (G1 Evacuation Pause) 760M->150M(1024M) 3.768ms
[2024-10-22T18:24:22.128+0000][gc,cpu        ] GC(563) User=0.01s Sys=0.00s Real=0.00s
[2024-10-22T20:30:49.011+0000][gc,start      ] GC(564) Pause Young (Normal) (G1 Evacuation Pause)
[2024-10-22T20:30:49.011+0000][gc,task       ] GC(564) Using 4 workers of 4 for evacuation
[2024-10-22T20:30:49.014+0000][gc,phases     ] GC(564)   Pre Evacuate Collection Set: 0.0ms
[2024-10-22T20:30:49.014+0000][gc,phases     ] GC(564)   Evacuate Collection Set: 2.8ms
[2024-10-22T20:30:49.014+0000][gc,phases     ] GC(564)   Post Evacuate Collection Set: 0.4ms
[2024-10-22T20:30:49.014+0000][gc,phases     ] GC(564)   Other: 0.2ms
[2024-10-22T20:30:49.014+0000][gc,heap       ] GC(564) Eden regions: 610->0(610)
[2024-10-22T20:30:49.014+0000][gc,heap       ] GC(564) Survivor regions: 4->4(77)
[2024-10-22T20:30:49.014+0000][gc,heap       ] GC(564) Old regions: 20->20
[2024-10-22T20:30:49.014+0000][gc,heap       ] GC(564) Humongous regions: 129->129
[2024-10-22T20:30:49.014+0000][gc,metaspace  ] GC(564) Metaspace: 46246K(49408K)->46246K(49408K) NonClass: 40335K(41984K)->40335K(41984K) Class: 5910K(7424K)->5910K(7424K)
[2024-10-22T20:30:49.014+0000][gc            ] GC(564) Pause Young (Normal) (G1 Evacuation Pause) 760M->150M(1024M) 3.463ms
[2024-10-22T20:30:49.014+0000][gc,cpu        ] GC(564) User=0.02s Sys=0.00s Real=0.00s
[2024-10-22T22:37:19.011+0000][gc,start      ] GC(565) Pause Young (Normal) (G1 Evacuation Pause)
[2024-10-22T22:37:19.011+0000][gc,task       ] GC(565) Using 4 workers of 4 for evacuation
[2024-10-22T22:37:19.015+0000][gc,phases     ] GC(565)   Pre Evacuate Collection Set: 0.0ms
[2024-10-22T22:37:19.015+0000][gc,phases     ] GC(565)   Evacuate Collection Set: 3.1ms
[2024-10-22T22:37:19.015+0000][gc,phases     ] GC(565)   Post Evacuate Collection Set: 0.5ms
[2024-10-22T22:37:19.015+0000][gc,phases     ] GC(565)   Other: 0.2ms
[2024-10-22T22:37:19.015+0000][gc,heap       ] GC(565) Eden regions: 610->0(610)
[2024-10-22T22:37:19.015+0000][gc,heap       ] GC(565) Survivor regions: 4->4(77)
[2024-10-22T22:37:19.015+0000][gc,heap       ] GC(565) Old regions: 20->20
[2024-10-22T22:37:19.015+0000][gc,heap       ] GC(565) Humongous regions: 129->129
[2024-10-22T22:37:19.015+0000][gc,metaspace  ] GC(565) Metaspace: 46246K(49408K)->46246K(49408K) NonClass: 40335K(41984K)->40335K(41984K) Class: 5910K(7424K)->5910K(7424K)
[2024-10-22T22:37:19.015+0000][gc            ] GC(565) Pause Young (Normal) (G1 Evacuation Pause) 760M->150M(1024M) 3.919ms
[2024-10-22T22:37:19.015+0000][gc,cpu        ] GC(565) User=0.01s Sys=0.00s Real=0.00s
[2024-10-23T00:44:00.508+0000][gc,start      ] GC(566) Pause Young (Normal) (G1 Evacuation Pause)
[2024-10-23T00:44:00.508+0000][gc,task       ] GC(566) Using 4 workers of 4 for evacuation
[2024-10-23T00:44:00.511+0000][gc,phases     ] GC(566)   Pre Evacuate Collection Set: 0.0ms
[2024-10-23T00:44:00.511+0000][gc,phases     ] GC(566)   Evacuate Collection Set: 2.6ms
[2024-10-23T00:44:00.511+0000][gc,phases     ] GC(566)   Post Evacuate Collection Set: 0.3ms
[2024-10-23T00:44:00.511+0000][gc,phases     ] GC(566)   Other: 0.2ms
[2024-10-23T00:44:00.511+0000][gc,heap       ] GC(566) Eden regions: 610->0(610)
[2024-10-23T00:44:00.511+0000][gc,heap       ] GC(566) Survivor regions: 4->4(77)
[2024-10-23T00:44:00.511+0000][gc,heap       ] GC(566) Old regions: 20->20
[2024-10-23T00:44:00.511+0000][gc,heap       ] GC(566) Humongous regions: 129->129
[2024-10-23T00:44:00.511+0000][gc,metaspace  ] GC(566) Metaspace: 46246K(49408K)->46246K(49408K) NonClass: 40335K(41984K)->40335K(41984K) Class: 5910K(7424K)->5910K(7424K)
[2024-10-23T00:44:00.511+0000][gc            ] GC(566) Pause Young (Normal) (G1 Evacuation Pause) 760M->151M(1024M) 3.200ms
[2024-10-23T00:44:00.511+0000][gc,cpu        ] GC(566) User=0.01s Sys=0.00s Real=0.01s
[2024-10-23T02:50:49.011+0000][gc,start      ] GC(567) Pause Young (Normal) (G1 Evacuation Pause)
[2024-10-23T02:50:49.011+0000][gc,task       ] GC(567) Using 4 workers of 4 for evacuation
[2024-10-23T02:50:49.014+0000][gc,phases     ] GC(567)   Pre Evacuate Collection Set: 0.0ms
[2024-10-23T02:50:49.014+0000][gc,phases     ] GC(567)   Evacuate Collection Set: 2.4ms
[2024-10-23T02:50:49.014+0000][gc,phases     ] GC(567)   Post Evacuate Collection Set: 0.4ms
[2024-10-23T02:50:49.014+0000][gc,phases     ] GC(567)   Other: 0.2ms
[2024-10-23T02:50:49.014+0000][gc,heap       ] GC(567) Eden regions: 610->0(611)
[2024-10-23T02:50:49.014+0000][gc,heap       ] GC(567) Survivor regions: 4->3(77)
[2024-10-23T02:50:49.014+0000][gc,heap       ] GC(567) Old regions: 20->20
[2024-10-23T02:50:49.014+0000][gc,heap       ] GC(567) Humongous regions: 129->129
[2024-10-23T02:50:49.014+0000][gc,metaspace  ] GC(567) Metaspace: 46246K(49408K)->46246K(49408K) NonClass: 40335K(41984K)->40335K(41984K) Class: 5910K(7424K)->5910K(7424K)
[2024-10-23T02:50:49.014+0000][gc            ] GC(567) Pause Young (Normal) (G1 Evacuation Pause) 761M->150M(1024M) 3.019ms
[2024-10-23T02:50:49.014+0000][gc,cpu        ] GC(567) User=0.01s Sys=0.00s Real=0.00s
[2024-10-23T04:58:00.386+0000][gc,start      ] GC(568) Pause Young (Normal) (G1 Evacuation Pause)
[2024-10-23T04:58:00.386+0000][gc,task       ] GC(568) Using 4 workers of 4 for evacuation
[2024-10-23T04:58:00.390+0000][gc,phases     ] GC(568)   Pre Evacuate Collection Set: 0.0ms
[2024-10-23T04:58:00.390+0000][gc,phases     ] GC(568)   Evacuate Collection Set: 3.4ms
[2024-10-23T04:58:00.390+0000][gc,phases     ] GC(568)   Post Evacuate Collection Set: 0.4ms
[2024-10-23T04:58:00.390+0000][gc,phases     ] GC(568)   Other: 0.2ms
[2024-10-23T04:58:00.390+0000][gc,heap       ] GC(568) Eden regions: 611->0(611)
[2024-10-23T04:58:00.390+0000][gc,heap       ] GC(568) Survivor regions: 3->3(77)
[2024-10-23T04:58:00.390+0000][gc,heap       ] GC(568) Old regions: 20->20
[2024-10-23T04:58:00.390+0000][gc,heap       ] GC(568) Humongous regions: 129->129
[2024-10-23T04:58:00.390+0000][gc,metaspace  ] GC(568) Metaspace: 46246K(49408K)->46246K(49408K) NonClass: 40335K(41984K)->40335K(41984K) Class: 5910K(7424K)->5910K(7424K)
[2024-10-23T04:58:00.390+0000][gc            ] GC(568) Pause Young (Normal) (G1 Evacuation Pause) 761M->150M(1024M) 4.079ms
[2024-10-23T04:58:00.390+0000][gc,cpu        ] GC(568) User=0.01s Sys=0.01s Real=0.01s
[2024-10-23T07:04:59.514+0000][gc,start      ] GC(569) Pause Young (Normal) (G1 Evacuation Pause)
[2024-10-23T07:04:59.514+0000][gc,task       ] GC(569) Using 4 workers of 4 for evacuation
[2024-10-23T07:04:59.518+0000][gc,phases     ] GC(569)   Pre Evacuate Collection Set: 0.0ms
[2024-10-23T07:04:59.518+0000][gc,phases     ] GC(569)   Evacuate Collection Set: 2.6ms
[2024-10-23T07:04:59.518+0000][gc,phases     ] GC(569)   Post Evacuate Collection Set: 0.5ms
[2024-10-23T07:04:59.518+0000][gc,phases     ] GC(569)   Other: 0.2ms
[2024-10-23T07:04:59.518+0000][gc,heap       ] GC(569) Eden regions: 611->0(611)
[2024-10-23T07:04:59.518+0000][gc,heap       ] GC(569) Survivor regions: 3->3(77)
[2024-10-23T07:04:59.518+0000][gc,heap       ] GC(569) Old regions: 20->20
[2024-10-23T07:04:59.518+0000][gc,heap       ] GC(569) Humongous regions: 129->129
[2024-10-23T07:04:59.518+0000][gc,metaspace  ] GC(569) Metaspace: 46246K(49408K)->46246K(49408K) NonClass: 40335K(41984K)->40335K(41984K) Class: 5910K(7424K)->5910K(7424K)
[2024-10-23T07:04:59.518+0000][gc            ] GC(569) Pause Young (Normal) (G1 Evacuation Pause) 761M->150M(1024M) 3.408ms
[2024-10-23T07:04:59.518+0000][gc,cpu        ] GC(569) User=0.01s Sys=0.00s Real=0.01s
[2024-10-23T09:11:24.182+0000][gc,start      ] GC(570) Pause Young (Normal) (G1 Evacuation Pause)
[2024-10-23T09:11:24.182+0000][gc,task       ] GC(570) Using 4 workers of 4 for evacuation
[2024-10-23T09:11:24.185+0000][gc,phases     ] GC(570)   Pre Evacuate Collection Set: 0.0ms
[2024-10-23T09:11:24.185+0000][gc,phases     ] GC(570)   Evacuate Collection Set: 2.5ms
[2024-10-23T09:11:24.185+0000][gc,phases     ] GC(570)   Post Evacuate Collection Set: 0.4ms
[2024-10-23T09:11:24.185+0000][gc,phases     ] GC(570)   Other: 0.2ms
[2024-10-23T09:11:24.185+0000][gc,heap       ] GC(570) Eden regions: 611->0(611)
[2024-10-23T09:11:24.185+0000][gc,heap       ] GC(570) Survivor regions: 3->3(77)
[2024-10-23T09:11:24.185+0000][gc,heap       ] GC(570) Old regions: 20->21
[2024-10-23T09:11:24.185+0000][gc,heap       ] GC(570) Humongous regions: 129->129
[2024-10-23T09:11:24.185+0000][gc,metaspace  ] GC(570) Metaspace: 46246K(49408K)->46246K(49408K) NonClass: 40335K(41984K)->40335K(41984K) Class: 5910K(7424K)->5910K(7424K)
[2024-10-23T09:11:24.185+0000][gc            ] GC(570) Pause Young (Normal) (G1 Evacuation Pause) 761M->150M(1024M) 3.210ms
[2024-10-23T09:11:24.185+0000][gc,cpu        ] GC(570) User=0.00s Sys=0.01s Real=0.00s
[2024-10-23T11:17:47.991+0000][gc,start      ] GC(571) Pause Young (Normal) (G1 Evacuation Pause)
[2024-10-23T11:17:47.991+0000][gc,task       ] GC(571) Using 4 workers of 4 for evacuation
[2024-10-23T11:17:47.995+0000][gc,phases     ] GC(571)   Pre Evacuate Collection Set: 0.0ms
[2024-10-23T11:17:47.995+0000][gc,phases     ] GC(571)   Evacuate Collection Set: 3.9ms
[2024-10-23T11:17:47.995+0000][gc,phases     ] GC(571)   Post Evacuate Collection Set: 0.4ms
[2024-10-23T11:17:47.995+0000][gc,phases     ] GC(571)   Other: 0.2ms
[2024-10-23T11:17:47.995+0000][gc,heap       ] GC(571) Eden regions: 611->0(610)
[2024-10-23T11:17:47.995+0000][gc,heap       ] GC(571) Survivor regions: 3->4(77)
[2024-10-23T11:17:47.995+0000][gc,heap       ] GC(571) Old regions: 21->21
[2024-10-23T11:17:47.995+0000][gc,heap       ] GC(571) Humongous regions: 129->129
[2024-10-23T11:17:47.995+0000][gc,metaspace  ] GC(571) Metaspace: 46246K(49408K)->46246K(49408K) NonClass: 40335K(41984K)->40335K(41984K) Class: 5910K(7424K)->5910K(7424K)
[2024-10-23T11:17:47.995+0000][gc            ] GC(571) Pause Young (Normal) (G1 Evacuation Pause) 761M->151M(1024M) 4.520ms
[2024-10-23T11:17:47.995+0000][gc,cpu        ] GC(571) User=0.01s Sys=0.01s Real=0.00s
[2024-10-23T13:23:45.810+0000][gc,start      ] GC(572) Pause Young (Normal) (G1 Evacuation Pause)
[2024-10-23T13:23:45.810+0000][gc,task       ] GC(572) Using 4 workers of 4 for evacuation
[2024-10-23T13:23:45.813+0000][gc,phases     ] GC(572)   Pre Evacuate Collection Set: 0.0ms
[2024-10-23T13:23:45.813+0000][gc,phases     ] GC(572)   Evacuate Collection Set: 2.0ms
[2024-10-23T13:23:45.813+0000][gc,phases     ] GC(572)   Post Evacuate Collection Set: 0.4ms
[2024-10-23T13:23:45.813+0000][gc,phases     ] GC(572)   Other: 0.2ms
[2024-10-23T13:23:45.813+0000][gc,heap       ] GC(572) Eden regions: 610->0(611)
[2024-10-23T13:23:45.813+0000][gc,heap       ] GC(572) Survivor regions: 4->3(77)
[2024-10-23T13:23:45.813+0000][gc,heap       ] GC(572) Old regions: 21->21
[2024-10-23T13:23:45.813+0000][gc,heap       ] GC(572) Humongous regions: 129->129
[2024-10-23T13:23:45.813+0000][gc,metaspace  ] GC(572) Metaspace: 46246K(49408K)->46246K(49408K) NonClass: 40335K(41984K)->40335K(41984K) Class: 5910K(7424K)->5910K(7424K)
[2024-10-23T13:23:45.813+0000][gc            ] GC(572) Pause Young (Normal) (G1 Evacuation Pause) 761M->149M(1024M) 2.628ms
[2024-10-23T13:23:45.813+0000][gc,cpu        ] GC(572) User=0.01s Sys=0.00s Real=0.00s
[2024-10-23T15:29:39.012+0000][gc,start      ] GC(573) Pause Young (Normal) (G1 Evacuation Pause)
[2024-10-23T15:29:39.012+0000][gc,task       ] GC(573) Using 4 workers of 4 for evacuation
[2024-10-23T15:29:39.015+0000][gc,phases     ] GC(573)   Pre Evacuate Collection Set: 0.0ms
[2024-10-23T15:29:39.015+0000][gc,phases     ] GC(573)   Evacuate Collection Set: 2.3ms
[2024-10-23T15:29:39.015+0000][gc,phases     ] GC(573)   Post Evacuate Collection Set: 0.5ms
[2024-10-23T15:29:39.015+0000][gc,phases     ] GC(573)   Other: 0.2ms
[2024-10-23T15:29:39.015+0000][gc,heap       ] GC(573) Eden regions: 611->0(611)
[2024-10-23T15:29:39.015+0000][gc,heap       ] GC(573) Survivor regions: 3->3(77)
[2024-10-23T15:29:39.015+0000][gc,heap       ] GC(573) Old regions: 21->21
[2024-10-23T15:29:39.015+0000][gc,heap       ] GC(573) Humongous regions: 178->129
[2024-10-23T15:29:39.015+0000][gc,metaspace  ] GC(573) Metaspace: 46246K(49408K)->46246K(49408K) NonClass: 40335K(41984K)->40335K(41984K) Class: 5910K(7424K)->5910K(7424K)
[2024-10-23T15:29:39.015+0000][gc            ] GC(573) Pause Young (Normal) (G1 Evacuation Pause) 809M->150M(1024M) 3.091ms
[2024-10-23T15:29:39.015+0000][gc,cpu        ] GC(573) User=0.01s Sys=0.00s Real=0.00s
[2024-10-23T17:35:19.011+0000][gc,start      ] GC(574) Pause Young (Normal) (G1 Evacuation Pause)
[2024-10-23T17:35:19.011+0000][gc,task       ] GC(574) Using 4 workers of 4 for evacuation
[2024-10-23T17:35:19.014+0000][gc,phases     ] GC(574)   Pre Evacuate Collection Set: 0.0ms
[2024-10-23T17:35:19.014+0000][gc,phases     ] GC(574)   Evacuate Collection Set: 2.3ms
[2024-10-23T17:35:19.014+0000][gc,phases     ] GC(574)   Post Evacuate Collection Set: 0.4ms
[2024-10-23T17:35:19.014+0000][gc,phases     ] GC(574)   Other: 0.2ms
[2024-10-23T17:35:19.014+0000][gc,heap       ] GC(574) Eden regions: 611->0(611)
[2024-10-23T17:35:19.014+0000][gc,heap       ] GC(574) Survivor regions: 3->3(77)
[2024-10-23T17:35:19.014+0000][gc,heap       ] GC(574) Old regions: 21->21
[2024-10-23T17:35:19.014+0000][gc,heap       ] GC(574) Humongous regions: 145->129
[2024-10-23T17:35:19.014+0000][gc,metaspace  ] GC(574) Metaspace: 46246K(49408K)->46246K(49408K) NonClass: 40335K(41984K)->40335K(41984K) Class: 5910K(7424K)->5910K(7424K)
[2024-10-23T17:35:19.014+0000][gc            ] GC(574) Pause Young (Normal) (G1 Evacuation Pause) 777M->150M(1024M) 3.027ms
[2024-10-23T17:35:19.014+0000][gc,cpu        ] GC(574) User=0.01s Sys=0.00s Real=0.00s
[2024-10-23T19:41:48.771+0000][gc,start      ] GC(575) Pause Young (Normal) (G1 Evacuation Pause)
[2024-10-23T19:41:48.771+0000][gc,task       ] GC(575) Using 4 workers of 4 for evacuation
[2024-10-23T19:41:48.774+0000][gc,phases     ] GC(575)   Pre Evacuate Collection Set: 0.0ms
[2024-10-23T19:41:48.774+0000][gc,phases     ] GC(575)   Evacuate Collection Set: 2.2ms
[2024-10-23T19:41:48.774+0000][gc,phases     ] GC(575)   Post Evacuate Collection Set: 0.4ms
[2024-10-23T19:41:48.774+0000][gc,phases     ] GC(575)   Other: 0.2ms
[2024-10-23T19:41:48.774+0000][gc,heap       ] GC(575) Eden regions: 611->0(611)
[2024-10-23T19:41:48.774+0000][gc,heap       ] GC(575) Survivor regions: 3->3(77)
[2024-10-23T19:41:48.774+0000][gc,heap       ] GC(575) Old regions: 21->21
[2024-10-23T19:41:48.774+0000][gc,heap       ] GC(575) Humongous regions: 129->129
[2024-10-23T19:41:48.774+0000][gc,metaspace  ] GC(575) Metaspace: 46246K(49408K)->46246K(49408K) NonClass: 40335K(41984K)->40335K(41984K) Class: 5910K(7424K)->5910K(7424K)
[2024-10-23T19:41:48.774+0000][gc            ] GC(575) Pause Young (Normal) (G1 Evacuation Pause) 761M->150M(1024M) 2.797ms
[2024-10-23T19:41:48.774+0000][gc,cpu        ] GC(575) User=0.01s Sys=0.00s Real=0.00s
[2024-10-23T21:48:02.436+0000][gc,start      ] GC(576) Pause Young (Normal) (G1 Evacuation Pause)
[2024-10-23T21:48:02.436+0000][gc,task       ] GC(576) Using 4 workers of 4 for evacuation
[2024-10-23T21:48:02.439+0000][gc,phases     ] GC(576)   Pre Evacuate Collection Set: 0.0ms
[2024-10-23T21:48:02.439+0000][gc,phases     ] GC(576)   Evacuate Collection Set: 3.2ms
[2024-10-23T21:48:02.439+0000][gc,phases     ] GC(576)   Post Evacuate Collection Set: 0.4ms
[2024-10-23T21:48:02.439+0000][gc,phases     ] GC(576)   Other: 0.2ms
[2024-10-23T21:48:02.439+0000][gc,heap       ] GC(576) Eden regions: 611->0(610)
[2024-10-23T21:48:02.439+0000][gc,heap       ] GC(576) Survivor regions: 3->4(77)
[2024-10-23T21:48:02.439+0000][gc,heap       ] GC(576) Old regions: 21->21
[2024-10-23T21:48:02.439+0000][gc,heap       ] GC(576) Humongous regions: 129->129
[2024-10-23T21:48:02.439+0000][gc,metaspace  ] GC(576) Metaspace: 46246K(49408K)->46246K(49408K) NonClass: 40335K(41984K)->40335K(41984K) Class: 5910K(7424K)->5910K(7424K)
[2024-10-23T21:48:02.439+0000][gc            ] GC(576) Pause Young (Normal) (G1 Evacuation Pause) 761M->150M(1024M) 3.809ms
[2024-10-23T21:48:02.439+0000][gc,cpu        ] GC(576) User=0.01s Sys=0.00s Real=0.01s
[2024-10-23T23:54:14.011+0000][gc,start      ] GC(577) Pause Young (Normal) (G1 Evacuation Pause)
[2024-10-23T23:54:14.011+0000][gc,task       ] GC(577) Using 4 workers of 4 for evacuation
[2024-10-23T23:54:14.014+0000][gc,phases     ] GC(577)   Pre Evacuate Collection Set: 0.0ms
[2024-10-23T23:54:14.014+0000][gc,phases     ] GC(577)   Evacuate Collection Set: 2.5ms
[2024-10-23T23:54:14.014+0000][gc,phases     ] GC(577)   Post Evacuate Collection Set: 0.4ms
[2024-10-23T23:54:14.014+0000][gc,phases     ] GC(577)   Other: 0.2ms
[2024-10-23T23:54:14.014+0000][gc,heap       ] GC(577) Eden regions: 610->0(610)
[2024-10-23T23:54:14.014+0000][gc,heap       ] GC(577) Survivor regions: 4->4(77)
[2024-10-23T23:54:14.014+0000][gc,heap       ] GC(577) Old regions: 21->21
[2024-10-23T23:54:14.014+0000][gc,heap       ] GC(577) Humongous regions: 129->129
[2024-10-23T23:54:14.014+0000][gc,metaspace  ] GC(577) Metaspace: 46246K(49408K)->46246K(49408K) NonClass: 40335K(41984K)->40335K(41984K) Class: 5910K(7424K)->5910K(7424K)
[2024-10-23T23:54:14.014+0000][gc            ] GC(577) Pause Young (Normal) (G1 Evacuation Pause) 760M->151M(1024M) 3.143ms
[2024-10-23T23:54:14.014+0000][gc,cpu        ] GC(577) User=0.01s Sys=0.00s Real=0.00s
[2024-10-24T02:00:21.511+0000][gc,start      ] GC(578) Pause Young (Normal) (G1 Evacuation Pause)
[2024-10-24T02:00:21.511+0000][gc,task       ] GC(578) Using 4 workers of 4 for evacuation
[2024-10-24T02:00:21.514+0000][gc,phases     ] GC(578)   Pre Evacuate Collection Set: 0.0ms
[2024-10-24T02:00:21.514+0000][gc,phases     ] GC(578)   Evacuate Collection Set: 2.5ms
[2024-10-24T02:00:21.514+0000][gc,phases     ] GC(578)   Post Evacuate Collection Set: 0.3ms
[2024-10-24T02:00:21.514+0000][gc,phases     ] GC(578)   Other: 0.2ms
[2024-10-24T02:00:21.514+0000][gc,heap       ] GC(578) Eden regions: 610->0(611)
[2024-10-24T02:00:21.514+0000][gc,heap       ] GC(578) Survivor regions: 4->3(77)
[2024-10-24T02:00:21.514+0000][gc,heap       ] GC(578) Old regions: 21->21
[2024-10-24T02:00:21.514+0000][gc,heap       ] GC(578) Humongous regions: 129->129
[2024-10-24T02:00:21.514+0000][gc,metaspace  ] GC(578) Metaspace: 46246K(49408K)->46246K(49408K) NonClass: 40335K(41984K)->40335K(41984K) Class: 5910K(7424K)->5910K(7424K)
[2024-10-24T02:00:21.514+0000][gc            ] GC(578) Pause Young (Normal) (G1 Evacuation Pause) 761M->150M(1024M) 3.040ms
[2024-10-24T02:00:21.514+0000][gc,cpu        ] GC(578) User=0.01s Sys=0.00s Real=0.00s
[2024-10-24T04:06:24.179+0000][gc,start      ] GC(579) Pause Young (Normal) (G1 Evacuation Pause)
[2024-10-24T04:06:24.179+0000][gc,task       ] GC(579) Using 4 workers of 4 for evacuation
[2024-10-24T04:06:24.182+0000][gc,phases     ] GC(579)   Pre Evacuate Collection Set: 0.0ms
[2024-10-24T04:06:24.182+0000][gc,phases     ] GC(579)   Evacuate Collection Set: 2.3ms
[2024-10-24T04:06:24.182+0000][gc,phases     ] GC(579)   Post Evacuate Collection Set: 0.4ms
[2024-10-24T04:06:24.182+0000][gc,phases     ] GC(579)   Other: 0.2ms
[2024-10-24T04:06:24.182+0000][gc,heap       ] GC(579) Eden regions: 611->0(611)
[2024-10-24T04:06:24.182+0000][gc,heap       ] GC(579) Survivor regions: 3->3(77)
[2024-10-24T04:06:24.182+0000][gc,heap       ] GC(579) Old regions: 21->21
[2024-10-24T04:06:24.182+0000][gc,heap       ] GC(579) Humongous regions: 129->129
[2024-10-24T04:06:24.182+0000][gc,metaspace  ] GC(579) Metaspace: 46250K(49408K)->46250K(49408K) NonClass: 40339K(41984K)->40339K(41984K) Class: 5910K(7424K)->5910K(7424K)
[2024-10-24T04:06:24.182+0000][gc            ] GC(579) Pause Young (Normal) (G1 Evacuation Pause) 761M->150M(1024M) 3.048ms
[2024-10-24T04:06:24.182+0000][gc,cpu        ] GC(579) User=0.01s Sys=0.00s Real=0.00s
[2024-10-24T06:13:20.848+0000][gc,start      ] GC(580) Pause Young (Normal) (G1 Evacuation Pause)
[2024-10-24T06:13:20.848+0000][gc,task       ] GC(580) Using 4 workers of 4 for evacuation
[2024-10-24T06:13:20.851+0000][gc,phases     ] GC(580)   Pre Evacuate Collection Set: 0.0ms
[2024-10-24T06:13:20.851+0000][gc,phases     ] GC(580)   Evacuate Collection Set: 2.8ms
[2024-10-24T06:13:20.851+0000][gc,phases     ] GC(580)   Post Evacuate Collection Set: 0.4ms
[2024-10-24T06:13:20.851+0000][gc,phases     ] GC(580)   Other: 0.2ms
[2024-10-24T06:13:20.851+0000][gc,heap       ] GC(580) Eden regions: 611->0(611)
[2024-10-24T06:13:20.851+0000][gc,heap       ] GC(580) Survivor regions: 3->3(77)
[2024-10-24T06:13:20.851+0000][gc,heap       ] GC(580) Old regions: 21->21
[2024-10-24T06:13:20.851+0000][gc,heap       ] GC(580) Humongous regions: 129->129
[2024-10-24T06:13:20.852+0000][gc,metaspace  ] GC(580) Metaspace: 46250K(49408K)->46250K(49408K) NonClass: 40339K(41984K)->40339K(41984K) Class: 5910K(7424K)->5910K(7424K)
[2024-10-24T06:13:20.852+0000][gc            ] GC(580) Pause Young (Normal) (G1 Evacuation Pause) 761M->150M(1024M) 3.425ms
[2024-10-24T06:13:20.852+0000][gc,cpu        ] GC(580) User=0.01s Sys=0.00s Real=0.01s
[2024-10-24T08:20:19.668+0000][gc,start      ] GC(581) Pause Young (Normal) (G1 Evacuation Pause)
[2024-10-24T08:20:19.668+0000][gc,task       ] GC(581) Using 4 workers of 4 for evacuation
[2024-10-24T08:20:19.671+0000][gc,phases     ] GC(581)   Pre Evacuate Collection Set: 0.0ms
[2024-10-24T08:20:19.671+0000][gc,phases     ] GC(581)   Evacuate Collection Set: 2.4ms
[2024-10-24T08:20:19.671+0000][gc,phases     ] GC(581)   Post Evacuate Collection Set: 0.3ms
[2024-10-24T08:20:19.671+0000][gc,phases     ] GC(581)   Other: 0.2ms
[2024-10-24T08:20:19.671+0000][gc,heap       ] GC(581) Eden regions: 611->0(611)
[2024-10-24T08:20:19.671+0000][gc,heap       ] GC(581) Survivor regions: 3->3(77)
[2024-10-24T08:20:19.671+0000][gc,heap       ] GC(581) Old regions: 21->21
[2024-10-24T08:20:19.671+0000][gc,heap       ] GC(581) Humongous regions: 129->129
[2024-10-24T08:20:19.671+0000][gc,metaspace  ] GC(581) Metaspace: 46250K(49408K)->46250K(49408K) NonClass: 40339K(41984K)->40339K(41984K) Class: 5910K(7424K)->5910K(7424K)
[2024-10-24T08:20:19.671+0000][gc            ] GC(581) Pause Young (Normal) (G1 Evacuation Pause) 761M->150M(1024M) 2.999ms
[2024-10-24T08:20:19.671+0000][gc,cpu        ] GC(581) User=0.01s Sys=0.00s Real=0.01s
[2024-10-24T10:27:22.890+0000][gc,start      ] GC(582) Pause Young (Normal) (G1 Evacuation Pause)
[2024-10-24T10:27:22.890+0000][gc,task       ] GC(582) Using 4 workers of 4 for evacuation
[2024-10-24T10:27:22.894+0000][gc,phases     ] GC(582)   Pre Evacuate Collection Set: 0.0ms
[2024-10-24T10:27:22.894+0000][gc,phases     ] GC(582)   Evacuate Collection Set: 3.8ms
[2024-10-24T10:27:22.894+0000][gc,phases     ] GC(582)   Post Evacuate Collection Set: 0.5ms
[2024-10-24T10:27:22.894+0000][gc,phases     ] GC(582)   Other: 0.2ms
[2024-10-24T10:27:22.894+0000][gc,heap       ] GC(582) Eden regions: 611->0(610)
[2024-10-24T10:27:22.894+0000][gc,heap       ] GC(582) Survivor regions: 3->4(77)
[2024-10-24T10:27:22.894+0000][gc,heap       ] GC(582) Old regions: 21->21
[2024-10-24T10:27:22.894+0000][gc,heap       ] GC(582) Humongous regions: 129->129
[2024-10-24T10:27:22.894+0000][gc,metaspace  ] GC(582) Metaspace: 46250K(49408K)->46250K(49408K) NonClass: 40339K(41984K)->40339K(41984K) Class: 5910K(7424K)->5910K(7424K)
[2024-10-24T10:27:22.894+0000][gc            ] GC(582) Pause Young (Normal) (G1 Evacuation Pause) 761M->150M(1024M) 4.527ms
[2024-10-24T10:27:22.894+0000][gc,cpu        ] GC(582) User=0.02s Sys=0.00s Real=0.00s
[2024-10-24T12:33:42.008+0000][gc,start      ] GC(583) Pause Young (Normal) (G1 Evacuation Pause)
[2024-10-24T12:33:42.008+0000][gc,task       ] GC(583) Using 4 workers of 4 for evacuation
[2024-10-24T12:33:42.013+0000][gc,phases     ] GC(583)   Pre Evacuate Collection Set: 0.0ms
[2024-10-24T12:33:42.013+0000][gc,phases     ] GC(583)   Evacuate Collection Set: 3.9ms
[2024-10-24T12:33:42.013+0000][gc,phases     ] GC(583)   Post Evacuate Collection Set: 0.5ms
[2024-10-24T12:33:42.013+0000][gc,phases     ] GC(583)   Other: 0.2ms
[2024-10-24T12:33:42.013+0000][gc,heap       ] GC(583) Eden regions: 610->0(610)
[2024-10-24T12:33:42.013+0000][gc,heap       ] GC(583) Survivor regions: 4->4(77)
[2024-10-24T12:33:42.013+0000][gc,heap       ] GC(583) Old regions: 21->21
[2024-10-24T12:33:42.013+0000][gc,heap       ] GC(583) Humongous regions: 129->129
[2024-10-24T12:33:42.013+0000][gc,metaspace  ] GC(583) Metaspace: 46250K(49408K)->46250K(49408K) NonClass: 40339K(41984K)->40339K(41984K) Class: 5910K(7424K)->5910K(7424K)
[2024-10-24T12:33:42.013+0000][gc            ] GC(583) Pause Young (Normal) (G1 Evacuation Pause) 760M->151M(1024M) 4.627ms
[2024-10-24T12:33:42.013+0000][gc,cpu        ] GC(583) User=0.02s Sys=0.00s Real=0.01s
[2024-10-24T14:40:19.961+0000][gc,start      ] GC(584) Pause Young (Normal) (G1 Evacuation Pause)
[2024-10-24T14:40:19.961+0000][gc,task       ] GC(584) Using 4 workers of 4 for evacuation
[2024-10-24T14:40:19.965+0000][gc,phases     ] GC(584)   Pre Evacuate Collection Set: 0.0ms
[2024-10-24T14:40:19.965+0000][gc,phases     ] GC(584)   Evacuate Collection Set: 2.9ms
[2024-10-24T14:40:19.965+0000][gc,phases     ] GC(584)   Post Evacuate Collection Set: 0.4ms
[2024-10-24T14:40:19.965+0000][gc,phases     ] GC(584)   Other: 0.2ms
[2024-10-24T14:40:19.965+0000][gc,heap       ] GC(584) Eden regions: 610->0(610)
[2024-10-24T14:40:19.965+0000][gc,heap       ] GC(584) Survivor regions: 4->4(77)
[2024-10-24T14:40:19.965+0000][gc,heap       ] GC(584) Old regions: 21->21
[2024-10-24T14:40:19.965+0000][gc,heap       ] GC(584) Humongous regions: 129->129
[2024-10-24T14:40:19.965+0000][gc,metaspace  ] GC(584) Metaspace: 46250K(49408K)->46250K(49408K) NonClass: 40339K(41984K)->40339K(41984K) Class: 5910K(7424K)->5910K(7424K)
[2024-10-24T14:40:19.965+0000][gc            ] GC(584) Pause Young (Normal) (G1 Evacuation Pause) 761M->151M(1024M) 3.543ms
[2024-10-24T14:40:19.965+0000][gc,cpu        ] GC(584) User=0.01s Sys=0.00s Real=0.00s
[2024-10-24T16:47:09.834+0000][gc,start      ] GC(585) Pause Young (Normal) (G1 Evacuation Pause)
[2024-10-24T16:47:09.834+0000][gc,task       ] GC(585) Using 4 workers of 4 for evacuation
[2024-10-24T16:47:09.838+0000][gc,phases     ] GC(585)   Pre Evacuate Collection Set: 0.0ms
[2024-10-24T16:47:09.838+0000][gc,phases     ] GC(585)   Evacuate Collection Set: 3.2ms
[2024-10-24T16:47:09.838+0000][gc,phases     ] GC(585)   Post Evacuate Collection Set: 0.4ms
[2024-10-24T16:47:09.838+0000][gc,phases     ] GC(585)   Other: 0.2ms
[2024-10-24T16:47:09.838+0000][gc,heap       ] GC(585) Eden regions: 610->0(610)
[2024-10-24T16:47:09.838+0000][gc,heap       ] GC(585) Survivor regions: 4->4(77)
[2024-10-24T16:47:09.838+0000][gc,heap       ] GC(585) Old regions: 21->21
[2024-10-24T16:47:09.838+0000][gc,heap       ] GC(585) Humongous regions: 129->129
[2024-10-24T16:47:09.838+0000][gc,metaspace  ] GC(585) Metaspace: 46250K(49408K)->46250K(49408K) NonClass: 40339K(41984K)->40339K(41984K) Class: 5910K(7424K)->5910K(7424K)
[2024-10-24T16:47:09.838+0000][gc            ] GC(585) Pause Young (Normal) (G1 Evacuation Pause) 761M->151M(1024M) 3.848ms
[2024-10-24T16:47:09.838+0000][gc,cpu        ] GC(585) User=0.02s Sys=0.00s Real=0.01s
[2024-10-24T18:53:57.437+0000][gc,start      ] GC(586) Pause Young (Normal) (G1 Evacuation Pause)
[2024-10-24T18:53:57.437+0000][gc,task       ] GC(586) Using 4 workers of 4 for evacuation
[2024-10-24T18:53:57.440+0000][gc,phases     ] GC(586)   Pre Evacuate Collection Set: 0.0ms
[2024-10-24T18:53:57.440+0000][gc,phases     ] GC(586)   Evacuate Collection Set: 2.0ms
[2024-10-24T18:53:57.440+0000][gc,phases     ] GC(586)   Post Evacuate Collection Set: 0.4ms
[2024-10-24T18:53:57.440+0000][gc,phases     ] GC(586)   Other: 0.2ms
[2024-10-24T18:53:57.440+0000][gc,heap       ] GC(586) Eden regions: 610->0(611)
[2024-10-24T18:53:57.440+0000][gc,heap       ] GC(586) Survivor regions: 4->3(77)
[2024-10-24T18:53:57.440+0000][gc,heap       ] GC(586) Old regions: 21->21
[2024-10-24T18:53:57.440+0000][gc,heap       ] GC(586) Humongous regions: 129->129
[2024-10-24T18:53:57.440+0000][gc,metaspace  ] GC(586) Metaspace: 46250K(49408K)->46250K(49408K) NonClass: 40339K(41984K)->40339K(41984K) Class: 5910K(7424K)->5910K(7424K)
[2024-10-24T18:53:57.440+0000][gc            ] GC(586) Pause Young (Normal) (G1 Evacuation Pause) 761M->150M(1024M) 2.609ms
[2024-10-24T18:53:57.440+0000][gc,cpu        ] GC(586) User=0.01s Sys=0.00s Real=0.01s
[2024-10-24T21:00:54.011+0000][gc,start      ] GC(587) Pause Young (Normal) (G1 Evacuation Pause)
[2024-10-24T21:00:54.011+0000][gc,task       ] GC(587) Using 4 workers of 4 for evacuation
[2024-10-24T21:00:54.014+0000][gc,phases     ] GC(587)   Pre Evacuate Collection Set: 0.0ms
[2024-10-24T21:00:54.014+0000][gc,phases     ] GC(587)   Evacuate Collection Set: 2.4ms
[2024-10-24T21:00:54.014+0000][gc,phases     ] GC(587)   Post Evacuate Collection Set: 0.3ms
[2024-10-24T21:00:54.014+0000][gc,phases     ] GC(587)   Other: 0.2ms
[2024-10-24T21:00:54.014+0000][gc,heap       ] GC(587) Eden regions: 611->0(611)
[2024-10-24T21:00:54.014+0000][gc,heap       ] GC(587) Survivor regions: 3->3(77)
[2024-10-24T21:00:54.014+0000][gc,heap       ] GC(587) Old regions: 21->21
[2024-10-24T21:00:54.014+0000][gc,heap       ] GC(587) Humongous regions: 129->129
[2024-10-24T21:00:54.014+0000][gc,metaspace  ] GC(587) Metaspace: 46250K(49408K)->46250K(49408K) NonClass: 40339K(41984K)->40339K(41984K) Class: 5910K(7424K)->5910K(7424K)
[2024-10-24T21:00:54.014+0000][gc            ] GC(587) Pause Young (Normal) (G1 Evacuation Pause) 761M->150M(1024M) 2.884ms
[2024-10-24T21:00:54.014+0000][gc,cpu        ] GC(587) User=0.01s Sys=0.00s Real=0.00s
[2024-10-24T23:07:53.678+0000][gc,start      ] GC(588) Pause Young (Normal) (G1 Evacuation Pause)
[2024-10-24T23:07:53.678+0000][gc,task       ] GC(588) Using 4 workers of 4 for evacuation
[2024-10-24T23:07:53.681+0000][gc,phases     ] GC(588)   Pre Evacuate Collection Set: 0.0ms
[2024-10-24T23:07:53.681+0000][gc,phases     ] GC(588)   Evacuate Collection Set: 2.1ms
[2024-10-24T23:07:53.681+0000][gc,phases     ] GC(588)   Post Evacuate Collection Set: 0.4ms
[2024-10-24T23:07:53.681+0000][gc,phases     ] GC(588)   Other: 0.2ms
[2024-10-24T23:07:53.681+0000][gc,heap       ] GC(588) Eden regions: 611->0(611)
[2024-10-24T23:07:53.681+0000][gc,heap       ] GC(588) Survivor regions: 3->3(77)
[2024-10-24T23:07:53.681+0000][gc,heap       ] GC(588) Old regions: 21->21
[2024-10-24T23:07:53.681+0000][gc,heap       ] GC(588) Humongous regions: 227->129
[2024-10-24T23:07:53.681+0000][gc,metaspace  ] GC(588) Metaspace: 46250K(49408K)->46250K(49408K) NonClass: 40339K(41984K)->40339K(41984K) Class: 5910K(7424K)->5910K(7424K)
[2024-10-24T23:07:53.681+0000][gc            ] GC(588) Pause Young (Normal) (G1 Evacuation Pause) 859M->150M(1024M) 2.756ms
[2024-10-24T23:07:53.681+0000][gc,cpu        ] GC(588) User=0.00s Sys=0.01s Real=0.00s
[2024-10-25T01:14:38.439+0000][gc,start      ] GC(589) Pause Young (Normal) (G1 Evacuation Pause)
[2024-10-25T01:14:38.439+0000][gc,task       ] GC(589) Using 4 workers of 4 for evacuation
[2024-10-25T01:14:38.442+0000][gc,phases     ] GC(589)   Pre Evacuate Collection Set: 0.0ms
[2024-10-25T01:14:38.442+0000][gc,phases     ] GC(589)   Evacuate Collection Set: 2.9ms
[2024-10-25T01:14:38.442+0000][gc,phases     ] GC(589)   Post Evacuate Collection Set: 0.4ms
[2024-10-25T01:14:38.442+0000][gc,phases     ] GC(589)   Other: 0.2ms
[2024-10-25T01:14:38.442+0000][gc,heap       ] GC(589) Eden regions: 611->0(611)
[2024-10-25T01:14:38.442+0000][gc,heap       ] GC(589) Survivor regions: 3->3(77)
[2024-10-25T01:14:38.442+0000][gc,heap       ] GC(589) Old regions: 21->21
[2024-10-25T01:14:38.442+0000][gc,heap       ] GC(589) Humongous regions: 129->129
[2024-10-25T01:14:38.442+0000][gc,metaspace  ] GC(589) Metaspace: 46250K(49408K)->46250K(49408K) NonClass: 40339K(41984K)->40339K(41984K) Class: 5910K(7424K)->5910K(7424K)
[2024-10-25T01:14:38.442+0000][gc            ] GC(589) Pause Young (Normal) (G1 Evacuation Pause) 761M->150M(1024M) 3.612ms
[2024-10-25T01:14:38.442+0000][gc,cpu        ] GC(589) User=0.02s Sys=0.00s Real=0.00s
[2024-10-25T03:21:37.559+0000][gc,start      ] GC(590) Pause Young (Normal) (G1 Evacuation Pause)
[2024-10-25T03:21:37.559+0000][gc,task       ] GC(590) Using 4 workers of 4 for evacuation
[2024-10-25T03:21:37.562+0000][gc,phases     ] GC(590)   Pre Evacuate Collection Set: 0.0ms
[2024-10-25T03:21:37.562+0000][gc,phases     ] GC(590)   Evacuate Collection Set: 2.7ms
[2024-10-25T03:21:37.562+0000][gc,phases     ] GC(590)   Post Evacuate Collection Set: 0.4ms
[2024-10-25T03:21:37.562+0000][gc,phases     ] GC(590)   Other: 0.1ms
[2024-10-25T03:21:37.562+0000][gc,heap       ] GC(590) Eden regions: 611->0(610)
[2024-10-25T03:21:37.562+0000][gc,heap       ] GC(590) Survivor regions: 3->4(77)
[2024-10-25T03:21:37.562+0000][gc,heap       ] GC(590) Old regions: 21->21
[2024-10-25T03:21:37.562+0000][gc,heap       ] GC(590) Humongous regions: 129->129
[2024-10-25T03:21:37.562+0000][gc,metaspace  ] GC(590) Metaspace: 46250K(49408K)->46250K(49408K) NonClass: 40339K(41984K)->40339K(41984K) Class: 5910K(7424K)->5910K(7424K)
[2024-10-25T03:21:37.562+0000][gc            ] GC(590) Pause Young (Normal) (G1 Evacuation Pause) 761M->150M(1024M) 3.276ms
[2024-10-25T03:21:37.562+0000][gc,cpu        ] GC(590) User=0.01s Sys=0.00s Real=0.00s
[2024-10-25T05:28:24.011+0000][gc,start      ] GC(591) Pause Young (Normal) (G1 Evacuation Pause)
[2024-10-25T05:28:24.011+0000][gc,task       ] GC(591) Using 4 workers of 4 for evacuation
[2024-10-25T05:28:24.014+0000][gc,phases     ] GC(591)   Pre Evacuate Collection Set: 0.0ms
[2024-10-25T05:28:24.014+0000][gc,phases     ] GC(591)   Evacuate Collection Set: 2.9ms
[2024-10-25T05:28:24.014+0000][gc,phases     ] GC(591)   Post Evacuate Collection Set: 0.5ms
[2024-10-25T05:28:24.014+0000][gc,phases     ] GC(591)   Other: 0.2ms
[2024-10-25T05:28:24.014+0000][gc,heap       ] GC(591) Eden regions: 610->0(610)
[2024-10-25T05:28:24.014+0000][gc,heap       ] GC(591) Survivor regions: 4->4(77)
[2024-10-25T05:28:24.014+0000][gc,heap       ] GC(591) Old regions: 21->21
[2024-10-25T05:28:24.014+0000][gc,heap       ] GC(591) Humongous regions: 129->129
[2024-10-25T05:28:24.014+0000][gc,metaspace  ] GC(591) Metaspace: 46250K(49408K)->46250K(49408K) NonClass: 40339K(41984K)->40339K(41984K) Class: 5910K(7424K)->5910K(7424K)
[2024-10-25T05:28:24.014+0000][gc            ] GC(591) Pause Young (Normal) (G1 Evacuation Pause) 760M->150M(1024M) 3.674ms
[2024-10-25T05:28:24.014+0000][gc,cpu        ] GC(591) User=0.01s Sys=0.00s Real=0.00s
[2024-10-25T07:34:34.011+0000][gc,start      ] GC(592) Pause Young (Normal) (G1 Evacuation Pause)
[2024-10-25T07:34:34.011+0000][gc,task       ] GC(592) Using 4 workers of 4 for evacuation
[2024-10-25T07:34:34.015+0000][gc,phases     ] GC(592)   Pre Evacuate Collection Set: 0.0ms
[2024-10-25T07:34:34.015+0000][gc,phases     ] GC(592)   Evacuate Collection Set: 3.4ms
[2024-10-25T07:34:34.015+0000][gc,phases     ] GC(592)   Post Evacuate Collection Set: 0.3ms
[2024-10-25T07:34:34.015+0000][gc,phases     ] GC(592)   Other: 0.2ms
[2024-10-25T07:34:34.015+0000][gc,heap       ] GC(592) Eden regions: 610->0(610)
[2024-10-25T07:34:34.015+0000][gc,heap       ] GC(592) Survivor regions: 4->4(77)
[2024-10-25T07:34:34.015+0000][gc,heap       ] GC(592) Old regions: 21->21
[2024-10-25T07:34:34.015+0000][gc,heap       ] GC(592) Humongous regions: 129->129
[2024-10-25T07:34:34.015+0000][gc,metaspace  ] GC(592) Metaspace: 46253K(49408K)->46253K(49408K) NonClass: 40342K(41984K)->40342K(41984K) Class: 5910K(7424K)->5910K(7424K)
[2024-10-25T07:34:34.015+0000][gc            ] GC(592) Pause Young (Normal) (G1 Evacuation Pause) 760M->150M(1024M) 3.906ms
[2024-10-25T07:34:34.015+0000][gc,cpu        ] GC(592) User=0.01s Sys=0.00s Real=0.00s
[2024-10-25T09:40:41.315+0000][gc,start      ] GC(593) Pause Young (Normal) (G1 Evacuation Pause)
[2024-10-25T09:40:41.315+0000][gc,task       ] GC(593) Using 4 workers of 4 for evacuation
[2024-10-25T09:40:41.318+0000][gc,phases     ] GC(593)   Pre Evacuate Collection Set: 0.0ms
[2024-10-25T09:40:41.318+0000][gc,phases     ] GC(593)   Evacuate Collection Set: 2.2ms
[2024-10-25T09:40:41.318+0000][gc,phases     ] GC(593)   Post Evacuate Collection Set: 0.4ms
[2024-10-25T09:40:41.318+0000][gc,phases     ] GC(593)   Other: 0.1ms
[2024-10-25T09:40:41.318+0000][gc,heap       ] GC(593) Eden regions: 610->0(610)
[2024-10-25T09:40:41.318+0000][gc,heap       ] GC(593) Survivor regions: 4->4(77)
[2024-10-25T09:40:41.318+0000][gc,heap       ] GC(593) Old regions: 21->21
[2024-10-25T09:40:41.318+0000][gc,heap       ] GC(593) Humongous regions: 290->129
[2024-10-25T09:40:41.318+0000][gc,metaspace  ] GC(593) Metaspace: 46253K(49408K)->46253K(49408K) NonClass: 40342K(41984K)->40342K(41984K) Class: 5910K(7424K)->5910K(7424K)
[2024-10-25T09:40:41.318+0000][gc            ] GC(593) Pause Young (Normal) (G1 Evacuation Pause) 921M->150M(1024M) 2.851ms
[2024-10-25T09:40:41.318+0000][gc,cpu        ] GC(593) User=0.01s Sys=0.00s Real=0.01s
[2024-10-25T11:46:44.637+0000][gc,start      ] GC(594) Pause Young (Normal) (G1 Evacuation Pause)
[2024-10-25T11:46:44.637+0000][gc,task       ] GC(594) Using 4 workers of 4 for evacuation
[2024-10-25T11:46:44.640+0000][gc,phases     ] GC(594)   Pre Evacuate Collection Set: 0.0ms
[2024-10-25T11:46:44.640+0000][gc,phases     ] GC(594)   Evacuate Collection Set: 2.4ms
[2024-10-25T11:46:44.640+0000][gc,phases     ] GC(594)   Post Evacuate Collection Set: 0.3ms
[2024-10-25T11:46:44.640+0000][gc,phases     ] GC(594)   Other: 0.2ms
[2024-10-25T11:46:44.640+0000][gc,heap       ] GC(594) Eden regions: 610->0(610)
[2024-10-25T11:46:44.640+0000][gc,heap       ] GC(594) Survivor regions: 4->4(77)
[2024-10-25T11:46:44.640+0000][gc,heap       ] GC(594) Old regions: 21->21
[2024-10-25T11:46:44.640+0000][gc,heap       ] GC(594) Humongous regions: 129->129
[2024-10-25T11:46:44.640+0000][gc,metaspace  ] GC(594) Metaspace: 46253K(49408K)->46253K(49408K) NonClass: 40342K(41984K)->40342K(41984K) Class: 5910K(7424K)->5910K(7424K)
[2024-10-25T11:46:44.640+0000][gc            ] GC(594) Pause Young (Normal) (G1 Evacuation Pause) 760M->151M(1024M) 2.957ms
[2024-10-25T11:46:44.640+0000][gc,cpu        ] GC(594) User=0.01s Sys=0.00s Real=0.01s
[2024-10-25T13:52:53.821+0000][gc,start      ] GC(595) Pause Young (Normal) (G1 Evacuation Pause)
[2024-10-25T13:52:53.821+0000][gc,task       ] GC(595) Using 4 workers of 4 for evacuation
[2024-10-25T13:52:53.824+0000][gc,phases     ] GC(595)   Pre Evacuate Collection Set: 0.0ms
[2024-10-25T13:52:53.824+0000][gc,phases     ] GC(595)   Evacuate Collection Set: 2.8ms
[2024-10-25T13:52:53.824+0000][gc,phases     ] GC(595)   Post Evacuate Collection Set: 0.4ms
[2024-10-25T13:52:53.825+0000][gc,phases     ] GC(595)   Other: 0.2ms
[2024-10-25T13:52:53.825+0000][gc,heap       ] GC(595) Eden regions: 610->0(611)
[2024-10-25T13:52:53.825+0000][gc,heap       ] GC(595) Survivor regions: 4->3(77)
[2024-10-25T13:52:53.825+0000][gc,heap       ] GC(595) Old regions: 21->21
[2024-10-25T13:52:53.825+0000][gc,heap       ] GC(595) Humongous regions: 129->129
[2024-10-25T13:52:53.825+0000][gc,metaspace  ] GC(595) Metaspace: 46253K(49408K)->46253K(49408K) NonClass: 40342K(41984K)->40342K(41984K) Class: 5910K(7424K)->5910K(7424K)
[2024-10-25T13:52:53.825+0000][gc            ] GC(595) Pause Young (Normal) (G1 Evacuation Pause) 761M->149M(1024M) 3.410ms
[2024-10-25T13:52:53.825+0000][gc,cpu        ] GC(595) User=0.00s Sys=0.01s Real=0.00s
[2024-10-25T15:59:11.741+0000][gc,start      ] GC(596) Pause Young (Normal) (G1 Evacuation Pause)
[2024-10-25T15:59:11.741+0000][gc,task       ] GC(596) Using 4 workers of 4 for evacuation
[2024-10-25T15:59:11.744+0000][gc,phases     ] GC(596)   Pre Evacuate Collection Set: 0.0ms
[2024-10-25T15:59:11.744+0000][gc,phases     ] GC(596)   Evacuate Collection Set: 2.4ms
[2024-10-25T15:59:11.744+0000][gc,phases     ] GC(596)   Post Evacuate Collection Set: 0.4ms
[2024-10-25T15:59:11.744+0000][gc,phases     ] GC(596)   Other: 0.2ms
[2024-10-25T15:59:11.744+0000][gc,heap       ] GC(596) Eden regions: 611->0(611)
[2024-10-25T15:59:11.744+0000][gc,heap       ] GC(596) Survivor regions: 3->3(77)
[2024-10-25T15:59:11.744+0000][gc,heap       ] GC(596) Old regions: 21->21
[2024-10-25T15:59:11.744+0000][gc,heap       ] GC(596) Humongous regions: 129->129
[2024-10-25T15:59:11.744+0000][gc,metaspace  ] GC(596) Metaspace: 46253K(49408K)->46253K(49408K) NonClass: 40342K(41984K)->40342K(41984K) Class: 5910K(7424K)->5910K(7424K)
[2024-10-25T15:59:11.744+0000][gc            ] GC(596) Pause Young (Normal) (G1 Evacuation Pause) 760M->150M(1024M) 3.050ms
[2024-10-25T15:59:11.744+0000][gc,cpu        ] GC(596) User=0.01s Sys=0.00s Real=0.00s
[2024-10-25T18:05:28.133+0000][gc,start      ] GC(597) Pause Young (Normal) (G1 Evacuation Pause)
[2024-10-25T18:05:28.133+0000][gc,task       ] GC(597) Using 4 workers of 4 for evacuation
[2024-10-25T18:05:28.136+0000][gc,phases     ] GC(597)   Pre Evacuate Collection Set: 0.0ms
[2024-10-25T18:05:28.136+0000][gc,phases     ] GC(597)   Evacuate Collection Set: 2.3ms
[2024-10-25T18:05:28.136+0000][gc,phases     ] GC(597)   Post Evacuate Collection Set: 0.4ms
[2024-10-25T18:05:28.136+0000][gc,phases     ] GC(597)   Other: 0.2ms
[2024-10-25T18:05:28.136+0000][gc,heap       ] GC(597) Eden regions: 611->0(611)
[2024-10-25T18:05:28.136+0000][gc,heap       ] GC(597) Survivor regions: 3->3(77)
[2024-10-25T18:05:28.136+0000][gc,heap       ] GC(597) Old regions: 21->21
[2024-10-25T18:05:28.136+0000][gc,heap       ] GC(597) Humongous regions: 129->129
[2024-10-25T18:05:28.136+0000][gc,metaspace  ] GC(597) Metaspace: 46253K(49408K)->46253K(49408K) NonClass: 40342K(41984K)->40342K(41984K) Class: 5910K(7424K)->5910K(7424K)
[2024-10-25T18:05:28.136+0000][gc            ] GC(597) Pause Young (Normal) (G1 Evacuation Pause) 761M->150M(1024M) 2.860ms
[2024-10-25T18:05:28.136+0000][gc,cpu        ] GC(597) User=0.01s Sys=0.01s Real=0.00s
[2024-10-25T20:11:44.397+0000][gc,start      ] GC(598) Pause Young (Normal) (G1 Evacuation Pause)
[2024-10-25T20:11:44.397+0000][gc,task       ] GC(598) Using 4 workers of 4 for evacuation
[2024-10-25T20:11:44.402+0000][gc,phases     ] GC(598)   Pre Evacuate Collection Set: 0.0ms
[2024-10-25T20:11:44.402+0000][gc,phases     ] GC(598)   Evacuate Collection Set: 4.3ms
[2024-10-25T20:11:44.402+0000][gc,phases     ] GC(598)   Post Evacuate Collection Set: 0.5ms
[2024-10-25T20:11:44.402+0000][gc,phases     ] GC(598)   Other: 0.2ms
[2024-10-25T20:11:44.402+0000][gc,heap       ] GC(598) Eden regions: 611->0(610)
[2024-10-25T20:11:44.402+0000][gc,heap       ] GC(598) Survivor regions: 3->4(77)
[2024-10-25T20:11:44.402+0000][gc,heap       ] GC(598) Old regions: 21->21
[2024-10-25T20:11:44.402+0000][gc,heap       ] GC(598) Humongous regions: 129->129
[2024-10-25T20:11:44.402+0000][gc,metaspace  ] GC(598) Metaspace: 46253K(49408K)->46253K(49408K) NonClass: 40342K(41984K)->40342K(41984K) Class: 5910K(7424K)->5910K(7424K)
[2024-10-25T20:11:44.402+0000][gc            ] GC(598) Pause Young (Normal) (G1 Evacuation Pause) 761M->150M(1024M) 5.086ms
[2024-10-25T20:11:44.402+0000][gc,cpu        ] GC(598) User=0.02s Sys=0.00s Real=0.01s
[2024-10-25T21:12:32.581+0000][gc,start      ] GC(599) Pause Young (Concurrent Start) (G1 Humongous Allocation)
[2024-10-25T21:12:32.581+0000][gc,task       ] GC(599) Using 4 workers of 4 for evacuation
[2024-10-25T21:12:32.585+0000][gc,phases     ] GC(599)   Pre Evacuate Collection Set: 0.3ms
[2024-10-25T21:12:32.585+0000][gc,phases     ] GC(599)   Evacuate Collection Set: 3.2ms
[2024-10-25T21:12:32.585+0000][gc,phases     ] GC(599)   Post Evacuate Collection Set: 0.4ms
[2024-10-25T21:12:32.585+0000][gc,phases     ] GC(599)   Other: 0.2ms
[2024-10-25T21:12:32.585+0000][gc,heap       ] GC(599) Eden regions: 298->0(610)
[2024-10-25T21:12:32.585+0000][gc,heap       ] GC(599) Survivor regions: 4->4(77)
[2024-10-25T21:12:32.585+0000][gc,heap       ] GC(599) Old regions: 21->21
[2024-10-25T21:12:32.585+0000][gc,heap       ] GC(599) Humongous regions: 287->129
[2024-10-25T21:12:32.585+0000][gc,metaspace  ] GC(599) Metaspace: 46253K(49408K)->46253K(49408K) NonClass: 40342K(41984K)->40342K(41984K) Class: 5910K(7424K)->5910K(7424K)
[2024-10-25T21:12:32.585+0000][gc            ] GC(599) Pause Young (Concurrent Start) (G1 Humongous Allocation) 606M->151M(1024M) 4.106ms
[2024-10-25T21:12:32.585+0000][gc,cpu        ] GC(599) User=0.02s Sys=0.00s Real=0.00s
[2024-10-25T21:12:32.585+0000][gc            ] GC(600) Concurrent Cycle
[2024-10-25T21:12:32.585+0000][gc,marking    ] GC(600) Concurrent Clear Claimed Marks
[2024-10-25T21:12:32.586+0000][gc,marking    ] GC(600) Concurrent Clear Claimed Marks 0.210ms
[2024-10-25T21:12:32.586+0000][gc,marking    ] GC(600) Concurrent Scan Root Regions
[2024-10-25T21:12:32.587+0000][gc,marking    ] GC(600) Concurrent Scan Root Regions 1.806ms
[2024-10-25T21:12:32.587+0000][gc,marking    ] GC(600) Concurrent Mark (4456015.905s)
[2024-10-25T21:12:32.587+0000][gc,marking    ] GC(600) Concurrent Mark From Roots
[2024-10-25T21:12:32.587+0000][gc,task       ] GC(600) Using 1 workers of 1 for marking
[2024-10-25T21:12:32.605+0000][gc,marking    ] GC(600) Concurrent Mark From Roots 17.116ms
[2024-10-25T21:12:32.605+0000][gc,marking    ] GC(600) Concurrent Preclean
[2024-10-25T21:12:32.605+0000][gc,marking    ] GC(600) Concurrent Preclean 0.140ms
[2024-10-25T21:12:32.605+0000][gc,marking    ] GC(600) Concurrent Mark (4456015.905s, 4456015.922s) 17.305ms
[2024-10-25T21:12:32.605+0000][gc,start      ] GC(600) Pause Remark
[2024-10-25T21:12:32.611+0000][gc,stringtable] GC(600) Cleaned string and symbol table, strings: 13550 processed, 19 removed, symbols: 92250 processed, 1 removed
[2024-10-25T21:12:32.611+0000][gc            ] GC(600) Pause Remark 208M->208M(1024M) 6.352ms
[2024-10-25T21:12:32.611+0000][gc,cpu        ] GC(600) User=0.02s Sys=0.00s Real=0.01s
[2024-10-25T21:12:32.611+0000][gc,marking    ] GC(600) Concurrent Rebuild Remembered Sets
[2024-10-25T21:12:32.621+0000][gc,marking    ] GC(600) Concurrent Rebuild Remembered Sets 9.829ms
[2024-10-25T21:12:32.621+0000][gc,start      ] GC(600) Pause Cleanup
[2024-10-25T21:12:32.621+0000][gc            ] GC(600) Pause Cleanup 209M->209M(1024M) 0.102ms
[2024-10-25T21:12:32.621+0000][gc,cpu        ] GC(600) User=0.00s Sys=0.00s Real=0.00s
[2024-10-25T21:12:32.621+0000][gc,marking    ] GC(600) Concurrent Cleanup for Next Mark
[2024-10-25T21:12:32.622+0000][gc,marking    ] GC(600) Concurrent Cleanup for Next Mark 1.072ms
[2024-10-25T21:12:32.622+0000][gc            ] GC(600) Concurrent Cycle 37.154ms
[2024-10-25T23:18:41.168+0000][gc,start      ] GC(601) Pause Young (Normal) (G1 Evacuation Pause)
[2024-10-25T23:18:41.168+0000][gc,task       ] GC(601) Using 4 workers of 4 for evacuation
[2024-10-25T23:18:41.170+0000][gc,phases     ] GC(601)   Pre Evacuate Collection Set: 0.0ms
[2024-10-25T23:18:41.171+0000][gc,phases     ] GC(601)   Evacuate Collection Set: 2.2ms
[2024-10-25T23:18:41.171+0000][gc,phases     ] GC(601)   Post Evacuate Collection Set: 0.5ms
[2024-10-25T23:18:41.171+0000][gc,phases     ] GC(601)   Other: 0.2ms
[2024-10-25T23:18:41.171+0000][gc,heap       ] GC(601) Eden regions: 610->0(611)
[2024-10-25T23:18:41.171+0000][gc,heap       ] GC(601) Survivor regions: 4->3(77)
[2024-10-25T23:18:41.171+0000][gc,heap       ] GC(601) Old regions: 21->21
[2024-10-25T23:18:41.171+0000][gc,heap       ] GC(601) Humongous regions: 273->129
[2024-10-25T23:18:41.171+0000][gc,metaspace  ] GC(601) Metaspace: 46253K(49408K)->46253K(49408K) NonClass: 40342K(41984K)->40342K(41984K) Class: 5910K(7424K)->5910K(7424K)
[2024-10-25T23:18:41.171+0000][gc            ] GC(601) Pause Young (Normal) (G1 Evacuation Pause) 905M->149M(1024M) 2.964ms
[2024-10-25T23:18:41.171+0000][gc,cpu        ] GC(601) User=0.01s Sys=0.00s Real=0.01s
[2024-10-26T01:24:59.011+0000][gc,start      ] GC(602) Pause Young (Normal) (G1 Evacuation Pause)
[2024-10-26T01:24:59.011+0000][gc,task       ] GC(602) Using 4 workers of 4 for evacuation
[2024-10-26T01:24:59.014+0000][gc,phases     ] GC(602)   Pre Evacuate Collection Set: 0.0ms
[2024-10-26T01:24:59.014+0000][gc,phases     ] GC(602)   Evacuate Collection Set: 2.6ms
[2024-10-26T01:24:59.014+0000][gc,phases     ] GC(602)   Post Evacuate Collection Set: 0.5ms
[2024-10-26T01:24:59.014+0000][gc,phases     ] GC(602)   Other: 0.2ms
[2024-10-26T01:24:59.014+0000][gc,heap       ] GC(602) Eden regions: 611->0(611)
[2024-10-26T01:24:59.014+0000][gc,heap       ] GC(602) Survivor regions: 3->3(77)
[2024-10-26T01:24:59.014+0000][gc,heap       ] GC(602) Old regions: 21->21
[2024-10-26T01:24:59.014+0000][gc,heap       ] GC(602) Humongous regions: 129->129
[2024-10-26T01:24:59.014+0000][gc,metaspace  ] GC(602) Metaspace: 46253K(49408K)->46253K(49408K) NonClass: 40342K(41984K)->40342K(41984K) Class: 5910K(7424K)->5910K(7424K)
[2024-10-26T01:24:59.014+0000][gc            ] GC(602) Pause Young (Normal) (G1 Evacuation Pause) 760M->150M(1024M) 3.404ms
[2024-10-26T01:24:59.014+0000][gc,cpu        ] GC(602) User=0.01s Sys=0.00s Real=0.00s
[2024-10-26T03:30:44.011+0000][gc,start      ] GC(603) Pause Young (Normal) (G1 Evacuation Pause)
[2024-10-26T03:30:44.011+0000][gc,task       ] GC(603) Using 4 workers of 4 for evacuation
[2024-10-26T03:30:44.014+0000][gc,phases     ] GC(603)   Pre Evacuate Collection Set: 0.0ms
[2024-10-26T03:30:44.014+0000][gc,phases     ] GC(603)   Evacuate Collection Set: 3.0ms
[2024-10-26T03:30:44.014+0000][gc,phases     ] GC(603)   Post Evacuate Collection Set: 0.5ms
[2024-10-26T03:30:44.014+0000][gc,phases     ] GC(603)   Other: 0.2ms
[2024-10-26T03:30:44.014+0000][gc,heap       ] GC(603) Eden regions: 611->0(611)
[2024-10-26T03:30:44.014+0000][gc,heap       ] GC(603) Survivor regions: 3->3(77)
[2024-10-26T03:30:44.014+0000][gc,heap       ] GC(603) Old regions: 21->21
[2024-10-26T03:30:44.014+0000][gc,heap       ] GC(603) Humongous regions: 129->129
[2024-10-26T03:30:44.015+0000][gc,metaspace  ] GC(603) Metaspace: 46253K(49408K)->46253K(49408K) NonClass: 40342K(41984K)->40342K(41984K) Class: 5910K(7424K)->5910K(7424K)
[2024-10-26T03:30:44.015+0000][gc            ] GC(603) Pause Young (Normal) (G1 Evacuation Pause) 761M->150M(1024M) 3.731ms
[2024-10-26T03:30:44.015+0000][gc,cpu        ] GC(603) User=0.01s Sys=0.00s Real=0.00s
[2024-10-26T05:36:39.011+0000][gc,start      ] GC(604) Pause Young (Normal) (G1 Evacuation Pause)
[2024-10-26T05:36:39.011+0000][gc,task       ] GC(604) Using 4 workers of 4 for evacuation
[2024-10-26T05:36:39.013+0000][gc,phases     ] GC(604)   Pre Evacuate Collection Set: 0.0ms
[2024-10-26T05:36:39.013+0000][gc,phases     ] GC(604)   Evacuate Collection Set: 1.9ms
[2024-10-26T05:36:39.013+0000][gc,phases     ] GC(604)   Post Evacuate Collection Set: 0.3ms
[2024-10-26T05:36:39.013+0000][gc,phases     ] GC(604)   Other: 0.2ms
[2024-10-26T05:36:39.013+0000][gc,heap       ] GC(604) Eden regions: 611->0(611)
[2024-10-26T05:36:39.013+0000][gc,heap       ] GC(604) Survivor regions: 3->3(77)
[2024-10-26T05:36:39.013+0000][gc,heap       ] GC(604) Old regions: 21->21
[2024-10-26T05:36:39.013+0000][gc,heap       ] GC(604) Humongous regions: 129->129
[2024-10-26T05:36:39.013+0000][gc,metaspace  ] GC(604) Metaspace: 46253K(49408K)->46253K(49408K) NonClass: 40342K(41984K)->40342K(41984K) Class: 5910K(7424K)->5910K(7424K)
[2024-10-26T05:36:39.013+0000][gc            ] GC(604) Pause Young (Normal) (G1 Evacuation Pause) 761M->150M(1024M) 2.528ms
[2024-10-26T05:36:39.013+0000][gc,cpu        ] GC(604) User=0.00s Sys=0.01s Real=0.00s
[2024-10-26T07:43:06.915+0000][gc,start      ] GC(605) Pause Young (Normal) (G1 Evacuation Pause)
[2024-10-26T07:43:06.915+0000][gc,task       ] GC(605) Using 4 workers of 4 for evacuation
[2024-10-26T07:43:06.918+0000][gc,phases     ] GC(605)   Pre Evacuate Collection Set: 0.0ms
[2024-10-26T07:43:06.918+0000][gc,phases     ] GC(605)   Evacuate Collection Set: 2.5ms
[2024-10-26T07:43:06.918+0000][gc,phases     ] GC(605)   Post Evacuate Collection Set: 0.4ms
[2024-10-26T07:43:06.918+0000][gc,phases     ] GC(605)   Other: 0.2ms
[2024-10-26T07:43:06.918+0000][gc,heap       ] GC(605) Eden regions: 611->0(610)
[2024-10-26T07:43:06.918+0000][gc,heap       ] GC(605) Survivor regions: 3->4(77)
[2024-10-26T07:43:06.918+0000][gc,heap       ] GC(605) Old regions: 21->21
[2024-10-26T07:43:06.918+0000][gc,heap       ] GC(605) Humongous regions: 129->129
[2024-10-26T07:43:06.918+0000][gc,metaspace  ] GC(605) Metaspace: 46253K(49408K)->46253K(49408K) NonClass: 40342K(41984K)->40342K(41984K) Class: 5910K(7424K)->5910K(7424K)
[2024-10-26T07:43:06.918+0000][gc            ] GC(605) Pause Young (Normal) (G1 Evacuation Pause) 761M->150M(1024M) 3.087ms
[2024-10-26T07:43:06.918+0000][gc,cpu        ] GC(605) User=0.01s Sys=0.00s Real=0.01s
[2024-10-26T09:49:19.694+0000][gc,start      ] GC(606) Pause Young (Normal) (G1 Evacuation Pause)
[2024-10-26T09:49:19.694+0000][gc,task       ] GC(606) Using 4 workers of 4 for evacuation
[2024-10-26T09:49:19.697+0000][gc,phases     ] GC(606)   Pre Evacuate Collection Set: 0.0ms
[2024-10-26T09:49:19.697+0000][gc,phases     ] GC(606)   Evacuate Collection Set: 2.9ms
[2024-10-26T09:49:19.697+0000][gc,phases     ] GC(606)   Post Evacuate Collection Set: 0.3ms
[2024-10-26T09:49:19.697+0000][gc,phases     ] GC(606)   Other: 0.2ms
[2024-10-26T09:49:19.697+0000][gc,heap       ] GC(606) Eden regions: 610->0(610)
[2024-10-26T09:49:19.697+0000][gc,heap       ] GC(606) Survivor regions: 4->4(77)
[2024-10-26T09:49:19.697+0000][gc,heap       ] GC(606) Old regions: 21->21
[2024-10-26T09:49:19.697+0000][gc,heap       ] GC(606) Humongous regions: 130->129
[2024-10-26T09:49:19.697+0000][gc,metaspace  ] GC(606) Metaspace: 46281K(49664K)->46281K(49664K) NonClass: 40370K(42240K)->40370K(42240K) Class: 5910K(7424K)->5910K(7424K)
[2024-10-26T09:49:19.697+0000][gc            ] GC(606) Pause Young (Normal) (G1 Evacuation Pause) 761M->151M(1024M) 3.402ms
[2024-10-26T09:49:19.697+0000][gc,cpu        ] GC(606) User=0.01s Sys=0.00s Real=0.01s
[2024-10-26T11:56:14.011+0000][gc,start      ] GC(607) Pause Young (Normal) (G1 Evacuation Pause)
[2024-10-26T11:56:14.011+0000][gc,task       ] GC(607) Using 4 workers of 4 for evacuation
[2024-10-26T11:56:14.016+0000][gc,phases     ] GC(607)   Pre Evacuate Collection Set: 0.0ms
[2024-10-26T11:56:14.016+0000][gc,phases     ] GC(607)   Evacuate Collection Set: 4.5ms
[2024-10-26T11:56:14.016+0000][gc,phases     ] GC(607)   Post Evacuate Collection Set: 0.3ms
[2024-10-26T11:56:14.016+0000][gc,phases     ] GC(607)   Other: 0.2ms
[2024-10-26T11:56:14.016+0000][gc,heap       ] GC(607) Eden regions: 610->0(610)
[2024-10-26T11:56:14.016+0000][gc,heap       ] GC(607) Survivor regions: 4->4(77)
[2024-10-26T11:56:14.016+0000][gc,heap       ] GC(607) Old regions: 21->21
[2024-10-26T11:56:14.016+0000][gc,heap       ] GC(607) Humongous regions: 129->129
[2024-10-26T11:56:14.016+0000][gc,metaspace  ] GC(607) Metaspace: 46281K(49664K)->46281K(49664K) NonClass: 40370K(42240K)->40370K(42240K) Class: 5910K(7424K)->5910K(7424K)
[2024-10-26T11:56:14.016+0000][gc            ] GC(607) Pause Young (Normal) (G1 Evacuation Pause) 761M->151M(1024M) 5.068ms
[2024-10-26T11:56:14.016+0000][gc,cpu        ] GC(607) User=0.01s Sys=0.01s Real=0.00s
[2024-10-26T14:02:32.030+0000][gc,start      ] GC(608) Pause Young (Normal) (G1 Evacuation Pause)
[2024-10-26T14:02:32.030+0000][gc,task       ] GC(608) Using 4 workers of 4 for evacuation
[2024-10-26T14:02:32.034+0000][gc,phases     ] GC(608)   Pre Evacuate Collection Set: 0.0ms
[2024-10-26T14:02:32.034+0000][gc,phases     ] GC(608)   Evacuate Collection Set: 2.9ms
[2024-10-26T14:02:32.034+0000][gc,phases     ] GC(608)   Post Evacuate Collection Set: 0.3ms
[2024-10-26T14:02:32.034+0000][gc,phases     ] GC(608)   Other: 0.2ms
[2024-10-26T14:02:32.034+0000][gc,heap       ] GC(608) Eden regions: 610->0(611)
[2024-10-26T14:02:32.034+0000][gc,heap       ] GC(608) Survivor regions: 4->3(77)
[2024-10-26T14:02:32.034+0000][gc,heap       ] GC(608) Old regions: 21->21
[2024-10-26T14:02:32.034+0000][gc,heap       ] GC(608) Humongous regions: 129->129
[2024-10-26T14:02:32.034+0000][gc,metaspace  ] GC(608) Metaspace: 46281K(49664K)->46281K(49664K) NonClass: 40370K(42240K)->40370K(42240K) Class: 5910K(7424K)->5910K(7424K)
[2024-10-26T14:02:32.034+0000][gc            ] GC(608) Pause Young (Normal) (G1 Evacuation Pause) 761M->150M(1024M) 3.433ms
[2024-10-26T14:02:32.034+0000][gc,cpu        ] GC(608) User=0.01s Sys=0.00s Real=0.00s
[2024-10-26T16:08:48.878+0000][gc,start      ] GC(609) Pause Young (Normal) (G1 Evacuation Pause)
[2024-10-26T16:08:48.878+0000][gc,task       ] GC(609) Using 4 workers of 4 for evacuation
[2024-10-26T16:08:48.881+0000][gc,phases     ] GC(609)   Pre Evacuate Collection Set: 0.0ms
[2024-10-26T16:08:48.881+0000][gc,phases     ] GC(609)   Evacuate Collection Set: 2.5ms
[2024-10-26T16:08:48.881+0000][gc,phases     ] GC(609)   Post Evacuate Collection Set: 0.3ms
[2024-10-26T16:08:48.881+0000][gc,phases     ] GC(609)   Other: 0.2ms
[2024-10-26T16:08:48.881+0000][gc,heap       ] GC(609) Eden regions: 611->0(611)
[2024-10-26T16:08:48.881+0000][gc,heap       ] GC(609) Survivor regions: 3->3(77)
[2024-10-26T16:08:48.881+0000][gc,heap       ] GC(609) Old regions: 21->21
[2024-10-26T16:08:48.881+0000][gc,heap       ] GC(609) Humongous regions: 129->129
[2024-10-26T16:08:48.881+0000][gc,metaspace  ] GC(609) Metaspace: 46281K(49664K)->46281K(49664K) NonClass: 40370K(42240K)->40370K(42240K) Class: 5910K(7424K)->5910K(7424K)
[2024-10-26T16:08:48.882+0000][gc            ] GC(609) Pause Young (Normal) (G1 Evacuation Pause) 761M->150M(1024M) 3.066ms
[2024-10-26T16:08:48.882+0000][gc,cpu        ] GC(609) User=0.00s Sys=0.01s Real=0.00s
[2024-10-26T18:15:13.474+0000][gc,start      ] GC(610) Pause Young (Normal) (G1 Evacuation Pause)
[2024-10-26T18:15:13.474+0000][gc,task       ] GC(610) Using 4 workers of 4 for evacuation
[2024-10-26T18:15:13.478+0000][gc,phases     ] GC(610)   Pre Evacuate Collection Set: 0.0ms
[2024-10-26T18:15:13.478+0000][gc,phases     ] GC(610)   Evacuate Collection Set: 3.4ms
[2024-10-26T18:15:13.478+0000][gc,phases     ] GC(610)   Post Evacuate Collection Set: 0.4ms
[2024-10-26T18:15:13.478+0000][gc,phases     ] GC(610)   Other: 0.2ms
[2024-10-26T18:15:13.478+0000][gc,heap       ] GC(610) Eden regions: 611->0(610)
[2024-10-26T18:15:13.478+0000][gc,heap       ] GC(610) Survivor regions: 3->4(77)
[2024-10-26T18:15:13.478+0000][gc,heap       ] GC(610) Old regions: 21->21
[2024-10-26T18:15:13.478+0000][gc,heap       ] GC(610) Humongous regions: 129->129
[2024-10-26T18:15:13.478+0000][gc,metaspace  ] GC(610) Metaspace: 46281K(49664K)->46281K(49664K) NonClass: 40370K(42240K)->40370K(42240K) Class: 5910K(7424K)->5910K(7424K)
[2024-10-26T18:15:13.478+0000][gc            ] GC(610) Pause Young (Normal) (G1 Evacuation Pause) 761M->150M(1024M) 4.009ms
[2024-10-26T18:15:13.478+0000][gc,cpu        ] GC(610) User=0.01s Sys=0.00s Real=0.01s
[2024-10-26T20:21:13.617+0000][gc,start      ] GC(611) Pause Young (Normal) (G1 Evacuation Pause)
[2024-10-26T20:21:13.617+0000][gc,task       ] GC(611) Using 4 workers of 4 for evacuation
[2024-10-26T20:21:13.620+0000][gc,phases     ] GC(611)   Pre Evacuate Collection Set: 0.0ms
[2024-10-26T20:21:13.620+0000][gc,phases     ] GC(611)   Evacuate Collection Set: 3.2ms
[2024-10-26T20:21:13.620+0000][gc,phases     ] GC(611)   Post Evacuate Collection Set: 0.4ms
[2024-10-26T20:21:13.620+0000][gc,phases     ] GC(611)   Other: 0.2ms
[2024-10-26T20:21:13.620+0000][gc,heap       ] GC(611) Eden regions: 610->0(610)
[2024-10-26T20:21:13.620+0000][gc,heap       ] GC(611) Survivor regions: 4->4(77)
[2024-10-26T20:21:13.620+0000][gc,heap       ] GC(611) Old regions: 21->21
[2024-10-26T20:21:13.620+0000][gc,heap       ] GC(611) Humongous regions: 178->129
[2024-10-26T20:21:13.620+0000][gc,metaspace  ] GC(611) Metaspace: 46281K(49664K)->46281K(49664K) NonClass: 40370K(42240K)->40370K(42240K) Class: 5910K(7424K)->5910K(7424K)
[2024-10-26T20:21:13.620+0000][gc            ] GC(611) Pause Young (Normal) (G1 Evacuation Pause) 809M->151M(1024M) 3.930ms
[2024-10-26T20:21:13.620+0000][gc,cpu        ] GC(611) User=0.01s Sys=0.00s Real=0.01s
[2024-10-26T22:27:17.389+0000][gc,start      ] GC(612) Pause Young (Normal) (G1 Evacuation Pause)
[2024-10-26T22:27:17.389+0000][gc,task       ] GC(612) Using 4 workers of 4 for evacuation
[2024-10-26T22:27:17.391+0000][gc,phases     ] GC(612)   Pre Evacuate Collection Set: 0.0ms
[2024-10-26T22:27:17.391+0000][gc,phases     ] GC(612)   Evacuate Collection Set: 2.0ms
[2024-10-26T22:27:17.391+0000][gc,phases     ] GC(612)   Post Evacuate Collection Set: 0.4ms
[2024-10-26T22:27:17.391+0000][gc,phases     ] GC(612)   Other: 0.2ms
[2024-10-26T22:27:17.391+0000][gc,heap       ] GC(612) Eden regions: 610->0(611)
[2024-10-26T22:27:17.391+0000][gc,heap       ] GC(612) Survivor regions: 4->3(77)
[2024-10-26T22:27:17.391+0000][gc,heap       ] GC(612) Old regions: 21->21
[2024-10-26T22:27:17.391+0000][gc,heap       ] GC(612) Humongous regions: 129->129
[2024-10-26T22:27:17.391+0000][gc,metaspace  ] GC(612) Metaspace: 46281K(49664K)->46281K(49664K) NonClass: 40370K(42240K)->40370K(42240K) Class: 5910K(7424K)->5910K(7424K)
[2024-10-26T22:27:17.391+0000][gc            ] GC(612) Pause Young (Normal) (G1 Evacuation Pause) 761M->149M(1024M) 2.613ms
[2024-10-26T22:27:17.391+0000][gc,cpu        ] GC(612) User=0.01s Sys=0.00s Real=0.01s
[2024-10-27T00:33:01.519+0000][gc,start      ] GC(613) Pause Young (Normal) (G1 Evacuation Pause)
[2024-10-27T00:33:01.519+0000][gc,task       ] GC(613) Using 4 workers of 4 for evacuation
[2024-10-27T00:33:01.522+0000][gc,phases     ] GC(613)   Pre Evacuate Collection Set: 0.0ms
[2024-10-27T00:33:01.522+0000][gc,phases     ] GC(613)   Evacuate Collection Set: 2.6ms
[2024-10-27T00:33:01.522+0000][gc,phases     ] GC(613)   Post Evacuate Collection Set: 0.4ms
[2024-10-27T00:33:01.522+0000][gc,phases     ] GC(613)   Other: 0.2ms
[2024-10-27T00:33:01.522+0000][gc,heap       ] GC(613) Eden regions: 611->0(611)
[2024-10-27T00:33:01.522+0000][gc,heap       ] GC(613) Survivor regions: 3->3(77)
[2024-10-27T00:33:01.522+0000][gc,heap       ] GC(613) Old regions: 21->21
[2024-10-27T00:33:01.522+0000][gc,heap       ] GC(613) Humongous regions: 129->129
[2024-10-27T00:33:01.522+0000][gc,metaspace  ] GC(613) Metaspace: 46281K(49664K)->46281K(49664K) NonClass: 40370K(42240K)->40370K(42240K) Class: 5910K(7424K)->5910K(7424K)
[2024-10-27T00:33:01.522+0000][gc            ] GC(613) Pause Young (Normal) (G1 Evacuation Pause) 760M->150M(1024M) 3.217ms
[2024-10-27T00:33:01.522+0000][gc,cpu        ] GC(613) User=0.01s Sys=0.00s Real=0.00s
[2024-10-27T02:38:58.438+0000][gc,start      ] GC(614) Pause Young (Normal) (G1 Evacuation Pause)
[2024-10-27T02:38:58.438+0000][gc,task       ] GC(614) Using 4 workers of 4 for evacuation
[2024-10-27T02:38:58.442+0000][gc,phases     ] GC(614)   Pre Evacuate Collection Set: 0.0ms
[2024-10-27T02:38:58.442+0000][gc,phases     ] GC(614)   Evacuate Collection Set: 2.8ms
[2024-10-27T02:38:58.442+0000][gc,phases     ] GC(614)   Post Evacuate Collection Set: 0.4ms
[2024-10-27T02:38:58.442+0000][gc,phases     ] GC(614)   Other: 0.2ms
[2024-10-27T02:38:58.442+0000][gc,heap       ] GC(614) Eden regions: 611->0(611)
[2024-10-27T02:38:58.442+0000][gc,heap       ] GC(614) Survivor regions: 3->3(77)
[2024-10-27T02:38:58.442+0000][gc,heap       ] GC(614) Old regions: 21->21
[2024-10-27T02:38:58.442+0000][gc,heap       ] GC(614) Humongous regions: 143->129
[2024-10-27T02:38:58.442+0000][gc,metaspace  ] GC(614) Metaspace: 46281K(49664K)->46281K(49664K) NonClass: 40370K(42240K)->40370K(42240K) Class: 5910K(7424K)->5910K(7424K)
[2024-10-27T02:38:58.442+0000][gc            ] GC(614) Pause Young (Normal) (G1 Evacuation Pause) 775M->150M(1024M) 3.434ms
[2024-10-27T02:38:58.442+0000][gc,cpu        ] GC(614) User=0.01s Sys=0.00s Real=0.00s
[2024-10-27T04:45:23.781+0000][gc,start      ] GC(615) Pause Young (Normal) (G1 Evacuation Pause)
[2024-10-27T04:45:23.781+0000][gc,task       ] GC(615) Using 4 workers of 4 for evacuation
[2024-10-27T04:45:23.784+0000][gc,phases     ] GC(615)   Pre Evacuate Collection Set: 0.0ms
[2024-10-27T04:45:23.784+0000][gc,phases     ] GC(615)   Evacuate Collection Set: 2.7ms
[2024-10-27T04:45:23.784+0000][gc,phases     ] GC(615)   Post Evacuate Collection Set: 0.4ms
[2024-10-27T04:45:23.784+0000][gc,phases     ] GC(615)   Other: 0.2ms
[2024-10-27T04:45:23.784+0000][gc,heap       ] GC(615) Eden regions: 611->0(611)
[2024-10-27T04:45:23.784+0000][gc,heap       ] GC(615) Survivor regions: 3->3(77)
[2024-10-27T04:45:23.784+0000][gc,heap       ] GC(615) Old regions: 21->21
[2024-10-27T04:45:23.784+0000][gc,heap       ] GC(615) Humongous regions: 129->129
[2024-10-27T04:45:23.784+0000][gc,metaspace  ] GC(615) Metaspace: 46281K(49664K)->46281K(49664K) NonClass: 40370K(42240K)->40370K(42240K) Class: 5910K(7424K)->5910K(7424K)
[2024-10-27T04:45:23.784+0000][gc            ] GC(615) Pause Young (Normal) (G1 Evacuation Pause) 761M->150M(1024M) 3.281ms
[2024-10-27T04:45:23.784+0000][gc,cpu        ] GC(615) User=0.01s Sys=0.01s Real=0.00s
[2024-10-27T06:51:50.614+0000][gc,start      ] GC(616) Pause Young (Normal) (G1 Evacuation Pause)
[2024-10-27T06:51:50.614+0000][gc,task       ] GC(616) Using 4 workers of 4 for evacuation
[2024-10-27T06:51:50.618+0000][gc,phases     ] GC(616)   Pre Evacuate Collection Set: 0.0ms
[2024-10-27T06:51:50.618+0000][gc,phases     ] GC(616)   Evacuate Collection Set: 3.3ms
[2024-10-27T06:51:50.618+0000][gc,phases     ] GC(616)   Post Evacuate Collection Set: 0.3ms
[2024-10-27T06:51:50.618+0000][gc,phases     ] GC(616)   Other: 0.2ms
[2024-10-27T06:51:50.618+0000][gc,heap       ] GC(616) Eden regions: 611->0(610)
[2024-10-27T06:51:50.618+0000][gc,heap       ] GC(616) Survivor regions: 3->4(77)
[2024-10-27T06:51:50.618+0000][gc,heap       ] GC(616) Old regions: 21->21
[2024-10-27T06:51:50.618+0000][gc,heap       ] GC(616) Humongous regions: 129->129
[2024-10-27T06:51:50.618+0000][gc,metaspace  ] GC(616) Metaspace: 46281K(49664K)->46281K(49664K) NonClass: 40370K(42240K)->40370K(42240K) Class: 5910K(7424K)->5910K(7424K)
[2024-10-27T06:51:50.618+0000][gc            ] GC(616) Pause Young (Normal) (G1 Evacuation Pause) 761M->151M(1024M) 3.921ms
[2024-10-27T06:51:50.618+0000][gc,cpu        ] GC(616) User=0.00s Sys=0.01s Real=0.01s
[2024-10-27T08:57:54.011+0000][gc,start      ] GC(617) Pause Young (Normal) (G1 Evacuation Pause)
[2024-10-27T08:57:54.011+0000][gc,task       ] GC(617) Using 4 workers of 4 for evacuation
[2024-10-27T08:57:54.015+0000][gc,phases     ] GC(617)   Pre Evacuate Collection Set: 0.0ms
[2024-10-27T08:57:54.015+0000][gc,phases     ] GC(617)   Evacuate Collection Set: 3.5ms
[2024-10-27T08:57:54.015+0000][gc,phases     ] GC(617)   Post Evacuate Collection Set: 0.5ms
[2024-10-27T08:57:54.015+0000][gc,phases     ] GC(617)   Other: 0.2ms
[2024-10-27T08:57:54.015+0000][gc,heap       ] GC(617) Eden regions: 610->0(610)
[2024-10-27T08:57:54.015+0000][gc,heap       ] GC(617) Survivor regions: 4->4(77)
[2024-10-27T08:57:54.015+0000][gc,heap       ] GC(617) Old regions: 21->21
[2024-10-27T08:57:54.015+0000][gc,heap       ] GC(617) Humongous regions: 129->129
[2024-10-27T08:57:54.015+0000][gc,metaspace  ] GC(617) Metaspace: 46281K(49664K)->46281K(49664K) NonClass: 40370K(42240K)->40370K(42240K) Class: 5910K(7424K)->5910K(7424K)
[2024-10-27T08:57:54.015+0000][gc            ] GC(617) Pause Young (Normal) (G1 Evacuation Pause) 761M->151M(1024M) 4.240ms
[2024-10-27T08:57:54.015+0000][gc,cpu        ] GC(617) User=0.02s Sys=0.00s Real=0.00s
[2024-10-27T11:04:02.290+0000][gc,start      ] GC(618) Pause Young (Normal) (G1 Evacuation Pause)
[2024-10-27T11:04:02.290+0000][gc,task       ] GC(618) Using 4 workers of 4 for evacuation
[2024-10-27T11:04:02.294+0000][gc,phases     ] GC(618)   Pre Evacuate Collection Set: 0.0ms
[2024-10-27T11:04:02.294+0000][gc,phases     ] GC(618)   Evacuate Collection Set: 3.3ms
[2024-10-27T11:04:02.294+0000][gc,phases     ] GC(618)   Post Evacuate Collection Set: 0.6ms
[2024-10-27T11:04:02.294+0000][gc,phases     ] GC(618)   Other: 0.2ms
[2024-10-27T11:04:02.294+0000][gc,heap       ] GC(618) Eden regions: 610->0(611)
[2024-10-27T11:04:02.294+0000][gc,heap       ] GC(618) Survivor regions: 4->3(77)
[2024-10-27T11:04:02.294+0000][gc,heap       ] GC(618) Old regions: 21->21
[2024-10-27T11:04:02.294+0000][gc,heap       ] GC(618) Humongous regions: 129->129
[2024-10-27T11:04:02.294+0000][gc,metaspace  ] GC(618) Metaspace: 46281K(49664K)->46281K(49664K) NonClass: 40370K(42240K)->40370K(42240K) Class: 5910K(7424K)->5910K(7424K)
[2024-10-27T11:04:02.294+0000][gc            ] GC(618) Pause Young (Normal) (G1 Evacuation Pause) 761M->150M(1024M) 4.154ms
[2024-10-27T11:04:02.294+0000][gc,cpu        ] GC(618) User=0.01s Sys=0.00s Real=0.00s
[2024-10-27T13:10:29.011+0000][gc,start      ] GC(619) Pause Young (Normal) (G1 Evacuation Pause)
[2024-10-27T13:10:29.011+0000][gc,task       ] GC(619) Using 4 workers of 4 for evacuation
[2024-10-27T13:10:29.014+0000][gc,phases     ] GC(619)   Pre Evacuate Collection Set: 0.0ms
[2024-10-27T13:10:29.014+0000][gc,phases     ] GC(619)   Evacuate Collection Set: 2.4ms
[2024-10-27T13:10:29.014+0000][gc,phases     ] GC(619)   Post Evacuate Collection Set: 0.4ms
[2024-10-27T13:10:29.014+0000][gc,phases     ] GC(619)   Other: 0.2ms
[2024-10-27T13:10:29.014+0000][gc,heap       ] GC(619) Eden regions: 611->0(611)
[2024-10-27T13:10:29.014+0000][gc,heap       ] GC(619) Survivor regions: 3->3(77)
[2024-10-27T13:10:29.014+0000][gc,heap       ] GC(619) Old regions: 21->21
[2024-10-27T13:10:29.014+0000][gc,heap       ] GC(619) Humongous regions: 129->129
[2024-10-27T13:10:29.014+0000][gc,metaspace  ] GC(619) Metaspace: 46281K(49664K)->46281K(49664K) NonClass: 40370K(42240K)->40370K(42240K) Class: 5910K(7424K)->5910K(7424K)
[2024-10-27T13:10:29.014+0000][gc            ] GC(619) Pause Young (Normal) (G1 Evacuation Pause) 761M->150M(1024M) 3.046ms
[2024-10-27T13:10:29.014+0000][gc,cpu        ] GC(619) User=0.01s Sys=0.00s Real=0.00s
[2024-10-27T15:17:00.632+0000][gc,start      ] GC(620) Pause Young (Normal) (G1 Evacuation Pause)
[2024-10-27T15:17:00.632+0000][gc,task       ] GC(620) Using 4 workers of 4 for evacuation
[2024-10-27T15:17:00.636+0000][gc,phases     ] GC(620)   Pre Evacuate Collection Set: 0.0ms
[2024-10-27T15:17:00.636+0000][gc,phases     ] GC(620)   Evacuate Collection Set: 3.4ms
[2024-10-27T15:17:00.636+0000][gc,phases     ] GC(620)   Post Evacuate Collection Set: 0.4ms
[2024-10-27T15:17:00.636+0000][gc,phases     ] GC(620)   Other: 0.2ms
[2024-10-27T15:17:00.636+0000][gc,heap       ] GC(620) Eden regions: 611->0(611)
[2024-10-27T15:17:00.636+0000][gc,heap       ] GC(620) Survivor regions: 3->3(77)
[2024-10-27T15:17:00.636+0000][gc,heap       ] GC(620) Old regions: 21->21
[2024-10-27T15:17:00.636+0000][gc,heap       ] GC(620) Humongous regions: 129->129
[2024-10-27T15:17:00.636+0000][gc,metaspace  ] GC(620) Metaspace: 46281K(49664K)->46281K(49664K) NonClass: 40370K(42240K)->40370K(42240K) Class: 5910K(7424K)->5910K(7424K)
[2024-10-27T15:17:00.636+0000][gc            ] GC(620) Pause Young (Normal) (G1 Evacuation Pause) 761M->150M(1024M) 3.996ms
[2024-10-27T15:17:00.636+0000][gc,cpu        ] GC(620) User=0.01s Sys=0.00s Real=0.00s
[2024-10-27T17:23:19.011+0000][gc,start      ] GC(621) Pause Young (Normal) (G1 Evacuation Pause)
[2024-10-27T17:23:19.011+0000][gc,task       ] GC(621) Using 4 workers of 4 for evacuation
[2024-10-27T17:23:19.016+0000][gc,phases     ] GC(621)   Pre Evacuate Collection Set: 0.0ms
[2024-10-27T17:23:19.016+0000][gc,phases     ] GC(621)   Evacuate Collection Set: 4.6ms
[2024-10-27T17:23:19.016+0000][gc,phases     ] GC(621)   Post Evacuate Collection Set: 0.5ms
[2024-10-27T17:23:19.016+0000][gc,phases     ] GC(621)   Other: 0.2ms
[2024-10-27T17:23:19.016+0000][gc,heap       ] GC(621) Eden regions: 611->0(610)
[2024-10-27T17:23:19.016+0000][gc,heap       ] GC(621) Survivor regions: 3->4(77)
[2024-10-27T17:23:19.016+0000][gc,heap       ] GC(621) Old regions: 21->21
[2024-10-27T17:23:19.016+0000][gc,heap       ] GC(621) Humongous regions: 178->129
[2024-10-27T17:23:19.016+0000][gc,metaspace  ] GC(621) Metaspace: 46281K(49664K)->46281K(49664K) NonClass: 40370K(42240K)->40370K(42240K) Class: 5910K(7424K)->5910K(7424K)
[2024-10-27T17:23:19.016+0000][gc            ] GC(621) Pause Young (Normal) (G1 Evacuation Pause) 810M->151M(1024M) 5.361ms
[2024-10-27T17:23:19.016+0000][gc,cpu        ] GC(621) User=0.01s Sys=0.00s Real=0.00s
[2024-10-27T19:29:00.637+0000][gc,start      ] GC(622) Pause Young (Normal) (G1 Evacuation Pause)
[2024-10-27T19:29:00.637+0000][gc,task       ] GC(622) Using 4 workers of 4 for evacuation
[2024-10-27T19:29:00.640+0000][gc,phases     ] GC(622)   Pre Evacuate Collection Set: 0.0ms
[2024-10-27T19:29:00.640+0000][gc,phases     ] GC(622)   Evacuate Collection Set: 2.5ms
[2024-10-27T19:29:00.640+0000][gc,phases     ] GC(622)   Post Evacuate Collection Set: 0.4ms
[2024-10-27T19:29:00.640+0000][gc,phases     ] GC(622)   Other: 0.2ms
[2024-10-27T19:29:00.640+0000][gc,heap       ] GC(622) Eden regions: 610->0(610)
[2024-10-27T19:29:00.640+0000][gc,heap       ] GC(622) Survivor regions: 4->4(77)
[2024-10-27T19:29:00.640+0000][gc,heap       ] GC(622) Old regions: 21->21
[2024-10-27T19:29:00.640+0000][gc,heap       ] GC(622) Humongous regions: 129->129
[2024-10-27T19:29:00.640+0000][gc,metaspace  ] GC(622) Metaspace: 46281K(49664K)->46281K(49664K) NonClass: 40370K(42240K)->40370K(42240K) Class: 5910K(7424K)->5910K(7424K)
[2024-10-27T19:29:00.640+0000][gc            ] GC(622) Pause Young (Normal) (G1 Evacuation Pause) 761M->151M(1024M) 3.178ms
[2024-10-27T19:29:00.640+0000][gc,cpu        ] GC(622) User=0.00s Sys=0.01s Real=0.01s
[2024-10-27T21:35:00.406+0000][gc,start      ] GC(623) Pause Young (Normal) (G1 Evacuation Pause)
[2024-10-27T21:35:00.406+0000][gc,task       ] GC(623) Using 4 workers of 4 for evacuation
[2024-10-27T21:35:00.409+0000][gc,phases     ] GC(623)   Pre Evacuate Collection Set: 0.0ms
[2024-10-27T21:35:00.409+0000][gc,phases     ] GC(623)   Evacuate Collection Set: 2.0ms
[2024-10-27T21:35:00.409+0000][gc,phases     ] GC(623)   Post Evacuate Collection Set: 0.4ms
[2024-10-27T21:35:00.409+0000][gc,phases     ] GC(623)   Other: 0.2ms
[2024-10-27T21:35:00.409+0000][gc,heap       ] GC(623) Eden regions: 610->0(611)
[2024-10-27T21:35:00.409+0000][gc,heap       ] GC(623) Survivor regions: 4->3(77)
[2024-10-27T21:35:00.409+0000][gc,heap       ] GC(623) Old regions: 21->21
[2024-10-27T21:35:00.409+0000][gc,heap       ] GC(623) Humongous regions: 129->129
[2024-10-27T21:35:00.409+0000][gc,metaspace  ] GC(623) Metaspace: 46281K(49664K)->46281K(49664K) NonClass: 40370K(42240K)->40370K(42240K) Class: 5910K(7424K)->5910K(7424K)
[2024-10-27T21:35:00.409+0000][gc            ] GC(623) Pause Young (Normal) (G1 Evacuation Pause) 761M->150M(1024M) 2.614ms
[2024-10-27T21:35:00.409+0000][gc,cpu        ] GC(623) User=0.01s Sys=0.00s Real=0.00s
[2024-10-27T23:40:58.379+0000][gc,start      ] GC(624) Pause Young (Normal) (G1 Evacuation Pause)
[2024-10-27T23:40:58.379+0000][gc,task       ] GC(624) Using 4 workers of 4 for evacuation
[2024-10-27T23:40:58.382+0000][gc,phases     ] GC(624)   Pre Evacuate Collection Set: 0.0ms
[2024-10-27T23:40:58.382+0000][gc,phases     ] GC(624)   Evacuate Collection Set: 2.1ms
[2024-10-27T23:40:58.382+0000][gc,phases     ] GC(624)   Post Evacuate Collection Set: 0.5ms
[2024-10-27T23:40:58.382+0000][gc,phases     ] GC(624)   Other: 0.2ms
[2024-10-27T23:40:58.382+0000][gc,heap       ] GC(624) Eden regions: 611->0(611)
[2024-10-27T23:40:58.382+0000][gc,heap       ] GC(624) Survivor regions: 3->3(77)
[2024-10-27T23:40:58.382+0000][gc,heap       ] GC(624) Old regions: 21->21
[2024-10-27T23:40:58.382+0000][gc,heap       ] GC(624) Humongous regions: 129->129
[2024-10-27T23:40:58.382+0000][gc,metaspace  ] GC(624) Metaspace: 46291K(49664K)->46291K(49664K) NonClass: 40380K(42240K)->40380K(42240K) Class: 5910K(7424K)->5910K(7424K)
[2024-10-27T23:40:58.382+0000][gc            ] GC(624) Pause Young (Normal) (G1 Evacuation Pause) 761M->150M(1024M) 2.789ms
[2024-10-27T23:40:58.382+0000][gc,cpu        ] GC(624) User=0.00s Sys=0.00s Real=0.00s
[2024-10-28T01:47:23.297+0000][gc,start      ] GC(625) Pause Young (Normal) (G1 Evacuation Pause)
[2024-10-28T01:47:23.297+0000][gc,task       ] GC(625) Using 4 workers of 4 for evacuation
[2024-10-28T01:47:23.302+0000][gc,phases     ] GC(625)   Pre Evacuate Collection Set: 0.0ms
[2024-10-28T01:47:23.302+0000][gc,phases     ] GC(625)   Evacuate Collection Set: 3.7ms
[2024-10-28T01:47:23.302+0000][gc,phases     ] GC(625)   Post Evacuate Collection Set: 0.4ms
[2024-10-28T01:47:23.302+0000][gc,phases     ] GC(625)   Other: 0.1ms
[2024-10-28T01:47:23.302+0000][gc,heap       ] GC(625) Eden regions: 611->0(611)
[2024-10-28T01:47:23.302+0000][gc,heap       ] GC(625) Survivor regions: 3->3(77)
[2024-10-28T01:47:23.302+0000][gc,heap       ] GC(625) Old regions: 21->21
[2024-10-28T01:47:23.302+0000][gc,heap       ] GC(625) Humongous regions: 129->129
[2024-10-28T01:47:23.302+0000][gc,metaspace  ] GC(625) Metaspace: 46291K(49664K)->46291K(49664K) NonClass: 40380K(42240K)->40380K(42240K) Class: 5910K(7424K)->5910K(7424K)
[2024-10-28T01:47:23.302+0000][gc            ] GC(625) Pause Young (Normal) (G1 Evacuation Pause) 761M->150M(1024M) 4.235ms
[2024-10-28T01:47:23.302+0000][gc,cpu        ] GC(625) User=0.02s Sys=0.00s Real=0.00s
[2024-10-28T03:53:44.011+0000][gc,start      ] GC(626) Pause Young (Normal) (G1 Evacuation Pause)
[2024-10-28T03:53:44.011+0000][gc,task       ] GC(626) Using 4 workers of 4 for evacuation
[2024-10-28T03:53:44.015+0000][gc,phases     ] GC(626)   Pre Evacuate Collection Set: 0.0ms
[2024-10-28T03:53:44.015+0000][gc,phases     ] GC(626)   Evacuate Collection Set: 3.4ms
[2024-10-28T03:53:44.015+0000][gc,phases     ] GC(626)   Post Evacuate Collection Set: 0.5ms
[2024-10-28T03:53:44.015+0000][gc,phases     ] GC(626)   Other: 0.2ms
[2024-10-28T03:53:44.015+0000][gc,heap       ] GC(626) Eden regions: 611->0(610)
[2024-10-28T03:53:44.015+0000][gc,heap       ] GC(626) Survivor regions: 3->4(77)
[2024-10-28T03:53:44.015+0000][gc,heap       ] GC(626) Old regions: 21->21
[2024-10-28T03:53:44.015+0000][gc,heap       ] GC(626) Humongous regions: 129->129
[2024-10-28T03:53:44.015+0000][gc,metaspace  ] GC(626) Metaspace: 46291K(49664K)->46291K(49664K) NonClass: 40380K(42240K)->40380K(42240K) Class: 5910K(7424K)->5910K(7424K)
[2024-10-28T03:53:44.015+0000][gc            ] GC(626) Pause Young (Normal) (G1 Evacuation Pause) 761M->151M(1024M) 4.209ms
[2024-10-28T03:53:44.015+0000][gc,cpu        ] GC(626) User=0.02s Sys=0.00s Real=0.00s
[2024-10-28T06:00:00.982+0000][gc,start      ] GC(627) Pause Young (Normal) (G1 Evacuation Pause)
[2024-10-28T06:00:00.982+0000][gc,task       ] GC(627) Using 4 workers of 4 for evacuation
[2024-10-28T06:00:00.985+0000][gc,phases     ] GC(627)   Pre Evacuate Collection Set: 0.0ms
[2024-10-28T06:00:00.985+0000][gc,phases     ] GC(627)   Evacuate Collection Set: 1.7ms
[2024-10-28T06:00:00.985+0000][gc,phases     ] GC(627)   Post Evacuate Collection Set: 0.4ms
[2024-10-28T06:00:00.985+0000][gc,phases     ] GC(627)   Other: 0.2ms
[2024-10-28T06:00:00.985+0000][gc,heap       ] GC(627) Eden regions: 610->0(611)
[2024-10-28T06:00:00.985+0000][gc,heap       ] GC(627) Survivor regions: 4->3(77)
[2024-10-28T06:00:00.985+0000][gc,heap       ] GC(627) Old regions: 21->21
[2024-10-28T06:00:00.985+0000][gc,heap       ] GC(627) Humongous regions: 129->129
[2024-10-28T06:00:00.985+0000][gc,metaspace  ] GC(627) Metaspace: 46291K(49664K)->46291K(49664K) NonClass: 40380K(42240K)->40380K(42240K) Class: 5910K(7424K)->5910K(7424K)
[2024-10-28T06:00:00.985+0000][gc            ] GC(627) Pause Young (Normal) (G1 Evacuation Pause) 761M->150M(1024M) 2.313ms
[2024-10-28T06:00:00.985+0000][gc,cpu        ] GC(627) User=0.00s Sys=0.00s Real=0.00s
[2024-10-28T08:06:18.807+0000][gc,start      ] GC(628) Pause Young (Normal) (G1 Evacuation Pause)
[2024-10-28T08:06:18.807+0000][gc,task       ] GC(628) Using 4 workers of 4 for evacuation
[2024-10-28T08:06:18.810+0000][gc,phases     ] GC(628)   Pre Evacuate Collection Set: 0.0ms
[2024-10-28T08:06:18.810+0000][gc,phases     ] GC(628)   Evacuate Collection Set: 2.5ms
[2024-10-28T08:06:18.810+0000][gc,phases     ] GC(628)   Post Evacuate Collection Set: 0.4ms
[2024-10-28T08:06:18.810+0000][gc,phases     ] GC(628)   Other: 0.2ms
[2024-10-28T08:06:18.810+0000][gc,heap       ] GC(628) Eden regions: 611->0(611)
[2024-10-28T08:06:18.810+0000][gc,heap       ] GC(628) Survivor regions: 3->3(77)
[2024-10-28T08:06:18.810+0000][gc,heap       ] GC(628) Old regions: 21->21
[2024-10-28T08:06:18.810+0000][gc,heap       ] GC(628) Humongous regions: 129->129
[2024-10-28T08:06:18.810+0000][gc,metaspace  ] GC(628) Metaspace: 46291K(49664K)->46291K(49664K) NonClass: 40380K(42240K)->40380K(42240K) Class: 5910K(7424K)->5910K(7424K)
[2024-10-28T08:06:18.810+0000][gc            ] GC(628) Pause Young (Normal) (G1 Evacuation Pause) 761M->150M(1024M) 3.156ms
[2024-10-28T08:06:18.810+0000][gc,cpu        ] GC(628) User=0.00s Sys=0.01s Real=0.01s
[2024-10-28T10:12:39.011+0000][gc,start      ] GC(629) Pause Young (Normal) (G1 Evacuation Pause)
[2024-10-28T10:12:39.011+0000][gc,task       ] GC(629) Using 4 workers of 4 for evacuation
[2024-10-28T10:12:39.014+0000][gc,phases     ] GC(629)   Pre Evacuate Collection Set: 0.0ms
[2024-10-28T10:12:39.014+0000][gc,phases     ] GC(629)   Evacuate Collection Set: 2.8ms
[2024-10-28T10:12:39.014+0000][gc,phases     ] GC(629)   Post Evacuate Collection Set: 0.5ms
[2024-10-28T10:12:39.014+0000][gc,phases     ] GC(629)   Other: 0.2ms
[2024-10-28T10:12:39.014+0000][gc,heap       ] GC(629) Eden regions: 611->0(611)
[2024-10-28T10:12:39.014+0000][gc,heap       ] GC(629) Survivor regions: 3->3(77)
[2024-10-28T10:12:39.014+0000][gc,heap       ] GC(629) Old regions: 21->21
[2024-10-28T10:12:39.014+0000][gc,heap       ] GC(629) Humongous regions: 178->129
[2024-10-28T10:12:39.014+0000][gc,metaspace  ] GC(629) Metaspace: 46291K(49664K)->46291K(49664K) NonClass: 40380K(42240K)->40380K(42240K) Class: 5910K(7424K)->5910K(7424K)
[2024-10-28T10:12:39.014+0000][gc            ] GC(629) Pause Young (Normal) (G1 Evacuation Pause) 810M->150M(1024M) 3.521ms
[2024-10-28T10:12:39.014+0000][gc,cpu        ] GC(629) User=0.01s Sys=0.00s Real=0.00s
[2024-10-28T12:19:07.691+0000][gc,start      ] GC(630) Pause Young (Normal) (G1 Evacuation Pause)
[2024-10-28T12:19:07.691+0000][gc,task       ] GC(630) Using 4 workers of 4 for evacuation
[2024-10-28T12:19:07.695+0000][gc,phases     ] GC(630)   Pre Evacuate Collection Set: 0.0ms
[2024-10-28T12:19:07.695+0000][gc,phases     ] GC(630)   Evacuate Collection Set: 3.1ms
[2024-10-28T12:19:07.695+0000][gc,phases     ] GC(630)   Post Evacuate Collection Set: 0.4ms
[2024-10-28T12:19:07.695+0000][gc,phases     ] GC(630)   Other: 0.2ms
[2024-10-28T12:19:07.695+0000][gc,heap       ] GC(630) Eden regions: 611->0(610)
[2024-10-28T12:19:07.695+0000][gc,heap       ] GC(630) Survivor regions: 3->4(77)
[2024-10-28T12:19:07.695+0000][gc,heap       ] GC(630) Old regions: 21->21
[2024-10-28T12:19:07.695+0000][gc,heap       ] GC(630) Humongous regions: 129->129
[2024-10-28T12:19:07.695+0000][gc,metaspace  ] GC(630) Metaspace: 46291K(49664K)->46291K(49664K) NonClass: 40380K(42240K)->40380K(42240K) Class: 5910K(7424K)->5910K(7424K)
[2024-10-28T12:19:07.695+0000][gc            ] GC(630) Pause Young (Normal) (G1 Evacuation Pause) 761M->150M(1024M) 3.744ms
[2024-10-28T12:19:07.695+0000][gc,cpu        ] GC(630) User=0.01s Sys=0.00s Real=0.00s
[2024-10-28T14:25:26.716+0000][gc,start      ] GC(631) Pause Young (Normal) (G1 Evacuation Pause)
[2024-10-28T14:25:26.716+0000][gc,task       ] GC(631) Using 4 workers of 4 for evacuation
[2024-10-28T14:25:26.719+0000][gc,phases     ] GC(631)   Pre Evacuate Collection Set: 0.0ms
[2024-10-28T14:25:26.719+0000][gc,phases     ] GC(631)   Evacuate Collection Set: 3.0ms
[2024-10-28T14:25:26.719+0000][gc,phases     ] GC(631)   Post Evacuate Collection Set: 0.3ms
[2024-10-28T14:25:26.719+0000][gc,phases     ] GC(631)   Other: 0.2ms
[2024-10-28T14:25:26.719+0000][gc,heap       ] GC(631) Eden regions: 610->0(610)
[2024-10-28T14:25:26.719+0000][gc,heap       ] GC(631) Survivor regions: 4->4(77)
[2024-10-28T14:25:26.719+0000][gc,heap       ] GC(631) Old regions: 21->21
[2024-10-28T14:25:26.719+0000][gc,heap       ] GC(631) Humongous regions: 129->129
[2024-10-28T14:25:26.719+0000][gc,metaspace  ] GC(631) Metaspace: 46291K(49664K)->46291K(49664K) NonClass: 40380K(42240K)->40380K(42240K) Class: 5910K(7424K)->5910K(7424K)
[2024-10-28T14:25:26.719+0000][gc            ] GC(631) Pause Young (Normal) (G1 Evacuation Pause) 760M->151M(1024M) 3.556ms
[2024-10-28T14:25:26.719+0000][gc,cpu        ] GC(631) User=0.01s Sys=0.00s Real=0.01s
[2024-10-28T16:31:11.970+0000][gc,start      ] GC(632) Pause Young (Normal) (G1 Evacuation Pause)
[2024-10-28T16:31:11.970+0000][gc,task       ] GC(632) Using 4 workers of 4 for evacuation
[2024-10-28T16:31:11.972+0000][gc,phases     ] GC(632)   Pre Evacuate Collection Set: 0.0ms
[2024-10-28T16:31:11.972+0000][gc,phases     ] GC(632)   Evacuate Collection Set: 2.1ms
[2024-10-28T16:31:11.972+0000][gc,phases     ] GC(632)   Post Evacuate Collection Set: 0.5ms
[2024-10-28T16:31:11.972+0000][gc,phases     ] GC(632)   Other: 0.2ms
[2024-10-28T16:31:11.972+0000][gc,heap       ] GC(632) Eden regions: 610->0(611)
[2024-10-28T16:31:11.972+0000][gc,heap       ] GC(632) Survivor regions: 4->3(77)
[2024-10-28T16:31:11.972+0000][gc,heap       ] GC(632) Old regions: 21->21
[2024-10-28T16:31:11.973+0000][gc,heap       ] GC(632) Humongous regions: 129->129
[2024-10-28T16:31:11.973+0000][gc,metaspace  ] GC(632) Metaspace: 46291K(49664K)->46291K(49664K) NonClass: 40380K(42240K)->40380K(42240K) Class: 5910K(7424K)->5910K(7424K)
[2024-10-28T16:31:11.973+0000][gc            ] GC(632) Pause Young (Normal) (G1 Evacuation Pause) 761M->150M(1024M) 2.878ms
[2024-10-28T16:31:11.973+0000][gc,cpu        ] GC(632) User=0.01s Sys=0.00s Real=0.00s
[2024-10-28T18:37:09.011+0000][gc,start      ] GC(633) Pause Young (Normal) (G1 Evacuation Pause)
[2024-10-28T18:37:09.011+0000][gc,task       ] GC(633) Using 4 workers of 4 for evacuation
[2024-10-28T18:37:09.014+0000][gc,phases     ] GC(633)   Pre Evacuate Collection Set: 0.0ms
[2024-10-28T18:37:09.014+0000][gc,phases     ] GC(633)   Evacuate Collection Set: 2.6ms
[2024-10-28T18:37:09.014+0000][gc,phases     ] GC(633)   Post Evacuate Collection Set: 0.5ms
[2024-10-28T18:37:09.014+0000][gc,phases     ] GC(633)   Other: 0.2ms
[2024-10-28T18:37:09.014+0000][gc,heap       ] GC(633) Eden regions: 611->0(611)
[2024-10-28T18:37:09.014+0000][gc,heap       ] GC(633) Survivor regions: 3->3(77)
[2024-10-28T18:37:09.014+0000][gc,heap       ] GC(633) Old regions: 21->21
[2024-10-28T18:37:09.014+0000][gc,heap       ] GC(633) Humongous regions: 129->129
[2024-10-28T18:37:09.014+0000][gc,metaspace  ] GC(633) Metaspace: 46291K(49664K)->46291K(49664K) NonClass: 40380K(42240K)->40380K(42240K) Class: 5910K(7424K)->5910K(7424K)
[2024-10-28T18:37:09.014+0000][gc            ] GC(633) Pause Young (Normal) (G1 Evacuation Pause) 761M->150M(1024M) 3.329ms
[2024-10-28T18:37:09.014+0000][gc,cpu        ] GC(633) User=0.01s Sys=0.00s Real=0.00s
[2024-10-28T20:43:17.192+0000][gc,start      ] GC(634) Pause Young (Normal) (G1 Evacuation Pause)
[2024-10-28T20:43:17.192+0000][gc,task       ] GC(634) Using 4 workers of 4 for evacuation
[2024-10-28T20:43:17.196+0000][gc,phases     ] GC(634)   Pre Evacuate Collection Set: 0.0ms
[2024-10-28T20:43:17.196+0000][gc,phases     ] GC(634)   Evacuate Collection Set: 3.7ms
[2024-10-28T20:43:17.196+0000][gc,phases     ] GC(634)   Post Evacuate Collection Set: 0.4ms
[2024-10-28T20:43:17.196+0000][gc,phases     ] GC(634)   Other: 0.2ms
[2024-10-28T20:43:17.196+0000][gc,heap       ] GC(634) Eden regions: 611->0(611)
[2024-10-28T20:43:17.196+0000][gc,heap       ] GC(634) Survivor regions: 3->3(77)
[2024-10-28T20:43:17.196+0000][gc,heap       ] GC(634) Old regions: 21->21
[2024-10-28T20:43:17.196+0000][gc,heap       ] GC(634) Humongous regions: 129->129
[2024-10-28T20:43:17.196+0000][gc,metaspace  ] GC(634) Metaspace: 46291K(49664K)->46291K(49664K) NonClass: 40380K(42240K)->40380K(42240K) Class: 5910K(7424K)->5910K(7424K)
[2024-10-28T20:43:17.196+0000][gc            ] GC(634) Pause Young (Normal) (G1 Evacuation Pause) 761M->150M(1024M) 4.384ms
[2024-10-28T20:43:17.196+0000][gc,cpu        ] GC(634) User=0.01s Sys=0.00s Real=0.00s
[2024-10-28T22:49:46.593+0000][gc,start      ] GC(635) Pause Young (Normal) (G1 Evacuation Pause)
[2024-10-28T22:49:46.593+0000][gc,task       ] GC(635) Using 4 workers of 4 for evacuation
[2024-10-28T22:49:46.596+0000][gc,phases     ] GC(635)   Pre Evacuate Collection Set: 0.0ms
[2024-10-28T22:49:46.596+0000][gc,phases     ] GC(635)   Evacuate Collection Set: 2.4ms
[2024-10-28T22:49:46.596+0000][gc,phases     ] GC(635)   Post Evacuate Collection Set: 0.4ms
[2024-10-28T22:49:46.596+0000][gc,phases     ] GC(635)   Other: 0.2ms
[2024-10-28T22:49:46.596+0000][gc,heap       ] GC(635) Eden regions: 611->0(611)
[2024-10-28T22:49:46.596+0000][gc,heap       ] GC(635) Survivor regions: 3->3(77)
[2024-10-28T22:49:46.596+0000][gc,heap       ] GC(635) Old regions: 21->21
[2024-10-28T22:49:46.596+0000][gc,heap       ] GC(635) Humongous regions: 129->129
[2024-10-28T22:49:46.596+0000][gc,metaspace  ] GC(635) Metaspace: 46291K(49664K)->46291K(49664K) NonClass: 40380K(42240K)->40380K(42240K) Class: 5910K(7424K)->5910K(7424K)
[2024-10-28T22:49:46.596+0000][gc            ] GC(635) Pause Young (Normal) (G1 Evacuation Pause) 761M->150M(1024M) 2.975ms
[2024-10-28T22:49:46.596+0000][gc,cpu        ] GC(635) User=0.00s Sys=0.00s Real=0.00s
[2024-10-29T00:56:08.438+0000][gc,start      ] GC(636) Pause Young (Normal) (G1 Evacuation Pause)
[2024-10-29T00:56:08.438+0000][gc,task       ] GC(636) Using 4 workers of 4 for evacuation
[2024-10-29T00:56:08.442+0000][gc,phases     ] GC(636)   Pre Evacuate Collection Set: 0.0ms
[2024-10-29T00:56:08.443+0000][gc,phases     ] GC(636)   Evacuate Collection Set: 3.6ms
[2024-10-29T00:56:08.443+0000][gc,phases     ] GC(636)   Post Evacuate Collection Set: 0.3ms
[2024-10-29T00:56:08.443+0000][gc,phases     ] GC(636)   Other: 0.2ms
[2024-10-29T00:56:08.443+0000][gc,heap       ] GC(636) Eden regions: 611->0(610)
[2024-10-29T00:56:08.443+0000][gc,heap       ] GC(636) Survivor regions: 3->4(77)
[2024-10-29T00:56:08.443+0000][gc,heap       ] GC(636) Old regions: 21->21
[2024-10-29T00:56:08.443+0000][gc,heap       ] GC(636) Humongous regions: 129->129
[2024-10-29T00:56:08.443+0000][gc,metaspace  ] GC(636) Metaspace: 46291K(49664K)->46291K(49664K) NonClass: 40380K(42240K)->40380K(42240K) Class: 5910K(7424K)->5910K(7424K)
[2024-10-29T00:56:08.443+0000][gc            ] GC(636) Pause Young (Normal) (G1 Evacuation Pause) 761M->151M(1024M) 4.191ms
[2024-10-29T00:56:08.443+0000][gc,cpu        ] GC(636) User=0.01s Sys=0.00s Real=0.00s
[2024-10-29T03:02:01.906+0000][gc,start      ] GC(637) Pause Young (Normal) (G1 Evacuation Pause)
[2024-10-29T03:02:01.906+0000][gc,task       ] GC(637) Using 4 workers of 4 for evacuation
[2024-10-29T03:02:01.910+0000][gc,phases     ] GC(637)   Pre Evacuate Collection Set: 0.0ms
[2024-10-29T03:02:01.910+0000][gc,phases     ] GC(637)   Evacuate Collection Set: 3.0ms
[2024-10-29T03:02:01.910+0000][gc,phases     ] GC(637)   Post Evacuate Collection Set: 0.5ms
[2024-10-29T03:02:01.910+0000][gc,phases     ] GC(637)   Other: 0.2ms
[2024-10-29T03:02:01.910+0000][gc,heap       ] GC(637) Eden regions: 610->0(611)
[2024-10-29T03:02:01.910+0000][gc,heap       ] GC(637) Survivor regions: 4->3(77)
[2024-10-29T03:02:01.910+0000][gc,heap       ] GC(637) Old regions: 21->21
[2024-10-29T03:02:01.910+0000][gc,heap       ] GC(637) Humongous regions: 178->129
[2024-10-29T03:02:01.910+0000][gc,metaspace  ] GC(637) Metaspace: 46302K(49664K)->46302K(49664K) NonClass: 40392K(42240K)->40392K(42240K) Class: 5910K(7424K)->5910K(7424K)
[2024-10-29T03:02:01.910+0000][gc            ] GC(637) Pause Young (Normal) (G1 Evacuation Pause) 810M->150M(1024M) 3.778ms
[2024-10-29T03:02:01.910+0000][gc,cpu        ] GC(637) User=0.01s Sys=0.00s Real=0.01s
[2024-10-29T05:08:23.297+0000][gc,start      ] GC(638) Pause Young (Normal) (G1 Evacuation Pause)
[2024-10-29T05:08:23.297+0000][gc,task       ] GC(638) Using 4 workers of 4 for evacuation
[2024-10-29T05:08:23.300+0000][gc,phases     ] GC(638)   Pre Evacuate Collection Set: 0.0ms
[2024-10-29T05:08:23.300+0000][gc,phases     ] GC(638)   Evacuate Collection Set: 2.1ms
[2024-10-29T05:08:23.300+0000][gc,phases     ] GC(638)   Post Evacuate Collection Set: 0.4ms
[2024-10-29T05:08:23.300+0000][gc,phases     ] GC(638)   Other: 0.2ms
[2024-10-29T05:08:23.300+0000][gc,heap       ] GC(638) Eden regions: 611->0(611)
[2024-10-29T05:08:23.300+0000][gc,heap       ] GC(638) Survivor regions: 3->3(77)
[2024-10-29T05:08:23.300+0000][gc,heap       ] GC(638) Old regions: 21->21
[2024-10-29T05:08:23.300+0000][gc,heap       ] GC(638) Humongous regions: 129->129
[2024-10-29T05:08:23.300+0000][gc,metaspace  ] GC(638) Metaspace: 46302K(49664K)->46302K(49664K) NonClass: 40392K(42240K)->40392K(42240K) Class: 5910K(7424K)->5910K(7424K)
[2024-10-29T05:08:23.300+0000][gc            ] GC(638) Pause Young (Normal) (G1 Evacuation Pause) 761M->150M(1024M) 2.664ms
[2024-10-29T05:08:23.300+0000][gc,cpu        ] GC(638) User=0.01s Sys=0.00s Real=0.00s
[2024-10-29T07:14:47.597+0000][gc,start      ] GC(639) Pause Young (Normal) (G1 Evacuation Pause)
[2024-10-29T07:14:47.597+0000][gc,task       ] GC(639) Using 4 workers of 4 for evacuation
[2024-10-29T07:14:47.601+0000][gc,phases     ] GC(639)   Pre Evacuate Collection Set: 0.0ms
[2024-10-29T07:14:47.601+0000][gc,phases     ] GC(639)   Evacuate Collection Set: 3.1ms
[2024-10-29T07:14:47.601+0000][gc,phases     ] GC(639)   Post Evacuate Collection Set: 0.5ms
[2024-10-29T07:14:47.601+0000][gc,phases     ] GC(639)   Other: 0.2ms
[2024-10-29T07:14:47.601+0000][gc,heap       ] GC(639) Eden regions: 611->0(611)
[2024-10-29T07:14:47.601+0000][gc,heap       ] GC(639) Survivor regions: 3->3(77)
[2024-10-29T07:14:47.601+0000][gc,heap       ] GC(639) Old regions: 21->21
[2024-10-29T07:14:47.601+0000][gc,heap       ] GC(639) Humongous regions: 129->129
[2024-10-29T07:14:47.601+0000][gc,metaspace  ] GC(639) Metaspace: 46302K(49664K)->46302K(49664K) NonClass: 40392K(42240K)->40392K(42240K) Class: 5910K(7424K)->5910K(7424K)
[2024-10-29T07:14:47.601+0000][gc            ] GC(639) Pause Young (Normal) (G1 Evacuation Pause) 761M->150M(1024M) 3.838ms
[2024-10-29T07:14:47.601+0000][gc,cpu        ] GC(639) User=0.01s Sys=0.01s Real=0.00s
[2024-10-29T09:21:13.036+0000][gc,start      ] GC(640) Pause Young (Normal) (G1 Evacuation Pause)
[2024-10-29T09:21:13.036+0000][gc,task       ] GC(640) Using 4 workers of 4 for evacuation
[2024-10-29T09:21:13.040+0000][gc,phases     ] GC(640)   Pre Evacuate Collection Set: 0.0ms
[2024-10-29T09:21:13.040+0000][gc,phases     ] GC(640)   Evacuate Collection Set: 2.7ms
[2024-10-29T09:21:13.040+0000][gc,phases     ] GC(640)   Post Evacuate Collection Set: 0.4ms
[2024-10-29T09:21:13.040+0000][gc,phases     ] GC(640)   Other: 0.2ms
[2024-10-29T09:21:13.040+0000][gc,heap       ] GC(640) Eden regions: 611->0(610)
[2024-10-29T09:21:13.040+0000][gc,heap       ] GC(640) Survivor regions: 3->4(77)
[2024-10-29T09:21:13.040+0000][gc,heap       ] GC(640) Old regions: 21->21
[2024-10-29T09:21:13.040+0000][gc,heap       ] GC(640) Humongous regions: 129->129
[2024-10-29T09:21:13.040+0000][gc,metaspace  ] GC(640) Metaspace: 46302K(49664K)->46302K(49664K) NonClass: 40392K(42240K)->40392K(42240K) Class: 5910K(7424K)->5910K(7424K)
[2024-10-29T09:21:13.040+0000][gc            ] GC(640) Pause Young (Normal) (G1 Evacuation Pause) 761M->151M(1024M) 3.334ms
[2024-10-29T09:21:13.040+0000][gc,cpu        ] GC(640) User=0.02s Sys=0.00s Real=0.01s
[2024-10-29T11:27:04.011+0000][gc,start      ] GC(641) Pause Young (Normal) (G1 Evacuation Pause)
[2024-10-29T11:27:04.011+0000][gc,task       ] GC(641) Using 4 workers of 4 for evacuation
[2024-10-29T11:27:04.014+0000][gc,phases     ] GC(641)   Pre Evacuate Collection Set: 0.0ms
[2024-10-29T11:27:04.014+0000][gc,phases     ] GC(641)   Evacuate Collection Set: 3.1ms
[2024-10-29T11:27:04.014+0000][gc,phases     ] GC(641)   Post Evacuate Collection Set: 0.4ms
[2024-10-29T11:27:04.014+0000][gc,phases     ] GC(641)   Other: 0.2ms
[2024-10-29T11:27:04.014+0000][gc,heap       ] GC(641) Eden regions: 610->0(610)
[2024-10-29T11:27:04.014+0000][gc,heap       ] GC(641) Survivor regions: 4->4(77)
[2024-10-29T11:27:04.014+0000][gc,heap       ] GC(641) Old regions: 21->21
[2024-10-29T11:27:04.014+0000][gc,heap       ] GC(641) Humongous regions: 145->129
[2024-10-29T11:27:04.014+0000][gc,metaspace  ] GC(641) Metaspace: 46302K(49664K)->46302K(49664K) NonClass: 40392K(42240K)->40392K(42240K) Class: 5910K(7424K)->5910K(7424K)
[2024-10-29T11:27:04.015+0000][gc            ] GC(641) Pause Young (Normal) (G1 Evacuation Pause) 777M->151M(1024M) 3.792ms
[2024-10-29T11:27:04.015+0000][gc,cpu        ] GC(641) User=0.02s Sys=0.00s Real=0.00s
[2024-10-29T13:32:44.186+0000][gc,start      ] GC(642) Pause Young (Normal) (G1 Evacuation Pause)
[2024-10-29T13:32:44.186+0000][gc,task       ] GC(642) Using 4 workers of 4 for evacuation
[2024-10-29T13:32:44.190+0000][gc,phases     ] GC(642)   Pre Evacuate Collection Set: 0.0ms
[2024-10-29T13:32:44.190+0000][gc,phases     ] GC(642)   Evacuate Collection Set: 4.1ms
[2024-10-29T13:32:44.190+0000][gc,phases     ] GC(642)   Post Evacuate Collection Set: 0.4ms
[2024-10-29T13:32:44.190+0000][gc,phases     ] GC(642)   Other: 0.2ms
[2024-10-29T13:32:44.190+0000][gc,heap       ] GC(642) Eden regions: 610->0(610)
[2024-10-29T13:32:44.190+0000][gc,heap       ] GC(642) Survivor regions: 4->4(77)
[2024-10-29T13:32:44.190+0000][gc,heap       ] GC(642) Old regions: 21->21
[2024-10-29T13:32:44.190+0000][gc,heap       ] GC(642) Humongous regions: 129->129
[2024-10-29T13:32:44.190+0000][gc,metaspace  ] GC(642) Metaspace: 46302K(49664K)->46302K(49664K) NonClass: 40392K(42240K)->40392K(42240K) Class: 5910K(7424K)->5910K(7424K)
[2024-10-29T13:32:44.190+0000][gc            ] GC(642) Pause Young (Normal) (G1 Evacuation Pause) 761M->151M(1024M) 4.706ms
[2024-10-29T13:32:44.190+0000][gc,cpu        ] GC(642) User=0.02s Sys=0.00s Real=0.01s
[2024-10-29T15:38:37.731+0000][gc,start      ] GC(643) Pause Young (Normal) (G1 Evacuation Pause)
[2024-10-29T15:38:37.731+0000][gc,task       ] GC(643) Using 4 workers of 4 for evacuation
[2024-10-29T15:38:37.733+0000][gc,phases     ] GC(643)   Pre Evacuate Collection Set: 0.0ms
[2024-10-29T15:38:37.733+0000][gc,phases     ] GC(643)   Evacuate Collection Set: 2.0ms
[2024-10-29T15:38:37.733+0000][gc,phases     ] GC(643)   Post Evacuate Collection Set: 0.4ms
[2024-10-29T15:38:37.733+0000][gc,phases     ] GC(643)   Other: 0.2ms
[2024-10-29T15:38:37.733+0000][gc,heap       ] GC(643) Eden regions: 610->0(611)
[2024-10-29T15:38:37.733+0000][gc,heap       ] GC(643) Survivor regions: 4->3(77)
[2024-10-29T15:38:37.733+0000][gc,heap       ] GC(643) Old regions: 21->21
[2024-10-29T15:38:37.733+0000][gc,heap       ] GC(643) Humongous regions: 129->129
[2024-10-29T15:38:37.733+0000][gc,metaspace  ] GC(643) Metaspace: 46302K(49664K)->46302K(49664K) NonClass: 40392K(42240K)->40392K(42240K) Class: 5910K(7424K)->5910K(7424K)
[2024-10-29T15:38:37.733+0000][gc            ] GC(643) Pause Young (Normal) (G1 Evacuation Pause) 761M->150M(1024M) 2.766ms
[2024-10-29T15:38:37.733+0000][gc,cpu        ] GC(643) User=0.00s Sys=0.00s Real=0.00s
[2024-10-29T17:45:03.214+0000][gc,start      ] GC(644) Pause Young (Normal) (G1 Evacuation Pause)
[2024-10-29T17:45:03.214+0000][gc,task       ] GC(644) Using 4 workers of 4 for evacuation
[2024-10-29T17:45:03.218+0000][gc,phases     ] GC(644)   Pre Evacuate Collection Set: 0.0ms
[2024-10-29T17:45:03.218+0000][gc,phases     ] GC(644)   Evacuate Collection Set: 2.5ms
[2024-10-29T17:45:03.218+0000][gc,phases     ] GC(644)   Post Evacuate Collection Set: 0.5ms
[2024-10-29T17:45:03.218+0000][gc,phases     ] GC(644)   Other: 0.2ms
[2024-10-29T17:45:03.218+0000][gc,heap       ] GC(644) Eden regions: 611->0(611)
[2024-10-29T17:45:03.218+0000][gc,heap       ] GC(644) Survivor regions: 3->3(77)
[2024-10-29T17:45:03.218+0000][gc,heap       ] GC(644) Old regions: 21->21
[2024-10-29T17:45:03.218+0000][gc,heap       ] GC(644) Humongous regions: 129->129
[2024-10-29T17:45:03.218+0000][gc,metaspace  ] GC(644) Metaspace: 46302K(49664K)->46302K(49664K) NonClass: 40392K(42240K)->40392K(42240K) Class: 5910K(7424K)->5910K(7424K)
[2024-10-29T17:45:03.218+0000][gc            ] GC(644) Pause Young (Normal) (G1 Evacuation Pause) 761M->150M(1024M) 3.330ms
[2024-10-29T17:45:03.218+0000][gc,cpu        ] GC(644) User=0.00s Sys=0.00s Real=0.01s
[2024-10-29T19:51:23.298+0000][gc,start      ] GC(645) Pause Young (Normal) (G1 Evacuation Pause)
[2024-10-29T19:51:23.298+0000][gc,task       ] GC(645) Using 4 workers of 4 for evacuation
[2024-10-29T19:51:23.300+0000][gc,phases     ] GC(645)   Pre Evacuate Collection Set: 0.0ms
[2024-10-29T19:51:23.300+0000][gc,phases     ] GC(645)   Evacuate Collection Set: 2.3ms
[2024-10-29T19:51:23.300+0000][gc,phases     ] GC(645)   Post Evacuate Collection Set: 0.4ms
[2024-10-29T19:51:23.300+0000][gc,phases     ] GC(645)   Other: 0.2ms
[2024-10-29T19:51:23.300+0000][gc,heap       ] GC(645) Eden regions: 611->0(611)
[2024-10-29T19:51:23.300+0000][gc,heap       ] GC(645) Survivor regions: 3->3(77)
[2024-10-29T19:51:23.300+0000][gc,heap       ] GC(645) Old regions: 21->21
[2024-10-29T19:51:23.300+0000][gc,heap       ] GC(645) Humongous regions: 129->129
[2024-10-29T19:51:23.300+0000][gc,metaspace  ] GC(645) Metaspace: 46302K(49664K)->46302K(49664K) NonClass: 40392K(42240K)->40392K(42240K) Class: 5910K(7424K)->5910K(7424K)
[2024-10-29T19:51:23.300+0000][gc            ] GC(645) Pause Young (Normal) (G1 Evacuation Pause) 761M->150M(1024M) 2.980ms
[2024-10-29T19:51:23.301+0000][gc,cpu        ] GC(645) User=0.01s Sys=0.00s Real=0.00s
[2024-10-29T21:57:34.011+0000][gc,start      ] GC(646) Pause Young (Normal) (G1 Evacuation Pause)
[2024-10-29T21:57:34.011+0000][gc,task       ] GC(646) Using 4 workers of 4 for evacuation
[2024-10-29T21:57:34.015+0000][gc,phases     ] GC(646)   Pre Evacuate Collection Set: 0.0ms
[2024-10-29T21:57:34.015+0000][gc,phases     ] GC(646)   Evacuate Collection Set: 3.6ms
[2024-10-29T21:57:34.015+0000][gc,phases     ] GC(646)   Post Evacuate Collection Set: 0.4ms
[2024-10-29T21:57:34.015+0000][gc,phases     ] GC(646)   Other: 0.2ms
[2024-10-29T21:57:34.015+0000][gc,heap       ] GC(646) Eden regions: 611->0(610)
[2024-10-29T21:57:34.015+0000][gc,heap       ] GC(646) Survivor regions: 3->4(77)
[2024-10-29T21:57:34.015+0000][gc,heap       ] GC(646) Old regions: 21->21
[2024-10-29T21:57:34.015+0000][gc,heap       ] GC(646) Humongous regions: 178->129
[2024-10-29T21:57:34.015+0000][gc,metaspace  ] GC(646) Metaspace: 46302K(49664K)->46302K(49664K) NonClass: 40392K(42240K)->40392K(42240K) Class: 5910K(7424K)->5910K(7424K)
[2024-10-29T21:57:34.015+0000][gc            ] GC(646) Pause Young (Normal) (G1 Evacuation Pause) 810M->151M(1024M) 4.296ms
[2024-10-29T21:57:34.015+0000][gc,cpu        ] GC(646) User=0.02s Sys=0.00s Real=0.00s
[2024-10-30T00:04:10.390+0000][gc,start      ] GC(647) Pause Young (Normal) (G1 Evacuation Pause)
[2024-10-30T00:04:10.390+0000][gc,task       ] GC(647) Using 4 workers of 4 for evacuation
[2024-10-30T00:04:10.394+0000][gc,phases     ] GC(647)   Pre Evacuate Collection Set: 0.0ms
[2024-10-30T00:04:10.394+0000][gc,phases     ] GC(647)   Evacuate Collection Set: 3.4ms
[2024-10-30T00:04:10.394+0000][gc,phases     ] GC(647)   Post Evacuate Collection Set: 0.4ms
[2024-10-30T00:04:10.394+0000][gc,phases     ] GC(647)   Other: 0.2ms
[2024-10-30T00:04:10.394+0000][gc,heap       ] GC(647) Eden regions: 610->0(610)
[2024-10-30T00:04:10.394+0000][gc,heap       ] GC(647) Survivor regions: 4->4(77)
[2024-10-30T00:04:10.394+0000][gc,heap       ] GC(647) Old regions: 21->21
[2024-10-30T00:04:10.394+0000][gc,heap       ] GC(647) Humongous regions: 129->129
[2024-10-30T00:04:10.394+0000][gc,metaspace  ] GC(647) Metaspace: 46302K(49664K)->46302K(49664K) NonClass: 40392K(42240K)->40392K(42240K) Class: 5910K(7424K)->5910K(7424K)
[2024-10-30T00:04:10.394+0000][gc            ] GC(647) Pause Young (Normal) (G1 Evacuation Pause) 761M->151M(1024M) 4.007ms
[2024-10-30T00:04:10.394+0000][gc,cpu        ] GC(647) User=0.01s Sys=0.00s Real=0.00s
[2024-10-30T02:10:13.053+0000][gc,start      ] GC(648) Pause Young (Normal) (G1 Evacuation Pause)
[2024-10-30T02:10:13.053+0000][gc,task       ] GC(648) Using 4 workers of 4 for evacuation
[2024-10-30T02:10:13.058+0000][gc,phases     ] GC(648)   Pre Evacuate Collection Set: 0.0ms
[2024-10-30T02:10:13.058+0000][gc,phases     ] GC(648)   Evacuate Collection Set: 3.8ms
[2024-10-30T02:10:13.058+0000][gc,phases     ] GC(648)   Post Evacuate Collection Set: 0.4ms
[2024-10-30T02:10:13.058+0000][gc,phases     ] GC(648)   Other: 0.2ms
[2024-10-30T02:10:13.058+0000][gc,heap       ] GC(648) Eden regions: 610->0(610)
[2024-10-30T02:10:13.058+0000][gc,heap       ] GC(648) Survivor regions: 4->4(77)
[2024-10-30T02:10:13.058+0000][gc,heap       ] GC(648) Old regions: 21->21
[2024-10-30T02:10:13.058+0000][gc,heap       ] GC(648) Humongous regions: 129->129
[2024-10-30T02:10:13.058+0000][gc,metaspace  ] GC(648) Metaspace: 46302K(49664K)->46302K(49664K) NonClass: 40392K(42240K)->40392K(42240K) Class: 5910K(7424K)->5910K(7424K)
[2024-10-30T02:10:13.058+0000][gc            ] GC(648) Pause Young (Normal) (G1 Evacuation Pause) 761M->151M(1024M) 4.475ms
[2024-10-30T02:10:13.058+0000][gc,cpu        ] GC(648) User=0.01s Sys=0.00s Real=0.01s
[2024-10-30T04:16:07.731+0000][gc,start      ] GC(649) Pause Young (Normal) (G1 Evacuation Pause)
[2024-10-30T04:16:07.731+0000][gc,task       ] GC(649) Using 4 workers of 4 for evacuation
[2024-10-30T04:16:07.734+0000][gc,phases     ] GC(649)   Pre Evacuate Collection Set: 0.0ms
[2024-10-30T04:16:07.734+0000][gc,phases     ] GC(649)   Evacuate Collection Set: 2.6ms
[2024-10-30T04:16:07.734+0000][gc,phases     ] GC(649)   Post Evacuate Collection Set: 0.4ms
[2024-10-30T04:16:07.734+0000][gc,phases     ] GC(649)   Other: 0.2ms
[2024-10-30T04:16:07.734+0000][gc,heap       ] GC(649) Eden regions: 610->0(610)
[2024-10-30T04:16:07.734+0000][gc,heap       ] GC(649) Survivor regions: 4->4(77)
[2024-10-30T04:16:07.734+0000][gc,heap       ] GC(649) Old regions: 21->21
[2024-10-30T04:16:07.734+0000][gc,heap       ] GC(649) Humongous regions: 129->129
[2024-10-30T04:16:07.734+0000][gc,metaspace  ] GC(649) Metaspace: 46303K(49664K)->46303K(49664K) NonClass: 40392K(42240K)->40392K(42240K) Class: 5910K(7424K)->5910K(7424K)
[2024-10-30T04:16:07.734+0000][gc            ] GC(649) Pause Young (Normal) (G1 Evacuation Pause) 761M->151M(1024M) 3.240ms
[2024-10-30T04:16:07.734+0000][gc,cpu        ] GC(649) User=0.01s Sys=0.00s Real=0.00s
[2024-10-30T06:21:58.298+0000][gc,start      ] GC(650) Pause Young (Normal) (G1 Evacuation Pause)
[2024-10-30T06:21:58.298+0000][gc,task       ] GC(650) Using 4 workers of 4 for evacuation
[2024-10-30T06:21:58.302+0000][gc,phases     ] GC(650)   Pre Evacuate Collection Set: 0.0ms
[2024-10-30T06:21:58.302+0000][gc,phases     ] GC(650)   Evacuate Collection Set: 4.0ms
[2024-10-30T06:21:58.302+0000][gc,phases     ] GC(650)   Post Evacuate Collection Set: 0.4ms
[2024-10-30T06:21:58.302+0000][gc,phases     ] GC(650)   Other: 0.2ms
[2024-10-30T06:21:58.303+0000][gc,heap       ] GC(650) Eden regions: 610->0(610)
[2024-10-30T06:21:58.303+0000][gc,heap       ] GC(650) Survivor regions: 4->4(77)
[2024-10-30T06:21:58.303+0000][gc,heap       ] GC(650) Old regions: 21->21
[2024-10-30T06:21:58.303+0000][gc,heap       ] GC(650) Humongous regions: 129->129
[2024-10-30T06:21:58.303+0000][gc,metaspace  ] GC(650) Metaspace: 46303K(49664K)->46303K(49664K) NonClass: 40392K(42240K)->40392K(42240K) Class: 5910K(7424K)->5910K(7424K)
[2024-10-30T06:21:58.303+0000][gc            ] GC(650) Pause Young (Normal) (G1 Evacuation Pause) 761M->151M(1024M) 4.683ms
[2024-10-30T06:21:58.303+0000][gc,cpu        ] GC(650) User=0.02s Sys=0.00s Real=0.00s
[2024-10-30T08:27:49.296+0000][gc,start      ] GC(651) Pause Young (Normal) (G1 Evacuation Pause)
[2024-10-30T08:27:49.296+0000][gc,task       ] GC(651) Using 4 workers of 4 for evacuation
[2024-10-30T08:27:49.302+0000][gc,phases     ] GC(651)   Pre Evacuate Collection Set: 0.0ms
[2024-10-30T08:27:49.302+0000][gc,phases     ] GC(651)   Evacuate Collection Set: 4.7ms
[2024-10-30T08:27:49.302+0000][gc,phases     ] GC(651)   Post Evacuate Collection Set: 0.4ms
[2024-10-30T08:27:49.302+0000][gc,phases     ] GC(651)   Other: 0.2ms
[2024-10-30T08:27:49.302+0000][gc,heap       ] GC(651) Eden regions: 610->0(610)
[2024-10-30T08:27:49.302+0000][gc,heap       ] GC(651) Survivor regions: 4->4(77)
[2024-10-30T08:27:49.302+0000][gc,heap       ] GC(651) Old regions: 21->21
[2024-10-30T08:27:49.302+0000][gc,heap       ] GC(651) Humongous regions: 178->129
[2024-10-30T08:27:49.302+0000][gc,metaspace  ] GC(651) Metaspace: 46303K(49664K)->46303K(49664K) NonClass: 40392K(42240K)->40392K(42240K) Class: 5910K(7424K)->5910K(7424K)
[2024-10-30T08:27:49.302+0000][gc            ] GC(651) Pause Young (Normal) (G1 Evacuation Pause) 810M->151M(1024M) 5.410ms
[2024-10-30T08:27:49.302+0000][gc,cpu        ] GC(651) User=0.01s Sys=0.00s Real=0.01s
[2024-10-30T10:33:26.799+0000][gc,start      ] GC(652) Pause Young (Normal) (G1 Evacuation Pause)
[2024-10-30T10:33:26.799+0000][gc,task       ] GC(652) Using 4 workers of 4 for evacuation
[2024-10-30T10:33:26.803+0000][gc,phases     ] GC(652)   Pre Evacuate Collection Set: 0.0ms
[2024-10-30T10:33:26.803+0000][gc,phases     ] GC(652)   Evacuate Collection Set: 3.4ms
[2024-10-30T10:33:26.803+0000][gc,phases     ] GC(652)   Post Evacuate Collection Set: 0.4ms
[2024-10-30T10:33:26.803+0000][gc,phases     ] GC(652)   Other: 0.2ms
[2024-10-30T10:33:26.803+0000][gc,heap       ] GC(652) Eden regions: 610->0(610)
[2024-10-30T10:33:26.803+0000][gc,heap       ] GC(652) Survivor regions: 4->4(77)
[2024-10-30T10:33:26.803+0000][gc,heap       ] GC(652) Old regions: 21->21
[2024-10-30T10:33:26.803+0000][gc,heap       ] GC(652) Humongous regions: 129->129
[2024-10-30T10:33:26.803+0000][gc,metaspace  ] GC(652) Metaspace: 46303K(49664K)->46303K(49664K) NonClass: 40392K(42240K)->40392K(42240K) Class: 5910K(7424K)->5910K(7424K)
[2024-10-30T10:33:26.803+0000][gc            ] GC(652) Pause Young (Normal) (G1 Evacuation Pause) 761M->151M(1024M) 4.033ms
[2024-10-30T10:33:26.803+0000][gc,cpu        ] GC(652) User=0.01s Sys=0.00s Real=0.00s
[2024-10-30T12:39:14.836+0000][gc,start      ] GC(653) Pause Young (Normal) (G1 Evacuation Pause)
[2024-10-30T12:39:14.836+0000][gc,task       ] GC(653) Using 4 workers of 4 for evacuation
[2024-10-30T12:39:14.840+0000][gc,phases     ] GC(653)   Pre Evacuate Collection Set: 0.0ms
[2024-10-30T12:39:14.840+0000][gc,phases     ] GC(653)   Evacuate Collection Set: 2.9ms
[2024-10-30T12:39:14.840+0000][gc,phases     ] GC(653)   Post Evacuate Collection Set: 0.4ms
[2024-10-30T12:39:14.840+0000][gc,phases     ] GC(653)   Other: 0.2ms
[2024-10-30T12:39:14.840+0000][gc,heap       ] GC(653) Eden regions: 610->0(610)
[2024-10-30T12:39:14.840+0000][gc,heap       ] GC(653) Survivor regions: 4->4(77)
[2024-10-30T12:39:14.840+0000][gc,heap       ] GC(653) Old regions: 21->21
[2024-10-30T12:39:14.840+0000][gc,heap       ] GC(653) Humongous regions: 129->129
[2024-10-30T12:39:14.840+0000][gc,metaspace  ] GC(653) Metaspace: 46303K(49664K)->46303K(49664K) NonClass: 40392K(42240K)->40392K(42240K) Class: 5910K(7424K)->5910K(7424K)
[2024-10-30T12:39:14.840+0000][gc            ] GC(653) Pause Young (Normal) (G1 Evacuation Pause) 761M->151M(1024M) 3.534ms
[2024-10-30T12:39:14.840+0000][gc,cpu        ] GC(653) User=0.02s Sys=0.00s Real=0.01s
[2024-10-30T14:45:06.042+0000][gc,start      ] GC(654) Pause Young (Normal) (G1 Evacuation Pause)
[2024-10-30T14:45:06.042+0000][gc,task       ] GC(654) Using 4 workers of 4 for evacuation
[2024-10-30T14:45:06.046+0000][gc,phases     ] GC(654)   Pre Evacuate Collection Set: 0.0ms
[2024-10-30T14:45:06.046+0000][gc,phases     ] GC(654)   Evacuate Collection Set: 3.3ms
[2024-10-30T14:45:06.046+0000][gc,phases     ] GC(654)   Post Evacuate Collection Set: 0.6ms
[2024-10-30T14:45:06.046+0000][gc,phases     ] GC(654)   Other: 0.2ms
[2024-10-30T14:45:06.046+0000][gc,heap       ] GC(654) Eden regions: 610->0(610)
[2024-10-30T14:45:06.046+0000][gc,heap       ] GC(654) Survivor regions: 4->4(77)
[2024-10-30T14:45:06.046+0000][gc,heap       ] GC(654) Old regions: 21->21
[2024-10-30T14:45:06.046+0000][gc,heap       ] GC(654) Humongous regions: 300->129
[2024-10-30T14:45:06.046+0000][gc,metaspace  ] GC(654) Metaspace: 46303K(49664K)->46303K(49664K) NonClass: 40392K(42240K)->40392K(42240K) Class: 5910K(7424K)->5910K(7424K)
[2024-10-30T14:45:06.046+0000][gc            ] GC(654) Pause Young (Normal) (G1 Evacuation Pause) 932M->151M(1024M) 4.158ms
[2024-10-30T14:45:06.046+0000][gc,cpu        ] GC(654) User=0.02s Sys=0.00s Real=0.00s
[2024-10-30T16:51:08.979+0000][gc,start      ] GC(655) Pause Young (Normal) (G1 Evacuation Pause)
[2024-10-30T16:51:08.979+0000][gc,task       ] GC(655) Using 4 workers of 4 for evacuation
[2024-10-30T16:51:08.983+0000][gc,phases     ] GC(655)   Pre Evacuate Collection Set: 0.0ms
[2024-10-30T16:51:08.983+0000][gc,phases     ] GC(655)   Evacuate Collection Set: 2.7ms
[2024-10-30T16:51:08.983+0000][gc,phases     ] GC(655)   Post Evacuate Collection Set: 0.3ms
[2024-10-30T16:51:08.983+0000][gc,phases     ] GC(655)   Other: 0.2ms
[2024-10-30T16:51:08.983+0000][gc,heap       ] GC(655) Eden regions: 610->0(610)
[2024-10-30T16:51:08.983+0000][gc,heap       ] GC(655) Survivor regions: 4->4(77)
[2024-10-30T16:51:08.983+0000][gc,heap       ] GC(655) Old regions: 21->21
[2024-10-30T16:51:08.983+0000][gc,heap       ] GC(655) Humongous regions: 129->129
[2024-10-30T16:51:08.983+0000][gc,metaspace  ] GC(655) Metaspace: 46303K(49664K)->46303K(49664K) NonClass: 40392K(42240K)->40392K(42240K) Class: 5910K(7424K)->5910K(7424K)
[2024-10-30T16:51:08.983+0000][gc            ] GC(655) Pause Young (Normal) (G1 Evacuation Pause) 761M->151M(1024M) 3.280ms
[2024-10-30T16:51:08.983+0000][gc,cpu        ] GC(655) User=0.01s Sys=0.00s Real=0.00s
[2024-10-30T18:57:04.011+0000][gc,start      ] GC(656) Pause Young (Normal) (G1 Evacuation Pause)
[2024-10-30T18:57:04.011+0000][gc,task       ] GC(656) Using 4 workers of 4 for evacuation
[2024-10-30T18:57:04.015+0000][gc,phases     ] GC(656)   Pre Evacuate Collection Set: 0.0ms
[2024-10-30T18:57:04.015+0000][gc,phases     ] GC(656)   Evacuate Collection Set: 3.5ms
[2024-10-30T18:57:04.015+0000][gc,phases     ] GC(656)   Post Evacuate Collection Set: 0.4ms
[2024-10-30T18:57:04.015+0000][gc,phases     ] GC(656)   Other: 0.2ms
[2024-10-30T18:57:04.015+0000][gc,heap       ] GC(656) Eden regions: 610->0(610)
[2024-10-30T18:57:04.015+0000][gc,heap       ] GC(656) Survivor regions: 4->4(77)
[2024-10-30T18:57:04.015+0000][gc,heap       ] GC(656) Old regions: 21->21
[2024-10-30T18:57:04.015+0000][gc,heap       ] GC(656) Humongous regions: 129->129
[2024-10-30T18:57:04.015+0000][gc,metaspace  ] GC(656) Metaspace: 46303K(49664K)->46303K(49664K) NonClass: 40392K(42240K)->40392K(42240K) Class: 5910K(7424K)->5910K(7424K)
[2024-10-30T18:57:04.015+0000][gc            ] GC(656) Pause Young (Normal) (G1 Evacuation Pause) 761M->151M(1024M) 4.173ms
[2024-10-30T18:57:04.015+0000][gc,cpu        ] GC(656) User=0.02s Sys=0.00s Real=0.00s
[2024-10-30T21:03:03.771+0000][gc,start      ] GC(657) Pause Young (Normal) (G1 Evacuation Pause)
[2024-10-30T21:03:03.771+0000][gc,task       ] GC(657) Using 4 workers of 4 for evacuation
[2024-10-30T21:03:03.774+0000][gc,phases     ] GC(657)   Pre Evacuate Collection Set: 0.0ms
[2024-10-30T21:03:03.774+0000][gc,phases     ] GC(657)   Evacuate Collection Set: 2.1ms
[2024-10-30T21:03:03.774+0000][gc,phases     ] GC(657)   Post Evacuate Collection Set: 0.4ms
[2024-10-30T21:03:03.774+0000][gc,phases     ] GC(657)   Other: 0.2ms
[2024-10-30T21:03:03.774+0000][gc,heap       ] GC(657) Eden regions: 610->0(611)
[2024-10-30T21:03:03.774+0000][gc,heap       ] GC(657) Survivor regions: 4->3(77)
[2024-10-30T21:03:03.774+0000][gc,heap       ] GC(657) Old regions: 21->21
[2024-10-30T21:03:03.774+0000][gc,heap       ] GC(657) Humongous regions: 129->129
[2024-10-30T21:03:03.774+0000][gc,metaspace  ] GC(657) Metaspace: 46303K(49664K)->46303K(49664K) NonClass: 40392K(42240K)->40392K(42240K) Class: 5910K(7424K)->5910K(7424K)
[2024-10-30T21:03:03.774+0000][gc            ] GC(657) Pause Young (Normal) (G1 Evacuation Pause) 761M->150M(1024M) 2.656ms
[2024-10-30T21:03:03.774+0000][gc,cpu        ] GC(657) User=0.01s Sys=0.00s Real=0.00s
[2024-10-30T23:08:59.011+0000][gc,start      ] GC(658) Pause Young (Normal) (G1 Evacuation Pause)
[2024-10-30T23:08:59.011+0000][gc,task       ] GC(658) Using 4 workers of 4 for evacuation
[2024-10-30T23:08:59.014+0000][gc,phases     ] GC(658)   Pre Evacuate Collection Set: 0.0ms
[2024-10-30T23:08:59.014+0000][gc,phases     ] GC(658)   Evacuate Collection Set: 2.2ms
[2024-10-30T23:08:59.014+0000][gc,phases     ] GC(658)   Post Evacuate Collection Set: 0.5ms
[2024-10-30T23:08:59.014+0000][gc,phases     ] GC(658)   Other: 0.2ms
[2024-10-30T23:08:59.014+0000][gc,heap       ] GC(658) Eden regions: 611->0(611)
[2024-10-30T23:08:59.014+0000][gc,heap       ] GC(658) Survivor regions: 3->3(77)
[2024-10-30T23:08:59.014+0000][gc,heap       ] GC(658) Old regions: 21->21
[2024-10-30T23:08:59.014+0000][gc,heap       ] GC(658) Humongous regions: 129->129
[2024-10-30T23:08:59.014+0000][gc,metaspace  ] GC(658) Metaspace: 46303K(49664K)->46303K(49664K) NonClass: 40392K(42240K)->40392K(42240K) Class: 5910K(7424K)->5910K(7424K)
[2024-10-30T23:08:59.014+0000][gc            ] GC(658) Pause Young (Normal) (G1 Evacuation Pause) 761M->150M(1024M) 2.942ms
[2024-10-30T23:08:59.014+0000][gc,cpu        ] GC(658) User=0.01s Sys=0.00s Real=0.00s
[2024-10-31T01:15:12.294+0000][gc,start      ] GC(659) Pause Young (Normal) (G1 Evacuation Pause)
[2024-10-31T01:15:12.294+0000][gc,task       ] GC(659) Using 4 workers of 4 for evacuation
[2024-10-31T01:15:12.296+0000][gc,phases     ] GC(659)   Pre Evacuate Collection Set: 0.0ms
[2024-10-31T01:15:12.296+0000][gc,phases     ] GC(659)   Evacuate Collection Set: 2.1ms
[2024-10-31T01:15:12.296+0000][gc,phases     ] GC(659)   Post Evacuate Collection Set: 0.3ms
[2024-10-31T01:15:12.296+0000][gc,phases     ] GC(659)   Other: 0.2ms
[2024-10-31T01:15:12.296+0000][gc,heap       ] GC(659) Eden regions: 611->0(611)
[2024-10-31T01:15:12.296+0000][gc,heap       ] GC(659) Survivor regions: 3->3(77)
[2024-10-31T01:15:12.296+0000][gc,heap       ] GC(659) Old regions: 21->21
[2024-10-31T01:15:12.296+0000][gc,heap       ] GC(659) Humongous regions: 129->129
[2024-10-31T01:15:12.296+0000][gc,metaspace  ] GC(659) Metaspace: 46303K(49664K)->46303K(49664K) NonClass: 40392K(42240K)->40392K(42240K) Class: 5910K(7424K)->5910K(7424K)
[2024-10-31T01:15:12.296+0000][gc            ] GC(659) Pause Young (Normal) (G1 Evacuation Pause) 761M->150M(1024M) 2.706ms
[2024-10-31T01:15:12.296+0000][gc,cpu        ] GC(659) User=0.01s Sys=0.00s Real=0.00s
[2024-10-31T03:21:30.377+0000][gc,start      ] GC(660) Pause Young (Normal) (G1 Evacuation Pause)
[2024-10-31T03:21:30.377+0000][gc,task       ] GC(660) Using 4 workers of 4 for evacuation
[2024-10-31T03:21:30.380+0000][gc,phases     ] GC(660)   Pre Evacuate Collection Set: 0.0ms
[2024-10-31T03:21:30.380+0000][gc,phases     ] GC(660)   Evacuate Collection Set: 2.1ms
[2024-10-31T03:21:30.380+0000][gc,phases     ] GC(660)   Post Evacuate Collection Set: 0.4ms
[2024-10-31T03:21:30.380+0000][gc,phases     ] GC(660)   Other: 0.2ms
[2024-10-31T03:21:30.380+0000][gc,heap       ] GC(660) Eden regions: 611->0(611)
[2024-10-31T03:21:30.380+0000][gc,heap       ] GC(660) Survivor regions: 3->3(77)
[2024-10-31T03:21:30.380+0000][gc,heap       ] GC(660) Old regions: 21->21
[2024-10-31T03:21:30.380+0000][gc,heap       ] GC(660) Humongous regions: 129->129
[2024-10-31T03:21:30.380+0000][gc,metaspace  ] GC(660) Metaspace: 46303K(49664K)->46303K(49664K) NonClass: 40392K(42240K)->40392K(42240K) Class: 5910K(7424K)->5910K(7424K)
[2024-10-31T03:21:30.380+0000][gc            ] GC(660) Pause Young (Normal) (G1 Evacuation Pause) 761M->150M(1024M) 2.701ms
[2024-10-31T03:21:30.380+0000][gc,cpu        ] GC(660) User=0.00s Sys=0.00s Real=0.00s
[2024-10-31T05:27:35.673+0000][gc,start      ] GC(661) Pause Young (Normal) (G1 Evacuation Pause)
[2024-10-31T05:27:35.673+0000][gc,task       ] GC(661) Using 4 workers of 4 for evacuation
[2024-10-31T05:27:35.677+0000][gc,phases     ] GC(661)   Pre Evacuate Collection Set: 0.0ms
[2024-10-31T05:27:35.677+0000][gc,phases     ] GC(661)   Evacuate Collection Set: 3.0ms
[2024-10-31T05:27:35.677+0000][gc,phases     ] GC(661)   Post Evacuate Collection Set: 0.4ms
[2024-10-31T05:27:35.677+0000][gc,phases     ] GC(661)   Other: 0.2ms
[2024-10-31T05:27:35.677+0000][gc,heap       ] GC(661) Eden regions: 611->0(611)
[2024-10-31T05:27:35.677+0000][gc,heap       ] GC(661) Survivor regions: 3->3(77)
[2024-10-31T05:27:35.677+0000][gc,heap       ] GC(661) Old regions: 21->21
[2024-10-31T05:27:35.677+0000][gc,heap       ] GC(661) Humongous regions: 129->129
[2024-10-31T05:27:35.677+0000][gc,metaspace  ] GC(661) Metaspace: 46303K(49664K)->46303K(49664K) NonClass: 40392K(42240K)->40392K(42240K) Class: 5910K(7424K)->5910K(7424K)
[2024-10-31T05:27:35.677+0000][gc            ] GC(661) Pause Young (Normal) (G1 Evacuation Pause) 761M->150M(1024M) 3.694ms
[2024-10-31T05:27:35.677+0000][gc,cpu        ] GC(661) User=0.01s Sys=0.00s Real=0.00s
[2024-10-31T07:33:15.929+0000][gc,start      ] GC(662) Pause Young (Normal) (G1 Evacuation Pause)
[2024-10-31T07:33:15.929+0000][gc,task       ] GC(662) Using 4 workers of 4 for evacuation
[2024-10-31T07:33:15.933+0000][gc,phases     ] GC(662)   Pre Evacuate Collection Set: 0.0ms
[2024-10-31T07:33:15.933+0000][gc,phases     ] GC(662)   Evacuate Collection Set: 3.3ms
[2024-10-31T07:33:15.933+0000][gc,phases     ] GC(662)   Post Evacuate Collection Set: 0.4ms
[2024-10-31T07:33:15.933+0000][gc,phases     ] GC(662)   Other: 0.2ms
[2024-10-31T07:33:15.933+0000][gc,heap       ] GC(662) Eden regions: 611->0(611)
[2024-10-31T07:33:15.933+0000][gc,heap       ] GC(662) Survivor regions: 3->3(77)
[2024-10-31T07:33:15.933+0000][gc,heap       ] GC(662) Old regions: 21->21
[2024-10-31T07:33:15.933+0000][gc,heap       ] GC(662) Humongous regions: 178->129
[2024-10-31T07:33:15.933+0000][gc,metaspace  ] GC(662) Metaspace: 46303K(49664K)->46303K(49664K) NonClass: 40392K(42240K)->40392K(42240K) Class: 5910K(7424K)->5910K(7424K)
[2024-10-31T07:33:15.933+0000][gc            ] GC(662) Pause Young (Normal) (G1 Evacuation Pause) 810M->150M(1024M) 3.975ms
[2024-10-31T07:33:15.933+0000][gc,cpu        ] GC(662) User=0.00s Sys=0.01s Real=0.00s
[2024-10-31T09:39:09.011+0000][gc,start      ] GC(663) Pause Young (Normal) (G1 Evacuation Pause)
[2024-10-31T09:39:09.011+0000][gc,task       ] GC(663) Using 4 workers of 4 for evacuation
[2024-10-31T09:39:09.014+0000][gc,phases     ] GC(663)   Pre Evacuate Collection Set: 0.0ms
[2024-10-31T09:39:09.014+0000][gc,phases     ] GC(663)   Evacuate Collection Set: 2.4ms
[2024-10-31T09:39:09.014+0000][gc,phases     ] GC(663)   Post Evacuate Collection Set: 0.4ms
[2024-10-31T09:39:09.014+0000][gc,phases     ] GC(663)   Other: 0.2ms
[2024-10-31T09:39:09.014+0000][gc,heap       ] GC(663) Eden regions: 611->0(611)
[2024-10-31T09:39:09.014+0000][gc,heap       ] GC(663) Survivor regions: 3->3(77)
[2024-10-31T09:39:09.014+0000][gc,heap       ] GC(663) Old regions: 21->21
[2024-10-31T09:39:09.014+0000][gc,heap       ] GC(663) Humongous regions: 129->129
[2024-10-31T09:39:09.014+0000][gc,metaspace  ] GC(663) Metaspace: 46303K(49664K)->46303K(49664K) NonClass: 40392K(42240K)->40392K(42240K) Class: 5910K(7424K)->5910K(7424K)
[2024-10-31T09:39:09.014+0000][gc            ] GC(663) Pause Young (Normal) (G1 Evacuation Pause) 761M->150M(1024M) 3.011ms
[2024-10-31T09:39:09.014+0000][gc,cpu        ] GC(663) User=0.02s Sys=0.00s Real=0.00s
[2024-10-31T11:45:15.193+0000][gc,start      ] GC(664) Pause Young (Normal) (G1 Evacuation Pause)
[2024-10-31T11:45:15.193+0000][gc,task       ] GC(664) Using 4 workers of 4 for evacuation
[2024-10-31T11:45:15.196+0000][gc,phases     ] GC(664)   Pre Evacuate Collection Set: 0.0ms
[2024-10-31T11:45:15.196+0000][gc,phases     ] GC(664)   Evacuate Collection Set: 2.4ms
[2024-10-31T11:45:15.196+0000][gc,phases     ] GC(664)   Post Evacuate Collection Set: 0.4ms
[2024-10-31T11:45:15.196+0000][gc,phases     ] GC(664)   Other: 0.2ms
[2024-10-31T11:45:15.196+0000][gc,heap       ] GC(664) Eden regions: 611->0(611)
[2024-10-31T11:45:15.196+0000][gc,heap       ] GC(664) Survivor regions: 3->3(77)
[2024-10-31T11:45:15.196+0000][gc,heap       ] GC(664) Old regions: 21->21
[2024-10-31T11:45:15.196+0000][gc,heap       ] GC(664) Humongous regions: 129->129
[2024-10-31T11:45:15.196+0000][gc,metaspace  ] GC(664) Metaspace: 46303K(49664K)->46303K(49664K) NonClass: 40392K(42240K)->40392K(42240K) Class: 5910K(7424K)->5910K(7424K)
[2024-10-31T11:45:15.196+0000][gc            ] GC(664) Pause Young (Normal) (G1 Evacuation Pause) 761M->150M(1024M) 3.081ms
[2024-10-31T11:45:15.196+0000][gc,cpu        ] GC(664) User=0.01s Sys=0.00s Real=0.00s
[2024-10-31T13:51:18.000+0000][gc,start      ] GC(665) Pause Young (Normal) (G1 Evacuation Pause)
[2024-10-31T13:51:18.000+0000][gc,task       ] GC(665) Using 4 workers of 4 for evacuation
[2024-10-31T13:51:18.002+0000][gc,phases     ] GC(665)   Pre Evacuate Collection Set: 0.0ms
[2024-10-31T13:51:18.003+0000][gc,phases     ] GC(665)   Evacuate Collection Set: 1.9ms
[2024-10-31T13:51:18.003+0000][gc,phases     ] GC(665)   Post Evacuate Collection Set: 0.4ms
[2024-10-31T13:51:18.003+0000][gc,phases     ] GC(665)   Other: 0.1ms
[2024-10-31T13:51:18.003+0000][gc,heap       ] GC(665) Eden regions: 611->0(611)
[2024-10-31T13:51:18.003+0000][gc,heap       ] GC(665) Survivor regions: 3->3(77)
[2024-10-31T13:51:18.003+0000][gc,heap       ] GC(665) Old regions: 21->21
[2024-10-31T13:51:18.003+0000][gc,heap       ] GC(665) Humongous regions: 129->129
[2024-10-31T13:51:18.003+0000][gc,metaspace  ] GC(665) Metaspace: 46303K(49664K)->46303K(49664K) NonClass: 40392K(42240K)->40392K(42240K) Class: 5910K(7424K)->5910K(7424K)
[2024-10-31T13:51:18.003+0000][gc            ] GC(665) Pause Young (Normal) (G1 Evacuation Pause) 761M->150M(1024M) 2.528ms
[2024-10-31T13:51:18.003+0000][gc,cpu        ] GC(665) User=0.01s Sys=0.00s Real=0.00s
[2024-10-31T15:57:15.946+0000][gc,start      ] GC(666) Pause Young (Normal) (G1 Evacuation Pause)
[2024-10-31T15:57:15.946+0000][gc,task       ] GC(666) Using 4 workers of 4 for evacuation
[2024-10-31T15:57:15.949+0000][gc,phases     ] GC(666)   Pre Evacuate Collection Set: 0.0ms
[2024-10-31T15:57:15.949+0000][gc,phases     ] GC(666)   Evacuate Collection Set: 2.3ms
[2024-10-31T15:57:15.949+0000][gc,phases     ] GC(666)   Post Evacuate Collection Set: 0.4ms
[2024-10-31T15:57:15.949+0000][gc,phases     ] GC(666)   Other: 0.1ms
[2024-10-31T15:57:15.949+0000][gc,heap       ] GC(666) Eden regions: 611->0(611)
[2024-10-31T15:57:15.949+0000][gc,heap       ] GC(666) Survivor regions: 3->3(77)
[2024-10-31T15:57:15.949+0000][gc,heap       ] GC(666) Old regions: 21->21
[2024-10-31T15:57:15.949+0000][gc,heap       ] GC(666) Humongous regions: 300->129
[2024-10-31T15:57:15.949+0000][gc,metaspace  ] GC(666) Metaspace: 46304K(49664K)->46304K(49664K) NonClass: 40393K(42240K)->40393K(42240K) Class: 5910K(7424K)->5910K(7424K)
[2024-10-31T15:57:15.949+0000][gc            ] GC(666) Pause Young (Normal) (G1 Evacuation Pause) 932M->150M(1024M) 2.925ms
[2024-10-31T15:57:15.949+0000][gc,cpu        ] GC(666) User=0.01s Sys=0.01s Real=0.01s
[2024-10-31T18:03:25.827+0000][gc,start      ] GC(667) Pause Young (Normal) (G1 Evacuation Pause)
[2024-10-31T18:03:25.828+0000][gc,task       ] GC(667) Using 4 workers of 4 for evacuation
[2024-10-31T18:03:25.830+0000][gc,phases     ] GC(667)   Pre Evacuate Collection Set: 0.0ms
[2024-10-31T18:03:25.830+0000][gc,phases     ] GC(667)   Evacuate Collection Set: 2.2ms
[2024-10-31T18:03:25.830+0000][gc,phases     ] GC(667)   Post Evacuate Collection Set: 0.3ms
[2024-10-31T18:03:25.830+0000][gc,phases     ] GC(667)   Other: 0.1ms
[2024-10-31T18:03:25.830+0000][gc,heap       ] GC(667) Eden regions: 611->0(611)
[2024-10-31T18:03:25.830+0000][gc,heap       ] GC(667) Survivor regions: 3->3(77)
[2024-10-31T18:03:25.830+0000][gc,heap       ] GC(667) Old regions: 21->21
[2024-10-31T18:03:25.830+0000][gc,heap       ] GC(667) Humongous regions: 129->129
[2024-10-31T18:03:25.830+0000][gc,metaspace  ] GC(667) Metaspace: 46304K(49664K)->46304K(49664K) NonClass: 40393K(42240K)->40393K(42240K) Class: 5910K(7424K)->5910K(7424K)
[2024-10-31T18:03:25.830+0000][gc            ] GC(667) Pause Young (Normal) (G1 Evacuation Pause) 761M->150M(1024M) 2.685ms
[2024-10-31T18:03:25.830+0000][gc,cpu        ] GC(667) User=0.00s Sys=0.00s Real=0.01s
[2024-10-31T20:09:33.261+0000][gc,start      ] GC(668) Pause Young (Normal) (G1 Evacuation Pause)
[2024-10-31T20:09:33.261+0000][gc,task       ] GC(668) Using 4 workers of 4 for evacuation
[2024-10-31T20:09:33.265+0000][gc,phases     ] GC(668)   Pre Evacuate Collection Set: 0.0ms
[2024-10-31T20:09:33.265+0000][gc,phases     ] GC(668)   Evacuate Collection Set: 2.6ms
[2024-10-31T20:09:33.265+0000][gc,phases     ] GC(668)   Post Evacuate Collection Set: 0.4ms
[2024-10-31T20:09:33.265+0000][gc,phases     ] GC(668)   Other: 0.2ms
[2024-10-31T20:09:33.265+0000][gc,heap       ] GC(668) Eden regions: 611->0(611)
[2024-10-31T20:09:33.265+0000][gc,heap       ] GC(668) Survivor regions: 3->3(77)
[2024-10-31T20:09:33.265+0000][gc,heap       ] GC(668) Old regions: 21->21
[2024-10-31T20:09:33.265+0000][gc,heap       ] GC(668) Humongous regions: 129->129
[2024-10-31T20:09:33.265+0000][gc,metaspace  ] GC(668) Metaspace: 46304K(49664K)->46304K(49664K) NonClass: 40393K(42240K)->40393K(42240K) Class: 5910K(7424K)->5910K(7424K)
[2024-10-31T20:09:33.265+0000][gc            ] GC(668) Pause Young (Normal) (G1 Evacuation Pause) 761M->151M(1024M) 3.226ms
[2024-10-31T20:09:33.265+0000][gc,cpu        ] GC(668) User=0.00s Sys=0.00s Real=0.00s
[2024-10-31T22:15:43.656+0000][gc,start      ] GC(669) Pause Young (Normal) (G1 Evacuation Pause)
[2024-10-31T22:15:43.656+0000][gc,task       ] GC(669) Using 4 workers of 4 for evacuation
[2024-10-31T22:15:43.659+0000][gc,phases     ] GC(669)   Pre Evacuate Collection Set: 0.0ms
[2024-10-31T22:15:43.660+0000][gc,phases     ] GC(669)   Evacuate Collection Set: 2.6ms
[2024-10-31T22:15:43.660+0000][gc,phases     ] GC(669)   Post Evacuate Collection Set: 0.3ms
[2024-10-31T22:15:43.660+0000][gc,phases     ] GC(669)   Other: 0.2ms
[2024-10-31T22:15:43.660+0000][gc,heap       ] GC(669) Eden regions: 611->0(611)
[2024-10-31T22:15:43.660+0000][gc,heap       ] GC(669) Survivor regions: 3->3(77)
[2024-10-31T22:15:43.660+0000][gc,heap       ] GC(669) Old regions: 21->21
[2024-10-31T22:15:43.660+0000][gc,heap       ] GC(669) Humongous regions: 129->129
[2024-10-31T22:15:43.660+0000][gc,metaspace  ] GC(669) Metaspace: 46304K(49664K)->46304K(49664K) NonClass: 40393K(42240K)->40393K(42240K) Class: 5910K(7424K)->5910K(7424K)
[2024-10-31T22:15:43.660+0000][gc            ] GC(669) Pause Young (Normal) (G1 Evacuation Pause) 762M->151M(1024M) 3.185ms
[2024-10-31T22:15:43.660+0000][gc,cpu        ] GC(669) User=0.01s Sys=0.00s Real=0.01s
[2024-11-01T00:22:01.261+0000][gc,start      ] GC(670) Pause Young (Normal) (G1 Evacuation Pause)
[2024-11-01T00:22:01.261+0000][gc,task       ] GC(670) Using 4 workers of 4 for evacuation
[2024-11-01T00:22:01.266+0000][gc,phases     ] GC(670)   Pre Evacuate Collection Set: 0.0ms
[2024-11-01T00:22:01.266+0000][gc,phases     ] GC(670)   Evacuate Collection Set: 4.1ms
[2024-11-01T00:22:01.266+0000][gc,phases     ] GC(670)   Post Evacuate Collection Set: 0.6ms
[2024-11-01T00:22:01.266+0000][gc,phases     ] GC(670)   Other: 0.2ms
[2024-11-01T00:22:01.266+0000][gc,heap       ] GC(670) Eden regions: 611->0(610)
[2024-11-01T00:22:01.266+0000][gc,heap       ] GC(670) Survivor regions: 3->4(77)
[2024-11-01T00:22:01.266+0000][gc,heap       ] GC(670) Old regions: 21->21
[2024-11-01T00:22:01.266+0000][gc,heap       ] GC(670) Humongous regions: 129->129
[2024-11-01T00:22:01.266+0000][gc,metaspace  ] GC(670) Metaspace: 46304K(49664K)->46304K(49664K) NonClass: 40393K(42240K)->40393K(42240K) Class: 5910K(7424K)->5910K(7424K)
[2024-11-01T00:22:01.266+0000][gc            ] GC(670) Pause Young (Normal) (G1 Evacuation Pause) 762M->151M(1024M) 4.890ms
[2024-11-01T00:22:01.266+0000][gc,cpu        ] GC(670) User=0.02s Sys=0.00s Real=0.00s
[2024-11-01T02:27:56.596+0000][gc,start      ] GC(671) Pause Young (Normal) (G1 Evacuation Pause)
[2024-11-01T02:27:56.596+0000][gc,task       ] GC(671) Using 4 workers of 4 for evacuation
[2024-11-01T02:27:56.600+0000][gc,phases     ] GC(671)   Pre Evacuate Collection Set: 0.0ms
[2024-11-01T02:27:56.600+0000][gc,phases     ] GC(671)   Evacuate Collection Set: 2.5ms
[2024-11-01T02:27:56.600+0000][gc,phases     ] GC(671)   Post Evacuate Collection Set: 0.4ms
[2024-11-01T02:27:56.600+0000][gc,phases     ] GC(671)   Other: 0.2ms
[2024-11-01T02:27:56.600+0000][gc,heap       ] GC(671) Eden regions: 610->0(610)
[2024-11-01T02:27:56.600+0000][gc,heap       ] GC(671) Survivor regions: 4->4(77)
[2024-11-01T02:27:56.600+0000][gc,heap       ] GC(671) Old regions: 21->21
[2024-11-01T02:27:56.600+0000][gc,heap       ] GC(671) Humongous regions: 129->129
[2024-11-01T02:27:56.600+0000][gc,metaspace  ] GC(671) Metaspace: 46304K(49664K)->46304K(49664K) NonClass: 40393K(42240K)->40393K(42240K) Class: 5910K(7424K)->5910K(7424K)
[2024-11-01T02:27:56.600+0000][gc            ] GC(671) Pause Young (Normal) (G1 Evacuation Pause) 761M->151M(1024M) 3.220ms
[2024-11-01T02:27:56.600+0000][gc,cpu        ] GC(671) User=0.01s Sys=0.00s Real=0.01s
[2024-11-01T04:33:30.736+0000][gc,start      ] GC(672) Pause Young (Normal) (G1 Evacuation Pause)
[2024-11-01T04:33:30.736+0000][gc,task       ] GC(672) Using 4 workers of 4 for evacuation
[2024-11-01T04:33:30.739+0000][gc,phases     ] GC(672)   Pre Evacuate Collection Set: 0.0ms
[2024-11-01T04:33:30.739+0000][gc,phases     ] GC(672)   Evacuate Collection Set: 2.6ms
[2024-11-01T04:33:30.739+0000][gc,phases     ] GC(672)   Post Evacuate Collection Set: 0.5ms
[2024-11-01T04:33:30.739+0000][gc,phases     ] GC(672)   Other: 0.2ms
[2024-11-01T04:33:30.739+0000][gc,heap       ] GC(672) Eden regions: 610->0(610)
[2024-11-01T04:33:30.739+0000][gc,heap       ] GC(672) Survivor regions: 4->4(77)
[2024-11-01T04:33:30.739+0000][gc,heap       ] GC(672) Old regions: 21->21
[2024-11-01T04:33:30.739+0000][gc,heap       ] GC(672) Humongous regions: 178->129
[2024-11-01T04:33:30.739+0000][gc,metaspace  ] GC(672) Metaspace: 46304K(49664K)->46304K(49664K) NonClass: 40393K(42240K)->40393K(42240K) Class: 5910K(7424K)->5910K(7424K)
[2024-11-01T04:33:30.739+0000][gc            ] GC(672) Pause Young (Normal) (G1 Evacuation Pause) 810M->151M(1024M) 3.357ms
[2024-11-01T04:33:30.739+0000][gc,cpu        ] GC(672) User=0.02s Sys=0.00s Real=0.01s
[2024-11-01T06:39:19.011+0000][gc,start      ] GC(673) Pause Young (Normal) (G1 Evacuation Pause)
[2024-11-01T06:39:19.011+0000][gc,task       ] GC(673) Using 4 workers of 4 for evacuation
[2024-11-01T06:39:19.015+0000][gc,phases     ] GC(673)   Pre Evacuate Collection Set: 0.0ms
[2024-11-01T06:39:19.015+0000][gc,phases     ] GC(673)   Evacuate Collection Set: 3.0ms
[2024-11-01T06:39:19.015+0000][gc,phases     ] GC(673)   Post Evacuate Collection Set: 0.4ms
[2024-11-01T06:39:19.015+0000][gc,phases     ] GC(673)   Other: 0.5ms
[2024-11-01T06:39:19.015+0000][gc,heap       ] GC(673) Eden regions: 610->0(610)
[2024-11-01T06:39:19.015+0000][gc,heap       ] GC(673) Survivor regions: 4->4(77)
[2024-11-01T06:39:19.015+0000][gc,heap       ] GC(673) Old regions: 21->21
[2024-11-01T06:39:19.015+0000][gc,heap       ] GC(673) Humongous regions: 129->129
[2024-11-01T06:39:19.015+0000][gc,metaspace  ] GC(673) Metaspace: 46304K(49664K)->46304K(49664K) NonClass: 40393K(42240K)->40393K(42240K) Class: 5910K(7424K)->5910K(7424K)
[2024-11-01T06:39:19.015+0000][gc            ] GC(673) Pause Young (Normal) (G1 Evacuation Pause) 761M->151M(1024M) 3.972ms
[2024-11-01T06:39:19.015+0000][gc,cpu        ] GC(673) User=0.01s Sys=0.00s Real=0.00s
