[2024-12-12T03:10:52.277+0000][gc,heap] Heap region size: 1M
[2024-12-12T03:10:52.317+0000][gc     ] Using G1
[2024-12-12T03:10:52.317+0000][gc,heap,coops] Heap address: 0x00000000c0000000, size: 1024 MB, Compressed Oops mode: 32-bit
[2024-12-12T03:10:52.317+0000][gc,cds       ] Mark closed archive regions in map: [0x00000000fff00000, 0x00000000fff6bff8]
[2024-12-12T03:10:52.317+0000][gc,cds       ] Mark open archive regions in map: [0x00000000ffe00000, 0x00000000ffe47ff8]
[2024-12-12T03:10:53.617+0000][gc,start     ] GC(0) Pause Young (Normal) (G1 Evacuation Pause)
[2024-12-12T03:10:53.625+0000][gc,task      ] GC(0) Using 4 workers of 4 for evacuation
[2024-12-12T03:10:53.638+0000][gc,phases    ] GC(0)   Pre Evacuate Collection Set: 0.0ms
[2024-12-12T03:10:53.638+0000][gc,phases    ] GC(0)   Evacuate Collection Set: 12.8ms
[2024-12-12T03:10:53.638+0000][gc,phases    ] GC(0)   Post Evacuate Collection Set: 0.3ms
[2024-12-12T03:10:53.638+0000][gc,phases    ] GC(0)   Other: 7.6ms
[2024-12-12T03:10:53.638+0000][gc,heap      ] GC(0) Eden regions: 51->0(44)
[2024-12-12T03:10:53.638+0000][gc,heap      ] GC(0) Survivor regions: 0->7(7)
[2024-12-12T03:10:53.638+0000][gc,heap      ] GC(0) Old regions: 2->2
[2024-12-12T03:10:53.638+0000][gc,heap      ] GC(0) Humongous regions: 0->0
[2024-12-12T03:10:53.638+0000][gc,metaspace ] GC(0) Metaspace: 14944K(15616K)->14944K(15616K) NonClass: 13096K(13568K)->13096K(13568K) Class: 1848K(2048K)->1848K(2048K)
[2024-12-12T03:10:53.638+0000][gc           ] GC(0) Pause Young (Normal) (G1 Evacuation Pause) 51M->7M(1024M) 20.726ms
[2024-12-12T03:10:53.638+0000][gc,cpu       ] GC(0) User=0.02s Sys=0.00s Real=0.02s
[2024-12-12T03:10:54.472+0000][gc,start     ] GC(1) Pause Young (Concurrent Start) (Metadata GC Threshold)
[2024-12-12T03:10:54.472+0000][gc,task      ] GC(1) Using 4 workers of 4 for evacuation
[2024-12-12T03:10:54.529+0000][gc,mmu       ] GC(1) MMU target violated: 21.0ms (20.0ms/21.0ms)
[2024-12-12T03:10:54.529+0000][gc,phases    ] GC(1)   Pre Evacuate Collection Set: 0.1ms
[2024-12-12T03:10:54.529+0000][gc,phases    ] GC(1)   Evacuate Collection Set: 44.6ms
[2024-12-12T03:10:54.529+0000][gc,phases    ] GC(1)   Post Evacuate Collection Set: 12.0ms
[2024-12-12T03:10:54.529+0000][gc,phases    ] GC(1)   Other: 0.2ms
[2024-12-12T03:10:54.529+0000][gc,heap      ] GC(1) Eden regions: 24->0(50)
[2024-12-12T03:10:54.529+0000][gc,heap      ] GC(1) Survivor regions: 7->1(7)
[2024-12-12T03:10:54.529+0000][gc,heap      ] GC(1) Old regions: 2->9
[2024-12-12T03:10:54.529+0000][gc,heap      ] GC(1) Humongous regions: 0->0
[2024-12-12T03:10:54.529+0000][gc,metaspace ] GC(1) Metaspace: 20632K(21248K)->20632K(21248K) NonClass: 18096K(18432K)->18096K(18432K) Class: 2536K(2816K)->2536K(2816K)
[2024-12-12T03:10:54.529+0000][gc           ] GC(1) Pause Young (Concurrent Start) (Metadata GC Threshold) 30M->8M(1024M) 56.957ms
[2024-12-12T03:10:54.529+0000][gc,cpu       ] GC(1) User=0.03s Sys=0.01s Real=0.06s
[2024-12-12T03:10:54.529+0000][gc           ] GC(2) Concurrent Cycle
[2024-12-12T03:10:54.529+0000][gc,marking   ] GC(2) Concurrent Clear Claimed Marks
[2024-12-12T03:10:54.529+0000][gc,marking   ] GC(2) Concurrent Clear Claimed Marks 0.058ms
[2024-12-12T03:10:54.529+0000][gc,marking   ] GC(2) Concurrent Scan Root Regions
[2024-12-12T03:10:54.533+0000][gc,marking   ] GC(2) Concurrent Scan Root Regions 4.340ms
[2024-12-12T03:10:54.533+0000][gc,marking   ] GC(2) Concurrent Mark (2.259s)
[2024-12-12T03:10:54.533+0000][gc,marking   ] GC(2) Concurrent Mark From Roots
[2024-12-12T03:10:54.533+0000][gc,task      ] GC(2) Using 1 workers of 1 for marking
[2024-12-12T03:10:54.545+0000][gc,marking   ] GC(2) Concurrent Mark From Roots 11.240ms
[2024-12-12T03:10:54.545+0000][gc,marking   ] GC(2) Concurrent Preclean
[2024-12-12T03:10:54.545+0000][gc,marking   ] GC(2) Concurrent Preclean 0.062ms
[2024-12-12T03:10:54.545+0000][gc,marking   ] GC(2) Concurrent Mark (2.259s, 2.271s) 11.332ms
[2024-12-12T03:10:54.552+0000][gc,start     ] GC(2) Pause Remark
[2024-12-12T03:10:54.558+0000][gc,stringtable] GC(2) Cleaned string and symbol table, strings: 5688 processed, 0 removed, symbols: 51883 processed, 44 removed
[2024-12-12T03:10:54.558+0000][gc            ] GC(2) Pause Remark 9M->9M(1024M) 6.253ms
[2024-12-12T03:10:54.558+0000][gc,cpu        ] GC(2) User=0.00s Sys=0.00s Real=0.00s
[2024-12-12T03:10:54.558+0000][gc,marking    ] GC(2) Concurrent Rebuild Remembered Sets
[2024-12-12T03:10:54.564+0000][gc,marking    ] GC(2) Concurrent Rebuild Remembered Sets 5.959ms
[2024-12-12T03:10:54.580+0000][gc,start      ] GC(2) Pause Cleanup
[2024-12-12T03:10:54.580+0000][gc            ] GC(2) Pause Cleanup 10M->10M(1024M) 0.217ms
[2024-12-12T03:10:54.580+0000][gc,cpu        ] GC(2) User=0.00s Sys=0.00s Real=0.00s
[2024-12-12T03:10:54.581+0000][gc,marking    ] GC(2) Concurrent Cleanup for Next Mark
[2024-12-12T03:10:54.587+0000][gc,marking    ] GC(2) Concurrent Cleanup for Next Mark 5.815ms
[2024-12-12T03:10:54.587+0000][gc            ] GC(2) Concurrent Cycle 57.601ms
[2024-12-12T03:10:55.524+0000][gc,start      ] GC(3) Pause Young (Normal) (G1 Evacuation Pause)
[2024-12-12T03:10:55.524+0000][gc,task       ] GC(3) Using 4 workers of 4 for evacuation
[2024-12-12T03:10:55.551+0000][gc,mmu        ] GC(3) MMU target violated: 21.0ms (20.0ms/21.0ms)
[2024-12-12T03:10:55.551+0000][gc,phases     ] GC(3)   Pre Evacuate Collection Set: 0.0ms
[2024-12-12T03:10:55.551+0000][gc,phases     ] GC(3)   Evacuate Collection Set: 27.0ms
[2024-12-12T03:10:55.551+0000][gc,phases     ] GC(3)   Post Evacuate Collection Set: 0.3ms
[2024-12-12T03:10:55.551+0000][gc,phases     ] GC(3)   Other: 0.1ms
[2024-12-12T03:10:55.551+0000][gc,heap       ] GC(3) Eden regions: 50->0(46)
[2024-12-12T03:10:55.551+0000][gc,heap       ] GC(3) Survivor regions: 1->5(7)
[2024-12-12T03:10:55.551+0000][gc,heap       ] GC(3) Old regions: 9->9
[2024-12-12T03:10:55.551+0000][gc,heap       ] GC(3) Humongous regions: 129->129
[2024-12-12T03:10:55.551+0000][gc,metaspace  ] GC(3) Metaspace: 29290K(30464K)->29290K(30464K) NonClass: 25869K(26624K)->25869K(26624K) Class: 3420K(3840K)->3420K(3840K)
[2024-12-12T03:10:55.551+0000][gc            ] GC(3) Pause Young (Normal) (G1 Evacuation Pause) 187M->140M(1024M) 27.497ms
[2024-12-12T03:10:55.551+0000][gc,cpu        ] GC(3) User=0.04s Sys=0.00s Real=0.03s
[2024-12-12T03:10:56.506+0000][gc,start      ] GC(4) Pause Young (Concurrent Start) (Metadata GC Threshold)
[2024-12-12T03:10:56.506+0000][gc,task       ] GC(4) Using 4 workers of 4 for evacuation
[2024-12-12T03:10:56.537+0000][gc,mmu        ] GC(4) MMU target violated: 21.0ms (20.0ms/21.0ms)
[2024-12-12T03:10:56.537+0000][gc,phases     ] GC(4)   Pre Evacuate Collection Set: 0.1ms
[2024-12-12T03:10:56.537+0000][gc,phases     ] GC(4)   Evacuate Collection Set: 18.9ms
[2024-12-12T03:10:56.537+0000][gc,phases     ] GC(4)   Post Evacuate Collection Set: 12.0ms
[2024-12-12T03:10:56.537+0000][gc,phases     ] GC(4)   Other: 0.2ms
[2024-12-12T03:10:56.537+0000][gc,heap       ] GC(4) Eden regions: 26->0(49)
[2024-12-12T03:10:56.537+0000][gc,heap       ] GC(4) Survivor regions: 5->2(7)
[2024-12-12T03:10:56.537+0000][gc,heap       ] GC(4) Old regions: 9->13
[2024-12-12T03:10:56.537+0000][gc,heap       ] GC(4) Humongous regions: 129->129
[2024-12-12T03:10:56.537+0000][gc,metaspace  ] GC(4) Metaspace: 34504K(35840K)->34504K(35840K) NonClass: 30434K(31104K)->30434K(31104K) Class: 4069K(4736K)->4069K(4736K)
[2024-12-12T03:10:56.537+0000][gc            ] GC(4) Pause Young (Concurrent Start) (Metadata GC Threshold) 166M->142M(1024M) 31.267ms
[2024-12-12T03:10:56.537+0000][gc,cpu        ] GC(4) User=0.04s Sys=0.00s Real=0.03s
[2024-12-12T03:10:56.537+0000][gc            ] GC(5) Concurrent Cycle
[2024-12-12T03:10:56.537+0000][gc,marking    ] GC(5) Concurrent Clear Claimed Marks
[2024-12-12T03:10:56.537+0000][gc,marking    ] GC(5) Concurrent Clear Claimed Marks 0.070ms
[2024-12-12T03:10:56.537+0000][gc,marking    ] GC(5) Concurrent Scan Root Regions
[2024-12-12T03:10:56.538+0000][gc,marking    ] GC(5) Concurrent Scan Root Regions 1.087ms
[2024-12-12T03:10:56.538+0000][gc,marking    ] GC(5) Concurrent Mark (4.264s)
[2024-12-12T03:10:56.538+0000][gc,marking    ] GC(5) Concurrent Mark From Roots
[2024-12-12T03:10:56.538+0000][gc,task       ] GC(5) Using 1 workers of 1 for marking
[2024-12-12T03:10:56.594+0000][gc,marking    ] GC(5) Concurrent Mark From Roots 55.795ms
[2024-12-12T03:10:56.594+0000][gc,marking    ] GC(5) Concurrent Preclean
[2024-12-12T03:10:56.594+0000][gc,marking    ] GC(5) Concurrent Preclean 0.059ms
[2024-12-12T03:10:56.594+0000][gc,marking    ] GC(5) Concurrent Mark (4.264s, 4.320s) 55.900ms
[2024-12-12T03:10:56.617+0000][gc,start      ] GC(5) Pause Remark
[2024-12-12T03:10:56.647+0000][gc,stringtable] GC(5) Cleaned string and symbol table, strings: 10315 processed, 9 removed, symbols: 83569 processed, 15 removed
[2024-12-12T03:10:56.657+0000][gc,mmu        ] GC(5) MMU target violated: 21.0ms (20.0ms/21.0ms)
[2024-12-12T03:10:56.657+0000][gc            ] GC(5) Pause Remark 145M->145M(1024M) 40.217ms
[2024-12-12T03:10:56.657+0000][gc,cpu        ] GC(5) User=0.04s Sys=0.00s Real=0.04s
[2024-12-12T03:10:56.657+0000][gc,marking    ] GC(5) Concurrent Rebuild Remembered Sets
[2024-12-12T03:10:56.709+0000][gc,marking    ] GC(5) Concurrent Rebuild Remembered Sets 52.281ms
[2024-12-12T03:10:56.719+0000][gc,start      ] GC(5) Pause Cleanup
[2024-12-12T03:10:56.721+0000][gc            ] GC(5) Pause Cleanup 146M->146M(1024M) 2.122ms
[2024-12-12T03:10:56.721+0000][gc,cpu        ] GC(5) User=0.00s Sys=0.00s Real=0.01s
[2024-12-12T03:10:56.721+0000][gc,marking    ] GC(5) Concurrent Cleanup for Next Mark
[2024-12-12T03:10:56.725+0000][gc,marking    ] GC(5) Concurrent Cleanup for Next Mark 4.519ms
[2024-12-12T03:10:56.725+0000][gc            ] GC(5) Concurrent Cycle 188.458ms
[2024-12-12T03:11:04.454+0000][gc,start      ] GC(6) Pause Young (Concurrent Start) (G1 Evacuation Pause)
[2024-12-12T03:11:04.455+0000][gc,task       ] GC(6) Using 4 workers of 4 for evacuation
[2024-12-12T03:11:04.493+0000][gc,mmu        ] GC(6) MMU target violated: 21.0ms (20.0ms/21.0ms)
[2024-12-12T03:11:04.493+0000][gc,phases     ] GC(6)   Pre Evacuate Collection Set: 0.2ms
[2024-12-12T03:11:04.493+0000][gc,phases     ] GC(6)   Evacuate Collection Set: 37.4ms
[2024-12-12T03:11:04.493+0000][gc,phases     ] GC(6)   Post Evacuate Collection Set: 0.5ms
[2024-12-12T03:11:04.493+0000][gc,phases     ] GC(6)   Other: 0.2ms
[2024-12-12T03:11:04.493+0000][gc,heap       ] GC(6) Eden regions: 49->0(46)
[2024-12-12T03:11:04.493+0000][gc,heap       ] GC(6) Survivor regions: 2->5(7)
[2024-12-12T03:11:04.493+0000][gc,heap       ] GC(6) Old regions: 13->13
[2024-12-12T03:11:04.493+0000][gc,heap       ] GC(6) Humongous regions: 129->129
[2024-12-12T03:11:04.493+0000][gc,metaspace  ] GC(6) Metaspace: 41598K(44108K)->41598K(44108K) NonClass: 36177K(37376K)->36177K(37376K) Class: 5420K(6732K)->5420K(6732K)
[2024-12-12T03:11:04.493+0000][gc            ] GC(6) Pause Young (Concurrent Start) (G1 Evacuation Pause) 191M->145M(1024M) 38.410ms
[2024-12-12T03:11:04.493+0000][gc,cpu        ] GC(6) User=0.02s Sys=0.00s Real=0.04s
[2024-12-12T03:11:04.493+0000][gc            ] GC(7) Concurrent Cycle
[2024-12-12T03:11:04.493+0000][gc,marking    ] GC(7) Concurrent Clear Claimed Marks
[2024-12-12T03:11:04.493+0000][gc,marking    ] GC(7) Concurrent Clear Claimed Marks 0.261ms
[2024-12-12T03:11:04.493+0000][gc,marking    ] GC(7) Concurrent Scan Root Regions
[2024-12-12T03:11:04.515+0000][gc,marking    ] GC(7) Concurrent Scan Root Regions 21.653ms
[2024-12-12T03:11:04.515+0000][gc,marking    ] GC(7) Concurrent Mark (12.241s)
[2024-12-12T03:11:04.515+0000][gc,marking    ] GC(7) Concurrent Mark From Roots
[2024-12-12T03:11:04.515+0000][gc,task       ] GC(7) Using 1 workers of 1 for marking
[2024-12-12T03:11:04.562+0000][gc,marking    ] GC(7) Concurrent Mark From Roots 47.456ms
[2024-12-12T03:11:04.562+0000][gc,marking    ] GC(7) Concurrent Preclean
[2024-12-12T03:11:04.563+0000][gc,marking    ] GC(7) Concurrent Preclean 0.069ms
[2024-12-12T03:11:04.563+0000][gc,marking    ] GC(7) Concurrent Mark (12.241s, 12.288s) 47.576ms
[2024-12-12T03:11:04.563+0000][gc,start      ] GC(7) Pause Remark
[2024-12-12T03:11:04.575+0000][gc,stringtable] GC(7) Cleaned string and symbol table, strings: 11656 processed, 6 removed, symbols: 91012 processed, 5 removed
[2024-12-12T03:11:04.575+0000][gc            ] GC(7) Pause Remark 146M->146M(1024M) 12.038ms
[2024-12-12T03:11:04.575+0000][gc,cpu        ] GC(7) User=0.01s Sys=0.00s Real=0.01s
[2024-12-12T03:11:04.577+0000][gc,marking    ] GC(7) Concurrent Rebuild Remembered Sets
[2024-12-12T03:11:04.585+0000][gc,marking    ] GC(7) Concurrent Rebuild Remembered Sets 7.811ms
[2024-12-12T03:11:04.585+0000][gc,start      ] GC(7) Pause Cleanup
[2024-12-12T03:11:04.585+0000][gc            ] GC(7) Pause Cleanup 146M->146M(1024M) 0.151ms
[2024-12-12T03:11:04.585+0000][gc,cpu        ] GC(7) User=0.00s Sys=0.00s Real=0.00s
[2024-12-12T03:11:04.589+0000][gc,marking    ] GC(7) Concurrent Cleanup for Next Mark
[2024-12-12T03:11:04.590+0000][gc,marking    ] GC(7) Concurrent Cleanup for Next Mark 1.180ms
[2024-12-12T03:11:04.590+0000][gc            ] GC(7) Concurrent Cycle 96.896ms
[2024-12-12T03:18:51.033+0000][gc,start      ] GC(8) Pause Young (Normal) (G1 Evacuation Pause)
[2024-12-12T03:18:51.033+0000][gc,task       ] GC(8) Using 4 workers of 4 for evacuation
[2024-12-12T03:18:51.062+0000][gc,mmu        ] GC(8) MMU target violated: 21.0ms (20.0ms/21.0ms)
[2024-12-12T03:18:51.062+0000][gc,phases     ] GC(8)   Pre Evacuate Collection Set: 0.0ms
[2024-12-12T03:18:51.062+0000][gc,phases     ] GC(8)   Evacuate Collection Set: 28.2ms
[2024-12-12T03:18:51.062+0000][gc,phases     ] GC(8)   Post Evacuate Collection Set: 0.6ms
[2024-12-12T03:18:51.062+0000][gc,phases     ] GC(8)   Other: 0.3ms
[2024-12-12T03:18:51.062+0000][gc,heap       ] GC(8) Eden regions: 46->0(45)
[2024-12-12T03:18:51.062+0000][gc,heap       ] GC(8) Survivor regions: 5->6(7)
[2024-12-12T03:18:51.062+0000][gc,heap       ] GC(8) Old regions: 13->15
[2024-12-12T03:18:51.062+0000][gc,heap       ] GC(8) Humongous regions: 129->129
[2024-12-12T03:18:51.062+0000][gc,metaspace  ] GC(8) Metaspace: 43308K(46028K)->43308K(46028K) NonClass: 37739K(39168K)->37739K(39168K) Class: 5568K(6860K)->5568K(6860K)
[2024-12-12T03:18:51.062+0000][gc            ] GC(8) Pause Young (Normal) (G1 Evacuation Pause) 191M->147M(1024M) 29.097ms
[2024-12-12T03:18:51.062+0000][gc,cpu        ] GC(8) User=0.02s Sys=0.01s Real=0.03s
[2024-12-12T03:27:37.623+0000][gc,start      ] GC(9) Pause Young (Normal) (G1 Evacuation Pause)
[2024-12-12T03:27:37.623+0000][gc,task       ] GC(9) Using 4 workers of 4 for evacuation
[2024-12-12T03:27:37.648+0000][gc,mmu        ] GC(9) MMU target violated: 21.0ms (20.0ms/21.0ms)
[2024-12-12T03:27:37.648+0000][gc,phases     ] GC(9)   Pre Evacuate Collection Set: 0.0ms
[2024-12-12T03:27:37.648+0000][gc,phases     ] GC(9)   Evacuate Collection Set: 24.3ms
[2024-12-12T03:27:37.648+0000][gc,phases     ] GC(9)   Post Evacuate Collection Set: 0.3ms
[2024-12-12T03:27:37.648+0000][gc,phases     ] GC(9)   Other: 0.7ms
[2024-12-12T03:27:37.648+0000][gc,heap       ] GC(9) Eden regions: 45->0(47)
[2024-12-12T03:27:37.648+0000][gc,heap       ] GC(9) Survivor regions: 6->4(7)
[2024-12-12T03:27:37.648+0000][gc,heap       ] GC(9) Old regions: 15->18
[2024-12-12T03:27:37.648+0000][gc,heap       ] GC(9) Humongous regions: 129->129
[2024-12-12T03:27:37.648+0000][gc,metaspace  ] GC(9) Metaspace: 43451K(46412K)->43451K(46412K) NonClass: 37859K(39424K)->37859K(39424K) Class: 5592K(6988K)->5592K(6988K)
[2024-12-12T03:27:37.648+0000][gc            ] GC(9) Pause Young (Normal) (G1 Evacuation Pause) 192M->148M(1024M) 25.424ms
[2024-12-12T03:27:37.648+0000][gc,cpu        ] GC(9) User=0.02s Sys=0.00s Real=0.02s
[2024-12-12T03:37:32.623+0000][gc,start      ] GC(10) Pause Young (Normal) (G1 Evacuation Pause)
[2024-12-12T03:37:32.623+0000][gc,task       ] GC(10) Using 4 workers of 4 for evacuation
[2024-12-12T03:37:32.640+0000][gc,phases     ] GC(10)   Pre Evacuate Collection Set: 0.0ms
[2024-12-12T03:37:32.640+0000][gc,phases     ] GC(10)   Evacuate Collection Set: 5.4ms
[2024-12-12T03:37:32.640+0000][gc,phases     ] GC(10)   Post Evacuate Collection Set: 11.6ms
[2024-12-12T03:37:32.640+0000][gc,phases     ] GC(10)   Other: 0.2ms
[2024-12-12T03:37:32.640+0000][gc,heap       ] GC(10) Eden regions: 47->0(48)
[2024-12-12T03:37:32.640+0000][gc,heap       ] GC(10) Survivor regions: 4->3(7)
[2024-12-12T03:37:32.640+0000][gc,heap       ] GC(10) Old regions: 18->18
[2024-12-12T03:37:32.640+0000][gc,heap       ] GC(10) Humongous regions: 129->129
[2024-12-12T03:37:32.640+0000][gc,metaspace  ] GC(10) Metaspace: 43497K(46412K)->43497K(46412K) NonClass: 37905K(39424K)->37905K(39424K) Class: 5592K(6988K)->5592K(6988K)
[2024-12-12T03:37:32.640+0000][gc            ] GC(10) Pause Young (Normal) (G1 Evacuation Pause) 195M->147M(1024M) 17.303ms
[2024-12-12T03:37:32.640+0000][gc,cpu        ] GC(10) User=0.03s Sys=0.00s Real=0.01s
[2024-12-12T03:48:02.623+0000][gc,start      ] GC(11) Pause Young (Normal) (G1 Evacuation Pause)
[2024-12-12T03:48:02.623+0000][gc,task       ] GC(11) Using 4 workers of 4 for evacuation
[2024-12-12T03:48:02.630+0000][gc,phases     ] GC(11)   Pre Evacuate Collection Set: 0.0ms
[2024-12-12T03:48:02.630+0000][gc,phases     ] GC(11)   Evacuate Collection Set: 5.6ms
[2024-12-12T03:48:02.630+0000][gc,phases     ] GC(11)   Post Evacuate Collection Set: 0.9ms
[2024-12-12T03:48:02.630+0000][gc,phases     ] GC(11)   Other: 0.2ms
[2024-12-12T03:48:02.630+0000][gc,heap       ] GC(11) Eden regions: 48->0(47)
[2024-12-12T03:48:02.630+0000][gc,heap       ] GC(11) Survivor regions: 3->4(7)
[2024-12-12T03:48:02.630+0000][gc,heap       ] GC(11) Old regions: 18->18
[2024-12-12T03:48:02.630+0000][gc,heap       ] GC(11) Humongous regions: 129->129
[2024-12-12T03:48:02.630+0000][gc,metaspace  ] GC(11) Metaspace: 43548K(46412K)->43548K(46412K) NonClass: 37956K(39424K)->37956K(39424K) Class: 5592K(6988K)->5592K(6988K)
[2024-12-12T03:48:02.630+0000][gc            ] GC(11) Pause Young (Normal) (G1 Evacuation Pause) 195M->148M(1024M) 6.803ms
[2024-12-12T03:48:02.630+0000][gc,cpu        ] GC(11) User=0.02s Sys=0.00s Real=0.01s
[2024-12-12T03:58:25.664+0000][gc,start      ] GC(12) Pause Young (Normal) (G1 Evacuation Pause)
[2024-12-12T03:58:25.664+0000][gc,task       ] GC(12) Using 4 workers of 4 for evacuation
[2024-12-12T03:58:25.693+0000][gc,mmu        ] GC(12) MMU target violated: 21.0ms (20.0ms/21.0ms)
[2024-12-12T03:58:25.693+0000][gc,phases     ] GC(12)   Pre Evacuate Collection Set: 0.0ms
[2024-12-12T03:58:25.693+0000][gc,phases     ] GC(12)   Evacuate Collection Set: 26.1ms
[2024-12-12T03:58:25.693+0000][gc,phases     ] GC(12)   Post Evacuate Collection Set: 2.5ms
[2024-12-12T03:58:25.693+0000][gc,phases     ] GC(12)   Other: 0.2ms
[2024-12-12T03:58:25.693+0000][gc,heap       ] GC(12) Eden regions: 47->0(47)
[2024-12-12T03:58:25.693+0000][gc,heap       ] GC(12) Survivor regions: 4->4(7)
[2024-12-12T03:58:25.693+0000][gc,heap       ] GC(12) Old regions: 18->18
[2024-12-12T03:58:25.693+0000][gc,heap       ] GC(12) Humongous regions: 129->129
[2024-12-12T03:58:25.693+0000][gc,metaspace  ] GC(12) Metaspace: 43600K(46412K)->43600K(46412K) NonClass: 38007K(39424K)->38007K(39424K) Class: 5592K(6988K)->5592K(6988K)
[2024-12-12T03:58:25.693+0000][gc            ] GC(12) Pause Young (Normal) (G1 Evacuation Pause) 195M->148M(1024M) 28.871ms
[2024-12-12T03:58:25.693+0000][gc,cpu        ] GC(12) User=0.02s Sys=0.00s Real=0.02s
[2024-12-12T04:08:44.892+0000][gc,start      ] GC(13) Pause Young (Normal) (G1 Evacuation Pause)
[2024-12-12T04:08:44.892+0000][gc,task       ] GC(13) Using 4 workers of 4 for evacuation
[2024-12-12T04:08:44.915+0000][gc,mmu        ] GC(13) MMU target violated: 21.0ms (20.0ms/21.0ms)
[2024-12-12T04:08:44.915+0000][gc,phases     ] GC(13)   Pre Evacuate Collection Set: 0.0ms
[2024-12-12T04:08:44.915+0000][gc,phases     ] GC(13)   Evacuate Collection Set: 16.3ms
[2024-12-12T04:08:44.915+0000][gc,phases     ] GC(13)   Post Evacuate Collection Set: 5.8ms
[2024-12-12T04:08:44.915+0000][gc,phases     ] GC(13)   Other: 0.2ms
[2024-12-12T04:08:44.915+0000][gc,heap       ] GC(13) Eden regions: 47->0(46)
[2024-12-12T04:08:44.915+0000][gc,heap       ] GC(13) Survivor regions: 4->5(7)
[2024-12-12T04:08:44.915+0000][gc,heap       ] GC(13) Old regions: 18->18
[2024-12-12T04:08:44.915+0000][gc,heap       ] GC(13) Humongous regions: 129->129
[2024-12-12T04:08:44.915+0000][gc,metaspace  ] GC(13) Metaspace: 43655K(46412K)->43655K(46412K) NonClass: 38062K(39424K)->38062K(39424K) Class: 5592K(6988K)->5592K(6988K)
[2024-12-12T04:08:44.915+0000][gc            ] GC(13) Pause Young (Normal) (G1 Evacuation Pause) 195M->149M(1024M) 22.325ms
[2024-12-12T04:08:44.915+0000][gc,cpu        ] GC(13) User=0.04s Sys=0.00s Real=0.02s
[2024-12-12T04:18:10.378+0000][gc,start      ] GC(14) Pause Young (Normal) (G1 Evacuation Pause)
[2024-12-12T04:18:10.378+0000][gc,task       ] GC(14) Using 4 workers of 4 for evacuation
[2024-12-12T04:18:10.383+0000][gc,phases     ] GC(14)   Pre Evacuate Collection Set: 0.0ms
[2024-12-12T04:18:10.383+0000][gc,phases     ] GC(14)   Evacuate Collection Set: 5.1ms
[2024-12-12T04:18:10.383+0000][gc,phases     ] GC(14)   Post Evacuate Collection Set: 0.2ms
[2024-12-12T04:18:10.383+0000][gc,phases     ] GC(14)   Other: 0.2ms
[2024-12-12T04:18:10.383+0000][gc,heap       ] GC(14) Eden regions: 46->0(47)
[2024-12-12T04:18:10.383+0000][gc,heap       ] GC(14) Survivor regions: 5->4(7)
[2024-12-12T04:18:10.383+0000][gc,heap       ] GC(14) Old regions: 18->19
[2024-12-12T04:18:10.383+0000][gc,heap       ] GC(14) Humongous regions: 129->129
[2024-12-12T04:18:10.383+0000][gc,metaspace  ] GC(14) Metaspace: 43702K(46412K)->43702K(46412K) NonClass: 38104K(39424K)->38104K(39424K) Class: 5597K(6988K)->5597K(6988K)
[2024-12-12T04:18:10.383+0000][gc            ] GC(14) Pause Young (Normal) (G1 Evacuation Pause) 195M->149M(1024M) 5.591ms
[2024-12-12T04:18:10.383+0000][gc,cpu        ] GC(14) User=0.01s Sys=0.00s Real=0.01s
[2024-12-12T04:28:27.623+0000][gc,start      ] GC(15) Pause Young (Normal) (G1 Evacuation Pause)
[2024-12-12T04:28:27.623+0000][gc,task       ] GC(15) Using 4 workers of 4 for evacuation
[2024-12-12T04:28:27.638+0000][gc,phases     ] GC(15)   Pre Evacuate Collection Set: 0.0ms
[2024-12-12T04:28:27.638+0000][gc,phases     ] GC(15)   Evacuate Collection Set: 14.6ms
[2024-12-12T04:28:27.638+0000][gc,phases     ] GC(15)   Post Evacuate Collection Set: 0.5ms
[2024-12-12T04:28:27.638+0000][gc,phases     ] GC(15)   Other: 0.2ms
[2024-12-12T04:28:27.638+0000][gc,heap       ] GC(15) Eden regions: 47->0(56)
[2024-12-12T04:28:27.638+0000][gc,heap       ] GC(15) Survivor regions: 4->4(7)
[2024-12-12T04:28:27.638+0000][gc,heap       ] GC(15) Old regions: 19->19
[2024-12-12T04:28:27.638+0000][gc,heap       ] GC(15) Humongous regions: 129->129
[2024-12-12T04:28:27.638+0000][gc,metaspace  ] GC(15) Metaspace: 43718K(46668K)->43718K(46668K) NonClass: 38120K(39680K)->38120K(39680K) Class: 5597K(6988K)->5597K(6988K)
[2024-12-12T04:28:27.638+0000][gc            ] GC(15) Pause Young (Normal) (G1 Evacuation Pause) 196M->149M(1024M) 15.388ms
[2024-12-12T04:28:27.638+0000][gc,cpu        ] GC(15) User=0.02s Sys=0.00s Real=0.01s
[2024-12-12T04:40:43.633+0000][gc,start      ] GC(16) Pause Young (Normal) (G1 Evacuation Pause)
[2024-12-12T04:40:43.633+0000][gc,task       ] GC(16) Using 4 workers of 4 for evacuation
[2024-12-12T04:40:43.640+0000][gc,phases     ] GC(16)   Pre Evacuate Collection Set: 0.0ms
[2024-12-12T04:40:43.640+0000][gc,phases     ] GC(16)   Evacuate Collection Set: 6.6ms
[2024-12-12T04:40:43.640+0000][gc,phases     ] GC(16)   Post Evacuate Collection Set: 0.3ms
[2024-12-12T04:40:43.640+0000][gc,phases     ] GC(16)   Other: 0.2ms
[2024-12-12T04:40:43.640+0000][gc,heap       ] GC(16) Eden regions: 56->0(58)
[2024-12-12T04:40:43.640+0000][gc,heap       ] GC(16) Survivor regions: 4->4(8)
[2024-12-12T04:40:43.640+0000][gc,heap       ] GC(16) Old regions: 19->19
[2024-12-12T04:40:43.640+0000][gc,heap       ] GC(16) Humongous regions: 129->129
[2024-12-12T04:40:43.640+0000][gc,metaspace  ] GC(16) Metaspace: 43734K(46668K)->43734K(46668K) NonClass: 38136K(39680K)->38136K(39680K) Class: 5597K(6988K)->5597K(6988K)
[2024-12-12T04:40:43.640+0000][gc            ] GC(16) Pause Young (Normal) (G1 Evacuation Pause) 205M->149M(1024M) 7.062ms
[2024-12-12T04:40:43.640+0000][gc,cpu        ] GC(16) User=0.02s Sys=0.00s Real=0.00s
[2024-12-12T04:53:31.622+0000][gc,start      ] GC(17) Pause Young (Normal) (G1 Evacuation Pause)
[2024-12-12T04:53:31.622+0000][gc,task       ] GC(17) Using 4 workers of 4 for evacuation
[2024-12-12T04:53:31.641+0000][gc,phases     ] GC(17)   Pre Evacuate Collection Set: 0.0ms
[2024-12-12T04:53:31.641+0000][gc,phases     ] GC(17)   Evacuate Collection Set: 18.4ms
[2024-12-12T04:53:31.641+0000][gc,phases     ] GC(17)   Post Evacuate Collection Set: 0.3ms
[2024-12-12T04:53:31.641+0000][gc,phases     ] GC(17)   Other: 0.2ms
[2024-12-12T04:53:31.641+0000][gc,heap       ] GC(17) Eden regions: 58->0(73)
[2024-12-12T04:53:31.641+0000][gc,heap       ] GC(17) Survivor regions: 4->4(8)
[2024-12-12T04:53:31.641+0000][gc,heap       ] GC(17) Old regions: 19->19
[2024-12-12T04:53:31.641+0000][gc,heap       ] GC(17) Humongous regions: 129->129
[2024-12-12T04:53:31.641+0000][gc,metaspace  ] GC(17) Metaspace: 43757K(46668K)->43757K(46668K) NonClass: 38159K(39680K)->38159K(39680K) Class: 5597K(6988K)->5597K(6988K)
[2024-12-12T04:53:31.641+0000][gc            ] GC(17) Pause Young (Normal) (G1 Evacuation Pause) 207M->149M(1024M) 18.889ms
[2024-12-12T04:53:31.641+0000][gc,cpu        ] GC(17) User=0.01s Sys=0.00s Real=0.02s
[2024-12-12T05:09:45.193+0000][gc,start      ] GC(18) Pause Young (Normal) (G1 Evacuation Pause)
[2024-12-12T05:09:45.193+0000][gc,task       ] GC(18) Using 4 workers of 4 for evacuation
[2024-12-12T05:09:45.200+0000][gc,phases     ] GC(18)   Pre Evacuate Collection Set: 0.0ms
[2024-12-12T05:09:45.200+0000][gc,phases     ] GC(18)   Evacuate Collection Set: 6.6ms
[2024-12-12T05:09:45.200+0000][gc,phases     ] GC(18)   Post Evacuate Collection Set: 0.3ms
[2024-12-12T05:09:45.200+0000][gc,phases     ] GC(18)   Other: 0.2ms
[2024-12-12T05:09:45.200+0000][gc,heap       ] GC(18) Eden regions: 73->0(84)
[2024-12-12T05:09:45.200+0000][gc,heap       ] GC(18) Survivor regions: 4->4(10)
[2024-12-12T05:09:45.200+0000][gc,heap       ] GC(18) Old regions: 19->19
[2024-12-12T05:09:45.200+0000][gc,heap       ] GC(18) Humongous regions: 129->129
[2024-12-12T05:09:45.200+0000][gc,metaspace  ] GC(18) Metaspace: 43763K(46668K)->43763K(46668K) NonClass: 38165K(39680K)->38165K(39680K) Class: 5597K(6988K)->5597K(6988K)
[2024-12-12T05:09:45.200+0000][gc            ] GC(18) Pause Young (Normal) (G1 Evacuation Pause) 222M->149M(1024M) 7.050ms
[2024-12-12T05:09:45.200+0000][gc,cpu        ] GC(18) User=0.01s Sys=0.00s Real=0.00s
[2024-12-12T05:27:51.274+0000][gc,start      ] GC(19) Pause Young (Normal) (G1 Evacuation Pause)
[2024-12-12T05:27:51.274+0000][gc,task       ] GC(19) Using 4 workers of 4 for evacuation
[2024-12-12T05:27:51.292+0000][gc,phases     ] GC(19)   Pre Evacuate Collection Set: 0.0ms
[2024-12-12T05:27:51.292+0000][gc,phases     ] GC(19)   Evacuate Collection Set: 17.4ms
[2024-12-12T05:27:51.292+0000][gc,phases     ] GC(19)   Post Evacuate Collection Set: 0.4ms
[2024-12-12T05:27:51.292+0000][gc,phases     ] GC(19)   Other: 0.2ms
[2024-12-12T05:27:51.292+0000][gc,heap       ] GC(19) Eden regions: 84->0(94)
[2024-12-12T05:27:51.292+0000][gc,heap       ] GC(19) Survivor regions: 4->5(11)
[2024-12-12T05:27:51.292+0000][gc,heap       ] GC(19) Old regions: 19->19
[2024-12-12T05:27:51.292+0000][gc,heap       ] GC(19) Humongous regions: 129->129
[2024-12-12T05:27:51.292+0000][gc,metaspace  ] GC(19) Metaspace: 43788K(46668K)->43788K(46668K) NonClass: 38191K(39680K)->38191K(39680K) Class: 5597K(6988K)->5597K(6988K)
[2024-12-12T05:27:51.292+0000][gc            ] GC(19) Pause Young (Normal) (G1 Evacuation Pause) 233M->150M(1024M) 18.154ms
[2024-12-12T05:27:51.292+0000][gc,cpu        ] GC(19) User=0.02s Sys=0.01s Real=0.02s
[2024-12-12T05:48:46.935+0000][gc,start      ] GC(20) Pause Young (Normal) (G1 Evacuation Pause)
[2024-12-12T05:48:46.935+0000][gc,task       ] GC(20) Using 4 workers of 4 for evacuation
[2024-12-12T05:48:46.947+0000][gc,phases     ] GC(20)   Pre Evacuate Collection Set: 0.0ms
[2024-12-12T05:48:46.947+0000][gc,phases     ] GC(20)   Evacuate Collection Set: 11.5ms
[2024-12-12T05:48:46.947+0000][gc,phases     ] GC(20)   Post Evacuate Collection Set: 0.3ms
[2024-12-12T05:48:46.947+0000][gc,phases     ] GC(20)   Other: 0.1ms
[2024-12-12T05:48:46.947+0000][gc,heap       ] GC(20) Eden regions: 94->0(122)
[2024-12-12T05:48:46.947+0000][gc,heap       ] GC(20) Survivor regions: 5->5(13)
[2024-12-12T05:48:46.947+0000][gc,heap       ] GC(20) Old regions: 19->19
[2024-12-12T05:48:46.947+0000][gc,heap       ] GC(20) Humongous regions: 129->129
[2024-12-12T05:48:46.947+0000][gc,metaspace  ] GC(20) Metaspace: 43807K(46668K)->43807K(46668K) NonClass: 38209K(39680K)->38209K(39680K) Class: 5597K(6988K)->5597K(6988K)
[2024-12-12T05:48:46.947+0000][gc            ] GC(20) Pause Young (Normal) (G1 Evacuation Pause) 244M->150M(1024M) 12.016ms
[2024-12-12T05:48:46.947+0000][gc,cpu        ] GC(20) User=0.02s Sys=0.00s Real=0.01s
[2024-12-12T06:15:19.518+0000][gc,start      ] GC(21) Pause Young (Normal) (G1 Evacuation Pause)
[2024-12-12T06:15:19.518+0000][gc,task       ] GC(21) Using 4 workers of 4 for evacuation
[2024-12-12T06:15:19.534+0000][gc,phases     ] GC(21)   Pre Evacuate Collection Set: 0.0ms
[2024-12-12T06:15:19.534+0000][gc,phases     ] GC(21)   Evacuate Collection Set: 16.3ms
[2024-12-12T06:15:19.534+0000][gc,phases     ] GC(21)   Post Evacuate Collection Set: 0.2ms
[2024-12-12T06:15:19.534+0000][gc,phases     ] GC(21)   Other: 0.1ms
[2024-12-12T06:15:19.534+0000][gc,heap       ] GC(21) Eden regions: 122->0(139)
[2024-12-12T06:15:19.534+0000][gc,heap       ] GC(21) Survivor regions: 5->4(16)
[2024-12-12T06:15:19.534+0000][gc,heap       ] GC(21) Old regions: 19->19
[2024-12-12T06:15:19.534+0000][gc,heap       ] GC(21) Humongous regions: 129->129
[2024-12-12T06:15:19.534+0000][gc,metaspace  ] GC(21) Metaspace: 43815K(46668K)->43815K(46668K) NonClass: 38218K(39680K)->38218K(39680K) Class: 5597K(6988K)->5597K(6988K)
[2024-12-12T06:15:19.534+0000][gc            ] GC(21) Pause Young (Normal) (G1 Evacuation Pause) 272M->149M(1024M) 16.717ms
[2024-12-12T06:15:19.534+0000][gc,cpu        ] GC(21) User=0.02s Sys=0.00s Real=0.02s
[2024-12-12T06:46:22.623+0000][gc,start      ] GC(22) Pause Young (Normal) (G1 Evacuation Pause)
[2024-12-12T06:46:22.624+0000][gc,task       ] GC(22) Using 4 workers of 4 for evacuation
[2024-12-12T06:46:22.645+0000][gc,mmu        ] GC(22) MMU target violated: 21.0ms (20.0ms/21.0ms)
[2024-12-12T06:46:22.645+0000][gc,phases     ] GC(22)   Pre Evacuate Collection Set: 0.0ms
[2024-12-12T06:46:22.645+0000][gc,phases     ] GC(22)   Evacuate Collection Set: 20.8ms
[2024-12-12T06:46:22.645+0000][gc,phases     ] GC(22)   Post Evacuate Collection Set: 0.3ms
[2024-12-12T06:46:22.645+0000][gc,phases     ] GC(22)   Other: 0.7ms
[2024-12-12T06:46:22.645+0000][gc,heap       ] GC(22) Eden regions: 139->0(177)
[2024-12-12T06:46:22.645+0000][gc,heap       ] GC(22) Survivor regions: 4->5(18)
[2024-12-12T06:46:22.645+0000][gc,heap       ] GC(22) Old regions: 19->19
[2024-12-12T06:46:22.645+0000][gc,heap       ] GC(22) Humongous regions: 129->129
[2024-12-12T06:46:22.645+0000][gc,metaspace  ] GC(22) Metaspace: 43821K(46668K)->43821K(46668K) NonClass: 38223K(39680K)->38223K(39680K) Class: 5597K(6988K)->5597K(6988K)
[2024-12-12T06:46:22.645+0000][gc            ] GC(22) Pause Young (Normal) (G1 Evacuation Pause) 288M->150M(1024M) 21.906ms
[2024-12-12T06:46:22.645+0000][gc,cpu        ] GC(22) User=0.01s Sys=0.00s Real=0.02s
[2024-12-12T07:25:16.681+0000][gc,start      ] GC(23) Pause Young (Normal) (G1 Evacuation Pause)
[2024-12-12T07:25:16.681+0000][gc,task       ] GC(23) Using 4 workers of 4 for evacuation
[2024-12-12T07:25:16.706+0000][gc,mmu        ] GC(23) MMU target violated: 21.0ms (20.0ms/21.0ms)
[2024-12-12T07:25:16.706+0000][gc,phases     ] GC(23)   Pre Evacuate Collection Set: 0.0ms
[2024-12-12T07:25:16.706+0000][gc,phases     ] GC(23)   Evacuate Collection Set: 24.4ms
[2024-12-12T07:25:16.706+0000][gc,phases     ] GC(23)   Post Evacuate Collection Set: 0.3ms
[2024-12-12T07:25:16.706+0000][gc,phases     ] GC(23)   Other: 0.2ms
[2024-12-12T07:25:16.706+0000][gc,heap       ] GC(23) Eden regions: 177->0(189)
[2024-12-12T07:25:16.706+0000][gc,heap       ] GC(23) Survivor regions: 5->5(23)
[2024-12-12T07:25:16.706+0000][gc,heap       ] GC(23) Old regions: 19->19
[2024-12-12T07:25:16.706+0000][gc,heap       ] GC(23) Humongous regions: 129->129
[2024-12-12T07:25:16.706+0000][gc,metaspace  ] GC(23) Metaspace: 43822K(46668K)->43822K(46668K) NonClass: 38224K(39680K)->38224K(39680K) Class: 5597K(6988K)->5597K(6988K)
[2024-12-12T07:25:16.706+0000][gc            ] GC(23) Pause Young (Normal) (G1 Evacuation Pause) 327M->150M(1024M) 25.076ms
[2024-12-12T07:25:16.706+0000][gc,cpu        ] GC(23) User=0.02s Sys=0.00s Real=0.02s
[2024-12-12T08:07:31.978+0000][gc,start      ] GC(24) Pause Young (Normal) (G1 Evacuation Pause)
[2024-12-12T08:07:31.978+0000][gc,task       ] GC(24) Using 4 workers of 4 for evacuation
[2024-12-12T08:07:31.985+0000][gc,phases     ] GC(24)   Pre Evacuate Collection Set: 0.0ms
[2024-12-12T08:07:31.985+0000][gc,phases     ] GC(24)   Evacuate Collection Set: 6.6ms
[2024-12-12T08:07:31.985+0000][gc,phases     ] GC(24)   Post Evacuate Collection Set: 0.4ms
[2024-12-12T08:07:31.985+0000][gc,phases     ] GC(24)   Other: 0.2ms
[2024-12-12T08:07:31.985+0000][gc,heap       ] GC(24) Eden regions: 189->0(200)
[2024-12-12T08:07:31.985+0000][gc,heap       ] GC(24) Survivor regions: 5->5(25)
[2024-12-12T08:07:31.985+0000][gc,heap       ] GC(24) Old regions: 19->19
[2024-12-12T08:07:31.985+0000][gc,heap       ] GC(24) Humongous regions: 129->129
[2024-12-12T08:07:31.985+0000][gc,metaspace  ] GC(24) Metaspace: 43861K(46668K)->43861K(46668K) NonClass: 38256K(39680K)->38256K(39680K) Class: 5604K(6988K)->5604K(6988K)
[2024-12-12T08:07:31.985+0000][gc            ] GC(24) Pause Young (Normal) (G1 Evacuation Pause) 339M->150M(1024M) 7.287ms
[2024-12-12T08:07:31.985+0000][gc,cpu        ] GC(24) User=0.02s Sys=0.00s Real=0.01s
[2024-12-12T08:51:38.589+0000][gc,start      ] GC(25) Pause Young (Normal) (G1 Evacuation Pause)
[2024-12-12T08:51:38.589+0000][gc,task       ] GC(25) Using 4 workers of 4 for evacuation
[2024-12-12T08:51:38.595+0000][gc,phases     ] GC(25)   Pre Evacuate Collection Set: 0.0ms
[2024-12-12T08:51:38.595+0000][gc,phases     ] GC(25)   Evacuate Collection Set: 4.7ms
[2024-12-12T08:51:38.595+0000][gc,phases     ] GC(25)   Post Evacuate Collection Set: 0.3ms
[2024-12-12T08:51:38.595+0000][gc,phases     ] GC(25)   Other: 0.2ms
[2024-12-12T08:51:38.595+0000][gc,heap       ] GC(25) Eden regions: 200->0(216)
[2024-12-12T08:51:38.595+0000][gc,heap       ] GC(25) Survivor regions: 5->5(26)
[2024-12-12T08:51:38.595+0000][gc,heap       ] GC(25) Old regions: 19->19
[2024-12-12T08:51:38.595+0000][gc,heap       ] GC(25) Humongous regions: 129->129
[2024-12-12T08:51:38.595+0000][gc,metaspace  ] GC(25) Metaspace: 43899K(46668K)->43899K(46668K) NonClass: 38294K(39680K)->38294K(39680K) Class: 5605K(6988K)->5605K(6988K)
[2024-12-12T08:51:38.595+0000][gc            ] GC(25) Pause Young (Normal) (G1 Evacuation Pause) 350M->150M(1024M) 5.231ms
[2024-12-12T08:51:38.595+0000][gc,cpu        ] GC(25) User=0.02s Sys=0.00s Real=0.00s
