[2024-12-03T11:09:56.478+0000][gc,heap] Heap region size: 1M
[2024-12-03T11:09:56.491+0000][gc     ] Using G1
[2024-12-03T11:09:56.491+0000][gc,heap,coops] Heap address: 0x00000000c0000000, size: 1024 MB, Compressed Oops mode: 32-bit
[2024-12-03T11:09:56.491+0000][gc,cds       ] Mark closed archive regions in map: [0x00000000fff00000, 0x00000000fff6bff8]
[2024-12-03T11:09:56.491+0000][gc,cds       ] Mark open archive regions in map: [0x00000000ffe00000, 0x00000000ffe47ff8]
[2024-12-03T11:09:57.816+0000][gc,start     ] GC(0) Pause Young (Normal) (G1 Evacuation Pause)
[2024-12-03T11:09:57.829+0000][gc,task      ] GC(0) Using 4 workers of 4 for evacuation
[2024-12-03T11:09:57.858+0000][gc,mmu       ] GC(0) MMU target violated: 21.0ms (20.0ms/21.0ms)
[2024-12-03T11:09:57.858+0000][gc,phases    ] GC(0)   Pre Evacuate Collection Set: 0.0ms
[2024-12-03T11:09:57.858+0000][gc,phases    ] GC(0)   Evacuate Collection Set: 15.8ms
[2024-12-03T11:09:57.858+0000][gc,phases    ] GC(0)   Post Evacuate Collection Set: 13.9ms
[2024-12-03T11:09:57.858+0000][gc,phases    ] GC(0)   Other: 12.6ms
[2024-12-03T11:09:57.858+0000][gc,heap      ] GC(0) Eden regions: 51->0(44)
[2024-12-03T11:09:57.858+0000][gc,heap      ] GC(0) Survivor regions: 0->7(7)
[2024-12-03T11:09:57.858+0000][gc,heap      ] GC(0) Old regions: 2->2
[2024-12-03T11:09:57.858+0000][gc,heap      ] GC(0) Humongous regions: 0->0
[2024-12-03T11:09:57.858+0000][gc,metaspace ] GC(0) Metaspace: 14967K(15616K)->14967K(15616K) NonClass: 13119K(13568K)->13119K(13568K) Class: 1847K(2048K)->1847K(2048K)
[2024-12-03T11:09:57.858+0000][gc           ] GC(0) Pause Young (Normal) (G1 Evacuation Pause) 51M->7M(1024M) 42.378ms
[2024-12-03T11:09:57.858+0000][gc,cpu       ] GC(0) User=0.02s Sys=0.00s Real=0.04s
[2024-12-03T11:09:58.606+0000][gc,start     ] GC(1) Pause Young (Concurrent Start) (Metadata GC Threshold)
[2024-12-03T11:09:58.606+0000][gc,task      ] GC(1) Using 4 workers of 4 for evacuation
[2024-12-03T11:09:58.623+0000][gc,phases    ] GC(1)   Pre Evacuate Collection Set: 0.1ms
[2024-12-03T11:09:58.623+0000][gc,phases    ] GC(1)   Evacuate Collection Set: 16.5ms
[2024-12-03T11:09:58.623+0000][gc,phases    ] GC(1)   Post Evacuate Collection Set: 0.7ms
[2024-12-03T11:09:58.623+0000][gc,phases    ] GC(1)   Other: 0.1ms
[2024-12-03T11:09:58.623+0000][gc,heap      ] GC(1) Eden regions: 24->0(49)
[2024-12-03T11:09:58.623+0000][gc,heap      ] GC(1) Survivor regions: 7->2(7)
[2024-12-03T11:09:58.623+0000][gc,heap      ] GC(1) Old regions: 2->9
[2024-12-03T11:09:58.623+0000][gc,heap      ] GC(1) Humongous regions: 0->0
[2024-12-03T11:09:58.623+0000][gc,metaspace ] GC(1) Metaspace: 20654K(21248K)->20654K(21248K) NonClass: 18117K(18432K)->18117K(18432K) Class: 2536K(2816K)->2536K(2816K)
[2024-12-03T11:09:58.623+0000][gc           ] GC(1) Pause Young (Concurrent Start) (Metadata GC Threshold) 30M->8M(1024M) 17.432ms
[2024-12-03T11:09:58.623+0000][gc,cpu       ] GC(1) User=0.02s Sys=0.01s Real=0.02s
[2024-12-03T11:09:58.623+0000][gc           ] GC(2) Concurrent Cycle
[2024-12-03T11:09:58.623+0000][gc,marking   ] GC(2) Concurrent Clear Claimed Marks
[2024-12-03T11:09:58.623+0000][gc,marking   ] GC(2) Concurrent Clear Claimed Marks 0.062ms
[2024-12-03T11:09:58.623+0000][gc,marking   ] GC(2) Concurrent Scan Root Regions
[2024-12-03T11:09:58.629+0000][gc,marking   ] GC(2) Concurrent Scan Root Regions 5.743ms
[2024-12-03T11:09:58.629+0000][gc,marking   ] GC(2) Concurrent Mark (2.153s)
[2024-12-03T11:09:58.629+0000][gc,marking   ] GC(2) Concurrent Mark From Roots
[2024-12-03T11:09:58.629+0000][gc,task      ] GC(2) Using 1 workers of 1 for marking
[2024-12-03T11:09:58.668+0000][gc,marking   ] GC(2) Concurrent Mark From Roots 38.833ms
[2024-12-03T11:09:58.668+0000][gc,marking   ] GC(2) Concurrent Preclean
[2024-12-03T11:09:58.668+0000][gc,marking   ] GC(2) Concurrent Preclean 0.085ms
[2024-12-03T11:09:58.668+0000][gc,marking   ] GC(2) Concurrent Mark (2.153s, 2.192s) 38.948ms
[2024-12-03T11:09:58.672+0000][gc,start     ] GC(2) Pause Remark
[2024-12-03T11:09:58.687+0000][gc,stringtable] GC(2) Cleaned string and symbol table, strings: 5703 processed, 0 removed, symbols: 51945 processed, 45 removed
[2024-12-03T11:09:58.687+0000][gc            ] GC(2) Pause Remark 9M->9M(1024M) 14.958ms
[2024-12-03T11:09:58.687+0000][gc,cpu        ] GC(2) User=0.02s Sys=0.00s Real=0.01s
[2024-12-03T11:09:58.688+0000][gc,marking    ] GC(2) Concurrent Rebuild Remembered Sets
[2024-12-03T11:09:58.692+0000][gc,marking    ] GC(2) Concurrent Rebuild Remembered Sets 3.963ms
[2024-12-03T11:09:58.700+0000][gc,start      ] GC(2) Pause Cleanup
[2024-12-03T11:09:58.700+0000][gc            ] GC(2) Pause Cleanup 10M->10M(1024M) 0.162ms
[2024-12-03T11:09:58.700+0000][gc,cpu        ] GC(2) User=0.00s Sys=0.00s Real=0.00s
[2024-12-03T11:09:58.707+0000][gc,marking    ] GC(2) Concurrent Cleanup for Next Mark
[2024-12-03T11:09:58.729+0000][gc,marking    ] GC(2) Concurrent Cleanup for Next Mark 21.418ms
[2024-12-03T11:09:58.729+0000][gc            ] GC(2) Concurrent Cycle 105.667ms
[2024-12-03T11:09:59.596+0000][gc,start      ] GC(3) Pause Young (Normal) (G1 Evacuation Pause)
[2024-12-03T11:09:59.596+0000][gc,task       ] GC(3) Using 4 workers of 4 for evacuation
[2024-12-03T11:09:59.610+0000][gc,phases     ] GC(3)   Pre Evacuate Collection Set: 0.0ms
[2024-12-03T11:09:59.610+0000][gc,phases     ] GC(3)   Evacuate Collection Set: 13.5ms
[2024-12-03T11:09:59.610+0000][gc,phases     ] GC(3)   Post Evacuate Collection Set: 0.2ms
[2024-12-03T11:09:59.610+0000][gc,phases     ] GC(3)   Other: 0.1ms
[2024-12-03T11:09:59.610+0000][gc,heap       ] GC(3) Eden regions: 49->0(46)
[2024-12-03T11:09:59.610+0000][gc,heap       ] GC(3) Survivor regions: 2->5(7)
[2024-12-03T11:09:59.610+0000][gc,heap       ] GC(3) Old regions: 9->9
[2024-12-03T11:09:59.610+0000][gc,heap       ] GC(3) Humongous regions: 129->129
[2024-12-03T11:09:59.610+0000][gc,metaspace  ] GC(3) Metaspace: 29062K(30204K)->29062K(30204K) NonClass: 25662K(26368K)->25662K(26368K) Class: 3400K(3836K)->3400K(3836K)
[2024-12-03T11:09:59.610+0000][gc            ] GC(3) Pause Young (Normal) (G1 Evacuation Pause) 186M->140M(1024M) 13.860ms
[2024-12-03T11:09:59.610+0000][gc,cpu        ] GC(3) User=0.01s Sys=0.00s Real=0.02s
[2024-12-03T11:10:00.628+0000][gc,start      ] GC(4) Pause Young (Concurrent Start) (Metadata GC Threshold)
[2024-12-03T11:10:00.628+0000][gc,task       ] GC(4) Using 4 workers of 4 for evacuation
[2024-12-03T11:10:00.672+0000][gc,mmu        ] GC(4) MMU target violated: 21.0ms (20.0ms/21.0ms)
[2024-12-03T11:10:00.672+0000][gc,phases     ] GC(4)   Pre Evacuate Collection Set: 0.1ms
[2024-12-03T11:10:00.672+0000][gc,phases     ] GC(4)   Evacuate Collection Set: 31.7ms
[2024-12-03T11:10:00.672+0000][gc,phases     ] GC(4)   Post Evacuate Collection Set: 12.0ms
[2024-12-03T11:10:00.672+0000][gc,phases     ] GC(4)   Other: 0.2ms
[2024-12-03T11:10:00.672+0000][gc,heap       ] GC(4) Eden regions: 28->0(45)
[2024-12-03T11:10:00.672+0000][gc,heap       ] GC(4) Survivor regions: 5->6(7)
[2024-12-03T11:10:00.672+0000][gc,heap       ] GC(4) Old regions: 9->10
[2024-12-03T11:10:00.672+0000][gc,heap       ] GC(4) Humongous regions: 129->129
[2024-12-03T11:10:00.672+0000][gc,metaspace  ] GC(4) Metaspace: 34596K(35964K)->34596K(35964K) NonClass: 30509K(31232K)->30509K(31232K) Class: 4086K(4732K)->4086K(4732K)
[2024-12-03T11:10:00.672+0000][gc            ] GC(4) Pause Young (Concurrent Start) (Metadata GC Threshold) 168M->142M(1024M) 44.105ms
[2024-12-03T11:10:00.672+0000][gc,cpu        ] GC(4) User=0.03s Sys=0.00s Real=0.04s
[2024-12-03T11:10:00.672+0000][gc            ] GC(5) Concurrent Cycle
[2024-12-03T11:10:00.672+0000][gc,marking    ] GC(5) Concurrent Clear Claimed Marks
[2024-12-03T11:10:00.672+0000][gc,marking    ] GC(5) Concurrent Clear Claimed Marks 0.133ms
[2024-12-03T11:10:00.672+0000][gc,marking    ] GC(5) Concurrent Scan Root Regions
[2024-12-03T11:10:00.675+0000][gc,marking    ] GC(5) Concurrent Scan Root Regions 3.267ms
[2024-12-03T11:10:00.675+0000][gc,marking    ] GC(5) Concurrent Mark (4.200s)
[2024-12-03T11:10:00.676+0000][gc,marking    ] GC(5) Concurrent Mark From Roots
[2024-12-03T11:10:00.676+0000][gc,task       ] GC(5) Using 1 workers of 1 for marking
[2024-12-03T11:10:00.735+0000][gc,marking    ] GC(5) Concurrent Mark From Roots 59.834ms
[2024-12-03T11:10:00.735+0000][gc,marking    ] GC(5) Concurrent Preclean
[2024-12-03T11:10:00.735+0000][gc,marking    ] GC(5) Concurrent Preclean 0.056ms
[2024-12-03T11:10:00.735+0000][gc,marking    ] GC(5) Concurrent Mark (4.200s, 4.260s) 59.942ms
[2024-12-03T11:10:00.736+0000][gc,start      ] GC(5) Pause Remark
[2024-12-03T11:10:00.745+0000][gc,stringtable] GC(5) Cleaned string and symbol table, strings: 10383 processed, 10 removed, symbols: 83980 processed, 14 removed
[2024-12-03T11:10:00.760+0000][gc,mmu        ] GC(5) MMU target violated: 21.0ms (20.0ms/21.0ms)
[2024-12-03T11:10:00.760+0000][gc            ] GC(5) Pause Remark 146M->146M(1024M) 24.231ms
[2024-12-03T11:10:00.760+0000][gc,cpu        ] GC(5) User=0.01s Sys=0.00s Real=0.03s
[2024-12-03T11:10:00.760+0000][gc,marking    ] GC(5) Concurrent Rebuild Remembered Sets
[2024-12-03T11:10:00.767+0000][gc,marking    ] GC(5) Concurrent Rebuild Remembered Sets 6.313ms
[2024-12-03T11:10:00.772+0000][gc,start      ] GC(5) Pause Cleanup
[2024-12-03T11:10:00.772+0000][gc            ] GC(5) Pause Cleanup 146M->146M(1024M) 0.175ms
[2024-12-03T11:10:00.772+0000][gc,cpu        ] GC(5) User=0.00s Sys=0.00s Real=0.00s
[2024-12-03T11:10:00.772+0000][gc,marking    ] GC(5) Concurrent Cleanup for Next Mark
[2024-12-03T11:10:00.780+0000][gc,marking    ] GC(5) Concurrent Cleanup for Next Mark 7.800ms
[2024-12-03T11:10:00.780+0000][gc            ] GC(5) Concurrent Cycle 107.820ms
[2024-12-03T11:10:03.662+0000][gc,start      ] GC(6) Pause Young (Concurrent Start) (G1 Evacuation Pause)
[2024-12-03T11:10:03.662+0000][gc,task       ] GC(6) Using 4 workers of 4 for evacuation
[2024-12-03T11:10:03.680+0000][gc,phases     ] GC(6)   Pre Evacuate Collection Set: 0.2ms
[2024-12-03T11:10:03.680+0000][gc,phases     ] GC(6)   Evacuate Collection Set: 17.8ms
[2024-12-03T11:10:03.680+0000][gc,phases     ] GC(6)   Post Evacuate Collection Set: 0.5ms
[2024-12-03T11:10:03.680+0000][gc,phases     ] GC(6)   Other: 0.2ms
[2024-12-03T11:10:03.680+0000][gc,heap       ] GC(6) Eden regions: 45->0(46)
[2024-12-03T11:10:03.680+0000][gc,heap       ] GC(6) Survivor regions: 6->5(7)
[2024-12-03T11:10:03.680+0000][gc,heap       ] GC(6) Old regions: 10->13
[2024-12-03T11:10:03.680+0000][gc,heap       ] GC(6) Humongous regions: 129->129
[2024-12-03T11:10:03.680+0000][gc,metaspace  ] GC(6) Metaspace: 41065K(43516K)->41065K(43516K) NonClass: 35722K(36864K)->35722K(36864K) Class: 5343K(6652K)->5343K(6652K)
[2024-12-03T11:10:03.680+0000][gc            ] GC(6) Pause Young (Concurrent Start) (G1 Evacuation Pause) 187M->145M(1024M) 18.788ms
[2024-12-03T11:10:03.680+0000][gc,cpu        ] GC(6) User=0.02s Sys=0.00s Real=0.02s
[2024-12-03T11:10:03.681+0000][gc            ] GC(7) Concurrent Cycle
[2024-12-03T11:10:03.681+0000][gc,marking    ] GC(7) Concurrent Clear Claimed Marks
[2024-12-03T11:10:03.681+0000][gc,marking    ] GC(7) Concurrent Clear Claimed Marks 0.252ms
[2024-12-03T11:10:03.681+0000][gc,marking    ] GC(7) Concurrent Scan Root Regions
[2024-12-03T11:10:03.684+0000][gc,marking    ] GC(7) Concurrent Scan Root Regions 3.383ms
[2024-12-03T11:10:03.684+0000][gc,marking    ] GC(7) Concurrent Mark (7.208s)
[2024-12-03T11:10:03.684+0000][gc,marking    ] GC(7) Concurrent Mark From Roots
[2024-12-03T11:10:03.684+0000][gc,task       ] GC(7) Using 1 workers of 1 for marking
[2024-12-03T11:10:03.696+0000][gc,marking    ] GC(7) Concurrent Mark From Roots 11.455ms
[2024-12-03T11:10:03.696+0000][gc,marking    ] GC(7) Concurrent Preclean
[2024-12-03T11:10:03.696+0000][gc,marking    ] GC(7) Concurrent Preclean 0.076ms
[2024-12-03T11:10:03.696+0000][gc,marking    ] GC(7) Concurrent Mark (7.208s, 7.220s) 11.567ms
[2024-12-03T11:10:03.696+0000][gc,start      ] GC(7) Pause Remark
[2024-12-03T11:10:03.708+0000][gc,stringtable] GC(7) Cleaned string and symbol table, strings: 11621 processed, 3 removed, symbols: 90550 processed, 5 removed
[2024-12-03T11:10:03.709+0000][gc            ] GC(7) Pause Remark 145M->145M(1024M) 12.308ms
[2024-12-03T11:10:03.709+0000][gc,cpu        ] GC(7) User=0.01s Sys=0.00s Real=0.02s
[2024-12-03T11:10:03.709+0000][gc,marking    ] GC(7) Concurrent Rebuild Remembered Sets
[2024-12-03T11:10:03.726+0000][gc,marking    ] GC(7) Concurrent Rebuild Remembered Sets 16.912ms
[2024-12-03T11:10:03.732+0000][gc,start      ] GC(7) Pause Cleanup
[2024-12-03T11:10:03.732+0000][gc            ] GC(7) Pause Cleanup 146M->146M(1024M) 0.197ms
[2024-12-03T11:10:03.732+0000][gc,cpu        ] GC(7) User=0.00s Sys=0.00s Real=0.00s
[2024-12-03T11:10:03.732+0000][gc,marking    ] GC(7) Concurrent Cleanup for Next Mark
[2024-12-03T11:10:03.733+0000][gc,marking    ] GC(7) Concurrent Cleanup for Next Mark 1.104ms
[2024-12-03T11:10:03.733+0000][gc            ] GC(7) Concurrent Cycle 52.800ms
[2024-12-03T11:17:36.527+0000][gc,start      ] GC(8) Pause Young (Normal) (G1 Evacuation Pause)
[2024-12-03T11:17:36.527+0000][gc,task       ] GC(8) Using 4 workers of 4 for evacuation
[2024-12-03T11:17:36.534+0000][gc,phases     ] GC(8)   Pre Evacuate Collection Set: 0.0ms
[2024-12-03T11:17:36.534+0000][gc,phases     ] GC(8)   Evacuate Collection Set: 6.3ms
[2024-12-03T11:17:36.534+0000][gc,phases     ] GC(8)   Post Evacuate Collection Set: 0.5ms
[2024-12-03T11:17:36.534+0000][gc,phases     ] GC(8)   Other: 0.2ms
[2024-12-03T11:17:36.534+0000][gc,heap       ] GC(8) Eden regions: 46->0(45)
[2024-12-03T11:17:36.534+0000][gc,heap       ] GC(8) Survivor regions: 5->6(7)
[2024-12-03T11:17:36.534+0000][gc,heap       ] GC(8) Old regions: 13->15
[2024-12-03T11:17:36.534+0000][gc,heap       ] GC(8) Humongous regions: 129->129
[2024-12-03T11:17:36.534+0000][gc,metaspace  ] GC(8) Metaspace: 43307K(46076K)->43307K(46076K) NonClass: 37737K(39168K)->37737K(39168K) Class: 5569K(6908K)->5569K(6908K)
[2024-12-03T11:17:36.534+0000][gc            ] GC(8) Pause Young (Normal) (G1 Evacuation Pause) 191M->147M(1024M) 7.082ms
[2024-12-03T11:17:36.534+0000][gc,cpu        ] GC(8) User=0.02s Sys=0.00s Real=0.01s
[2024-12-03T11:19:02.800+0000][gc,heap,exit  ] Heap
[2024-12-03T11:19:02.800+0000][gc,heap,exit  ]  garbage-first heap   total 1048576K, used 169692K [0x00000000c0000000, 0x0000000100000000)
[2024-12-03T11:19:02.800+0000][gc,heap,exit  ]   region size 1024K, 25 young (25600K), 6 survivors (6144K)
[2024-12-03T11:19:02.800+0000][gc,heap,exit  ]  Metaspace       used 44232K, capacity 47076K, committed 47228K, reserved 1089536K
[2024-12-03T11:19:02.800+0000][gc,heap,exit  ]   class space    used 5809K, capacity 7207K, committed 7292K, reserved 1048576K
