[2024-12-12T02:16:58.582+0000][gc,heap] Heap region size: 1M
[2024-12-12T02:16:58.624+0000][gc     ] Using G1
[2024-12-12T02:16:58.624+0000][gc,heap,coops] Heap address: 0x00000000c0000000, size: 1024 MB, Compressed Oops mode: 32-bit
[2024-12-12T02:16:58.624+0000][gc,cds       ] Mark closed archive regions in map: [0x00000000fff00000, 0x00000000fff6bff8]
[2024-12-12T02:16:58.624+0000][gc,cds       ] Mark open archive regions in map: [0x00000000ffe00000, 0x00000000ffe47ff8]
[2024-12-12T02:17:00.222+0000][gc,start     ] GC(0) Pause Young (Normal) (G1 Evacuation Pause)
[2024-12-12T02:17:00.230+0000][gc,task      ] GC(0) Using 4 workers of 4 for evacuation
[2024-12-12T02:17:00.249+0000][gc,phases    ] GC(0)   Pre Evacuate Collection Set: 0.0ms
[2024-12-12T02:17:00.249+0000][gc,phases    ] GC(0)   Evacuate Collection Set: 15.9ms
[2024-12-12T02:17:00.249+0000][gc,phases    ] GC(0)   Post Evacuate Collection Set: 2.1ms
[2024-12-12T02:17:00.249+0000][gc,phases    ] GC(0)   Other: 8.3ms
[2024-12-12T02:17:00.249+0000][gc,heap      ] GC(0) Eden regions: 51->0(44)
[2024-12-12T02:17:00.249+0000][gc,heap      ] GC(0) Survivor regions: 0->7(7)
[2024-12-12T02:17:00.249+0000][gc,heap      ] GC(0) Old regions: 2->2
[2024-12-12T02:17:00.249+0000][gc,heap      ] GC(0) Humongous regions: 0->0
[2024-12-12T02:17:00.249+0000][gc,metaspace ] GC(0) Metaspace: 15311K(16000K)->15311K(16000K) NonClass: 13420K(13824K)->13420K(13824K) Class: 1891K(2176K)->1891K(2176K)
[2024-12-12T02:17:00.249+0000][gc           ] GC(0) Pause Young (Normal) (G1 Evacuation Pause) 51M->7M(1024M) 26.395ms
[2024-12-12T02:17:00.249+0000][gc,cpu       ] GC(0) User=0.02s Sys=0.00s Real=0.03s
[2024-12-12T02:17:00.864+0000][gc,start     ] GC(1) Pause Young (Concurrent Start) (Metadata GC Threshold)
[2024-12-12T02:17:00.864+0000][gc,task      ] GC(1) Using 4 workers of 4 for evacuation
[2024-12-12T02:17:00.909+0000][gc,mmu       ] GC(1) MMU target violated: 21.0ms (20.0ms/21.0ms)
[2024-12-12T02:17:00.909+0000][gc,phases    ] GC(1)   Pre Evacuate Collection Set: 0.1ms
[2024-12-12T02:17:00.909+0000][gc,phases    ] GC(1)   Evacuate Collection Set: 45.3ms
[2024-12-12T02:17:00.909+0000][gc,phases    ] GC(1)   Post Evacuate Collection Set: 0.2ms
[2024-12-12T02:17:00.909+0000][gc,phases    ] GC(1)   Other: 0.3ms
[2024-12-12T02:17:00.909+0000][gc,heap      ] GC(1) Eden regions: 23->0(50)
[2024-12-12T02:17:00.909+0000][gc,heap      ] GC(1) Survivor regions: 7->1(7)
[2024-12-12T02:17:00.909+0000][gc,heap      ] GC(1) Old regions: 2->9
[2024-12-12T02:17:00.909+0000][gc,heap      ] GC(1) Humongous regions: 0->0
[2024-12-12T02:17:00.909+0000][gc,metaspace ] GC(1) Metaspace: 20663K(21248K)->20663K(21248K) NonClass: 18130K(18432K)->18130K(18432K) Class: 2533K(2816K)->2533K(2816K)
[2024-12-12T02:17:00.910+0000][gc           ] GC(1) Pause Young (Concurrent Start) (Metadata GC Threshold) 29M->8M(1024M) 45.963ms
[2024-12-12T02:17:00.910+0000][gc,cpu       ] GC(1) User=0.03s Sys=0.00s Real=0.04s
[2024-12-12T02:17:00.910+0000][gc           ] GC(2) Concurrent Cycle
[2024-12-12T02:17:00.910+0000][gc,marking   ] GC(2) Concurrent Clear Claimed Marks
[2024-12-12T02:17:00.910+0000][gc,marking   ] GC(2) Concurrent Clear Claimed Marks 0.064ms
[2024-12-12T02:17:00.910+0000][gc,marking   ] GC(2) Concurrent Scan Root Regions
[2024-12-12T02:17:00.910+0000][gc,marking   ] GC(2) Concurrent Scan Root Regions 0.737ms
[2024-12-12T02:17:00.910+0000][gc,marking   ] GC(2) Concurrent Mark (2.331s)
[2024-12-12T02:17:00.910+0000][gc,marking   ] GC(2) Concurrent Mark From Roots
[2024-12-12T02:17:00.910+0000][gc,task      ] GC(2) Using 1 workers of 1 for marking
[2024-12-12T02:17:00.918+0000][gc,marking   ] GC(2) Concurrent Mark From Roots 7.908ms
[2024-12-12T02:17:00.918+0000][gc,marking   ] GC(2) Concurrent Preclean
[2024-12-12T02:17:00.919+0000][gc,marking   ] GC(2) Concurrent Preclean 0.108ms
[2024-12-12T02:17:00.919+0000][gc,marking   ] GC(2) Concurrent Mark (2.331s, 2.339s) 8.061ms
[2024-12-12T02:17:00.919+0000][gc,start     ] GC(2) Pause Remark
[2024-12-12T02:17:00.954+0000][gc,stringtable] GC(2) Cleaned string and symbol table, strings: 5674 processed, 0 removed, symbols: 51426 processed, 41 removed
[2024-12-12T02:17:00.954+0000][gc,mmu        ] GC(2) MMU target violated: 21.0ms (20.0ms/21.0ms)
[2024-12-12T02:17:00.954+0000][gc            ] GC(2) Pause Remark 8M->8M(1024M) 35.377ms
[2024-12-12T02:17:00.954+0000][gc,cpu        ] GC(2) User=0.02s Sys=0.01s Real=0.03s
[2024-12-12T02:17:00.954+0000][gc,marking    ] GC(2) Concurrent Rebuild Remembered Sets
[2024-12-12T02:17:00.958+0000][gc,marking    ] GC(2) Concurrent Rebuild Remembered Sets 3.490ms
[2024-12-12T02:17:00.958+0000][gc,start      ] GC(2) Pause Cleanup
[2024-12-12T02:17:00.958+0000][gc            ] GC(2) Pause Cleanup 8M->8M(1024M) 0.116ms
[2024-12-12T02:17:00.958+0000][gc,cpu        ] GC(2) User=0.00s Sys=0.00s Real=0.00s
[2024-12-12T02:17:00.958+0000][gc,marking    ] GC(2) Concurrent Cleanup for Next Mark
[2024-12-12T02:17:00.963+0000][gc,marking    ] GC(2) Concurrent Cleanup for Next Mark 4.486ms
[2024-12-12T02:17:00.963+0000][gc            ] GC(2) Concurrent Cycle 53.093ms
[2024-12-12T02:17:01.930+0000][gc,start      ] GC(3) Pause Young (Normal) (G1 Evacuation Pause)
[2024-12-12T02:17:01.930+0000][gc,task       ] GC(3) Using 4 workers of 4 for evacuation
[2024-12-12T02:17:01.974+0000][gc,mmu        ] GC(3) MMU target violated: 21.0ms (20.0ms/21.0ms)
[2024-12-12T02:17:01.975+0000][gc,phases     ] GC(3)   Pre Evacuate Collection Set: 0.0ms
[2024-12-12T02:17:01.975+0000][gc,phases     ] GC(3)   Evacuate Collection Set: 28.6ms
[2024-12-12T02:17:01.975+0000][gc,phases     ] GC(3)   Post Evacuate Collection Set: 15.3ms
[2024-12-12T02:17:01.975+0000][gc,phases     ] GC(3)   Other: 0.2ms
[2024-12-12T02:17:01.975+0000][gc,heap       ] GC(3) Eden regions: 50->0(46)
[2024-12-12T02:17:01.975+0000][gc,heap       ] GC(3) Survivor regions: 1->5(7)
[2024-12-12T02:17:01.975+0000][gc,heap       ] GC(3) Old regions: 9->9
[2024-12-12T02:17:01.975+0000][gc,heap       ] GC(3) Humongous regions: 129->129
[2024-12-12T02:17:01.975+0000][gc,metaspace  ] GC(3) Metaspace: 29308K(30464K)->29308K(30464K) NonClass: 25894K(26624K)->25894K(26624K) Class: 3413K(3840K)->3413K(3840K)
[2024-12-12T02:17:01.975+0000][gc            ] GC(3) Pause Young (Normal) (G1 Evacuation Pause) 187M->140M(1024M) 44.147ms
[2024-12-12T02:17:01.975+0000][gc,cpu        ] GC(3) User=0.03s Sys=0.00s Real=0.05s
[2024-12-12T02:17:02.839+0000][gc,start      ] GC(4) Pause Young (Concurrent Start) (Metadata GC Threshold)
[2024-12-12T02:17:02.839+0000][gc,task       ] GC(4) Using 4 workers of 4 for evacuation
[2024-12-12T02:17:02.875+0000][gc,mmu        ] GC(4) MMU target violated: 21.0ms (20.0ms/21.0ms)
[2024-12-12T02:17:02.875+0000][gc,phases     ] GC(4)   Pre Evacuate Collection Set: 0.1ms
[2024-12-12T02:17:02.875+0000][gc,phases     ] GC(4)   Evacuate Collection Set: 23.6ms
[2024-12-12T02:17:02.875+0000][gc,phases     ] GC(4)   Post Evacuate Collection Set: 12.1ms
[2024-12-12T02:17:02.875+0000][gc,phases     ] GC(4)   Other: 0.2ms
[2024-12-12T02:17:02.875+0000][gc,heap       ] GC(4) Eden regions: 26->0(49)
[2024-12-12T02:17:02.875+0000][gc,heap       ] GC(4) Survivor regions: 5->2(7)
[2024-12-12T02:17:02.875+0000][gc,heap       ] GC(4) Old regions: 9->14
[2024-12-12T02:17:02.875+0000][gc,heap       ] GC(4) Humongous regions: 129->129
[2024-12-12T02:17:02.875+0000][gc,metaspace  ] GC(4) Metaspace: 34451K(35840K)->34451K(35840K) NonClass: 30406K(31232K)->30406K(31232K) Class: 4044K(4608K)->4044K(4608K)
[2024-12-12T02:17:02.875+0000][gc            ] GC(4) Pause Young (Concurrent Start) (Metadata GC Threshold) 166M->142M(1024M) 36.097ms
[2024-12-12T02:17:02.875+0000][gc,cpu        ] GC(4) User=0.03s Sys=0.00s Real=0.04s
[2024-12-12T02:17:02.875+0000][gc            ] GC(5) Concurrent Cycle
[2024-12-12T02:17:02.875+0000][gc,marking    ] GC(5) Concurrent Clear Claimed Marks
[2024-12-12T02:17:02.876+0000][gc,marking    ] GC(5) Concurrent Clear Claimed Marks 0.124ms
[2024-12-12T02:17:02.876+0000][gc,marking    ] GC(5) Concurrent Scan Root Regions
[2024-12-12T02:17:02.877+0000][gc,marking    ] GC(5) Concurrent Scan Root Regions 1.229ms
[2024-12-12T02:17:02.877+0000][gc,marking    ] GC(5) Concurrent Mark (4.297s)
[2024-12-12T02:17:02.877+0000][gc,marking    ] GC(5) Concurrent Mark From Roots
[2024-12-12T02:17:02.877+0000][gc,task       ] GC(5) Using 1 workers of 1 for marking
[2024-12-12T02:17:02.915+0000][gc,marking    ] GC(5) Concurrent Mark From Roots 38.016ms
[2024-12-12T02:17:02.915+0000][gc,marking    ] GC(5) Concurrent Preclean
[2024-12-12T02:17:02.915+0000][gc,marking    ] GC(5) Concurrent Preclean 0.050ms
[2024-12-12T02:17:02.915+0000][gc,marking    ] GC(5) Concurrent Mark (4.297s, 4.335s) 38.112ms
[2024-12-12T02:17:02.918+0000][gc,start      ] GC(5) Pause Remark
[2024-12-12T02:17:02.954+0000][gc,stringtable] GC(5) Cleaned string and symbol table, strings: 10324 processed, 10 removed, symbols: 83902 processed, 16 removed
[2024-12-12T02:17:02.962+0000][gc,mmu        ] GC(5) MMU target violated: 21.0ms (20.0ms/21.0ms)
[2024-12-12T02:17:02.962+0000][gc            ] GC(5) Pause Remark 145M->145M(1024M) 43.952ms
[2024-12-12T02:17:02.962+0000][gc,cpu        ] GC(5) User=0.04s Sys=0.00s Real=0.05s
[2024-12-12T02:17:02.962+0000][gc,marking    ] GC(5) Concurrent Rebuild Remembered Sets
[2024-12-12T02:17:02.977+0000][gc,marking    ] GC(5) Concurrent Rebuild Remembered Sets 14.100ms
[2024-12-12T02:17:02.980+0000][gc,start      ] GC(5) Pause Cleanup
[2024-12-12T02:17:02.982+0000][gc            ] GC(5) Pause Cleanup 146M->146M(1024M) 2.826ms
[2024-12-12T02:17:02.982+0000][gc,cpu        ] GC(5) User=0.00s Sys=0.00s Real=0.01s
[2024-12-12T02:17:02.982+0000][gc,marking    ] GC(5) Concurrent Cleanup for Next Mark
[2024-12-12T02:17:02.989+0000][gc,marking    ] GC(5) Concurrent Cleanup for Next Mark 6.436ms
[2024-12-12T02:17:02.989+0000][gc            ] GC(5) Concurrent Cycle 113.454ms
[2024-12-12T02:17:10.416+0000][gc,start      ] GC(6) Pause Young (Concurrent Start) (G1 Evacuation Pause)
[2024-12-12T02:17:10.416+0000][gc,task       ] GC(6) Using 4 workers of 4 for evacuation
[2024-12-12T02:17:10.438+0000][gc,mmu        ] GC(6) MMU target violated: 21.0ms (20.0ms/21.0ms)
[2024-12-12T02:17:10.438+0000][gc,phases     ] GC(6)   Pre Evacuate Collection Set: 0.3ms
[2024-12-12T02:17:10.438+0000][gc,phases     ] GC(6)   Evacuate Collection Set: 20.8ms
[2024-12-12T02:17:10.438+0000][gc,phases     ] GC(6)   Post Evacuate Collection Set: 0.6ms
[2024-12-12T02:17:10.438+0000][gc,phases     ] GC(6)   Other: 0.2ms
[2024-12-12T02:17:10.438+0000][gc,heap       ] GC(6) Eden regions: 49->0(46)
[2024-12-12T02:17:10.438+0000][gc,heap       ] GC(6) Survivor regions: 2->5(7)
[2024-12-12T02:17:10.438+0000][gc,heap       ] GC(6) Old regions: 14->14
[2024-12-12T02:17:10.438+0000][gc,heap       ] GC(6) Humongous regions: 129->129
[2024-12-12T02:17:10.438+0000][gc,metaspace  ] GC(6) Metaspace: 41660K(44364K)->41660K(44364K) NonClass: 36204K(37580K)->36204K(37580K) Class: 5455K(6784K)->5455K(6784K)
[2024-12-12T02:17:10.438+0000][gc            ] GC(6) Pause Young (Concurrent Start) (G1 Evacuation Pause) 191M->145M(1024M) 21.896ms
[2024-12-12T02:17:10.438+0000][gc,cpu        ] GC(6) User=0.01s Sys=0.00s Real=0.02s
[2024-12-12T02:17:10.438+0000][gc            ] GC(7) Concurrent Cycle
[2024-12-12T02:17:10.438+0000][gc,marking    ] GC(7) Concurrent Clear Claimed Marks
[2024-12-12T02:17:10.438+0000][gc,marking    ] GC(7) Concurrent Clear Claimed Marks 0.276ms
[2024-12-12T02:17:10.438+0000][gc,marking    ] GC(7) Concurrent Scan Root Regions
[2024-12-12T02:17:10.441+0000][gc,marking    ] GC(7) Concurrent Scan Root Regions 3.406ms
[2024-12-12T02:17:10.441+0000][gc,marking    ] GC(7) Concurrent Mark (11.862s)
[2024-12-12T02:17:10.441+0000][gc,marking    ] GC(7) Concurrent Mark From Roots
[2024-12-12T02:17:10.441+0000][gc,task       ] GC(7) Using 1 workers of 1 for marking
[2024-12-12T02:17:10.476+0000][gc,marking    ] GC(7) Concurrent Mark From Roots 34.363ms
[2024-12-12T02:17:10.476+0000][gc,marking    ] GC(7) Concurrent Preclean
[2024-12-12T02:17:10.476+0000][gc,marking    ] GC(7) Concurrent Preclean 0.068ms
[2024-12-12T02:17:10.476+0000][gc,marking    ] GC(7) Concurrent Mark (11.862s, 11.896s) 34.472ms
[2024-12-12T02:17:10.476+0000][gc,start      ] GC(7) Pause Remark
[2024-12-12T02:17:10.494+0000][gc,stringtable] GC(7) Cleaned string and symbol table, strings: 11649 processed, 5 removed, symbols: 90977 processed, 5 removed
[2024-12-12T02:17:10.494+0000][gc            ] GC(7) Pause Remark 145M->145M(1024M) 17.641ms
[2024-12-12T02:17:10.494+0000][gc,cpu        ] GC(7) User=0.02s Sys=0.00s Real=0.01s
[2024-12-12T02:17:10.494+0000][gc,marking    ] GC(7) Concurrent Rebuild Remembered Sets
[2024-12-12T02:17:10.522+0000][gc,marking    ] GC(7) Concurrent Rebuild Remembered Sets 27.824ms
[2024-12-12T02:17:10.522+0000][gc,start      ] GC(7) Pause Cleanup
[2024-12-12T02:17:10.522+0000][gc            ] GC(7) Pause Cleanup 146M->146M(1024M) 0.126ms
[2024-12-12T02:17:10.522+0000][gc,cpu        ] GC(7) User=0.00s Sys=0.00s Real=0.00s
[2024-12-12T02:17:10.522+0000][gc,marking    ] GC(7) Concurrent Cleanup for Next Mark
[2024-12-12T02:17:10.527+0000][gc,marking    ] GC(7) Concurrent Cleanup for Next Mark 4.956ms
[2024-12-12T02:17:10.527+0000][gc            ] GC(7) Concurrent Cycle 89.617ms
[2024-12-12T02:25:01.094+0000][gc,start      ] GC(8) Pause Young (Normal) (G1 Evacuation Pause)
[2024-12-12T02:25:01.094+0000][gc,task       ] GC(8) Using 4 workers of 4 for evacuation
[2024-12-12T02:25:01.138+0000][gc,mmu        ] GC(8) MMU target violated: 21.0ms (20.0ms/21.0ms)
[2024-12-12T02:25:01.138+0000][gc,phases     ] GC(8)   Pre Evacuate Collection Set: 0.0ms
[2024-12-12T02:25:01.138+0000][gc,phases     ] GC(8)   Evacuate Collection Set: 42.5ms
[2024-12-12T02:25:01.138+0000][gc,phases     ] GC(8)   Post Evacuate Collection Set: 0.8ms
[2024-12-12T02:25:01.138+0000][gc,phases     ] GC(8)   Other: 0.3ms
[2024-12-12T02:25:01.138+0000][gc,heap       ] GC(8) Eden regions: 46->0(45)
[2024-12-12T02:25:01.138+0000][gc,heap       ] GC(8) Survivor regions: 5->6(7)
[2024-12-12T02:25:01.138+0000][gc,heap       ] GC(8) Old regions: 14->15
[2024-12-12T02:25:01.138+0000][gc,heap       ] GC(8) Humongous regions: 129->129
[2024-12-12T02:25:01.138+0000][gc,metaspace  ] GC(8) Metaspace: 43503K(46412K)->43503K(46412K) NonClass: 37872K(39372K)->37872K(39372K) Class: 5631K(7040K)->5631K(7040K)
[2024-12-12T02:25:01.138+0000][gc            ] GC(8) Pause Young (Normal) (G1 Evacuation Pause) 191M->148M(1024M) 43.672ms
[2024-12-12T02:25:01.138+0000][gc,cpu        ] GC(8) User=0.06s Sys=0.00s Real=0.05s
[2024-12-12T02:33:55.818+0000][gc,start      ] GC(9) Pause Young (Normal) (G1 Evacuation Pause)
[2024-12-12T02:33:55.818+0000][gc,task       ] GC(9) Using 4 workers of 4 for evacuation
[2024-12-12T02:33:55.844+0000][gc,mmu        ] GC(9) MMU target violated: 21.0ms (20.0ms/21.0ms)
[2024-12-12T02:33:55.844+0000][gc,phases     ] GC(9)   Pre Evacuate Collection Set: 0.0ms
[2024-12-12T02:33:55.844+0000][gc,phases     ] GC(9)   Evacuate Collection Set: 25.4ms
[2024-12-12T02:33:55.844+0000][gc,phases     ] GC(9)   Post Evacuate Collection Set: 0.4ms
[2024-12-12T02:33:55.844+0000][gc,phases     ] GC(9)   Other: 0.2ms
[2024-12-12T02:33:55.844+0000][gc,heap       ] GC(9) Eden regions: 45->0(47)
[2024-12-12T02:33:55.844+0000][gc,heap       ] GC(9) Survivor regions: 6->4(7)
[2024-12-12T02:33:55.844+0000][gc,heap       ] GC(9) Old regions: 15->18
[2024-12-12T02:33:55.844+0000][gc,heap       ] GC(9) Humongous regions: 129->129
[2024-12-12T02:33:55.844+0000][gc,metaspace  ] GC(9) Metaspace: 43625K(46412K)->43625K(46412K) NonClass: 37970K(39372K)->37970K(39372K) Class: 5654K(7040K)->5654K(7040K)
[2024-12-12T02:33:55.844+0000][gc            ] GC(9) Pause Young (Normal) (G1 Evacuation Pause) 193M->148M(1024M) 26.084ms
[2024-12-12T02:33:55.844+0000][gc,cpu        ] GC(9) User=0.02s Sys=0.01s Real=0.03s
[2024-12-12T02:44:04.839+0000][gc,start      ] GC(10) Pause Young (Normal) (G1 Evacuation Pause)
[2024-12-12T02:44:04.839+0000][gc,task       ] GC(10) Using 4 workers of 4 for evacuation
[2024-12-12T02:44:04.866+0000][gc,mmu        ] GC(10) MMU target violated: 21.0ms (20.0ms/21.0ms)
[2024-12-12T02:44:04.866+0000][gc,phases     ] GC(10)   Pre Evacuate Collection Set: 0.0ms
[2024-12-12T02:44:04.866+0000][gc,phases     ] GC(10)   Evacuate Collection Set: 21.1ms
[2024-12-12T02:44:04.866+0000][gc,phases     ] GC(10)   Post Evacuate Collection Set: 5.7ms
[2024-12-12T02:44:04.866+0000][gc,phases     ] GC(10)   Other: 0.2ms
[2024-12-12T02:44:04.866+0000][gc,heap       ] GC(10) Eden regions: 47->0(48)
[2024-12-12T02:44:04.866+0000][gc,heap       ] GC(10) Survivor regions: 4->3(7)
[2024-12-12T02:44:04.866+0000][gc,heap       ] GC(10) Old regions: 18->18
[2024-12-12T02:44:04.866+0000][gc,heap       ] GC(10) Humongous regions: 129->129
[2024-12-12T02:44:04.866+0000][gc,metaspace  ] GC(10) Metaspace: 43689K(46412K)->43689K(46412K) NonClass: 38034K(39372K)->38034K(39372K) Class: 5654K(7040K)->5654K(7040K)
[2024-12-12T02:44:04.866+0000][gc            ] GC(10) Pause Young (Normal) (G1 Evacuation Pause) 195M->147M(1024M) 27.028ms
[2024-12-12T02:44:04.866+0000][gc,cpu        ] GC(10) User=0.02s Sys=0.00s Real=0.03s
[2024-12-12T02:54:54.808+0000][gc,start      ] GC(11) Pause Young (Normal) (G1 Evacuation Pause)
[2024-12-12T02:54:54.808+0000][gc,task       ] GC(11) Using 4 workers of 4 for evacuation
[2024-12-12T02:54:54.814+0000][gc,phases     ] GC(11)   Pre Evacuate Collection Set: 0.0ms
[2024-12-12T02:54:54.814+0000][gc,phases     ] GC(11)   Evacuate Collection Set: 4.5ms
[2024-12-12T02:54:54.814+0000][gc,phases     ] GC(11)   Post Evacuate Collection Set: 0.5ms
[2024-12-12T02:54:54.814+0000][gc,phases     ] GC(11)   Other: 0.2ms
[2024-12-12T02:54:54.814+0000][gc,heap       ] GC(11) Eden regions: 48->0(47)
[2024-12-12T02:54:54.814+0000][gc,heap       ] GC(11) Survivor regions: 3->4(7)
[2024-12-12T02:54:54.814+0000][gc,heap       ] GC(11) Old regions: 18->18
[2024-12-12T02:54:54.814+0000][gc,heap       ] GC(11) Humongous regions: 129->129
[2024-12-12T02:54:54.814+0000][gc,metaspace  ] GC(11) Metaspace: 43777K(46668K)->43777K(46668K) NonClass: 38115K(39628K)->38115K(39628K) Class: 5662K(7040K)->5662K(7040K)
[2024-12-12T02:54:54.814+0000][gc            ] GC(11) Pause Young (Normal) (G1 Evacuation Pause) 195M->148M(1024M) 5.302ms
[2024-12-12T02:54:54.814+0000][gc,cpu        ] GC(11) User=0.01s Sys=0.00s Real=0.00s
