[2024-09-04T07:25:21.510+0000][gc,heap] Heap region size: 1M
[2024-09-04T07:25:21.512+0000][gc     ] Using G1
[2024-09-04T07:25:21.512+0000][gc,heap,coops] Heap address: 0x00000000e0000000, size: 512 MB, Compressed Oops mode: 32-bit
[2024-09-04T07:25:21.513+0000][gc,cds       ] Mark closed archive regions in map: [0x00000000fff00000, 0x00000000fff6bff8]
[2024-09-04T07:25:21.513+0000][gc,cds       ] Mark open archive regions in map: [0x00000000ffe00000, 0x00000000ffe47ff8]
[2024-09-04T07:25:22.058+0000][gc,start     ] GC(0) Pause Young (Normal) (G1 Evacuation Pause)
[2024-09-04T07:25:22.058+0000][gc,task      ] GC(0) Using 4 workers of 4 for evacuation
[2024-09-04T07:25:22.066+0000][gc,phases    ] GC(0)   Pre Evacuate Collection Set: 0.0ms
[2024-09-04T07:25:22.066+0000][gc,phases    ] GC(0)   Evacuate Collection Set: 7.3ms
[2024-09-04T07:25:22.066+0000][gc,phases    ] GC(0)   Post Evacuate Collection Set: 0.3ms
[2024-09-04T07:25:22.066+0000][gc,phases    ] GC(0)   Other: 0.3ms
[2024-09-04T07:25:22.066+0000][gc,heap      ] GC(0) Eden regions: 25->0(21)
[2024-09-04T07:25:22.066+0000][gc,heap      ] GC(0) Survivor regions: 0->4(4)
[2024-09-04T07:25:22.066+0000][gc,heap      ] GC(0) Old regions: 2->5
[2024-09-04T07:25:22.066+0000][gc,heap      ] GC(0) Humongous regions: 0->0
[2024-09-04T07:25:22.066+0000][gc,metaspace ] GC(0) Metaspace: 7854K(8448K)->7854K(8448K) NonClass: 6977K(7424K)->6977K(7424K) Class: 877K(1024K)->877K(1024K)
[2024-09-04T07:25:22.066+0000][gc           ] GC(0) Pause Young (Normal) (G1 Evacuation Pause) 25M->7M(512M) 7.929ms
[2024-09-04T07:25:22.066+0000][gc,cpu       ] GC(0) User=0.02s Sys=0.00s Real=0.00s
[2024-09-04T09:55:10.422+0000][gc,start     ] GC(1) Pause Young (Normal) (G1 Evacuation Pause)
[2024-09-04T09:55:10.422+0000][gc,task      ] GC(1) Using 4 workers of 4 for evacuation
[2024-09-04T09:55:10.427+0000][gc,phases    ] GC(1)   Pre Evacuate Collection Set: 0.0ms
[2024-09-04T09:55:10.427+0000][gc,phases    ] GC(1)   Evacuate Collection Set: 4.4ms
[2024-09-04T09:55:10.427+0000][gc,phases    ] GC(1)   Post Evacuate Collection Set: 0.3ms
[2024-09-04T09:55:10.427+0000][gc,phases    ] GC(1)   Other: 0.1ms
[2024-09-04T09:55:10.427+0000][gc,heap      ] GC(1) Eden regions: 21->0(24)
[2024-09-04T09:55:10.427+0000][gc,heap      ] GC(1) Survivor regions: 4->1(4)
[2024-09-04T09:55:10.427+0000][gc,heap      ] GC(1) Old regions: 5->9
[2024-09-04T09:55:10.427+0000][gc,heap      ] GC(1) Humongous regions: 0->0
[2024-09-04T09:55:10.427+0000][gc,metaspace ] GC(1) Metaspace: 9460K(9984K)->9460K(9984K) NonClass: 8460K(8704K)->8460K(8704K) Class: 1000K(1280K)->1000K(1280K)
[2024-09-04T09:55:10.427+0000][gc           ] GC(1) Pause Young (Normal) (G1 Evacuation Pause) 28M->8M(512M) 4.806ms
[2024-09-04T09:55:10.427+0000][gc,cpu       ] GC(1) User=0.02s Sys=0.00s Real=0.00s
[2024-09-04T17:36:42.935+0000][gc,start     ] GC(2) Pause Young (Normal) (G1 Evacuation Pause)
[2024-09-04T17:36:42.935+0000][gc,task      ] GC(2) Using 4 workers of 4 for evacuation
[2024-09-04T17:36:42.937+0000][gc,phases    ] GC(2)   Pre Evacuate Collection Set: 0.0ms
[2024-09-04T17:36:42.937+0000][gc,phases    ] GC(2)   Evacuate Collection Set: 0.7ms
[2024-09-04T17:36:42.937+0000][gc,phases    ] GC(2)   Post Evacuate Collection Set: 0.7ms
[2024-09-04T17:36:42.937+0000][gc,phases    ] GC(2)   Other: 0.1ms
[2024-09-04T17:36:42.937+0000][gc,heap      ] GC(2) Eden regions: 24->0(24)
[2024-09-04T17:36:42.937+0000][gc,heap      ] GC(2) Survivor regions: 1->1(4)
[2024-09-04T17:36:42.937+0000][gc,heap      ] GC(2) Old regions: 9->9
[2024-09-04T17:36:42.937+0000][gc,heap      ] GC(2) Humongous regions: 0->0
[2024-09-04T17:36:42.937+0000][gc,metaspace ] GC(2) Metaspace: 9471K(9984K)->9471K(9984K) NonClass: 8470K(8704K)->8470K(8704K) Class: 1000K(1280K)->1000K(1280K)
[2024-09-04T17:36:42.937+0000][gc           ] GC(2) Pause Young (Normal) (G1 Evacuation Pause) 32M->8M(512M) 1.539ms
[2024-09-04T17:36:42.937+0000][gc,cpu       ] GC(2) User=0.00s Sys=0.01s Real=0.00s
[2024-09-05T01:31:53.069+0000][gc,start     ] GC(3) Pause Young (Normal) (G1 Evacuation Pause)
[2024-09-05T01:31:53.069+0000][gc,task      ] GC(3) Using 4 workers of 4 for evacuation
[2024-09-05T01:31:53.071+0000][gc,phases    ] GC(3)   Pre Evacuate Collection Set: 0.0ms
[2024-09-05T01:31:53.071+0000][gc,phases    ] GC(3)   Evacuate Collection Set: 1.1ms
[2024-09-05T01:31:53.071+0000][gc,phases    ] GC(3)   Post Evacuate Collection Set: 0.5ms
[2024-09-05T01:31:53.071+0000][gc,phases    ] GC(3)   Other: 0.3ms
[2024-09-05T01:31:53.071+0000][gc,heap      ] GC(3) Eden regions: 24->0(24)
[2024-09-05T01:31:53.071+0000][gc,heap      ] GC(3) Survivor regions: 1->1(4)
[2024-09-05T01:31:53.071+0000][gc,heap      ] GC(3) Old regions: 9->9
[2024-09-05T01:31:53.071+0000][gc,heap      ] GC(3) Humongous regions: 0->0
[2024-09-05T01:31:53.071+0000][gc,metaspace ] GC(3) Metaspace: 9471K(9984K)->9471K(9984K) NonClass: 8470K(8704K)->8470K(8704K) Class: 1000K(1280K)->1000K(1280K)
[2024-09-05T01:31:53.071+0000][gc           ] GC(3) Pause Young (Normal) (G1 Evacuation Pause) 32M->8M(512M) 1.956ms
[2024-09-05T01:31:53.071+0000][gc,cpu       ] GC(3) User=0.00s Sys=0.00s Real=0.01s
[2024-09-05T09:28:34.467+0000][gc,start     ] GC(4) Pause Young (Normal) (G1 Evacuation Pause)
[2024-09-05T09:28:34.467+0000][gc,task      ] GC(4) Using 4 workers of 4 for evacuation
[2024-09-05T09:28:34.468+0000][gc,phases    ] GC(4)   Pre Evacuate Collection Set: 0.0ms
[2024-09-05T09:28:34.468+0000][gc,phases    ] GC(4)   Evacuate Collection Set: 0.8ms
[2024-09-05T09:28:34.468+0000][gc,phases    ] GC(4)   Post Evacuate Collection Set: 0.2ms
[2024-09-05T09:28:34.468+0000][gc,phases    ] GC(4)   Other: 0.1ms
[2024-09-05T09:28:34.468+0000][gc,heap      ] GC(4) Eden regions: 24->0(24)
[2024-09-05T09:28:34.468+0000][gc,heap      ] GC(4) Survivor regions: 1->1(4)
[2024-09-05T09:28:34.468+0000][gc,heap      ] GC(4) Old regions: 9->9
[2024-09-05T09:28:34.468+0000][gc,heap      ] GC(4) Humongous regions: 0->0
[2024-09-05T09:28:34.468+0000][gc,metaspace ] GC(4) Metaspace: 9478K(9984K)->9478K(9984K) NonClass: 8478K(8704K)->8478K(8704K) Class: 1000K(1280K)->1000K(1280K)
[2024-09-05T09:28:34.468+0000][gc           ] GC(4) Pause Young (Normal) (G1 Evacuation Pause) 32M->8M(512M) 1.161ms
[2024-09-05T09:28:34.468+0000][gc,cpu       ] GC(4) User=0.00s Sys=0.01s Real=0.00s
[2024-09-05T17:24:34.179+0000][gc,start     ] GC(5) Pause Young (Normal) (G1 Evacuation Pause)
[2024-09-05T17:24:34.179+0000][gc,task      ] GC(5) Using 4 workers of 4 for evacuation
[2024-09-05T17:24:34.180+0000][gc,phases    ] GC(5)   Pre Evacuate Collection Set: 0.0ms
[2024-09-05T17:24:34.180+0000][gc,phases    ] GC(5)   Evacuate Collection Set: 0.7ms
[2024-09-05T17:24:34.180+0000][gc,phases    ] GC(5)   Post Evacuate Collection Set: 0.5ms
[2024-09-05T17:24:34.180+0000][gc,phases    ] GC(5)   Other: 0.1ms
[2024-09-05T17:24:34.180+0000][gc,heap      ] GC(5) Eden regions: 24->0(24)
[2024-09-05T17:24:34.180+0000][gc,heap      ] GC(5) Survivor regions: 1->1(4)
[2024-09-05T17:24:34.180+0000][gc,heap      ] GC(5) Old regions: 9->9
[2024-09-05T17:24:34.180+0000][gc,heap      ] GC(5) Humongous regions: 0->0
[2024-09-05T17:24:34.180+0000][gc,metaspace ] GC(5) Metaspace: 9478K(9984K)->9478K(9984K) NonClass: 8478K(8704K)->8478K(8704K) Class: 1000K(1280K)->1000K(1280K)
[2024-09-05T17:24:34.180+0000][gc           ] GC(5) Pause Young (Normal) (G1 Evacuation Pause) 32M->8M(512M) 1.388ms
[2024-09-05T17:24:34.180+0000][gc,cpu       ] GC(5) User=0.00s Sys=0.00s Real=0.00s
[2024-09-06T01:27:10.676+0000][gc,start     ] GC(6) Pause Young (Normal) (G1 Evacuation Pause)
[2024-09-06T01:27:10.676+0000][gc,task      ] GC(6) Using 4 workers of 4 for evacuation
[2024-09-06T01:27:10.677+0000][gc,phases    ] GC(6)   Pre Evacuate Collection Set: 0.0ms
[2024-09-06T01:27:10.677+0000][gc,phases    ] GC(6)   Evacuate Collection Set: 0.7ms
[2024-09-06T01:27:10.677+0000][gc,phases    ] GC(6)   Post Evacuate Collection Set: 0.2ms
[2024-09-06T01:27:10.677+0000][gc,phases    ] GC(6)   Other: 0.1ms
[2024-09-06T01:27:10.677+0000][gc,heap      ] GC(6) Eden regions: 24->0(27)
[2024-09-06T01:27:10.677+0000][gc,heap      ] GC(6) Survivor regions: 1->1(4)
[2024-09-06T01:27:10.677+0000][gc,heap      ] GC(6) Old regions: 9->9
[2024-09-06T01:27:10.677+0000][gc,heap      ] GC(6) Humongous regions: 0->0
[2024-09-06T01:27:10.677+0000][gc,metaspace ] GC(6) Metaspace: 9478K(9984K)->9478K(9984K) NonClass: 8478K(8704K)->8478K(8704K) Class: 1000K(1280K)->1000K(1280K)
[2024-09-06T01:27:10.677+0000][gc           ] GC(6) Pause Young (Normal) (G1 Evacuation Pause) 32M->8M(512M) 1.058ms
[2024-09-06T01:27:10.677+0000][gc,cpu       ] GC(6) User=0.01s Sys=0.00s Real=0.00s
[2024-09-06T10:27:55.918+0000][gc,start     ] GC(7) Pause Young (Normal) (G1 Evacuation Pause)
[2024-09-06T10:27:55.918+0000][gc,task      ] GC(7) Using 4 workers of 4 for evacuation
[2024-09-06T10:27:55.920+0000][gc,phases    ] GC(7)   Pre Evacuate Collection Set: 0.0ms
[2024-09-06T10:27:55.920+0000][gc,phases    ] GC(7)   Evacuate Collection Set: 0.8ms
[2024-09-06T10:27:55.920+0000][gc,phases    ] GC(7)   Post Evacuate Collection Set: 0.3ms
[2024-09-06T10:27:55.920+0000][gc,phases    ] GC(7)   Other: 0.1ms
[2024-09-06T10:27:55.920+0000][gc,heap      ] GC(7) Eden regions: 27->0(29)
[2024-09-06T10:27:55.920+0000][gc,heap      ] GC(7) Survivor regions: 1->1(4)
[2024-09-06T10:27:55.920+0000][gc,heap      ] GC(7) Old regions: 9->9
[2024-09-06T10:27:55.920+0000][gc,heap      ] GC(7) Humongous regions: 0->0
[2024-09-06T10:27:55.920+0000][gc,metaspace ] GC(7) Metaspace: 9481K(9984K)->9481K(9984K) NonClass: 8480K(8704K)->8480K(8704K) Class: 1000K(1280K)->1000K(1280K)
[2024-09-06T10:27:55.920+0000][gc           ] GC(7) Pause Young (Normal) (G1 Evacuation Pause) 35M->8M(512M) 1.284ms
[2024-09-06T10:27:55.920+0000][gc,cpu       ] GC(7) User=0.00s Sys=0.00s Real=0.00s
[2024-09-06T20:10:25.378+0000][gc,start     ] GC(8) Pause Young (Normal) (G1 Evacuation Pause)
[2024-09-06T20:10:25.378+0000][gc,task      ] GC(8) Using 4 workers of 4 for evacuation
[2024-09-06T20:10:25.380+0000][gc,phases    ] GC(8)   Pre Evacuate Collection Set: 0.0ms
[2024-09-06T20:10:25.380+0000][gc,phases    ] GC(8)   Evacuate Collection Set: 1.3ms
[2024-09-06T20:10:25.380+0000][gc,phases    ] GC(8)   Post Evacuate Collection Set: 0.2ms
[2024-09-06T20:10:25.380+0000][gc,phases    ] GC(8)   Other: 0.1ms
[2024-09-06T20:10:25.380+0000][gc,heap      ] GC(8) Eden regions: 29->0(32)
[2024-09-06T20:10:25.380+0000][gc,heap      ] GC(8) Survivor regions: 1->1(4)
[2024-09-06T20:10:25.380+0000][gc,heap      ] GC(8) Old regions: 9->9
[2024-09-06T20:10:25.380+0000][gc,heap      ] GC(8) Humongous regions: 0->0
[2024-09-06T20:10:25.380+0000][gc,metaspace ] GC(8) Metaspace: 9481K(9984K)->9481K(9984K) NonClass: 8480K(8704K)->8480K(8704K) Class: 1000K(1280K)->1000K(1280K)
[2024-09-06T20:10:25.380+0000][gc           ] GC(8) Pause Young (Normal) (G1 Evacuation Pause) 37M->8M(512M) 1.694ms
[2024-09-06T20:10:25.380+0000][gc,cpu       ] GC(8) User=0.01s Sys=0.00s Real=0.00s
[2024-09-07T06:54:27.740+0000][gc,start     ] GC(9) Pause Young (Normal) (G1 Evacuation Pause)
[2024-09-07T06:54:27.740+0000][gc,task      ] GC(9) Using 4 workers of 4 for evacuation
[2024-09-07T06:54:27.741+0000][gc,phases    ] GC(9)   Pre Evacuate Collection Set: 0.0ms
[2024-09-07T06:54:27.741+0000][gc,phases    ] GC(9)   Evacuate Collection Set: 1.0ms
[2024-09-07T06:54:27.741+0000][gc,phases    ] GC(9)   Post Evacuate Collection Set: 0.2ms
[2024-09-07T06:54:27.741+0000][gc,phases    ] GC(9)   Other: 0.1ms
[2024-09-07T06:54:27.741+0000][gc,heap      ] GC(9) Eden regions: 32->0(37)
[2024-09-07T06:54:27.741+0000][gc,heap      ] GC(9) Survivor regions: 1->1(5)
[2024-09-07T06:54:27.741+0000][gc,heap      ] GC(9) Old regions: 9->9
[2024-09-07T06:54:27.741+0000][gc,heap      ] GC(9) Humongous regions: 0->0
[2024-09-07T06:54:27.741+0000][gc,metaspace ] GC(9) Metaspace: 9481K(9984K)->9481K(9984K) NonClass: 8480K(8704K)->8480K(8704K) Class: 1000K(1280K)->1000K(1280K)
[2024-09-07T06:54:27.741+0000][gc           ] GC(9) Pause Young (Normal) (G1 Evacuation Pause) 40M->8M(512M) 1.363ms
[2024-09-07T06:54:27.741+0000][gc,cpu       ] GC(9) User=0.00s Sys=0.00s Real=0.00s
[2024-09-07T19:19:23.370+0000][gc,start     ] GC(10) Pause Young (Normal) (G1 Evacuation Pause)
[2024-09-07T19:19:23.370+0000][gc,task      ] GC(10) Using 4 workers of 4 for evacuation
[2024-09-07T19:19:23.371+0000][gc,phases    ] GC(10)   Pre Evacuate Collection Set: 0.0ms
[2024-09-07T19:19:23.371+0000][gc,phases    ] GC(10)   Evacuate Collection Set: 1.3ms
[2024-09-07T19:19:23.371+0000][gc,phases    ] GC(10)   Post Evacuate Collection Set: 0.2ms
[2024-09-07T19:19:23.371+0000][gc,phases    ] GC(10)   Other: 0.1ms
[2024-09-07T19:19:23.371+0000][gc,heap      ] GC(10) Eden regions: 37->0(44)
[2024-09-07T19:19:23.371+0000][gc,heap      ] GC(10) Survivor regions: 1->1(5)
[2024-09-07T19:19:23.371+0000][gc,heap      ] GC(10) Old regions: 9->9
[2024-09-07T19:19:23.371+0000][gc,heap      ] GC(10) Humongous regions: 0->0
[2024-09-07T19:19:23.371+0000][gc,metaspace ] GC(10) Metaspace: 9481K(9984K)->9481K(9984K) NonClass: 8480K(8704K)->8480K(8704K) Class: 1000K(1280K)->1000K(1280K)
[2024-09-07T19:19:23.371+0000][gc           ] GC(10) Pause Young (Normal) (G1 Evacuation Pause) 45M->8M(512M) 1.709ms
[2024-09-07T19:19:23.371+0000][gc,cpu       ] GC(10) User=0.00s Sys=0.01s Real=0.00s
[2024-09-08T10:08:38.306+0000][gc,start     ] GC(11) Pause Young (Normal) (G1 Evacuation Pause)
[2024-09-08T10:08:38.306+0000][gc,task      ] GC(11) Using 4 workers of 4 for evacuation
[2024-09-08T10:08:38.307+0000][gc,phases    ] GC(11)   Pre Evacuate Collection Set: 0.0ms
[2024-09-08T10:08:38.307+0000][gc,phases    ] GC(11)   Evacuate Collection Set: 0.7ms
[2024-09-08T10:08:38.307+0000][gc,phases    ] GC(11)   Post Evacuate Collection Set: 0.2ms
[2024-09-08T10:08:38.307+0000][gc,phases    ] GC(11)   Other: 0.1ms
[2024-09-08T10:08:38.307+0000][gc,heap      ] GC(11) Eden regions: 44->0(53)
[2024-09-08T10:08:38.307+0000][gc,heap      ] GC(11) Survivor regions: 1->1(6)
[2024-09-08T10:08:38.307+0000][gc,heap      ] GC(11) Old regions: 9->9
[2024-09-08T10:08:38.307+0000][gc,heap      ] GC(11) Humongous regions: 0->0
[2024-09-08T10:08:38.307+0000][gc,metaspace ] GC(11) Metaspace: 9482K(9984K)->9482K(9984K) NonClass: 8481K(8704K)->8481K(8704K) Class: 1000K(1280K)->1000K(1280K)
[2024-09-08T10:08:38.307+0000][gc           ] GC(11) Pause Young (Normal) (G1 Evacuation Pause) 52M->8M(512M) 1.020ms
[2024-09-08T10:08:38.307+0000][gc,cpu       ] GC(11) User=0.01s Sys=0.00s Real=0.00s
[2024-09-09T03:59:43.327+0000][gc,start     ] GC(12) Pause Young (Normal) (G1 Evacuation Pause)
[2024-09-09T03:59:43.327+0000][gc,task      ] GC(12) Using 4 workers of 4 for evacuation
[2024-09-09T03:59:43.329+0000][gc,phases    ] GC(12)   Pre Evacuate Collection Set: 0.0ms
[2024-09-09T03:59:43.329+0000][gc,phases    ] GC(12)   Evacuate Collection Set: 1.9ms
[2024-09-09T03:59:43.329+0000][gc,phases    ] GC(12)   Post Evacuate Collection Set: 0.3ms
[2024-09-09T03:59:43.329+0000][gc,phases    ] GC(12)   Other: 0.1ms
[2024-09-09T03:59:43.329+0000][gc,heap      ] GC(12) Eden regions: 53->0(63)
[2024-09-09T03:59:43.329+0000][gc,heap      ] GC(12) Survivor regions: 1->1(7)
[2024-09-09T03:59:43.329+0000][gc,heap      ] GC(12) Old regions: 9->9
[2024-09-09T03:59:43.329+0000][gc,heap      ] GC(12) Humongous regions: 0->0
[2024-09-09T03:59:43.329+0000][gc,metaspace ] GC(12) Metaspace: 9494K(9984K)->9494K(9984K) NonClass: 8494K(8704K)->8494K(8704K) Class: 1000K(1280K)->1000K(1280K)
[2024-09-09T03:59:43.329+0000][gc           ] GC(12) Pause Young (Normal) (G1 Evacuation Pause) 61M->8M(512M) 2.304ms
[2024-09-09T03:59:43.329+0000][gc,cpu       ] GC(12) User=0.00s Sys=0.01s Real=0.01s
[2024-09-10T01:16:55.034+0000][gc,start     ] GC(13) Pause Young (Normal) (G1 Evacuation Pause)
[2024-09-10T01:16:55.034+0000][gc,task      ] GC(13) Using 4 workers of 4 for evacuation
[2024-09-10T01:16:55.036+0000][gc,phases    ] GC(13)   Pre Evacuate Collection Set: 0.0ms
[2024-09-10T01:16:55.036+0000][gc,phases    ] GC(13)   Evacuate Collection Set: 1.5ms
[2024-09-10T01:16:55.036+0000][gc,phases    ] GC(13)   Post Evacuate Collection Set: 0.3ms
[2024-09-10T01:16:55.036+0000][gc,phases    ] GC(13)   Other: 0.1ms
[2024-09-10T01:16:55.036+0000][gc,heap      ] GC(13) Eden regions: 63->0(76)
[2024-09-10T01:16:55.036+0000][gc,heap      ] GC(13) Survivor regions: 1->1(8)
[2024-09-10T01:16:55.036+0000][gc,heap      ] GC(13) Old regions: 9->9
[2024-09-10T01:16:55.036+0000][gc,heap      ] GC(13) Humongous regions: 0->0
[2024-09-10T01:16:55.036+0000][gc,metaspace ] GC(13) Metaspace: 9494K(9984K)->9494K(9984K) NonClass: 8494K(8704K)->8494K(8704K) Class: 1000K(1280K)->1000K(1280K)
[2024-09-10T01:16:55.036+0000][gc           ] GC(13) Pause Young (Normal) (G1 Evacuation Pause) 71M->8M(512M) 1.995ms
[2024-09-10T01:16:55.036+0000][gc,cpu       ] GC(13) User=0.01s Sys=0.01s Real=0.00s
[2024-09-11T03:07:15.479+0000][gc,start     ] GC(14) Pause Young (Normal) (G1 Evacuation Pause)
[2024-09-11T03:07:15.479+0000][gc,task      ] GC(14) Using 4 workers of 4 for evacuation
[2024-09-11T03:07:15.480+0000][gc,phases    ] GC(14)   Pre Evacuate Collection Set: 0.0ms
[2024-09-11T03:07:15.480+0000][gc,phases    ] GC(14)   Evacuate Collection Set: 0.8ms
[2024-09-11T03:07:15.480+0000][gc,phases    ] GC(14)   Post Evacuate Collection Set: 0.3ms
[2024-09-11T03:07:15.480+0000][gc,phases    ] GC(14)   Other: 0.1ms
[2024-09-11T03:07:15.480+0000][gc,heap      ] GC(14) Eden regions: 76->0(91)
[2024-09-11T03:07:15.480+0000][gc,heap      ] GC(14) Survivor regions: 1->1(10)
[2024-09-11T03:07:15.480+0000][gc,heap      ] GC(14) Old regions: 9->9
[2024-09-11T03:07:15.480+0000][gc,heap      ] GC(14) Humongous regions: 0->0
[2024-09-11T03:07:15.480+0000][gc,metaspace ] GC(14) Metaspace: 9494K(9984K)->9494K(9984K) NonClass: 8494K(8704K)->8494K(8704K) Class: 1000K(1280K)->1000K(1280K)
[2024-09-11T03:07:15.480+0000][gc           ] GC(14) Pause Young (Normal) (G1 Evacuation Pause) 84M->8M(512M) 1.341ms
[2024-09-11T03:07:15.480+0000][gc,cpu       ] GC(14) User=0.00s Sys=0.00s Real=0.00s
[2024-09-12T10:12:12.240+0000][gc,start     ] GC(15) Pause Young (Normal) (G1 Evacuation Pause)
[2024-09-12T10:12:12.240+0000][gc,task      ] GC(15) Using 4 workers of 4 for evacuation
[2024-09-12T10:12:12.242+0000][gc,phases    ] GC(15)   Pre Evacuate Collection Set: 0.0ms
[2024-09-12T10:12:12.242+0000][gc,phases    ] GC(15)   Evacuate Collection Set: 1.3ms
[2024-09-12T10:12:12.242+0000][gc,phases    ] GC(15)   Post Evacuate Collection Set: 0.3ms
[2024-09-12T10:12:12.242+0000][gc,phases    ] GC(15)   Other: 0.1ms
[2024-09-12T10:12:12.242+0000][gc,heap      ] GC(15) Eden regions: 91->0(108)
[2024-09-12T10:12:12.242+0000][gc,heap      ] GC(15) Survivor regions: 1->1(12)
[2024-09-12T10:12:12.242+0000][gc,heap      ] GC(15) Old regions: 9->9
[2024-09-12T10:12:12.242+0000][gc,heap      ] GC(15) Humongous regions: 0->0
[2024-09-12T10:12:12.242+0000][gc,metaspace ] GC(15) Metaspace: 9494K(9984K)->9494K(9984K) NonClass: 8494K(8704K)->8494K(8704K) Class: 1000K(1280K)->1000K(1280K)
[2024-09-12T10:12:12.242+0000][gc           ] GC(15) Pause Young (Normal) (G1 Evacuation Pause) 99M->8M(512M) 1.727ms
[2024-09-12T10:12:12.242+0000][gc,cpu       ] GC(15) User=0.01s Sys=0.00s Real=0.00s
[2024-09-13T22:47:31.485+0000][gc,start     ] GC(16) Pause Young (Normal) (G1 Evacuation Pause)
[2024-09-13T22:47:31.486+0000][gc,task      ] GC(16) Using 4 workers of 4 for evacuation
[2024-09-13T22:47:31.487+0000][gc,phases    ] GC(16)   Pre Evacuate Collection Set: 0.0ms
[2024-09-13T22:47:31.487+0000][gc,phases    ] GC(16)   Evacuate Collection Set: 0.9ms
[2024-09-13T22:47:31.487+0000][gc,phases    ] GC(16)   Post Evacuate Collection Set: 0.1ms
[2024-09-13T22:47:31.487+0000][gc,phases    ] GC(16)   Other: 0.1ms
[2024-09-13T22:47:31.487+0000][gc,heap      ] GC(16) Eden regions: 108->0(127)
[2024-09-13T22:47:31.487+0000][gc,heap      ] GC(16) Survivor regions: 1->1(14)
[2024-09-13T22:47:31.487+0000][gc,heap      ] GC(16) Old regions: 9->10
[2024-09-13T22:47:31.487+0000][gc,heap      ] GC(16) Humongous regions: 0->0
[2024-09-13T22:47:31.487+0000][gc,metaspace ] GC(16) Metaspace: 9494K(9984K)->9494K(9984K) NonClass: 8494K(8704K)->8494K(8704K) Class: 1000K(1280K)->1000K(1280K)
[2024-09-13T22:47:31.487+0000][gc           ] GC(16) Pause Young (Normal) (G1 Evacuation Pause) 116M->8M(512M) 1.230ms
[2024-09-13T22:47:31.487+0000][gc,cpu       ] GC(16) User=0.00s Sys=0.00s Real=0.00s
[2024-09-15T17:57:16.034+0000][gc,start     ] GC(17) Pause Young (Normal) (G1 Evacuation Pause)
[2024-09-15T17:57:16.034+0000][gc,task      ] GC(17) Using 4 workers of 4 for evacuation
[2024-09-15T17:57:16.035+0000][gc,phases    ] GC(17)   Pre Evacuate Collection Set: 0.0ms
[2024-09-15T17:57:16.035+0000][gc,phases    ] GC(17)   Evacuate Collection Set: 0.6ms
[2024-09-15T17:57:16.035+0000][gc,phases    ] GC(17)   Post Evacuate Collection Set: 0.2ms
[2024-09-15T17:57:16.035+0000][gc,phases    ] GC(17)   Other: 0.2ms
[2024-09-15T17:57:16.035+0000][gc,heap      ] GC(17) Eden regions: 127->0(306)
[2024-09-15T17:57:16.035+0000][gc,heap      ] GC(17) Survivor regions: 1->1(16)
[2024-09-15T17:57:16.035+0000][gc,heap      ] GC(17) Old regions: 10->10
[2024-09-15T17:57:16.035+0000][gc,heap      ] GC(17) Humongous regions: 0->0
[2024-09-15T17:57:16.035+0000][gc,metaspace ] GC(17) Metaspace: 9494K(9984K)->9494K(9984K) NonClass: 8494K(8704K)->8494K(8704K) Class: 1000K(1280K)->1000K(1280K)
[2024-09-15T17:57:16.035+0000][gc           ] GC(17) Pause Young (Normal) (G1 Evacuation Pause) 135M->8M(512M) 1.026ms
[2024-09-15T17:57:16.035+0000][gc,cpu       ] GC(17) User=0.00s Sys=0.00s Real=0.00s
[2024-09-20T02:49:58.789+0000][gc,start     ] GC(18) Pause Young (Normal) (G1 Evacuation Pause)
[2024-09-20T02:49:58.789+0000][gc,task      ] GC(18) Using 4 workers of 4 for evacuation
[2024-09-20T02:49:58.790+0000][gc,phases    ] GC(18)   Pre Evacuate Collection Set: 0.0ms
[2024-09-20T02:49:58.790+0000][gc,phases    ] GC(18)   Evacuate Collection Set: 1.0ms
[2024-09-20T02:49:58.790+0000][gc,phases    ] GC(18)   Post Evacuate Collection Set: 0.2ms
[2024-09-20T02:49:58.790+0000][gc,phases    ] GC(18)   Other: 0.1ms
[2024-09-20T02:49:58.790+0000][gc,heap      ] GC(18) Eden regions: 306->0(306)
[2024-09-20T02:49:58.790+0000][gc,heap      ] GC(18) Survivor regions: 1->1(39)
[2024-09-20T02:49:58.790+0000][gc,heap      ] GC(18) Old regions: 10->10
[2024-09-20T02:49:58.790+0000][gc,heap      ] GC(18) Humongous regions: 0->0
[2024-09-20T02:49:58.790+0000][gc,metaspace ] GC(18) Metaspace: 9494K(9984K)->9494K(9984K) NonClass: 8494K(8704K)->8494K(8704K) Class: 1000K(1280K)->1000K(1280K)
[2024-09-20T02:49:58.790+0000][gc           ] GC(18) Pause Young (Normal) (G1 Evacuation Pause) 314M->8M(512M) 1.306ms
[2024-09-20T02:49:58.790+0000][gc,cpu       ] GC(18) User=0.01s Sys=0.00s Real=0.01s
[2024-09-24T11:41:05.546+0000][gc,start     ] GC(19) Pause Young (Normal) (G1 Evacuation Pause)
[2024-09-24T11:41:05.546+0000][gc,task      ] GC(19) Using 4 workers of 4 for evacuation
[2024-09-24T11:41:05.547+0000][gc,phases    ] GC(19)   Pre Evacuate Collection Set: 0.0ms
[2024-09-24T11:41:05.547+0000][gc,phases    ] GC(19)   Evacuate Collection Set: 0.2ms
[2024-09-24T11:41:05.547+0000][gc,phases    ] GC(19)   Post Evacuate Collection Set: 0.2ms
[2024-09-24T11:41:05.547+0000][gc,phases    ] GC(19)   Other: 0.1ms
[2024-09-24T11:41:05.547+0000][gc,heap      ] GC(19) Eden regions: 306->0(306)
[2024-09-24T11:41:05.547+0000][gc,heap      ] GC(19) Survivor regions: 1->1(39)
[2024-09-24T11:41:05.547+0000][gc,heap      ] GC(19) Old regions: 10->10
[2024-09-24T11:41:05.547+0000][gc,heap      ] GC(19) Humongous regions: 0->0
[2024-09-24T11:41:05.547+0000][gc,metaspace ] GC(19) Metaspace: 9494K(9984K)->9494K(9984K) NonClass: 8494K(8704K)->8494K(8704K) Class: 1000K(1280K)->1000K(1280K)
[2024-09-24T11:41:05.547+0000][gc           ] GC(19) Pause Young (Normal) (G1 Evacuation Pause) 314M->8M(512M) 0.534ms
[2024-09-24T11:41:05.547+0000][gc,cpu       ] GC(19) User=0.00s Sys=0.00s Real=0.00s
[2024-09-28T20:21:43.034+0000][gc,start     ] GC(20) Pause Young (Normal) (G1 Evacuation Pause)
[2024-09-28T20:21:43.034+0000][gc,task      ] GC(20) Using 4 workers of 4 for evacuation
[2024-09-28T20:21:43.034+0000][gc,phases    ] GC(20)   Pre Evacuate Collection Set: 0.0ms
[2024-09-28T20:21:43.034+0000][gc,phases    ] GC(20)   Evacuate Collection Set: 0.2ms
[2024-09-28T20:21:43.034+0000][gc,phases    ] GC(20)   Post Evacuate Collection Set: 0.2ms
[2024-09-28T20:21:43.034+0000][gc,phases    ] GC(20)   Other: 0.1ms
[2024-09-28T20:21:43.034+0000][gc,heap      ] GC(20) Eden regions: 306->0(306)
[2024-09-28T20:21:43.034+0000][gc,heap      ] GC(20) Survivor regions: 1->1(39)
[2024-09-28T20:21:43.034+0000][gc,heap      ] GC(20) Old regions: 10->10
[2024-09-28T20:21:43.034+0000][gc,heap      ] GC(20) Humongous regions: 0->0
[2024-09-28T20:21:43.034+0000][gc,metaspace ] GC(20) Metaspace: 9497K(9984K)->9497K(9984K) NonClass: 8496K(8704K)->8496K(8704K) Class: 1000K(1280K)->1000K(1280K)
[2024-09-28T20:21:43.034+0000][gc           ] GC(20) Pause Young (Normal) (G1 Evacuation Pause) 314M->8M(512M) 0.569ms
[2024-09-28T20:21:43.034+0000][gc,cpu       ] GC(20) User=0.00s Sys=0.00s Real=0.00s
[2024-10-03T05:11:49.352+0000][gc,start     ] GC(21) Pause Young (Normal) (G1 Evacuation Pause)
[2024-10-03T05:11:49.352+0000][gc,task      ] GC(21) Using 4 workers of 4 for evacuation
[2024-10-03T05:11:49.353+0000][gc,phases    ] GC(21)   Pre Evacuate Collection Set: 0.0ms
[2024-10-03T05:11:49.353+0000][gc,phases    ] GC(21)   Evacuate Collection Set: 0.2ms
[2024-10-03T05:11:49.353+0000][gc,phases    ] GC(21)   Post Evacuate Collection Set: 0.2ms
[2024-10-03T05:11:49.353+0000][gc,phases    ] GC(21)   Other: 0.1ms
[2024-10-03T05:11:49.353+0000][gc,heap      ] GC(21) Eden regions: 306->0(306)
[2024-10-03T05:11:49.353+0000][gc,heap      ] GC(21) Survivor regions: 1->1(39)
[2024-10-03T05:11:49.353+0000][gc,heap      ] GC(21) Old regions: 10->10
[2024-10-03T05:11:49.353+0000][gc,heap      ] GC(21) Humongous regions: 0->0
[2024-10-03T05:11:49.353+0000][gc,metaspace ] GC(21) Metaspace: 9497K(9984K)->9497K(9984K) NonClass: 8496K(8704K)->8496K(8704K) Class: 1000K(1280K)->1000K(1280K)
[2024-10-03T05:11:49.353+0000][gc           ] GC(21) Pause Young (Normal) (G1 Evacuation Pause) 314M->8M(512M) 0.581ms
[2024-10-03T05:11:49.353+0000][gc,cpu       ] GC(21) User=0.00s Sys=0.00s Real=0.00s
[2024-10-07T14:01:17.208+0000][gc,start     ] GC(22) Pause Young (Normal) (G1 Evacuation Pause)
[2024-10-07T14:01:17.208+0000][gc,task      ] GC(22) Using 4 workers of 4 for evacuation
[2024-10-07T14:01:17.209+0000][gc,phases    ] GC(22)   Pre Evacuate Collection Set: 0.0ms
[2024-10-07T14:01:17.209+0000][gc,phases    ] GC(22)   Evacuate Collection Set: 0.2ms
[2024-10-07T14:01:17.209+0000][gc,phases    ] GC(22)   Post Evacuate Collection Set: 0.2ms
[2024-10-07T14:01:17.209+0000][gc,phases    ] GC(22)   Other: 0.1ms
[2024-10-07T14:01:17.209+0000][gc,heap      ] GC(22) Eden regions: 306->0(306)
[2024-10-07T14:01:17.209+0000][gc,heap      ] GC(22) Survivor regions: 1->1(39)
[2024-10-07T14:01:17.209+0000][gc,heap      ] GC(22) Old regions: 10->10
[2024-10-07T14:01:17.209+0000][gc,heap      ] GC(22) Humongous regions: 0->0
[2024-10-07T14:01:17.209+0000][gc,metaspace ] GC(22) Metaspace: 9497K(9984K)->9497K(9984K) NonClass: 8496K(8704K)->8496K(8704K) Class: 1000K(1280K)->1000K(1280K)
[2024-10-07T14:01:17.209+0000][gc           ] GC(22) Pause Young (Normal) (G1 Evacuation Pause) 314M->8M(512M) 0.614ms
[2024-10-07T14:01:17.209+0000][gc,cpu       ] GC(22) User=0.01s Sys=0.00s Real=0.00s
[2024-10-11T22:41:11.398+0000][gc,start     ] GC(23) Pause Young (Normal) (G1 Evacuation Pause)
[2024-10-11T22:41:11.398+0000][gc,task      ] GC(23) Using 4 workers of 4 for evacuation
[2024-10-11T22:41:11.399+0000][gc,phases    ] GC(23)   Pre Evacuate Collection Set: 0.0ms
[2024-10-11T22:41:11.399+0000][gc,phases    ] GC(23)   Evacuate Collection Set: 0.2ms
[2024-10-11T22:41:11.399+0000][gc,phases    ] GC(23)   Post Evacuate Collection Set: 0.7ms
[2024-10-11T22:41:11.399+0000][gc,phases    ] GC(23)   Other: 0.1ms
[2024-10-11T22:41:11.399+0000][gc,heap      ] GC(23) Eden regions: 306->0(306)
[2024-10-11T22:41:11.399+0000][gc,heap      ] GC(23) Survivor regions: 1->1(39)
[2024-10-11T22:41:11.399+0000][gc,heap      ] GC(23) Old regions: 10->10
[2024-10-11T22:41:11.399+0000][gc,heap      ] GC(23) Humongous regions: 0->0
[2024-10-11T22:41:11.399+0000][gc,metaspace ] GC(23) Metaspace: 9497K(9984K)->9497K(9984K) NonClass: 8496K(8704K)->8496K(8704K) Class: 1000K(1280K)->1000K(1280K)
[2024-10-11T22:41:11.399+0000][gc           ] GC(23) Pause Young (Normal) (G1 Evacuation Pause) 314M->8M(512M) 1.065ms
[2024-10-11T22:41:11.399+0000][gc,cpu       ] GC(23) User=0.00s Sys=0.00s Real=0.00s
[2024-10-16T07:23:16.253+0000][gc,start     ] GC(24) Pause Young (Normal) (G1 Evacuation Pause)
[2024-10-16T07:23:16.253+0000][gc,task      ] GC(24) Using 4 workers of 4 for evacuation
[2024-10-16T07:23:16.253+0000][gc,phases    ] GC(24)   Pre Evacuate Collection Set: 0.0ms
[2024-10-16T07:23:16.253+0000][gc,phases    ] GC(24)   Evacuate Collection Set: 0.2ms
[2024-10-16T07:23:16.253+0000][gc,phases    ] GC(24)   Post Evacuate Collection Set: 0.2ms
[2024-10-16T07:23:16.253+0000][gc,phases    ] GC(24)   Other: 0.1ms
[2024-10-16T07:23:16.253+0000][gc,heap      ] GC(24) Eden regions: 306->0(306)
[2024-10-16T07:23:16.253+0000][gc,heap      ] GC(24) Survivor regions: 1->1(39)
[2024-10-16T07:23:16.253+0000][gc,heap      ] GC(24) Old regions: 10->10
[2024-10-16T07:23:16.253+0000][gc,heap      ] GC(24) Humongous regions: 0->0
[2024-10-16T07:23:16.253+0000][gc,metaspace ] GC(24) Metaspace: 9499K(9984K)->9499K(9984K) NonClass: 8498K(8704K)->8498K(8704K) Class: 1000K(1280K)->1000K(1280K)
[2024-10-16T07:23:16.253+0000][gc           ] GC(24) Pause Young (Normal) (G1 Evacuation Pause) 314M->8M(512M) 0.602ms
[2024-10-16T07:23:16.253+0000][gc,cpu       ] GC(24) User=0.00s Sys=0.00s Real=0.00s
[2024-10-20T16:14:20.297+0000][gc,start     ] GC(25) Pause Young (Normal) (G1 Evacuation Pause)
[2024-10-20T16:14:20.297+0000][gc,task      ] GC(25) Using 4 workers of 4 for evacuation
[2024-10-20T16:14:20.297+0000][gc,phases    ] GC(25)   Pre Evacuate Collection Set: 0.0ms
[2024-10-20T16:14:20.297+0000][gc,phases    ] GC(25)   Evacuate Collection Set: 0.2ms
[2024-10-20T16:14:20.297+0000][gc,phases    ] GC(25)   Post Evacuate Collection Set: 0.1ms
[2024-10-20T16:14:20.297+0000][gc,phases    ] GC(25)   Other: 0.1ms
[2024-10-20T16:14:20.297+0000][gc,heap      ] GC(25) Eden regions: 306->0(306)
[2024-10-20T16:14:20.297+0000][gc,heap      ] GC(25) Survivor regions: 1->1(39)
[2024-10-20T16:14:20.297+0000][gc,heap      ] GC(25) Old regions: 10->10
[2024-10-20T16:14:20.297+0000][gc,heap      ] GC(25) Humongous regions: 0->0
[2024-10-20T16:14:20.297+0000][gc,metaspace ] GC(25) Metaspace: 9499K(9984K)->9499K(9984K) NonClass: 8498K(8704K)->8498K(8704K) Class: 1000K(1280K)->1000K(1280K)
[2024-10-20T16:14:20.297+0000][gc           ] GC(25) Pause Young (Normal) (G1 Evacuation Pause) 314M->8M(512M) 0.554ms
[2024-10-20T16:14:20.297+0000][gc,cpu       ] GC(25) User=0.00s Sys=0.00s Real=0.01s
[2024-10-25T01:08:48.734+0000][gc,start     ] GC(26) Pause Young (Normal) (G1 Evacuation Pause)
[2024-10-25T01:08:48.734+0000][gc,task      ] GC(26) Using 4 workers of 4 for evacuation
[2024-10-25T01:08:48.734+0000][gc,phases    ] GC(26)   Pre Evacuate Collection Set: 0.0ms
[2024-10-25T01:08:48.734+0000][gc,phases    ] GC(26)   Evacuate Collection Set: 0.2ms
[2024-10-25T01:08:48.734+0000][gc,phases    ] GC(26)   Post Evacuate Collection Set: 0.2ms
[2024-10-25T01:08:48.734+0000][gc,phases    ] GC(26)   Other: 0.1ms
[2024-10-25T01:08:48.734+0000][gc,heap      ] GC(26) Eden regions: 306->0(306)
[2024-10-25T01:08:48.734+0000][gc,heap      ] GC(26) Survivor regions: 1->1(39)
[2024-10-25T01:08:48.734+0000][gc,heap      ] GC(26) Old regions: 10->10
[2024-10-25T01:08:48.734+0000][gc,heap      ] GC(26) Humongous regions: 0->0
[2024-10-25T01:08:48.734+0000][gc,metaspace ] GC(26) Metaspace: 9499K(9984K)->9499K(9984K) NonClass: 8498K(8704K)->8498K(8704K) Class: 1000K(1280K)->1000K(1280K)
[2024-10-25T01:08:48.734+0000][gc           ] GC(26) Pause Young (Normal) (G1 Evacuation Pause) 314M->8M(512M) 0.609ms
[2024-10-25T01:08:48.734+0000][gc,cpu       ] GC(26) User=0.00s Sys=0.00s Real=0.00s
[2024-10-29T09:48:41.705+0000][gc,start     ] GC(27) Pause Young (Normal) (G1 Evacuation Pause)
[2024-10-29T09:48:41.705+0000][gc,task      ] GC(27) Using 4 workers of 4 for evacuation
[2024-10-29T09:48:41.706+0000][gc,phases    ] GC(27)   Pre Evacuate Collection Set: 0.0ms
[2024-10-29T09:48:41.706+0000][gc,phases    ] GC(27)   Evacuate Collection Set: 0.5ms
[2024-10-29T09:48:41.706+0000][gc,phases    ] GC(27)   Post Evacuate Collection Set: 0.2ms
[2024-10-29T09:48:41.706+0000][gc,phases    ] GC(27)   Other: 0.1ms
[2024-10-29T09:48:41.706+0000][gc,heap      ] GC(27) Eden regions: 306->0(306)
[2024-10-29T09:48:41.706+0000][gc,heap      ] GC(27) Survivor regions: 1->1(39)
[2024-10-29T09:48:41.706+0000][gc,heap      ] GC(27) Old regions: 10->10
[2024-10-29T09:48:41.706+0000][gc,heap      ] GC(27) Humongous regions: 0->0
[2024-10-29T09:48:41.706+0000][gc,metaspace ] GC(27) Metaspace: 9499K(9984K)->9499K(9984K) NonClass: 8498K(8704K)->8498K(8704K) Class: 1000K(1280K)->1000K(1280K)
[2024-10-29T09:48:41.706+0000][gc           ] GC(27) Pause Young (Normal) (G1 Evacuation Pause) 314M->8M(512M) 0.931ms
[2024-10-29T09:48:41.706+0000][gc,cpu       ] GC(27) User=0.01s Sys=0.00s Real=0.00s
