[2024-12-03T12:29:54.068+0000][gc,heap] Heap region size: 1M
[2024-12-03T12:29:54.101+0000][gc     ] Using G1
[2024-12-03T12:29:54.101+0000][gc,heap,coops] Heap address: 0x00000000e0000000, size: 512 MB, Compressed Oops mode: 32-bit
[2024-12-03T12:29:54.101+0000][gc,cds       ] Mark closed archive regions in map: [0x00000000fff00000, 0x00000000fff6bff8]
[2024-12-03T12:29:54.101+0000][gc,cds       ] Mark open archive regions in map: [0x00000000ffe00000, 0x00000000ffe47ff8]
[2024-12-03T12:29:56.417+0000][gc,start     ] GC(0) Pause Young (Normal) (G1 Evacuation Pause)
[2024-12-03T12:29:56.417+0000][gc,task      ] GC(0) Using 4 workers of 4 for evacuation
[2024-12-03T12:29:56.448+0000][gc,mmu       ] GC(0) MMU target violated: 21.0ms (20.0ms/21.0ms)
[2024-12-03T12:29:56.448+0000][gc,phases    ] GC(0)   Pre Evacuate Collection Set: 0.0ms
[2024-12-03T12:29:56.448+0000][gc,phases    ] GC(0)   Evacuate Collection Set: 30.2ms
[2024-12-03T12:29:56.448+0000][gc,phases    ] GC(0)   Post Evacuate Collection Set: 0.2ms
[2024-12-03T12:29:56.448+0000][gc,phases    ] GC(0)   Other: 0.4ms
[2024-12-03T12:29:56.459+0000][gc,heap      ] GC(0) Eden regions: 25->0(21)
[2024-12-03T12:29:56.459+0000][gc,heap      ] GC(0) Survivor regions: 0->4(4)
[2024-12-03T12:29:56.459+0000][gc,heap      ] GC(0) Old regions: 2->5
[2024-12-03T12:29:56.459+0000][gc,heap      ] GC(0) Humongous regions: 0->0
[2024-12-03T12:29:56.459+0000][gc,metaspace ] GC(0) Metaspace: 8031K(8448K)->8031K(8448K) NonClass: 7138K(7424K)->7138K(7424K) Class: 893K(1024K)->893K(1024K)
[2024-12-03T12:29:56.459+0000][gc           ] GC(0) Pause Young (Normal) (G1 Evacuation Pause) 25M->7M(512M) 41.801ms
[2024-12-03T12:29:56.459+0000][gc,cpu       ] GC(0) User=0.04s Sys=0.00s Real=0.04s
[2024-12-03T12:36:52.251+0000][gc,heap,exit ] Heap
[2024-12-03T12:36:52.251+0000][gc,heap,exit ]  garbage-first heap   total 524288K, used 18114K [0x00000000e0000000, 0x0000000100000000)
[2024-12-03T12:36:52.251+0000][gc,heap,exit ]   region size 1024K, 15 young (15360K), 4 survivors (4096K)
[2024-12-03T12:36:52.251+0000][gc,heap,exit ]  Metaspace       used 9243K, capacity 9637K, committed 9984K, reserved 1058816K
[2024-12-03T12:36:52.251+0000][gc,heap,exit ]   class space    used 1001K, capacity 1156K, committed 1280K, reserved 1048576K
