[2024-12-11T18:55:20.385+0000][gc,heap] Heap region size: 1M
[2024-12-11T18:55:20.410+0000][gc     ] Using G1
[2024-12-11T18:55:20.410+0000][gc,heap,coops] Heap address: 0x00000000e0000000, size: 512 MB, Compressed Oops mode: 32-bit
[2024-12-11T18:55:20.410+0000][gc,cds       ] Mark closed archive regions in map: [0x00000000fff00000, 0x00000000fff6bff8]
[2024-12-11T18:55:20.410+0000][gc,cds       ] Mark open archive regions in map: [0x00000000ffe00000, 0x00000000ffe47ff8]
[2024-12-11T18:55:21.407+0000][gc,start     ] GC(0) Pause Young (Normal) (G1 Evacuation Pause)
[2024-12-11T18:55:21.415+0000][gc,task      ] GC(0) Using 4 workers of 4 for evacuation
[2024-12-11T18:55:21.431+0000][gc,phases    ] GC(0)   Pre Evacuate Collection Set: 0.0ms
[2024-12-11T18:55:21.431+0000][gc,phases    ] GC(0)   Evacuate Collection Set: 11.5ms
[2024-12-11T18:55:21.431+0000][gc,phases    ] GC(0)   Post Evacuate Collection Set: 4.5ms
[2024-12-11T18:55:21.431+0000][gc,phases    ] GC(0)   Other: 8.0ms
[2024-12-11T18:55:21.431+0000][gc,heap      ] GC(0) Eden regions: 25->0(21)
[2024-12-11T18:55:21.431+0000][gc,heap      ] GC(0) Survivor regions: 0->4(4)
[2024-12-11T18:55:21.431+0000][gc,heap      ] GC(0) Old regions: 2->6
[2024-12-11T18:55:21.431+0000][gc,heap      ] GC(0) Humongous regions: 0->0
[2024-12-11T18:55:21.431+0000][gc,metaspace ] GC(0) Metaspace: 7654K(8192K)->7654K(8192K) NonClass: 6786K(7168K)->6786K(7168K) Class: 868K(1024K)->868K(1024K)
[2024-12-11T18:55:21.431+0000][gc           ] GC(0) Pause Young (Normal) (G1 Evacuation Pause) 25M->7M(512M) 24.056ms
[2024-12-11T18:55:21.431+0000][gc,cpu       ] GC(0) User=0.02s Sys=0.00s Real=0.02s
