[2024-08-14T14:13:11.793+0000][gc,heap] Heap region size: 1M
[2024-08-14T14:13:11.796+0000][gc     ] Using G1
[2024-08-14T14:13:11.796+0000][gc,heap,coops] Heap address: 0x00000000e0000000, size: 512 MB, Compressed Oops mode: 32-bit
[2024-08-14T14:13:11.796+0000][gc,cds       ] Mark closed archive regions in map: [0x00000000fff00000, 0x00000000fff6bff8]
[2024-08-14T14:13:11.796+0000][gc,cds       ] Mark open archive regions in map: [0x00000000ffe00000, 0x00000000ffe47ff8]
[2024-08-14T14:13:12.400+0000][gc,start     ] GC(0) Pause Young (Normal) (G1 Evacuation Pause)
[2024-08-14T14:13:12.400+0000][gc,task      ] GC(0) Using 4 workers of 4 for evacuation
[2024-08-14T14:13:12.407+0000][gc,phases    ] GC(0)   Pre Evacuate Collection Set: 0.0ms
[2024-08-14T14:13:12.407+0000][gc,phases    ] GC(0)   Evacuate Collection Set: 6.1ms
[2024-08-14T14:13:12.407+0000][gc,phases    ] GC(0)   Post Evacuate Collection Set: 0.3ms
[2024-08-14T14:13:12.407+0000][gc,phases    ] GC(0)   Other: 0.3ms
[2024-08-14T14:13:12.407+0000][gc,heap      ] GC(0) Eden regions: 25->0(21)
[2024-08-14T14:13:12.407+0000][gc,heap      ] GC(0) Survivor regions: 0->4(4)
[2024-08-14T14:13:12.407+0000][gc,heap      ] GC(0) Old regions: 2->6
[2024-08-14T14:13:12.407+0000][gc,heap      ] GC(0) Humongous regions: 0->0
[2024-08-14T14:13:12.407+0000][gc,metaspace ] GC(0) Metaspace: 7840K(8192K)->7840K(8192K) NonClass: 6963K(7168K)->6963K(7168K) Class: 877K(1024K)->877K(1024K)
[2024-08-14T14:13:12.407+0000][gc           ] GC(0) Pause Young (Normal) (G1 Evacuation Pause) 25M->7M(512M) 6.815ms
[2024-08-14T14:13:12.407+0000][gc,cpu       ] GC(0) User=0.02s Sys=0.00s Real=0.00s
[2024-08-14T16:49:31.652+0000][gc,start     ] GC(1) Pause Young (Normal) (G1 Evacuation Pause)
[2024-08-14T16:49:31.652+0000][gc,task      ] GC(1) Using 4 workers of 4 for evacuation
[2024-08-14T16:49:31.657+0000][gc,phases    ] GC(1)   Pre Evacuate Collection Set: 0.0ms
[2024-08-14T16:49:31.657+0000][gc,phases    ] GC(1)   Evacuate Collection Set: 3.9ms
[2024-08-14T16:49:31.657+0000][gc,phases    ] GC(1)   Post Evacuate Collection Set: 0.2ms
[2024-08-14T16:49:31.657+0000][gc,phases    ] GC(1)   Other: 0.1ms
[2024-08-14T16:49:31.657+0000][gc,heap      ] GC(1) Eden regions: 21->0(24)
[2024-08-14T16:49:31.657+0000][gc,heap      ] GC(1) Survivor regions: 4->1(4)
[2024-08-14T16:49:31.657+0000][gc,heap      ] GC(1) Old regions: 6->10
[2024-08-14T16:49:31.657+0000][gc,heap      ] GC(1) Humongous regions: 0->0
[2024-08-14T16:49:31.657+0000][gc,metaspace ] GC(1) Metaspace: 9448K(10240K)->9448K(10240K) NonClass: 8448K(8960K)->8448K(8960K) Class: 1000K(1280K)->1000K(1280K)
[2024-08-14T16:49:31.657+0000][gc           ] GC(1) Pause Young (Normal) (G1 Evacuation Pause) 28M->8M(512M) 4.282ms
[2024-08-14T16:49:31.657+0000][gc,cpu       ] GC(1) User=0.01s Sys=0.00s Real=0.01s
[2024-08-15T00:33:16.514+0000][gc,start     ] GC(2) Pause Young (Normal) (G1 Evacuation Pause)
[2024-08-15T00:33:16.514+0000][gc,task      ] GC(2) Using 4 workers of 4 for evacuation
[2024-08-15T00:33:16.515+0000][gc,phases    ] GC(2)   Pre Evacuate Collection Set: 0.0ms
[2024-08-15T00:33:16.515+0000][gc,phases    ] GC(2)   Evacuate Collection Set: 0.9ms
[2024-08-15T00:33:16.515+0000][gc,phases    ] GC(2)   Post Evacuate Collection Set: 0.5ms
[2024-08-15T00:33:16.515+0000][gc,phases    ] GC(2)   Other: 0.4ms
[2024-08-15T00:33:16.515+0000][gc,heap      ] GC(2) Eden regions: 24->0(24)
[2024-08-15T00:33:16.515+0000][gc,heap      ] GC(2) Survivor regions: 1->1(4)
[2024-08-15T00:33:16.515+0000][gc,heap      ] GC(2) Old regions: 10->10
[2024-08-15T00:33:16.515+0000][gc,heap      ] GC(2) Humongous regions: 0->0
[2024-08-15T00:33:16.515+0000][gc,metaspace ] GC(2) Metaspace: 9458K(10240K)->9458K(10240K) NonClass: 8458K(8960K)->8458K(8960K) Class: 1000K(1280K)->1000K(1280K)
[2024-08-15T00:33:16.515+0000][gc           ] GC(2) Pause Young (Normal) (G1 Evacuation Pause) 32M->8M(512M) 1.806ms
[2024-08-15T00:33:16.515+0000][gc,cpu       ] GC(2) User=0.00s Sys=0.00s Real=0.00s
[2024-08-15T08:29:43.648+0000][gc,start     ] GC(3) Pause Young (Normal) (G1 Evacuation Pause)
[2024-08-15T08:29:43.649+0000][gc,task      ] GC(3) Using 4 workers of 4 for evacuation
[2024-08-15T08:29:43.651+0000][gc,phases    ] GC(3)   Pre Evacuate Collection Set: 0.0ms
[2024-08-15T08:29:43.651+0000][gc,phases    ] GC(3)   Evacuate Collection Set: 1.4ms
[2024-08-15T08:29:43.651+0000][gc,phases    ] GC(3)   Post Evacuate Collection Set: 0.2ms
[2024-08-15T08:29:43.651+0000][gc,phases    ] GC(3)   Other: 0.6ms
[2024-08-15T08:29:43.651+0000][gc,heap      ] GC(3) Eden regions: 24->0(24)
[2024-08-15T08:29:43.651+0000][gc,heap      ] GC(3) Survivor regions: 1->1(4)
[2024-08-15T08:29:43.651+0000][gc,heap      ] GC(3) Old regions: 10->10
[2024-08-15T08:29:43.651+0000][gc,heap      ] GC(3) Humongous regions: 0->0
[2024-08-15T08:29:43.651+0000][gc,metaspace ] GC(3) Metaspace: 9458K(10240K)->9458K(10240K) NonClass: 8458K(8960K)->8458K(8960K) Class: 1000K(1280K)->1000K(1280K)
[2024-08-15T08:29:43.651+0000][gc           ] GC(3) Pause Young (Normal) (G1 Evacuation Pause) 32M->8M(512M) 2.602ms
[2024-08-15T08:29:43.651+0000][gc,cpu       ] GC(3) User=0.00s Sys=0.00s Real=0.00s
[2024-08-15T15:53:07.271+0000][gc,start     ] GC(4) Pause Young (Normal) (G1 Evacuation Pause)
[2024-08-15T15:53:07.271+0000][gc,task      ] GC(4) Using 4 workers of 4 for evacuation
[2024-08-15T15:53:07.272+0000][gc,phases    ] GC(4)   Pre Evacuate Collection Set: 0.0ms
[2024-08-15T15:53:07.272+0000][gc,phases    ] GC(4)   Evacuate Collection Set: 0.9ms
[2024-08-15T15:53:07.272+0000][gc,phases    ] GC(4)   Post Evacuate Collection Set: 0.2ms
[2024-08-15T15:53:07.272+0000][gc,phases    ] GC(4)   Other: 0.3ms
[2024-08-15T15:53:07.272+0000][gc,heap      ] GC(4) Eden regions: 24->0(24)
[2024-08-15T15:53:07.272+0000][gc,heap      ] GC(4) Survivor regions: 1->1(4)
[2024-08-15T15:53:07.272+0000][gc,heap      ] GC(4) Old regions: 10->10
[2024-08-15T15:53:07.272+0000][gc,heap      ] GC(4) Humongous regions: 0->0
[2024-08-15T15:53:07.272+0000][gc,metaspace ] GC(4) Metaspace: 9549K(10240K)->9549K(10240K) NonClass: 8544K(8960K)->8544K(8960K) Class: 1005K(1280K)->1005K(1280K)
[2024-08-15T15:53:07.272+0000][gc           ] GC(4) Pause Young (Normal) (G1 Evacuation Pause) 32M->8M(512M) 1.583ms
[2024-08-15T15:53:07.272+0000][gc,cpu       ] GC(4) User=0.00s Sys=0.00s Real=0.00s
[2024-08-15T23:46:10.041+0000][gc,start     ] GC(5) Pause Young (Normal) (G1 Evacuation Pause)
[2024-08-15T23:46:10.041+0000][gc,task      ] GC(5) Using 4 workers of 4 for evacuation
[2024-08-15T23:46:10.042+0000][gc,phases    ] GC(5)   Pre Evacuate Collection Set: 0.0ms
[2024-08-15T23:46:10.042+0000][gc,phases    ] GC(5)   Evacuate Collection Set: 1.0ms
[2024-08-15T23:46:10.042+0000][gc,phases    ] GC(5)   Post Evacuate Collection Set: 0.2ms
[2024-08-15T23:46:10.042+0000][gc,phases    ] GC(5)   Other: 0.1ms
[2024-08-15T23:46:10.042+0000][gc,heap      ] GC(5) Eden regions: 24->0(24)
[2024-08-15T23:46:10.042+0000][gc,heap      ] GC(5) Survivor regions: 1->1(4)
[2024-08-15T23:46:10.042+0000][gc,heap      ] GC(5) Old regions: 10->10
[2024-08-15T23:46:10.042+0000][gc,heap      ] GC(5) Humongous regions: 0->0
[2024-08-15T23:46:10.042+0000][gc,metaspace ] GC(5) Metaspace: 9549K(10240K)->9549K(10240K) NonClass: 8544K(8960K)->8544K(8960K) Class: 1005K(1280K)->1005K(1280K)
[2024-08-15T23:46:10.042+0000][gc           ] GC(5) Pause Young (Normal) (G1 Evacuation Pause) 32M->8M(512M) 1.326ms
[2024-08-15T23:46:10.042+0000][gc,cpu       ] GC(5) User=0.00s Sys=0.00s Real=0.00s
[2024-08-16T07:48:37.325+0000][gc,start     ] GC(6) Pause Young (Normal) (G1 Evacuation Pause)
[2024-08-16T07:48:37.325+0000][gc,task      ] GC(6) Using 4 workers of 4 for evacuation
[2024-08-16T07:48:37.327+0000][gc,phases    ] GC(6)   Pre Evacuate Collection Set: 0.0ms
[2024-08-16T07:48:37.327+0000][gc,phases    ] GC(6)   Evacuate Collection Set: 1.1ms
[2024-08-16T07:48:37.327+0000][gc,phases    ] GC(6)   Post Evacuate Collection Set: 0.2ms
[2024-08-16T07:48:37.327+0000][gc,phases    ] GC(6)   Other: 0.1ms
[2024-08-16T07:48:37.327+0000][gc,heap      ] GC(6) Eden regions: 24->0(26)
[2024-08-16T07:48:37.327+0000][gc,heap      ] GC(6) Survivor regions: 1->1(4)
[2024-08-16T07:48:37.327+0000][gc,heap      ] GC(6) Old regions: 10->10
[2024-08-16T07:48:37.327+0000][gc,heap      ] GC(6) Humongous regions: 0->0
[2024-08-16T07:48:37.327+0000][gc,metaspace ] GC(6) Metaspace: 9549K(10240K)->9549K(10240K) NonClass: 8544K(8960K)->8544K(8960K) Class: 1005K(1280K)->1005K(1280K)
[2024-08-16T07:48:37.327+0000][gc           ] GC(6) Pause Young (Normal) (G1 Evacuation Pause) 32M->8M(512M) 1.521ms
[2024-08-16T07:48:37.327+0000][gc,cpu       ] GC(6) User=0.00s Sys=0.00s Real=0.00s
[2024-08-16T16:28:12.433+0000][gc,start     ] GC(7) Pause Young (Normal) (G1 Evacuation Pause)
[2024-08-16T16:28:12.433+0000][gc,task      ] GC(7) Using 4 workers of 4 for evacuation
[2024-08-16T16:28:12.435+0000][gc,phases    ] GC(7)   Pre Evacuate Collection Set: 0.0ms
[2024-08-16T16:28:12.435+0000][gc,phases    ] GC(7)   Evacuate Collection Set: 2.0ms
[2024-08-16T16:28:12.435+0000][gc,phases    ] GC(7)   Post Evacuate Collection Set: 0.2ms
[2024-08-16T16:28:12.435+0000][gc,phases    ] GC(7)   Other: 0.4ms
[2024-08-16T16:28:12.435+0000][gc,heap      ] GC(7) Eden regions: 26->0(28)
[2024-08-16T16:28:12.435+0000][gc,heap      ] GC(7) Survivor regions: 1->1(4)
[2024-08-16T16:28:12.435+0000][gc,heap      ] GC(7) Old regions: 10->10
[2024-08-16T16:28:12.435+0000][gc,heap      ] GC(7) Humongous regions: 0->0
[2024-08-16T16:28:12.435+0000][gc,metaspace ] GC(7) Metaspace: 9552K(10240K)->9552K(10240K) NonClass: 8546K(8960K)->8546K(8960K) Class: 1005K(1280K)->1005K(1280K)
[2024-08-16T16:28:12.435+0000][gc           ] GC(7) Pause Young (Normal) (G1 Evacuation Pause) 34M->8M(512M) 2.690ms
[2024-08-16T16:28:12.435+0000][gc,cpu       ] GC(7) User=0.00s Sys=0.00s Real=0.00s
[2024-08-17T01:50:19.036+0000][gc,start     ] GC(8) Pause Young (Normal) (G1 Evacuation Pause)
[2024-08-17T01:50:19.036+0000][gc,task      ] GC(8) Using 4 workers of 4 for evacuation
[2024-08-17T01:50:19.038+0000][gc,phases    ] GC(8)   Pre Evacuate Collection Set: 0.0ms
[2024-08-17T01:50:19.038+0000][gc,phases    ] GC(8)   Evacuate Collection Set: 1.4ms
[2024-08-17T01:50:19.038+0000][gc,phases    ] GC(8)   Post Evacuate Collection Set: 0.2ms
[2024-08-17T01:50:19.038+0000][gc,phases    ] GC(8)   Other: 0.1ms
[2024-08-17T01:50:19.038+0000][gc,heap      ] GC(8) Eden regions: 28->0(31)
[2024-08-17T01:50:19.038+0000][gc,heap      ] GC(8) Survivor regions: 1->1(4)
[2024-08-17T01:50:19.038+0000][gc,heap      ] GC(8) Old regions: 10->10
[2024-08-17T01:50:19.038+0000][gc,heap      ] GC(8) Humongous regions: 0->0
[2024-08-17T01:50:19.038+0000][gc,metaspace ] GC(8) Metaspace: 9552K(10240K)->9552K(10240K) NonClass: 8546K(8960K)->8546K(8960K) Class: 1005K(1280K)->1005K(1280K)
[2024-08-17T01:50:19.038+0000][gc           ] GC(8) Pause Young (Normal) (G1 Evacuation Pause) 36M->8M(512M) 1.768ms
[2024-08-17T01:50:19.038+0000][gc,cpu       ] GC(8) User=0.00s Sys=0.00s Real=0.00s
[2024-08-17T12:13:22.653+0000][gc,start     ] GC(9) Pause Young (Normal) (G1 Evacuation Pause)
[2024-08-17T12:13:22.653+0000][gc,task      ] GC(9) Using 4 workers of 4 for evacuation
[2024-08-17T12:13:22.655+0000][gc,phases    ] GC(9)   Pre Evacuate Collection Set: 0.0ms
[2024-08-17T12:13:22.655+0000][gc,phases    ] GC(9)   Evacuate Collection Set: 1.1ms
[2024-08-17T12:13:22.655+0000][gc,phases    ] GC(9)   Post Evacuate Collection Set: 0.2ms
[2024-08-17T12:13:22.655+0000][gc,phases    ] GC(9)   Other: 0.6ms
[2024-08-17T12:13:22.655+0000][gc,heap      ] GC(9) Eden regions: 31->0(36)
[2024-08-17T12:13:22.655+0000][gc,heap      ] GC(9) Survivor regions: 1->1(4)
[2024-08-17T12:13:22.655+0000][gc,heap      ] GC(9) Old regions: 10->10
[2024-08-17T12:13:22.655+0000][gc,heap      ] GC(9) Humongous regions: 0->0
[2024-08-17T12:13:22.655+0000][gc,metaspace ] GC(9) Metaspace: 9552K(10240K)->9552K(10240K) NonClass: 8546K(8960K)->8546K(8960K) Class: 1005K(1280K)->1005K(1280K)
[2024-08-17T12:13:22.655+0000][gc           ] GC(9) Pause Young (Normal) (G1 Evacuation Pause) 39M->8M(512M) 1.955ms
[2024-08-17T12:13:22.655+0000][gc,cpu       ] GC(9) User=0.01s Sys=0.00s Real=0.00s
[2024-08-18T00:18:24.472+0000][gc,start     ] GC(10) Pause Young (Normal) (G1 Evacuation Pause)
[2024-08-18T00:18:24.473+0000][gc,task      ] GC(10) Using 4 workers of 4 for evacuation
[2024-08-18T00:18:24.475+0000][gc,phases    ] GC(10)   Pre Evacuate Collection Set: 0.0ms
[2024-08-18T00:18:24.475+0000][gc,phases    ] GC(10)   Evacuate Collection Set: 1.3ms
[2024-08-18T00:18:24.475+0000][gc,phases    ] GC(10)   Post Evacuate Collection Set: 0.6ms
[2024-08-18T00:18:24.475+0000][gc,phases    ] GC(10)   Other: 0.4ms
[2024-08-18T00:18:24.475+0000][gc,heap      ] GC(10) Eden regions: 36->0(43)
[2024-08-18T00:18:24.475+0000][gc,heap      ] GC(10) Survivor regions: 1->1(5)
[2024-08-18T00:18:24.475+0000][gc,heap      ] GC(10) Old regions: 10->10
[2024-08-18T00:18:24.475+0000][gc,heap      ] GC(10) Humongous regions: 0->0
[2024-08-18T00:18:24.475+0000][gc,metaspace ] GC(10) Metaspace: 9552K(10240K)->9552K(10240K) NonClass: 8546K(8960K)->8546K(8960K) Class: 1005K(1280K)->1005K(1280K)
[2024-08-18T00:18:24.475+0000][gc           ] GC(10) Pause Young (Normal) (G1 Evacuation Pause) 44M->8M(512M) 2.335ms
[2024-08-18T00:18:24.475+0000][gc,cpu       ] GC(10) User=0.00s Sys=0.00s Real=0.00s
[2024-08-18T14:44:20.831+0000][gc,start     ] GC(11) Pause Young (Normal) (G1 Evacuation Pause)
[2024-08-18T14:44:20.831+0000][gc,task      ] GC(11) Using 4 workers of 4 for evacuation
[2024-08-18T14:44:20.833+0000][gc,phases    ] GC(11)   Pre Evacuate Collection Set: 0.0ms
[2024-08-18T14:44:20.833+0000][gc,phases    ] GC(11)   Evacuate Collection Set: 1.4ms
[2024-08-18T14:44:20.833+0000][gc,phases    ] GC(11)   Post Evacuate Collection Set: 0.3ms
[2024-08-18T14:44:20.833+0000][gc,phases    ] GC(11)   Other: 0.4ms
[2024-08-18T14:44:20.833+0000][gc,heap      ] GC(11) Eden regions: 43->0(51)
[2024-08-18T14:44:20.833+0000][gc,heap      ] GC(11) Survivor regions: 1->1(6)
[2024-08-18T14:44:20.833+0000][gc,heap      ] GC(11) Old regions: 10->10
[2024-08-18T14:44:20.833+0000][gc,heap      ] GC(11) Humongous regions: 0->0
[2024-08-18T14:44:20.833+0000][gc,metaspace ] GC(11) Metaspace: 9553K(10240K)->9553K(10240K) NonClass: 8548K(8960K)->8548K(8960K) Class: 1005K(1280K)->1005K(1280K)
[2024-08-18T14:44:20.833+0000][gc           ] GC(11) Pause Young (Normal) (G1 Evacuation Pause) 51M->8M(512M) 2.166ms
[2024-08-18T14:44:20.833+0000][gc,cpu       ] GC(11) User=0.01s Sys=0.00s Real=0.00s
[2024-08-19T07:52:12.031+0000][gc,start     ] GC(12) Pause Young (Normal) (G1 Evacuation Pause)
[2024-08-19T07:52:12.031+0000][gc,task      ] GC(12) Using 4 workers of 4 for evacuation
[2024-08-19T07:52:12.032+0000][gc,phases    ] GC(12)   Pre Evacuate Collection Set: 0.0ms
[2024-08-19T07:52:12.032+0000][gc,phases    ] GC(12)   Evacuate Collection Set: 1.0ms
[2024-08-19T07:52:12.032+0000][gc,phases    ] GC(12)   Post Evacuate Collection Set: 0.2ms
[2024-08-19T07:52:12.032+0000][gc,phases    ] GC(12)   Other: 0.1ms
[2024-08-19T07:52:12.032+0000][gc,heap      ] GC(12) Eden regions: 51->0(62)
[2024-08-19T07:52:12.032+0000][gc,heap      ] GC(12) Survivor regions: 1->1(7)
[2024-08-19T07:52:12.032+0000][gc,heap      ] GC(12) Old regions: 10->10
[2024-08-19T07:52:12.032+0000][gc,heap      ] GC(12) Humongous regions: 0->0
[2024-08-19T07:52:12.032+0000][gc,metaspace ] GC(12) Metaspace: 9566K(10240K)->9566K(10240K) NonClass: 8561K(8960K)->8561K(8960K) Class: 1005K(1280K)->1005K(1280K)
[2024-08-19T07:52:12.032+0000][gc           ] GC(12) Pause Young (Normal) (G1 Evacuation Pause) 59M->8M(512M) 1.388ms
[2024-08-19T07:52:12.032+0000][gc,cpu       ] GC(12) User=0.00s Sys=0.01s Real=0.00s
[2024-08-20T04:43:36.732+0000][gc,start     ] GC(13) Pause Young (Normal) (G1 Evacuation Pause)
[2024-08-20T04:43:36.732+0000][gc,task      ] GC(13) Using 4 workers of 4 for evacuation
[2024-08-20T04:43:36.734+0000][gc,phases    ] GC(13)   Pre Evacuate Collection Set: 0.0ms
[2024-08-20T04:43:36.734+0000][gc,phases    ] GC(13)   Evacuate Collection Set: 1.8ms
[2024-08-20T04:43:36.734+0000][gc,phases    ] GC(13)   Post Evacuate Collection Set: 0.3ms
[2024-08-20T04:43:36.734+0000][gc,phases    ] GC(13)   Other: 0.4ms
[2024-08-20T04:43:36.734+0000][gc,heap      ] GC(13) Eden regions: 62->0(75)
[2024-08-20T04:43:36.734+0000][gc,heap      ] GC(13) Survivor regions: 1->1(8)
[2024-08-20T04:43:36.734+0000][gc,heap      ] GC(13) Old regions: 10->10
[2024-08-20T04:43:36.734+0000][gc,heap      ] GC(13) Humongous regions: 0->0
[2024-08-20T04:43:36.734+0000][gc,metaspace ] GC(13) Metaspace: 9566K(10240K)->9566K(10240K) NonClass: 8561K(8960K)->8561K(8960K) Class: 1005K(1280K)->1005K(1280K)
[2024-08-20T04:43:36.734+0000][gc           ] GC(13) Pause Young (Normal) (G1 Evacuation Pause) 70M->8M(512M) 2.583ms
[2024-08-20T04:43:36.734+0000][gc,cpu       ] GC(13) User=0.01s Sys=0.00s Real=0.00s
[2024-08-21T06:01:55.207+0000][gc,start     ] GC(14) Pause Young (Normal) (G1 Evacuation Pause)
[2024-08-21T06:01:55.207+0000][gc,task      ] GC(14) Using 4 workers of 4 for evacuation
[2024-08-21T06:01:55.209+0000][gc,phases    ] GC(14)   Pre Evacuate Collection Set: 0.0ms
[2024-08-21T06:01:55.209+0000][gc,phases    ] GC(14)   Evacuate Collection Set: 1.2ms
[2024-08-21T06:01:55.209+0000][gc,phases    ] GC(14)   Post Evacuate Collection Set: 0.6ms
[2024-08-21T06:01:55.209+0000][gc,phases    ] GC(14)   Other: 0.1ms
[2024-08-21T06:01:55.209+0000][gc,heap      ] GC(14) Eden regions: 75->0(90)
[2024-08-21T06:01:55.209+0000][gc,heap      ] GC(14) Survivor regions: 1->1(10)
[2024-08-21T06:01:55.209+0000][gc,heap      ] GC(14) Old regions: 10->10
[2024-08-21T06:01:55.209+0000][gc,heap      ] GC(14) Humongous regions: 0->0
[2024-08-21T06:01:55.209+0000][gc,metaspace ] GC(14) Metaspace: 9566K(10240K)->9566K(10240K) NonClass: 8561K(8960K)->8561K(8960K) Class: 1005K(1280K)->1005K(1280K)
[2024-08-21T06:01:55.209+0000][gc           ] GC(14) Pause Young (Normal) (G1 Evacuation Pause) 83M->8M(512M) 2.024ms
[2024-08-21T06:01:55.209+0000][gc,cpu       ] GC(14) User=0.01s Sys=0.00s Real=0.01s
[2024-08-22T12:40:40.044+0000][gc,start     ] GC(15) Pause Young (Normal) (G1 Evacuation Pause)
[2024-08-22T12:40:40.045+0000][gc,task      ] GC(15) Using 4 workers of 4 for evacuation
[2024-08-22T12:40:40.046+0000][gc,phases    ] GC(15)   Pre Evacuate Collection Set: 0.0ms
[2024-08-22T12:40:40.046+0000][gc,phases    ] GC(15)   Evacuate Collection Set: 1.4ms
[2024-08-22T12:40:40.046+0000][gc,phases    ] GC(15)   Post Evacuate Collection Set: 0.2ms
[2024-08-22T12:40:40.046+0000][gc,phases    ] GC(15)   Other: 0.5ms
[2024-08-22T12:40:40.046+0000][gc,heap      ] GC(15) Eden regions: 90->0(107)
[2024-08-22T12:40:40.046+0000][gc,heap      ] GC(15) Survivor regions: 1->1(12)
[2024-08-22T12:40:40.046+0000][gc,heap      ] GC(15) Old regions: 10->10
[2024-08-22T12:40:40.046+0000][gc,heap      ] GC(15) Humongous regions: 0->0
[2024-08-22T12:40:40.046+0000][gc,metaspace ] GC(15) Metaspace: 9566K(10240K)->9566K(10240K) NonClass: 8561K(8960K)->8561K(8960K) Class: 1005K(1280K)->1005K(1280K)
[2024-08-22T12:40:40.046+0000][gc           ] GC(15) Pause Young (Normal) (G1 Evacuation Pause) 98M->8M(512M) 2.098ms
[2024-08-22T12:40:40.046+0000][gc,cpu       ] GC(15) User=0.00s Sys=0.00s Real=0.00s
[2024-08-24T01:11:28.537+0000][gc,start     ] GC(16) Pause Young (Normal) (G1 Evacuation Pause)
[2024-08-24T01:11:28.537+0000][gc,task      ] GC(16) Using 4 workers of 4 for evacuation
[2024-08-24T01:11:28.539+0000][gc,phases    ] GC(16)   Pre Evacuate Collection Set: 0.0ms
[2024-08-24T01:11:28.539+0000][gc,phases    ] GC(16)   Evacuate Collection Set: 1.5ms
[2024-08-24T01:11:28.539+0000][gc,phases    ] GC(16)   Post Evacuate Collection Set: 0.2ms
[2024-08-24T01:11:28.539+0000][gc,phases    ] GC(16)   Other: 0.5ms
[2024-08-24T01:11:28.539+0000][gc,heap      ] GC(16) Eden regions: 107->0(123)
[2024-08-24T01:11:28.539+0000][gc,heap      ] GC(16) Survivor regions: 1->1(14)
[2024-08-24T01:11:28.539+0000][gc,heap      ] GC(16) Old regions: 10->10
[2024-08-24T01:11:28.539+0000][gc,heap      ] GC(16) Humongous regions: 0->0
[2024-08-24T01:11:28.539+0000][gc,metaspace ] GC(16) Metaspace: 9566K(10240K)->9566K(10240K) NonClass: 8561K(8960K)->8561K(8960K) Class: 1005K(1280K)->1005K(1280K)
[2024-08-24T01:11:28.539+0000][gc           ] GC(16) Pause Young (Normal) (G1 Evacuation Pause) 115M->8M(512M) 2.226ms
[2024-08-24T01:11:28.539+0000][gc,cpu       ] GC(16) User=0.00s Sys=0.00s Real=0.00s
[2024-08-25T19:05:08.947+0000][gc,start     ] GC(17) Pause Young (Normal) (G1 Evacuation Pause)
[2024-08-25T19:05:08.948+0000][gc,task      ] GC(17) Using 4 workers of 4 for evacuation
[2024-08-25T19:05:08.949+0000][gc,phases    ] GC(17)   Pre Evacuate Collection Set: 0.0ms
[2024-08-25T19:05:08.949+0000][gc,phases    ] GC(17)   Evacuate Collection Set: 0.4ms
[2024-08-25T19:05:08.949+0000][gc,phases    ] GC(17)   Post Evacuate Collection Set: 0.2ms
[2024-08-25T19:05:08.949+0000][gc,phases    ] GC(17)   Other: 0.6ms
[2024-08-25T19:05:08.949+0000][gc,heap      ] GC(17) Eden regions: 123->0(270)
[2024-08-25T19:05:08.949+0000][gc,heap      ] GC(17) Survivor regions: 1->1(16)
[2024-08-25T19:05:08.949+0000][gc,heap      ] GC(17) Old regions: 10->10
[2024-08-25T19:05:08.949+0000][gc,heap      ] GC(17) Humongous regions: 0->0
[2024-08-25T19:05:08.949+0000][gc,metaspace ] GC(17) Metaspace: 9566K(10240K)->9566K(10240K) NonClass: 8561K(8960K)->8561K(8960K) Class: 1005K(1280K)->1005K(1280K)
[2024-08-25T19:05:08.949+0000][gc           ] GC(17) Pause Young (Normal) (G1 Evacuation Pause) 131M->8M(512M) 1.186ms
[2024-08-25T19:05:08.949+0000][gc,cpu       ] GC(17) User=0.00s Sys=0.00s Real=0.01s
[2024-09-04T07:22:59.106+0000][gc,heap,exit ] Heap
[2024-09-04T07:22:59.106+0000][gc,heap,exit ]  garbage-first heap   total 524288K, used 229912K [0x00000000e0000000, 0x0000000100000000)
[2024-09-04T07:22:59.106+0000][gc,heap,exit ]   region size 1024K, 218 young (223232K), 1 survivors (1024K)
[2024-09-04T07:22:59.106+0000][gc,heap,exit ]  Metaspace       used 9581K, capacity 9957K, committed 10240K, reserved 1058816K
[2024-09-04T07:22:59.106+0000][gc,heap,exit ]   class space    used 1006K, capacity 1156K, committed 1280K, reserved 1048576K
