[2024-12-03T11:57:34.709+0000][gc,heap] Heap region size: 1M
[2024-12-03T11:57:34.767+0000][gc     ] Using G1
[2024-12-03T11:57:34.767+0000][gc,heap,coops] Heap address: 0x00000000e0000000, size: 512 MB, Compressed Oops mode: 32-bit
[2024-12-03T11:57:34.767+0000][gc,cds       ] Mark closed archive regions in map: [0x00000000fff00000, 0x00000000fff6bff8]
[2024-12-03T11:57:34.767+0000][gc,cds       ] Mark open archive regions in map: [0x00000000ffe00000, 0x00000000ffe47ff8]
[2024-12-03T11:57:36.766+0000][gc,start     ] GC(0) Pause Young (Normal) (G1 Evacuation Pause)
[2024-12-03T11:57:36.784+0000][gc,task      ] GC(0) Using 4 workers of 4 for evacuation
[2024-12-03T11:57:36.811+0000][gc,mmu       ] GC(0) MMU target violated: 21.0ms (20.0ms/21.0ms)
[2024-12-03T11:57:36.811+0000][gc,phases    ] GC(0)   Pre Evacuate Collection Set: 0.0ms
[2024-12-03T11:57:36.811+0000][gc,phases    ] GC(0)   Evacuate Collection Set: 26.3ms
[2024-12-03T11:57:36.811+0000][gc,phases    ] GC(0)   Post Evacuate Collection Set: 0.3ms
[2024-12-03T11:57:36.811+0000][gc,phases    ] GC(0)   Other: 18.7ms
[2024-12-03T11:57:36.811+0000][gc,heap      ] GC(0) Eden regions: 25->0(21)
[2024-12-03T11:57:36.811+0000][gc,heap      ] GC(0) Survivor regions: 0->4(4)
[2024-12-03T11:57:36.811+0000][gc,heap      ] GC(0) Old regions: 2->6
[2024-12-03T11:57:36.811+0000][gc,heap      ] GC(0) Humongous regions: 0->0
[2024-12-03T11:57:36.811+0000][gc,metaspace ] GC(0) Metaspace: 7817K(8192K)->7817K(8192K) NonClass: 6941K(7168K)->6941K(7168K) Class: 876K(1024K)->876K(1024K)
[2024-12-03T11:57:36.811+0000][gc           ] GC(0) Pause Young (Normal) (G1 Evacuation Pause) 25M->7M(512M) 45.341ms
[2024-12-03T11:57:36.811+0000][gc,cpu       ] GC(0) User=0.01s Sys=0.00s Real=0.05s
[2024-12-03T12:04:13.612+0000][gc,heap,exit ] Heap
[2024-12-03T12:04:13.612+0000][gc,heap,exit ]  garbage-first heap   total 524288K, used 19158K [0x00000000e0000000, 0x0000000100000000)
[2024-12-03T12:04:13.612+0000][gc,heap,exit ]   region size 1024K, 16 young (16384K), 4 survivors (4096K)
[2024-12-03T12:04:13.612+0000][gc,heap,exit ]  Metaspace       used 9271K, capacity 9688K, committed 9984K, reserved 1058816K
[2024-12-03T12:04:13.612+0000][gc,heap,exit ]   class space    used 1000K, capacity 1156K, committed 1280K, reserved 1048576K
