[2024-11-15T10:21:59.685+0000][gc,heap] Heap region size: 1M
[2024-11-15T10:21:59.703+0000][gc     ] Using G1
[2024-11-15T10:21:59.703+0000][gc,heap,coops] Heap address: 0x00000000e0000000, size: 512 MB, Compressed Oops mode: 32-bit
[2024-11-15T10:21:59.703+0000][gc,cds       ] Mark closed archive regions in map: [0x00000000fff00000, 0x00000000fff6bff8]
[2024-11-15T10:21:59.703+0000][gc,cds       ] Mark open archive regions in map: [0x00000000ffe00000, 0x00000000ffe47ff8]
[2024-11-15T10:22:01.172+0000][gc,start     ] GC(0) Pause Young (Normal) (G1 Evacuation Pause)
[2024-11-15T10:22:01.177+0000][gc,task      ] GC(0) Using 4 workers of 4 for evacuation
[2024-11-15T10:22:01.188+0000][gc,phases    ] GC(0)   Pre Evacuate Collection Set: 0.0ms
[2024-11-15T10:22:01.188+0000][gc,phases    ] GC(0)   Evacuate Collection Set: 10.5ms
[2024-11-15T10:22:01.188+0000][gc,phases    ] GC(0)   Post Evacuate Collection Set: 0.3ms
[2024-11-15T10:22:01.188+0000][gc,phases    ] GC(0)   Other: 5.1ms
[2024-11-15T10:22:01.188+0000][gc,heap      ] GC(0) Eden regions: 25->0(21)
[2024-11-15T10:22:01.188+0000][gc,heap      ] GC(0) Survivor regions: 0->4(4)
[2024-11-15T10:22:01.188+0000][gc,heap      ] GC(0) Old regions: 2->6
[2024-11-15T10:22:01.188+0000][gc,heap      ] GC(0) Humongous regions: 0->0
[2024-11-15T10:22:01.188+0000][gc,metaspace ] GC(0) Metaspace: 7681K(8192K)->7681K(8192K) NonClass: 6813K(7168K)->6813K(7168K) Class: 867K(1024K)->867K(1024K)
[2024-11-15T10:22:01.188+0000][gc           ] GC(0) Pause Young (Normal) (G1 Evacuation Pause) 25M->7M(512M) 15.955ms
[2024-11-15T10:22:01.188+0000][gc,cpu       ] GC(0) User=0.03s Sys=0.00s Real=0.02s
[2024-11-15T13:17:25.740+0000][gc,start     ] GC(1) Pause Young (Normal) (G1 Evacuation Pause)
[2024-11-15T13:17:25.740+0000][gc,task      ] GC(1) Using 4 workers of 4 for evacuation
[2024-11-15T13:17:25.744+0000][gc,phases    ] GC(1)   Pre Evacuate Collection Set: 0.0ms
[2024-11-15T13:17:25.744+0000][gc,phases    ] GC(1)   Evacuate Collection Set: 3.9ms
[2024-11-15T13:17:25.744+0000][gc,phases    ] GC(1)   Post Evacuate Collection Set: 0.2ms
[2024-11-15T13:17:25.744+0000][gc,phases    ] GC(1)   Other: 0.3ms
[2024-11-15T13:17:25.744+0000][gc,heap      ] GC(1) Eden regions: 21->0(24)
[2024-11-15T13:17:25.744+0000][gc,heap      ] GC(1) Survivor regions: 4->1(4)
[2024-11-15T13:17:25.744+0000][gc,heap      ] GC(1) Old regions: 6->10
[2024-11-15T13:17:25.744+0000][gc,heap      ] GC(1) Humongous regions: 0->0
[2024-11-15T13:17:25.744+0000][gc,metaspace ] GC(1) Metaspace: 9403K(10240K)->9403K(10240K) NonClass: 8403K(8960K)->8403K(8960K) Class: 1000K(1280K)->1000K(1280K)
[2024-11-15T13:17:25.744+0000][gc           ] GC(1) Pause Young (Normal) (G1 Evacuation Pause) 28M->8M(512M) 4.451ms
[2024-11-15T13:17:25.744+0000][gc,cpu       ] GC(1) User=0.02s Sys=0.00s Real=0.01s
[2024-11-15T21:05:09.971+0000][gc,start     ] GC(2) Pause Young (Normal) (G1 Evacuation Pause)
[2024-11-15T21:05:09.971+0000][gc,task      ] GC(2) Using 4 workers of 4 for evacuation
[2024-11-15T21:05:09.972+0000][gc,phases    ] GC(2)   Pre Evacuate Collection Set: 0.0ms
[2024-11-15T21:05:09.972+0000][gc,phases    ] GC(2)   Evacuate Collection Set: 1.0ms
[2024-11-15T21:05:09.972+0000][gc,phases    ] GC(2)   Post Evacuate Collection Set: 0.2ms
[2024-11-15T21:05:09.972+0000][gc,phases    ] GC(2)   Other: 0.1ms
[2024-11-15T21:05:09.972+0000][gc,heap      ] GC(2) Eden regions: 24->0(24)
[2024-11-15T21:05:09.972+0000][gc,heap      ] GC(2) Survivor regions: 1->1(4)
[2024-11-15T21:05:09.972+0000][gc,heap      ] GC(2) Old regions: 10->10
[2024-11-15T21:05:09.972+0000][gc,heap      ] GC(2) Humongous regions: 0->0
[2024-11-15T21:05:09.972+0000][gc,metaspace ] GC(2) Metaspace: 9414K(10240K)->9414K(10240K) NonClass: 8413K(8960K)->8413K(8960K) Class: 1000K(1280K)->1000K(1280K)
[2024-11-15T21:05:09.972+0000][gc           ] GC(2) Pause Young (Normal) (G1 Evacuation Pause) 32M->8M(512M) 1.365ms
[2024-11-15T21:05:09.972+0000][gc,cpu       ] GC(2) User=0.01s Sys=0.00s Real=0.00s
[2024-11-16T05:04:00.609+0000][gc,start     ] GC(3) Pause Young (Normal) (G1 Evacuation Pause)
[2024-11-16T05:04:00.610+0000][gc,task      ] GC(3) Using 4 workers of 4 for evacuation
[2024-11-16T05:04:00.611+0000][gc,phases    ] GC(3)   Pre Evacuate Collection Set: 0.0ms
[2024-11-16T05:04:00.611+0000][gc,phases    ] GC(3)   Evacuate Collection Set: 0.9ms
[2024-11-16T05:04:00.611+0000][gc,phases    ] GC(3)   Post Evacuate Collection Set: 0.6ms
[2024-11-16T05:04:00.611+0000][gc,phases    ] GC(3)   Other: 0.2ms
[2024-11-16T05:04:00.611+0000][gc,heap      ] GC(3) Eden regions: 24->0(24)
[2024-11-16T05:04:00.611+0000][gc,heap      ] GC(3) Survivor regions: 1->1(4)
[2024-11-16T05:04:00.611+0000][gc,heap      ] GC(3) Old regions: 10->10
[2024-11-16T05:04:00.611+0000][gc,heap      ] GC(3) Humongous regions: 0->0
[2024-11-16T05:04:00.611+0000][gc,metaspace ] GC(3) Metaspace: 9414K(10240K)->9414K(10240K) NonClass: 8413K(8960K)->8413K(8960K) Class: 1000K(1280K)->1000K(1280K)
[2024-11-16T05:04:00.611+0000][gc           ] GC(3) Pause Young (Normal) (G1 Evacuation Pause) 32M->8M(512M) 1.704ms
[2024-11-16T05:04:00.611+0000][gc,cpu       ] GC(3) User=0.01s Sys=0.00s Real=0.00s
[2024-11-16T13:03:15.162+0000][gc,start     ] GC(4) Pause Young (Normal) (G1 Evacuation Pause)
[2024-11-16T13:03:15.162+0000][gc,task      ] GC(4) Using 4 workers of 4 for evacuation
[2024-11-16T13:03:15.163+0000][gc,phases    ] GC(4)   Pre Evacuate Collection Set: 0.0ms
[2024-11-16T13:03:15.163+0000][gc,phases    ] GC(4)   Evacuate Collection Set: 1.0ms
[2024-11-16T13:03:15.163+0000][gc,phases    ] GC(4)   Post Evacuate Collection Set: 0.2ms
[2024-11-16T13:03:15.163+0000][gc,phases    ] GC(4)   Other: 0.1ms
[2024-11-16T13:03:15.163+0000][gc,heap      ] GC(4) Eden regions: 24->0(24)
[2024-11-16T13:03:15.163+0000][gc,heap      ] GC(4) Survivor regions: 1->1(4)
[2024-11-16T13:03:15.163+0000][gc,heap      ] GC(4) Old regions: 10->10
[2024-11-16T13:03:15.163+0000][gc,heap      ] GC(4) Humongous regions: 0->0
[2024-11-16T13:03:15.163+0000][gc,metaspace ] GC(4) Metaspace: 9421K(10240K)->9421K(10240K) NonClass: 8421K(8960K)->8421K(8960K) Class: 1000K(1280K)->1000K(1280K)
[2024-11-16T13:03:15.163+0000][gc           ] GC(4) Pause Young (Normal) (G1 Evacuation Pause) 32M->8M(512M) 1.344ms
[2024-11-16T13:03:15.163+0000][gc,cpu       ] GC(4) User=0.01s Sys=0.00s Real=0.01s
[2024-11-16T20:59:53.929+0000][gc,start     ] GC(5) Pause Young (Normal) (G1 Evacuation Pause)
[2024-11-16T20:59:53.929+0000][gc,task      ] GC(5) Using 4 workers of 4 for evacuation
[2024-11-16T20:59:53.931+0000][gc,phases    ] GC(5)   Pre Evacuate Collection Set: 0.0ms
[2024-11-16T20:59:53.931+0000][gc,phases    ] GC(5)   Evacuate Collection Set: 1.4ms
[2024-11-16T20:59:53.931+0000][gc,phases    ] GC(5)   Post Evacuate Collection Set: 0.6ms
[2024-11-16T20:59:53.931+0000][gc,phases    ] GC(5)   Other: 0.1ms
[2024-11-16T20:59:53.931+0000][gc,heap      ] GC(5) Eden regions: 24->0(24)
[2024-11-16T20:59:53.931+0000][gc,heap      ] GC(5) Survivor regions: 1->1(4)
[2024-11-16T20:59:53.931+0000][gc,heap      ] GC(5) Old regions: 10->10
[2024-11-16T20:59:53.931+0000][gc,heap      ] GC(5) Humongous regions: 0->0
[2024-11-16T20:59:53.931+0000][gc,metaspace ] GC(5) Metaspace: 9421K(10240K)->9421K(10240K) NonClass: 8421K(8960K)->8421K(8960K) Class: 1000K(1280K)->1000K(1280K)
[2024-11-16T20:59:53.931+0000][gc           ] GC(5) Pause Young (Normal) (G1 Evacuation Pause) 32M->8M(512M) 2.242ms
[2024-11-16T20:59:53.931+0000][gc,cpu       ] GC(5) User=0.01s Sys=0.00s Real=0.00s
[2024-11-17T04:58:02.810+0000][gc,start     ] GC(6) Pause Young (Normal) (G1 Evacuation Pause)
[2024-11-17T04:58:02.810+0000][gc,task      ] GC(6) Using 4 workers of 4 for evacuation
[2024-11-17T04:58:02.811+0000][gc,phases    ] GC(6)   Pre Evacuate Collection Set: 0.0ms
[2024-11-17T04:58:02.812+0000][gc,phases    ] GC(6)   Evacuate Collection Set: 1.2ms
[2024-11-17T04:58:02.812+0000][gc,phases    ] GC(6)   Post Evacuate Collection Set: 0.6ms
[2024-11-17T04:58:02.812+0000][gc,phases    ] GC(6)   Other: 0.1ms
[2024-11-17T04:58:02.812+0000][gc,heap      ] GC(6) Eden regions: 24->0(26)
[2024-11-17T04:58:02.812+0000][gc,heap      ] GC(6) Survivor regions: 1->1(4)
[2024-11-17T04:58:02.812+0000][gc,heap      ] GC(6) Old regions: 10->10
[2024-11-17T04:58:02.812+0000][gc,heap      ] GC(6) Humongous regions: 0->0
[2024-11-17T04:58:02.812+0000][gc,metaspace ] GC(6) Metaspace: 9421K(10240K)->9421K(10240K) NonClass: 8421K(8960K)->8421K(8960K) Class: 1000K(1280K)->1000K(1280K)
[2024-11-17T04:58:02.812+0000][gc           ] GC(6) Pause Young (Normal) (G1 Evacuation Pause) 32M->8M(512M) 1.937ms
[2024-11-17T04:58:02.812+0000][gc,cpu       ] GC(6) User=0.00s Sys=0.00s Real=0.00s
[2024-11-17T13:42:13.766+0000][gc,start     ] GC(7) Pause Young (Normal) (G1 Evacuation Pause)
[2024-11-17T13:42:13.766+0000][gc,task      ] GC(7) Using 4 workers of 4 for evacuation
[2024-11-17T13:42:13.767+0000][gc,phases    ] GC(7)   Pre Evacuate Collection Set: 0.0ms
[2024-11-17T13:42:13.767+0000][gc,phases    ] GC(7)   Evacuate Collection Set: 0.6ms
[2024-11-17T13:42:13.767+0000][gc,phases    ] GC(7)   Post Evacuate Collection Set: 0.2ms
[2024-11-17T13:42:13.767+0000][gc,phases    ] GC(7)   Other: 0.1ms
[2024-11-17T13:42:13.767+0000][gc,heap      ] GC(7) Eden regions: 26->0(27)
[2024-11-17T13:42:13.767+0000][gc,heap      ] GC(7) Survivor regions: 1->1(4)
[2024-11-17T13:42:13.767+0000][gc,heap      ] GC(7) Old regions: 10->10
[2024-11-17T13:42:13.767+0000][gc,heap      ] GC(7) Humongous regions: 0->0
[2024-11-17T13:42:13.767+0000][gc,metaspace ] GC(7) Metaspace: 9424K(10240K)->9424K(10240K) NonClass: 8423K(8960K)->8423K(8960K) Class: 1000K(1280K)->1000K(1280K)
[2024-11-17T13:42:13.767+0000][gc           ] GC(7) Pause Young (Normal) (G1 Evacuation Pause) 34M->8M(512M) 0.966ms
[2024-11-17T13:42:13.767+0000][gc,cpu       ] GC(7) User=0.00s Sys=0.01s Real=0.00s
[2024-11-17T22:40:06.864+0000][gc,start     ] GC(8) Pause Young (Normal) (G1 Evacuation Pause)
[2024-11-17T22:40:06.864+0000][gc,task      ] GC(8) Using 4 workers of 4 for evacuation
[2024-11-17T22:40:06.865+0000][gc,phases    ] GC(8)   Pre Evacuate Collection Set: 0.0ms
[2024-11-17T22:40:06.865+0000][gc,phases    ] GC(8)   Evacuate Collection Set: 0.9ms
[2024-11-17T22:40:06.865+0000][gc,phases    ] GC(8)   Post Evacuate Collection Set: 0.2ms
[2024-11-17T22:40:06.865+0000][gc,phases    ] GC(8)   Other: 0.1ms
[2024-11-17T22:40:06.865+0000][gc,heap      ] GC(8) Eden regions: 27->0(30)
[2024-11-17T22:40:06.865+0000][gc,heap      ] GC(8) Survivor regions: 1->1(4)
[2024-11-17T22:40:06.865+0000][gc,heap      ] GC(8) Old regions: 10->10
[2024-11-17T22:40:06.865+0000][gc,heap      ] GC(8) Humongous regions: 0->0
[2024-11-17T22:40:06.865+0000][gc,metaspace ] GC(8) Metaspace: 9424K(10240K)->9424K(10240K) NonClass: 8423K(8960K)->8423K(8960K) Class: 1000K(1280K)->1000K(1280K)
[2024-11-17T22:40:06.865+0000][gc           ] GC(8) Pause Young (Normal) (G1 Evacuation Pause) 35M->8M(512M) 1.282ms
[2024-11-17T22:40:06.865+0000][gc,cpu       ] GC(8) User=0.00s Sys=0.00s Real=0.00s
[2024-11-18T08:42:32.731+0000][gc,start     ] GC(9) Pause Young (Normal) (G1 Evacuation Pause)
[2024-11-18T08:42:32.731+0000][gc,task      ] GC(9) Using 4 workers of 4 for evacuation
[2024-11-18T08:42:32.733+0000][gc,phases    ] GC(9)   Pre Evacuate Collection Set: 0.0ms
[2024-11-18T08:42:32.733+0000][gc,phases    ] GC(9)   Evacuate Collection Set: 1.7ms
[2024-11-18T08:42:32.733+0000][gc,phases    ] GC(9)   Post Evacuate Collection Set: 0.2ms
[2024-11-18T08:42:32.733+0000][gc,phases    ] GC(9)   Other: 0.1ms
[2024-11-18T08:42:32.733+0000][gc,heap      ] GC(9) Eden regions: 30->0(35)
[2024-11-18T08:42:32.733+0000][gc,heap      ] GC(9) Survivor regions: 1->1(4)
[2024-11-18T08:42:32.733+0000][gc,heap      ] GC(9) Old regions: 10->10
[2024-11-18T08:42:32.733+0000][gc,heap      ] GC(9) Humongous regions: 0->0
[2024-11-18T08:42:32.733+0000][gc,metaspace ] GC(9) Metaspace: 9424K(10240K)->9424K(10240K) NonClass: 8423K(8960K)->8423K(8960K) Class: 1000K(1280K)->1000K(1280K)
[2024-11-18T08:42:32.733+0000][gc           ] GC(9) Pause Young (Normal) (G1 Evacuation Pause) 38M->8M(512M) 2.098ms
[2024-11-18T08:42:32.733+0000][gc,cpu       ] GC(9) User=0.01s Sys=0.00s Real=0.00s
[2024-11-18T20:26:32.494+0000][gc,start     ] GC(10) Pause Young (Normal) (G1 Evacuation Pause)
[2024-11-18T20:26:32.494+0000][gc,task      ] GC(10) Using 4 workers of 4 for evacuation
[2024-11-18T20:26:32.496+0000][gc,phases    ] GC(10)   Pre Evacuate Collection Set: 0.0ms
[2024-11-18T20:26:32.496+0000][gc,phases    ] GC(10)   Evacuate Collection Set: 0.9ms
[2024-11-18T20:26:32.496+0000][gc,phases    ] GC(10)   Post Evacuate Collection Set: 0.2ms
[2024-11-18T20:26:32.496+0000][gc,phases    ] GC(10)   Other: 0.1ms
[2024-11-18T20:26:32.496+0000][gc,heap      ] GC(10) Eden regions: 35->0(42)
[2024-11-18T20:26:32.496+0000][gc,heap      ] GC(10) Survivor regions: 1->1(5)
[2024-11-18T20:26:32.496+0000][gc,heap      ] GC(10) Old regions: 10->10
[2024-11-18T20:26:32.496+0000][gc,heap      ] GC(10) Humongous regions: 0->0
[2024-11-18T20:26:32.496+0000][gc,metaspace ] GC(10) Metaspace: 9424K(10240K)->9424K(10240K) NonClass: 8423K(8960K)->8423K(8960K) Class: 1000K(1280K)->1000K(1280K)
[2024-11-18T20:26:32.496+0000][gc           ] GC(10) Pause Young (Normal) (G1 Evacuation Pause) 43M->8M(512M) 1.278ms
[2024-11-18T20:26:32.496+0000][gc,cpu       ] GC(10) User=0.00s Sys=0.00s Real=0.01s
[2024-11-19T10:30:02.847+0000][gc,start     ] GC(11) Pause Young (Normal) (G1 Evacuation Pause)
[2024-11-19T10:30:02.847+0000][gc,task      ] GC(11) Using 4 workers of 4 for evacuation
[2024-11-19T10:30:02.848+0000][gc,phases    ] GC(11)   Pre Evacuate Collection Set: 0.0ms
[2024-11-19T10:30:02.848+0000][gc,phases    ] GC(11)   Evacuate Collection Set: 0.8ms
[2024-11-19T10:30:02.848+0000][gc,phases    ] GC(11)   Post Evacuate Collection Set: 0.2ms
[2024-11-19T10:30:02.848+0000][gc,phases    ] GC(11)   Other: 0.1ms
[2024-11-19T10:30:02.848+0000][gc,heap      ] GC(11) Eden regions: 42->0(51)
[2024-11-19T10:30:02.848+0000][gc,heap      ] GC(11) Survivor regions: 1->1(6)
[2024-11-19T10:30:02.848+0000][gc,heap      ] GC(11) Old regions: 10->10
[2024-11-19T10:30:02.848+0000][gc,heap      ] GC(11) Humongous regions: 0->0
[2024-11-19T10:30:02.848+0000][gc,metaspace ] GC(11) Metaspace: 9425K(10240K)->9425K(10240K) NonClass: 8424K(8960K)->8424K(8960K) Class: 1000K(1280K)->1000K(1280K)
[2024-11-19T10:30:02.848+0000][gc           ] GC(11) Pause Young (Normal) (G1 Evacuation Pause) 50M->8M(512M) 1.143ms
[2024-11-19T10:30:02.848+0000][gc,cpu       ] GC(11) User=0.00s Sys=0.00s Real=0.00s
[2024-11-20T03:43:17.140+0000][gc,start     ] GC(12) Pause Young (Normal) (G1 Evacuation Pause)
[2024-11-20T03:43:17.140+0000][gc,task      ] GC(12) Using 4 workers of 4 for evacuation
[2024-11-20T03:43:17.142+0000][gc,phases    ] GC(12)   Pre Evacuate Collection Set: 0.0ms
[2024-11-20T03:43:17.142+0000][gc,phases    ] GC(12)   Evacuate Collection Set: 1.3ms
[2024-11-20T03:43:17.142+0000][gc,phases    ] GC(12)   Post Evacuate Collection Set: 0.2ms
[2024-11-20T03:43:17.142+0000][gc,phases    ] GC(12)   Other: 0.1ms
[2024-11-20T03:43:17.142+0000][gc,heap      ] GC(12) Eden regions: 51->0(62)
[2024-11-20T03:43:17.142+0000][gc,heap      ] GC(12) Survivor regions: 1->1(7)
[2024-11-20T03:43:17.142+0000][gc,heap      ] GC(12) Old regions: 10->10
[2024-11-20T03:43:17.142+0000][gc,heap      ] GC(12) Humongous regions: 0->0
[2024-11-20T03:43:17.142+0000][gc,metaspace ] GC(12) Metaspace: 9437K(10240K)->9437K(10240K) NonClass: 8437K(8960K)->8437K(8960K) Class: 1000K(1280K)->1000K(1280K)
[2024-11-20T03:43:17.142+0000][gc           ] GC(12) Pause Young (Normal) (G1 Evacuation Pause) 59M->8M(512M) 1.682ms
[2024-11-20T03:43:17.142+0000][gc,cpu       ] GC(12) User=0.00s Sys=0.00s Real=0.00s
[2024-11-21T00:43:01.293+0000][gc,start     ] GC(13) Pause Young (Normal) (G1 Evacuation Pause)
[2024-11-21T00:43:01.293+0000][gc,task      ] GC(13) Using 4 workers of 4 for evacuation
[2024-11-21T00:43:01.297+0000][gc,phases    ] GC(13)   Pre Evacuate Collection Set: 0.0ms
[2024-11-21T00:43:01.297+0000][gc,phases    ] GC(13)   Evacuate Collection Set: 2.5ms
[2024-11-21T00:43:01.297+0000][gc,phases    ] GC(13)   Post Evacuate Collection Set: 2.1ms
[2024-11-21T00:43:01.297+0000][gc,phases    ] GC(13)   Other: 0.1ms
[2024-11-21T00:43:01.297+0000][gc,heap      ] GC(13) Eden regions: 62->0(74)
[2024-11-21T00:43:01.297+0000][gc,heap      ] GC(13) Survivor regions: 1->1(8)
[2024-11-21T00:43:01.297+0000][gc,heap      ] GC(13) Old regions: 10->10
[2024-11-21T00:43:01.297+0000][gc,heap      ] GC(13) Humongous regions: 0->0
[2024-11-21T00:43:01.297+0000][gc,metaspace ] GC(13) Metaspace: 9437K(10240K)->9437K(10240K) NonClass: 8437K(8960K)->8437K(8960K) Class: 1000K(1280K)->1000K(1280K)
[2024-11-21T00:43:01.297+0000][gc           ] GC(13) Pause Young (Normal) (G1 Evacuation Pause) 70M->8M(512M) 4.708ms
[2024-11-21T00:43:01.297+0000][gc,cpu       ] GC(13) User=0.01s Sys=0.00s Real=0.01s
[2024-11-22T01:49:46.917+0000][gc,start     ] GC(14) Pause Young (Normal) (G1 Evacuation Pause)
[2024-11-22T01:49:46.917+0000][gc,task      ] GC(14) Using 4 workers of 4 for evacuation
[2024-11-22T01:49:46.919+0000][gc,phases    ] GC(14)   Pre Evacuate Collection Set: 0.0ms
[2024-11-22T01:49:46.919+0000][gc,phases    ] GC(14)   Evacuate Collection Set: 1.5ms
[2024-11-22T01:49:46.919+0000][gc,phases    ] GC(14)   Post Evacuate Collection Set: 0.2ms
[2024-11-22T01:49:46.919+0000][gc,phases    ] GC(14)   Other: 0.1ms
[2024-11-22T01:49:46.919+0000][gc,heap      ] GC(14) Eden regions: 74->0(88)
[2024-11-22T01:49:46.919+0000][gc,heap      ] GC(14) Survivor regions: 1->1(10)
[2024-11-22T01:49:46.919+0000][gc,heap      ] GC(14) Old regions: 10->10
[2024-11-22T01:49:46.919+0000][gc,heap      ] GC(14) Humongous regions: 0->0
[2024-11-22T01:49:46.919+0000][gc,metaspace ] GC(14) Metaspace: 9437K(10240K)->9437K(10240K) NonClass: 8437K(8960K)->8437K(8960K) Class: 1000K(1280K)->1000K(1280K)
[2024-11-22T01:49:46.919+0000][gc           ] GC(14) Pause Young (Normal) (G1 Evacuation Pause) 82M->8M(512M) 1.892ms
[2024-11-22T01:49:46.919+0000][gc,cpu       ] GC(14) User=0.00s Sys=0.00s Real=0.00s
[2024-11-23T07:46:22.459+0000][gc,start     ] GC(15) Pause Young (Normal) (G1 Evacuation Pause)
[2024-11-23T07:46:22.459+0000][gc,task      ] GC(15) Using 4 workers of 4 for evacuation
[2024-11-23T07:46:22.460+0000][gc,phases    ] GC(15)   Pre Evacuate Collection Set: 0.0ms
[2024-11-23T07:46:22.460+0000][gc,phases    ] GC(15)   Evacuate Collection Set: 1.3ms
[2024-11-23T07:46:22.460+0000][gc,phases    ] GC(15)   Post Evacuate Collection Set: 0.2ms
[2024-11-23T07:46:22.460+0000][gc,phases    ] GC(15)   Other: 0.1ms
[2024-11-23T07:46:22.460+0000][gc,heap      ] GC(15) Eden regions: 88->0(104)
[2024-11-23T07:46:22.460+0000][gc,heap      ] GC(15) Survivor regions: 1->1(12)
[2024-11-23T07:46:22.460+0000][gc,heap      ] GC(15) Old regions: 10->10
[2024-11-23T07:46:22.460+0000][gc,heap      ] GC(15) Humongous regions: 0->0
[2024-11-23T07:46:22.460+0000][gc,metaspace ] GC(15) Metaspace: 9437K(10240K)->9437K(10240K) NonClass: 8437K(8960K)->8437K(8960K) Class: 1000K(1280K)->1000K(1280K)
[2024-11-23T07:46:22.460+0000][gc           ] GC(15) Pause Young (Normal) (G1 Evacuation Pause) 96M->8M(512M) 1.674ms
[2024-11-23T07:46:22.460+0000][gc,cpu       ] GC(15) User=0.00s Sys=0.00s Real=0.00s
[2024-11-24T19:06:01.293+0000][gc,start     ] GC(16) Pause Young (Normal) (G1 Evacuation Pause)
[2024-11-24T19:06:01.293+0000][gc,task      ] GC(16) Using 4 workers of 4 for evacuation
[2024-11-24T19:06:01.295+0000][gc,phases    ] GC(16)   Pre Evacuate Collection Set: 0.0ms
[2024-11-24T19:06:01.295+0000][gc,phases    ] GC(16)   Evacuate Collection Set: 1.5ms
[2024-11-24T19:06:01.295+0000][gc,phases    ] GC(16)   Post Evacuate Collection Set: 0.1ms
[2024-11-24T19:06:01.295+0000][gc,phases    ] GC(16)   Other: 0.5ms
[2024-11-24T19:06:01.295+0000][gc,heap      ] GC(16) Eden regions: 104->0(123)
[2024-11-24T19:06:01.295+0000][gc,heap      ] GC(16) Survivor regions: 1->1(14)
[2024-11-24T19:06:01.295+0000][gc,heap      ] GC(16) Old regions: 10->10
[2024-11-24T19:06:01.295+0000][gc,heap      ] GC(16) Humongous regions: 0->0
[2024-11-24T19:06:01.295+0000][gc,metaspace ] GC(16) Metaspace: 9437K(10240K)->9437K(10240K) NonClass: 8437K(8960K)->8437K(8960K) Class: 1000K(1280K)->1000K(1280K)
[2024-11-24T19:06:01.295+0000][gc           ] GC(16) Pause Young (Normal) (G1 Evacuation Pause) 112M->8M(512M) 2.119ms
[2024-11-24T19:06:01.295+0000][gc,cpu       ] GC(16) User=0.00s Sys=0.00s Real=0.00s
[2024-11-26T13:01:17.825+0000][gc,start     ] GC(17) Pause Young (Normal) (G1 Evacuation Pause)
[2024-11-26T13:01:17.825+0000][gc,task      ] GC(17) Using 4 workers of 4 for evacuation
[2024-11-26T13:01:17.826+0000][gc,phases    ] GC(17)   Pre Evacuate Collection Set: 0.0ms
[2024-11-26T13:01:17.826+0000][gc,phases    ] GC(17)   Evacuate Collection Set: 0.3ms
[2024-11-26T13:01:17.826+0000][gc,phases    ] GC(17)   Post Evacuate Collection Set: 0.1ms
[2024-11-26T13:01:17.826+0000][gc,phases    ] GC(17)   Other: 0.1ms
[2024-11-26T13:01:17.826+0000][gc,heap      ] GC(17) Eden regions: 123->0(306)
[2024-11-26T13:01:17.826+0000][gc,heap      ] GC(17) Survivor regions: 1->1(16)
[2024-11-26T13:01:17.826+0000][gc,heap      ] GC(17) Old regions: 10->10
[2024-11-26T13:01:17.826+0000][gc,heap      ] GC(17) Humongous regions: 0->0
[2024-11-26T13:01:17.826+0000][gc,metaspace ] GC(17) Metaspace: 9437K(10240K)->9437K(10240K) NonClass: 8437K(8960K)->8437K(8960K) Class: 1000K(1280K)->1000K(1280K)
[2024-11-26T13:01:17.826+0000][gc           ] GC(17) Pause Young (Normal) (G1 Evacuation Pause) 131M->8M(512M) 0.600ms
[2024-11-26T13:01:17.826+0000][gc,cpu       ] GC(17) User=0.00s Sys=0.01s Real=0.00s
