[2024-12-03T11:45:16.861+0000][gc,heap] Heap region size: 1M
[2024-12-03T11:45:16.897+0000][gc     ] Using G1
[2024-12-03T11:45:16.897+0000][gc,heap,coops] Heap address: 0x00000000e0000000, size: 512 MB, Compressed Oops mode: 32-bit
[2024-12-03T11:45:16.897+0000][gc,cds       ] Mark closed archive regions in map: [0x00000000fff00000, 0x00000000fff6bff8]
[2024-12-03T11:45:16.897+0000][gc,cds       ] Mark open archive regions in map: [0x00000000ffe00000, 0x00000000ffe47ff8]
[2024-12-03T11:45:18.985+0000][gc,start     ] GC(0) Pause Young (Normal) (G1 Evacuation Pause)
[2024-12-03T11:45:19.020+0000][gc,task      ] GC(0) Using 4 workers of 4 for evacuation
[2024-12-03T11:45:19.085+0000][gc,mmu       ] GC(0) MMU target violated: 21.0ms (20.0ms/21.0ms)
[2024-12-03T11:45:19.085+0000][gc,phases    ] GC(0)   Pre Evacuate Collection Set: 0.0ms
[2024-12-03T11:45:19.085+0000][gc,phases    ] GC(0)   Evacuate Collection Set: 64.5ms
[2024-12-03T11:45:19.085+0000][gc,phases    ] GC(0)   Post Evacuate Collection Set: 0.3ms
[2024-12-03T11:45:19.085+0000][gc,phases    ] GC(0)   Other: 35.6ms
[2024-12-03T11:45:19.085+0000][gc,heap      ] GC(0) Eden regions: 25->0(21)
[2024-12-03T11:45:19.085+0000][gc,heap      ] GC(0) Survivor regions: 0->4(4)
[2024-12-03T11:45:19.085+0000][gc,heap      ] GC(0) Old regions: 2->5
[2024-12-03T11:45:19.085+0000][gc,heap      ] GC(0) Humongous regions: 0->0
[2024-12-03T11:45:19.085+0000][gc,metaspace ] GC(0) Metaspace: 7993K(8448K)->7993K(8448K) NonClass: 7098K(7424K)->7098K(7424K) Class: 895K(1024K)->895K(1024K)
[2024-12-03T11:45:19.085+0000][gc           ] GC(0) Pause Young (Normal) (G1 Evacuation Pause) 25M->7M(512M) 100.401ms
[2024-12-03T11:45:19.085+0000][gc,cpu       ] GC(0) User=0.03s Sys=0.00s Real=0.10s
[2024-12-03T11:52:09.821+0000][gc,heap,exit ] Heap
[2024-12-03T11:52:09.821+0000][gc,heap,exit ]  garbage-first heap   total 524288K, used 18087K [0x00000000e0000000, 0x0000000100000000)
[2024-12-03T11:52:09.821+0000][gc,heap,exit ]   region size 1024K, 16 young (16384K), 4 survivors (4096K)
[2024-12-03T11:52:09.821+0000][gc,heap,exit ]  Metaspace       used 9177K, capacity 9560K, committed 9984K, reserved 1058816K
[2024-12-03T11:52:09.821+0000][gc,heap,exit ]   class space    used 1000K, capacity 1156K, committed 1280K, reserved 1048576K
